******************************************************************************
                  TI ARM Linker PC v17.3.0                     
******************************************************************************
>> Linked Thu May 18 18:24:26 2017

OUTPUT FILE NAME:   <BSP.out>
ENTRY POINT SYMBOL: "_c_int00"  address: 000008c5


MEMORY CONFIGURATION

         name            origin    length      used     unused   attr    fill
----------------------  --------  ---------  --------  --------  ----  --------
  FLASH                 00000000   00040000  00000b98  0003f468  R  X
  SRAM                  20000000   00008000  00000218  00007de8  RW X


SEGMENT ALLOCATION MAP

run origin  load origin   length   init length attrs members
----------  ----------- ---------- ----------- ----- -------
00000000    00000000    00000b9c   00000b9c    r-x
  00000000    00000000    0000026c   0000026c    r-- .intvecs
  0000026c    0000026c    0000089c   0000089c    r-x .text
  00000b08    00000b08    0000006c   0000006c    r-- .const
  00000b78    00000b78    00000024   00000024    r-- .cinit
20000000    20000000    00000218   00000000    rw-
  20000000    20000000    00000200   00000000    rw- .stack
  20000200    20000200    00000018   00000000    rw- .data


SECTION ALLOCATION MAP

 output                                  attributes/
section   page    origin      length       input sections
--------  ----  ----------  ----------   ----------------
.intvecs   0    00000000    0000026c     
                  00000000    0000026c     tm4c123gh6pm_startup_ccs.obj (.intvecs)

.text      0    0000026c    0000089c     
                  0000026c    000001ac     slug.obj (.text)
                  00000418    00000132     driverlib.lib : gpio.obj (.text:GPIOPadConfigSet)
                  0000054a    00000002     rtsv7M4_T_le_v4SPD16_eabi.lib : mpu_init.obj (.text)
                  0000054c    00000110     driverlib.lib : sysctl.obj (.text:SysCtlClockGet)
                  0000065c    000000f4                   : sysctl.obj (.text:SysCtlClockSet)
                  00000750    0000009c     rtsv7M4_T_le_v4SPD16_eabi.lib : memcpy_t2.obj (.text)
                  000007ec    00000070                                   : autoinit.obj (.text)
                  0000085c    00000068                                   : copy_decompress_lzss.obj (.text:decompress:lzss)
                  000008c4    00000054                                   : boot.obj (.text)
                  00000918    00000054                                   : exit.obj (.text)
                  0000096c    0000004c                                   : cpy_tbl.obj (.text)
                  000009b8    00000038     driverlib.lib : sysctl.obj (.text:SysCtlPeripheralReady)
                  000009f0    00000034                   : sysctl.obj (.text:SysCtlPeripheralEnable)
                  00000a24    00000032     slugTest.obj (.text)
                  00000a56    0000002a     driverlib.lib : gpio.obj (.text:GPIODirModeSet)
                  00000a80    00000018                   : gpio.obj (.text:GPIOPinTypeGPIOOutput)
                  00000a98    00000018     rtsv7M4_T_le_v4SPD16_eabi.lib : args_main.obj (.text)
                  00000ab0    00000014                                   : _lock.obj (.text)
                  00000ac4    00000012     driverlib.lib : gpio.obj (.text:GPIOPinTypeGPIOInput)
                  00000ad6    0000000e     rtsv7M4_T_le_v4SPD16_eabi.lib : copy_decompress_none.obj (.text:decompress:none)
                  00000ae4    0000000c     tm4c123gh6pm_startup_ccs.obj (.text)
                  00000af0    00000006     driverlib.lib : gpio.obj (.text:GPIOPinRead)
                  00000af6    00000006                   : gpio.obj (.text:GPIOPinWrite)
                  00000afc    00000006                   : sysctl.obj (.text:SysCtlDelay)
                  00000b02    00000004     rtsv7M4_T_le_v4SPD16_eabi.lib : pre_init.obj (.text)
                  00000b06    00000002                                   : startup.obj (.text)

.const     0    00000b08    0000006c     
                  00000b08    0000006c     driverlib.lib : sysctl.obj (.const:g_pui32Xtals)

.cinit     0    00000b78    00000024     
                  00000b78    00000011     (.cinit..data.load) [load image, compression = lzss]
                  00000b89    00000003     --HOLE-- [fill = 0]
                  00000b8c    00000008     (__TI_handler_table)
                  00000b94    00000008     (__TI_cinit_table)

.init_array 
*          0    00000000    00000000     UNINITIALIZED

.data      0    20000200    00000018     UNINITIALIZED
                  20000200    0000000c     rtsv7M4_T_le_v4SPD16_eabi.lib : exit.obj (.data:$O1$$)
                  2000020c    00000008                                   : _lock.obj (.data:$O1$$)
                  20000214    00000004                                   : stkdepth_vars.obj (.data)

.stack     0    20000000    00000200     UNINITIALIZED
                  20000000    00000200     --HOLE--

MODULE SUMMARY

       Module                         code   ro data   rw data
       ------                         ----   -------   -------
    .\
       tm4c123gh6pm_startup_ccs.obj   12     620       0      
       slug.obj                       428    0         0      
       slugTest.obj                   50     0         0      
    +--+------------------------------+------+---------+---------+
       Total:                         490    620       0      
                                                              
    C:/ti/TivaWare_C_Series-2.1.4.178/driverlib/ccs/Debug/driverlib.lib
       sysctl.obj                     630    108       0      
       gpio.obj                       402    0         0      
    +--+------------------------------+------+---------+---------+
       Total:                         1032   108       0      
                                                              
    C:\ti\ccsv7\tools\compiler\ti-cgt-arm_17.3.0.STS\lib\rtsv7M4_T_le_v4SPD16_eabi.lib
       memcpy_t2.obj                  156    0         0      
       autoinit.obj                   112    0         0      
       copy_decompress_lzss.obj       104    0         0      
       exit.obj                       84     0         12     
       boot.obj                       84     0         0      
       cpy_tbl.obj                    76     0         0      
       _lock.obj                      20     0         8      
       args_main.obj                  24     0         0      
       copy_decompress_none.obj       14     0         0      
       pre_init.obj                   4      0         0      
       stkdepth_vars.obj              0      0         4      
       mpu_init.obj                   2      0         0      
       startup.obj                    2      0         0      
    +--+------------------------------+------+---------+---------+
       Total:                         682    0         24     
                                                              
       Stack:                         0      0         512    
       Linker Generated:              0      33        0      
    +--+------------------------------+------+---------+---------+
       Grand Total:                   2204   761       536    


LINKER GENERATED COPY TABLES

__TI_cinit_table @ 00000b94 records: 1, size/record: 8, table size: 8
	.data: load addr=00000b78, load size=00000011 bytes, run addr=20000200, run size=00000018 bytes, compression=lzss


LINKER GENERATED HANDLER TABLE

__TI_handler_table @ 00000b8c records: 2, size/record: 4, table size: 8
	index: 0, handler: __TI_decompress_lzss
	index: 1, handler: __TI_decompress_none


GLOBAL SYMBOLS: SORTED ALPHABETICALLY BY Name 

address   name                           
-------   ----                           
0000026d  Button1_Init                   
00000295  Button1_Input                  
00000919  C$$EXIT                        
00000403  Clock_get_frequency            
000003f9  Clock_set_fastest              
000003ed  Delay_cycle                    
00000a57  GPIODirModeSet                 
00000419  GPIOPadConfigSet               
00000af1  GPIOPinRead                    
00000ac5  GPIOPinTypeGPIOInput           
00000a81  GPIOPinTypeGPIOOutput          
00000af7  GPIOPinWrite                   
000002ab  RGBled_Init                    
000002fb  RGBled_Set                     
00000365  RGBled_Toggle                  
00000ae5  ResetISR                       
UNDEFED   SHT$$INIT_ARRAY$$Base          
UNDEFED   SHT$$INIT_ARRAY$$Limit         
0000054d  SysCtlClockGet                 
0000065d  SysCtlClockSet                 
00000afd  SysCtlDelay                    
000009f1  SysCtlPeripheralEnable         
000009b9  SysCtlPeripheralReady          
20000200  __STACK_END                    
00000200  __STACK_SIZE                   
20000200  __STACK_TOP                    
00000b94  __TI_CINIT_Base                
00000b9c  __TI_CINIT_Limit               
00000b8c  __TI_Handler_Table_Base        
00000b94  __TI_Handler_Table_Limit       
000007ed  __TI_auto_init                 
20000200  __TI_cleanup_ptr               
0000085d  __TI_decompress_lzss           
00000ad7  __TI_decompress_none           
20000204  __TI_dtors_ptr                 
20000208  __TI_enable_exit_profile_output
ffffffff  __TI_pprof_out_hndl            
ffffffff  __TI_prof_data_size            
ffffffff  __TI_prof_data_start           
00000000  __TI_static_base__             
00000751  __aeabi_memcpy                 
00000751  __aeabi_memcpy4                
00000751  __aeabi_memcpy8                
ffffffff  __binit__                      
ffffffff  __c_args__                     
0000054b  __mpu_init                     
20000000  __stack                        
00000a99  _args_main                     
000008c5  _c_int00                       
2000020c  _lock                          
00000abf  _nop                           
00000ab7  _register_lock                 
00000ab1  _register_unlock               
00000b07  _system_post_cinit             
00000b03  _system_pre_init               
20000210  _unlock                        
0000091d  abort                          
ffffffff  binit                          
0000096d  copy_in                        
00000925  exit                           
00000000  g_pfnVectors                   
00000a25  main                           
20000214  main_func_sp                   
00000751  memcpy                         


GLOBAL SYMBOLS: SORTED BY Symbol Address 

address   name                           
-------   ----                           
00000000  __TI_static_base__             
00000000  g_pfnVectors                   
00000200  __STACK_SIZE                   
0000026d  Button1_Init                   
00000295  Button1_Input                  
000002ab  RGBled_Init                    
000002fb  RGBled_Set                     
00000365  RGBled_Toggle                  
000003ed  Delay_cycle                    
000003f9  Clock_set_fastest              
00000403  Clock_get_frequency            
00000419  GPIOPadConfigSet               
0000054b  __mpu_init                     
0000054d  SysCtlClockGet                 
0000065d  SysCtlClockSet                 
00000751  __aeabi_memcpy                 
00000751  __aeabi_memcpy4                
00000751  __aeabi_memcpy8                
00000751  memcpy                         
000007ed  __TI_auto_init                 
0000085d  __TI_decompress_lzss           
000008c5  _c_int00                       
00000919  C$$EXIT                        
0000091d  abort                          
00000925  exit                           
0000096d  copy_in                        
000009b9  SysCtlPeripheralReady          
000009f1  SysCtlPeripheralEnable         
00000a25  main                           
00000a57  GPIODirModeSet                 
00000a81  GPIOPinTypeGPIOOutput          
00000a99  _args_main                     
00000ab1  _register_unlock               
00000ab7  _register_lock                 
00000abf  _nop                           
00000ac5  GPIOPinTypeGPIOInput           
00000ad7  __TI_decompress_none           
00000ae5  ResetISR                       
00000af1  GPIOPinRead                    
00000af7  GPIOPinWrite                   
00000afd  SysCtlDelay                    
00000b03  _system_pre_init               
00000b07  _system_post_cinit             
00000b8c  __TI_Handler_Table_Base        
00000b94  __TI_CINIT_Base                
00000b94  __TI_Handler_Table_Limit       
00000b9c  __TI_CINIT_Limit               
20000000  __stack                        
20000200  __STACK_END                    
20000200  __STACK_TOP                    
20000200  __TI_cleanup_ptr               
20000204  __TI_dtors_ptr                 
20000208  __TI_enable_exit_profile_output
2000020c  _lock                          
20000210  _unlock                        
20000214  main_func_sp                   
ffffffff  __TI_pprof_out_hndl            
ffffffff  __TI_prof_data_size            
ffffffff  __TI_prof_data_start           
ffffffff  __binit__                      
ffffffff  __c_args__                     
ffffffff  binit                          
UNDEFED   SHT$$INIT_ARRAY$$Base          
UNDEFED   SHT$$INIT_ARRAY$$Limit         

[64 symbols]
