******************************************************************************
                  TI ARM Linker PC v17.3.0                     
******************************************************************************
>> Linked Sat Jun 24 17:25:40 2017

OUTPUT FILE NAME:   <BSP.out>
ENTRY POINT SYMBOL: "_c_int00"  address: 0000250d


MEMORY CONFIGURATION

         name            origin    length      used     unused   attr    fill
----------------------  --------  ---------  --------  --------  ----  --------
  FLASH                 00000000   00040000  00002eee  0003d112  R  X
  SRAM                  20000000   00008000  0000053a  00007ac6  RW X


SEGMENT ALLOCATION MAP

run origin  load origin   length   init length attrs members
----------  ----------- ---------- ----------- ----- -------
00000000    00000000    00002ef0   00002ef0    r-x
  00000000    00000000    0000026c   0000026c    r-- .intvecs
  0000026c    0000026c    000029ba   000029ba    r-x .text
  00002c28    00002c28    00000260   00000260    r-- .const
  00002e88    00002e88    00000068   00000068    r-- .cinit
20000000    20000000    00000544   00000000    rw-
  20000000    20000000    0000026c   00000000    rw- .vtable
  2000026c    2000026c    00000200   00000000    rw- .stack
  20000470    20000470    0000006a   00000000    rw- .bss
  200004e0    200004e0    00000064   00000000    rw- .data


SECTION ALLOCATION MAP

 output                                  attributes/
section   page    origin      length       input sections
--------  ----  ----------  ----------   ----------------
.intvecs   0    00000000    0000026c     
                  00000000    0000026c     tm4c123gh6pm_startup_ccs.obj (.intvecs)

.text      0    0000026c    000029ba     
                  0000026c    00000f30     slug.obj (.text)
                  0000119c    0000049c     uartstdio.obj (.text)
                  00001638    000002b0     slugTest.obj (.text)
                  000018e8    000001b6     rtsv7M4_T_le_v4SPD16_eabi.lib : fd_add_t2.obj (.text)
                  00001a9e    00000136                                   : fd_div_t2.obj (.text)
                  00001bd4    00000132     driverlib.lib : gpio.obj (.text:GPIOPadConfigSet)
                  00001d06    00000002     rtsv7M4_T_le_v4SPD16_eabi.lib : i_div0.obj (.text)
                  00001d08    00000110     driverlib.lib : sysctl.obj (.text:SysCtlClockGet)
                  00001e18    000000fc     rtsv7M4_T_le_v4SPD16_eabi.lib : fd_mul_t2.obj (.text)
                  00001f14    000000f4     driverlib.lib : sysctl.obj (.text:SysCtlClockSet)
                  00002008    0000009c     rtsv7M4_T_le_v4SPD16_eabi.lib : memcpy_t2.obj (.text)
                  000020a4    00000086                                   : fd_cmp_t2.obj (.text:__aeabi_cdcmple)
                  0000212a    00000086                                   : fd_cmp_t2.obj (.text:__aeabi_cdrcmple)
                  000021b0    0000007a     driverlib.lib : adc.obj (.text:ADCSequenceStepConfigure)
                  0000222a    0000007a     rtsv7M4_T_le_v4SPD16_eabi.lib : memset_t2.obj (.text)
                  000022a4    00000070                                   : autoinit.obj (.text)
                  00002314    0000006e                                   : fd_tos_t2.obj (.text)
                  00002382    00000002                                   : mpu_init.obj (.text)
                  00002384    00000068     driverlib.lib : interrupt.obj (.text:IntEnable)
                  000023ec    00000068     rtsv7M4_T_le_v4SPD16_eabi.lib : copy_decompress_lzss.obj (.text:decompress:lzss)
                  00002454    00000060     driverlib.lib : timer.obj (.text:TimerConfigure)
                  000024b4    00000058                   : timer.obj (.text:TimerControlTrigger)
                  0000250c    00000054     rtsv7M4_T_le_v4SPD16_eabi.lib : boot.obj (.text)
                  00002560    00000054                                   : exit.obj (.text)
                  000025b4    00000050     driverlib.lib : adc.obj (.text:ADCSequenceConfigure)
                  00002604    0000004c                   : timer.obj (.text:_TimerIntNumberGet)
                  00002650    0000004c     rtsv7M4_T_le_v4SPD16_eabi.lib : cpy_tbl.obj (.text)
                  0000269c    00000048     driverlib.lib : gpio.obj (.text:GPIOPinConfigure)
                  000026e4    00000048     rtsv7M4_T_le_v4SPD16_eabi.lib : fd_toi_t2.obj (.text)
                  0000272c    00000046     driverlib.lib : uart.obj (.text:UARTConfigSetExpClk)
                  00002772    00000044     rtsv7M4_T_le_v4SPD16_eabi.lib : fd_tou_t2.obj (.text)
                  000027b6    00000040                                   : u_divt2.obj (.text)
                  000027f6    00000002                                   : startup.obj (.text)
                  000027f8    00000038     driverlib.lib : sysctl.obj (.text:SysCtlPeripheralPresent)
                  00002830    00000038                   : sysctl.obj (.text:SysCtlPeripheralReady)
                  00002868    00000038     rtsv7M4_T_le_v4SPD16_eabi.lib : fs_tod_t2.obj (.text)
                  000028a0    00000034     driverlib.lib : interrupt.obj (.text:IntRegister)
                  000028d4    00000034                   : sysctl.obj (.text:SysCtlPeripheralEnable)
                  00002908    0000002e     rtsv7M4_T_le_v4SPD16_eabi.lib : i_tofd_t2.obj (.text)
                  00002936    0000002a     driverlib.lib : gpio.obj (.text:GPIODirModeSet)
                  00002960    00000022                   : pwm.obj (.text:PWMGenConfigure)
                  00002982    00000002     --HOLE-- [fill = 0]
                  00002984    00000020                   : uart.obj (.text:UARTDisable)
                  000029a4    00000020     rtsv7M4_T_le_v4SPD16_eabi.lib : u_tofd_t2.obj (.text)
                  000029c4    0000001e     driverlib.lib : adc.obj (.text:ADCSequenceDataGet)
                  000029e2    0000001e                   : pwm.obj (.text:PWMPulseWidthSet)
                  00002a00    00000018                   : adc.obj (.text:ADCProcessorTrigger)
                  00002a18    00000018                   : gpio.obj (.text:GPIOPinTypeGPIOOutput)
                  00002a30    00000018                   : timer.obj (.text:TimerIntRegister)
                  00002a48    00000018     rtsv7M4_T_le_v4SPD16_eabi.lib : args_main.obj (.text)
                  00002a60    00000014     driverlib.lib : sysctl.obj (.text:SysCtlPWMClockSet)
                  00002a74    00000014                   : uart.obj (.text:UARTEnable)
                  00002a88    00000014     rtsv7M4_T_le_v4SPD16_eabi.lib : _lock.obj (.text)
                  00002a9c    00000012     driverlib.lib : gpio.obj (.text:GPIOPinTypeADC)
                  00002aae    00000012                   : gpio.obj (.text:GPIOPinTypeGPIOInput)
                  00002ac0    00000012                   : gpio.obj (.text:GPIOPinTypePWM)
                  00002ad2    00000012                   : gpio.obj (.text:GPIOPinTypeUART)
                  00002ae4    00000012                   : pwm.obj (.text:PWMOutputState)
                  00002af6    00000012                   : timer.obj (.text:TimerLoadSet)
                  00002b08    00000010                   : adc.obj (.text:ADCIntEnable)
                  00002b18    00000010                   : interrupt.obj (.text:IntMasterEnable)
                  00002b28    00000010                   : pwm.obj (.text:PWMGenPeriodSet)
                  00002b38    0000000e                   : adc.obj (.text:ADCHardwareOversampleConfigure)
                  00002b46    0000000e                   : adc.obj (.text:ADCSequenceEnable)
                  00002b54    0000000e                   : timer.obj (.text:TimerEnable)
                  00002b62    0000000e                   : uart.obj (.text:UARTCharGetNonBlocking)
                  00002b70    0000000e                   : uart.obj (.text:UARTCharPutNonBlocking)
                  00002b7e    0000000e                   : uart.obj (.text:UARTCharsAvail)
                  00002b8c    0000000e     rtsv7M4_T_le_v4SPD16_eabi.lib : copy_decompress_none.obj (.text:decompress:none)
                  00002b9a    0000000c     driverlib.lib : cpu.obj (.text:CPUcpsie)
                  00002ba6    0000000c                   : pwm.obj (.text:PWMGenEnable)
                  00002bb2    0000000c     rtsv7M4_T_le_v4SPD16_eabi.lib : copy_zero_init.obj (.text:decompress:ZI)
                  00002bbe    0000000c     tm4c123gh6pm_startup_ccs.obj (.text)
                  00002bca    0000000a     driverlib.lib : adc.obj (.text:ADCIntClear)
                  00002bd4    0000000a                   : uart.obj (.text:UARTCharGet)
                  00002bde    0000000a                   : uart.obj (.text:UARTCharPut)
                  00002be8    0000000a                   : uart.obj (.text:UARTIntStatus)
                  00002bf2    00000008                   : timer.obj (.text:TimerIntEnable)
                  00002bfa    00000008                   : uart.obj (.text:UARTIntEnable)
                  00002c02    00000006                   : gpio.obj (.text:GPIOPinRead)
                  00002c08    00000006                   : gpio.obj (.text:GPIOPinWrite)
                  00002c0e    00000006                   : sysctl.obj (.text:SysCtlDelay)
                  00002c14    00000006                   : uart.obj (.text:UARTClockSourceSet)
                  00002c1a    00000004                   : timer.obj (.text:TimerIntClear)
                  00002c1e    00000004                   : uart.obj (.text:UARTIntClear)
                  00002c22    00000004     rtsv7M4_T_le_v4SPD16_eabi.lib : pre_init.obj (.text)

.const     0    00002c28    00000260     
                  00002c28    00000090     driverlib.lib : gpio.obj (.const:g_pui32GPIOBaseAddrs)
                  00002cb8    00000070                   : interrupt.obj (.const)
                  00002d28    0000006c                   : sysctl.obj (.const:g_pui32Xtals)
                  00002d94    00000060                   : timer.obj (.const:g_ppui32TimerIntMap)
                  00002df4    00000040                   : timer.obj (.const:g_ppui32TimerIntMapSnowflake)
                  00002e34    00000004     uartstdio.obj (.const)
                  00002e38    00000024     slug.obj (.const)
                  00002e5c    00000012     uartstdio.obj (.const:.string)
                  00002e6e    00000002     --HOLE-- [fill = 0]
                  00002e70    0000000c     uartstdio.obj (.const:g_ui32UARTBase)
                  00002e7c    0000000c     uartstdio.obj (.const:g_ui32UARTPeriph)

.cinit     0    00002e88    00000068     
                  00002e88    0000002e     (.cinit..data.load) [load image, compression = lzss]
                  00002eb6    00000002     --HOLE-- [fill = 0]
                  00002eb8    0000000c     (__TI_handler_table)
                  00002ec4    00000004     --HOLE-- [fill = 0]
                  00002ec8    00000008     (.cinit..bss.load) [load image, compression = zero_init]
                  00002ed0    00000008     (.cinit..vtable.load) [load image, compression = zero_init]
                  00002ed8    00000018     (__TI_cinit_table)

.init_array 
*          0    00000000    00000000     UNINITIALIZED

.vtable    0    20000000    0000026c     UNINITIALIZED
                  20000000    0000026c     driverlib.lib : interrupt.obj (.vtable)

.bss       0    20000470    0000006a     UNINITIALIZED
                  20000470    00000008     (.common:D)
                  20000478    00000008     (.common:ERROR)
                  20000480    00000008     (.common:I)
                  20000488    00000008     (.common:Kp)
                  20000490    00000008     (.common:P)
                  20000498    00000008     (.common:PID_OUT)
                  200004a0    00000008     (.common:goalPos)
                  200004a8    00000008     (.common:pwmDuty)
                  200004b0    00000008     (.common:pwmPeriod)
                  200004b8    00000004     (.common:LoadCellVol)
                  200004bc    00000004     (.common:goalReached)
                  200004c0    00000004     (.common:loadCellValue)
                  200004c4    00000004     (.common:raw)
                  200004c8    00000004     (.common:rawLoadCellVal)
                  200004cc    00000004     (.common:rawTemp)
                  200004d0    00000004     (.common:tempC)
                  200004d4    00000004     (.common:tempF)
                  200004d8    00000002     (.common:samplePeriod)

.data      0    200004e0    00000064     UNINITIALIZED
                  200004e0    00000044     slug.obj (.data)
                  20000524    0000000c     rtsv7M4_T_le_v4SPD16_eabi.lib : exit.obj (.data:$O1$$)
                  20000530    00000008                                   : _lock.obj (.data:$O1$$)
                  20000538    00000005     uartstdio.obj (.data)
                  2000053d    00000003     --HOLE--
                  20000540    00000004     rtsv7M4_T_le_v4SPD16_eabi.lib : stkdepth_vars.obj (.data)

.stack     0    2000026c    00000200     UNINITIALIZED
                  2000026c    00000200     --HOLE--

MODULE SUMMARY

       Module                         code    ro data   rw data
       ------                         ----    -------   -------
    .\
       slug.obj                       3888    36        138    
       uartstdio.obj                  1180    46        5      
       slugTest.obj                   688     0         20     
       tm4c123gh6pm_startup_ccs.obj   12      620       0      
       pwmTest.obj                    0       0         16     
    +--+------------------------------+-------+---------+---------+
       Total:                         5768    702       179    
                                                               
    C:/ti/TivaWare_C_Series-2.1.4.178/driverlib/ccs/Debug/driverlib.lib
       interrupt.obj                  172     112       620    
       sysctl.obj                     706     108       0      
       gpio.obj                       528     144       0      
       timer.obj                      328     160       0      
       adc.obj                        310     0         0      
       uart.obj                       212     0         0      
       pwm.obj                        110     0         0      
       cpu.obj                        12      0         0      
    +--+------------------------------+-------+---------+---------+
       Total:                         2378    524       620    
                                                               
    C:\ti\ccsv7\tools\compiler\ti-cgt-arm_17.3.0.STS\lib\rtsv7M4_T_le_v4SPD16_eabi.lib
       fd_add_t2.obj                  438     0         0      
       fd_div_t2.obj                  310     0         0      
       fd_cmp_t2.obj                  268     0         0      
       fd_mul_t2.obj                  252     0         0      
       memcpy_t2.obj                  156     0         0      
       memset_t2.obj                  122     0         0      
       autoinit.obj                   112     0         0      
       fd_tos_t2.obj                  110     0         0      
       copy_decompress_lzss.obj       104     0         0      
       exit.obj                       84      0         12     
       boot.obj                       84      0         0      
       cpy_tbl.obj                    76      0         0      
       fd_toi_t2.obj                  72      0         0      
       fd_tou_t2.obj                  68      0         0      
       u_divt2.obj                    64      0         0      
       fs_tod_t2.obj                  56      0         0      
       i_tofd_t2.obj                  46      0         0      
       u_tofd_t2.obj                  32      0         0      
       _lock.obj                      20      0         8      
       args_main.obj                  24      0         0      
       copy_decompress_none.obj       14      0         0      
       copy_zero_init.obj             12      0         0      
       pre_init.obj                   4       0         0      
       stkdepth_vars.obj              0       0         4      
       i_div0.obj                     2       0         0      
       mpu_init.obj                   2       0         0      
       startup.obj                    2       0         0      
    +--+------------------------------+-------+---------+---------+
       Total:                         2534    0         24     
                                                               
       Stack:                         0       0         512    
       Linker Generated:              0       98        0      
    +--+------------------------------+-------+---------+---------+
       Grand Total:                   10680   1324      1335   


LINKER GENERATED COPY TABLES

__TI_cinit_table @ 00002ed8 records: 3, size/record: 8, table size: 24
	.data: load addr=00002e88, load size=0000002e bytes, run addr=200004e0, run size=00000064 bytes, compression=lzss
	.bss: load addr=00002ec8, load size=00000008 bytes, run addr=20000470, run size=0000006a bytes, compression=zero_init
	.vtable: load addr=00002ed0, load size=00000008 bytes, run addr=20000000, run size=0000026c bytes, compression=zero_init


LINKER GENERATED HANDLER TABLE

__TI_handler_table @ 00002eb8 records: 3, size/record: 4, table size: 12
	index: 0, handler: __TI_zero_init
	index: 1, handler: __TI_decompress_lzss
	index: 2, handler: __TI_decompress_none


GLOBAL SYMBOLS: SORTED ALPHABETICALLY BY Name 

address   name                           
-------   ----                           
00002b39  ADCHardwareOversampleConfigure 
00002bcb  ADCIntClear                    
00002b09  ADCIntEnable                   
00002a01  ADCProcessorTrigger            
000025b5  ADCSequenceConfigure           
000029c5  ADCSequenceDataGet             
00002b47  ADCSequenceEnable              
000021b1  ADCSequenceStepConfigure       
00002e58  BIAS                           
000002f9  BlueLED_Clear                  
000002b9  BlueLED_Init                   
000002eb  BlueLED_Set                    
00000307  BlueLED_Toggle                 
00000387  Button1_Init                   
000003af  Button1_Input                  
00002561  C$$EXIT                        
00002b9b  CPUcpsie                       
00000281  Clock_get_frequency            
0000026d  Clock_set_40MHz                
00000277  Clock_set_80MHz                
000005b1  Console_Send                   
00000e7d  ControllerEnable               
00000ccf  ControllerIntHandler           
00000c69  Controller_Init                
20000470  D                              
00002e50  DEADBAND                       
00000291  Delay_cycle                    
20000478  ERROR                          
00000289  EnableInterrupts               
00002937  GPIODirModeSet                 
00001bd5  GPIOPadConfigSet               
0000269d  GPIOPinConfigure               
00002c03  GPIOPinRead                    
00002a9d  GPIOPinTypeADC                 
00002aaf  GPIOPinTypeGPIOInput           
00002a19  GPIOPinTypeGPIOOutput          
00002ac1  GPIOPinTypePWM                 
00002ad3  GPIOPinTypeUART                
00002c09  GPIOPinWrite                   
20000480  I                              
00002385  IntEnable                      
00002b19  IntMasterEnable                
000028a1  IntRegister                    
20000500  Kbar                           
20000510  Kd                             
20000508  Ki                             
20000488  Kp                             
200004f0  LAST_ERROR                     
00000c4d  LoadCellIntHandler             
00000c41  LoadCellTrigger                
200004b8  LoadCellVol                    
00000ad5  LoadCell_init                  
00000677  LoggerIntHandler               
000005d1  Logger_Init                    
00002e48  MaxSteadyError                 
00002e40  MinSteadyError                 
00000865  Motor_Init                     
000008fb  Motor_SetDuty                  
20000490  P                              
20000498  PID_OUT                        
00000d65  PID_conrol                     
00002961  PWMGenConfigure                
00002ba7  PWMGenEnable                   
00002b29  PWMGenPeriodSet                
00002ae5  PWMOutputState                 
000029e3  PWMPulseWidthSet               
00002e3c  PWMclockFreq                   
000003c5  RGBled_Init                    
00000415  RGBled_Set                     
0000047f  RGBled_Toggle                  
00002bbf  ResetISR                       
UNDEFED   SHT$$INIT_ARRAY$$Base          
UNDEFED   SHT$$INIT_ARRAY$$Limit         
00000691  SerialMonitor_Init             
0000072d  SerialMonitor_Loop             
00000cdf  Swing_control                  
00001d09  SysCtlClockGet                 
00001f15  SysCtlClockSet                 
00002c0f  SysCtlDelay                    
00002a61  SysCtlPWMClockSet              
000028d5  SysCtlPeripheralEnable         
000027f9  SysCtlPeripheralPresent        
00002831  SysCtlPeripheralReady          
200004f8  TOTAL_ERROR                    
00000507  Timer0IntHandler               
00002455  TimerConfigure                 
000024b5  TimerControlTrigger            
00002b55  TimerEnable                    
00002c1b  TimerIntClear                  
00002bf3  TimerIntEnable                 
00002a31  TimerIntRegister               
00002af7  TimerLoadSet                   
00002bd5  UARTCharGet                    
00002b63  UARTCharGetNonBlocking         
00002bdf  UARTCharPut                    
00002b71  UARTCharPutNonBlocking         
00002b7f  UARTCharsAvail                 
00002c15  UARTClockSourceSet             
0000272d  UARTConfigSetExpClk            
00002985  UARTDisable                    
00002a75  UARTEnable                     
00002c1f  UARTIntClear                   
00002bfb  UARTIntEnable                  
00000747  UARTIntHandler                 
00002be9  UARTIntStatus                  
0000119d  UARTStdioConfig                
000012e3  UARTgetc                       
00001229  UARTgets                       
00001603  UARTprintf                     
00001309  UARTvprintf                    
000011e3  UARTwrite                      
00000c15  Vol2Load                       
00000355  YellowLED_Clear                
0000032b  YellowLED_Init                 
00000347  YellowLED_Set                  
00000363  YellowLED_Toggle               
2000046c  __STACK_END                    
00000200  __STACK_SIZE                   
2000046c  __STACK_TOP                    
00002ed8  __TI_CINIT_Base                
00002ef0  __TI_CINIT_Limit               
00002eb8  __TI_Handler_Table_Base        
00002ec4  __TI_Handler_Table_Limit       
000022a5  __TI_auto_init                 
20000524  __TI_cleanup_ptr               
000023ed  __TI_decompress_lzss           
00002b8d  __TI_decompress_none           
20000528  __TI_dtors_ptr                 
2000052c  __TI_enable_exit_profile_output
ffffffff  __TI_pprof_out_hndl            
ffffffff  __TI_prof_data_size            
ffffffff  __TI_prof_data_start           
00000000  __TI_static_base__             
00002bb3  __TI_zero_init                 
000020a5  __aeabi_cdcmpeq                
000020a5  __aeabi_cdcmple                
0000212b  __aeabi_cdrcmple               
00002315  __aeabi_d2f                    
000026e5  __aeabi_d2iz                   
00002773  __aeabi_d2uiz                  
000018f3  __aeabi_dadd                   
00001a9f  __aeabi_ddiv                   
00001e19  __aeabi_dmul                   
000018e9  __aeabi_dsub                   
00002869  __aeabi_f2d                    
00002909  __aeabi_i2d                    
00001d07  __aeabi_idiv0                  
0000222b  __aeabi_memclr                 
0000222b  __aeabi_memclr4                
0000222b  __aeabi_memclr8                
00002009  __aeabi_memcpy                 
00002009  __aeabi_memcpy4                
00002009  __aeabi_memcpy8                
0000222d  __aeabi_memset                 
0000222d  __aeabi_memset4                
0000222d  __aeabi_memset8                
000029a5  __aeabi_ui2d                   
000027b7  __aeabi_uidiv                  
000027b7  __aeabi_uidivmod               
ffffffff  __binit__                      
ffffffff  __c_args__                     
00002383  __mpu_init                     
2000026c  __stack                        
00002a49  _args_main                     
0000250d  _c_int00                       
20000530  _lock                          
00002a97  _nop                           
00002a8f  _register_lock                 
00002a89  _register_unlock               
000027f7  _system_post_cinit             
00002c23  _system_pre_init               
20000534  _unlock                        
00002565  abort                          
00000be1  adc2Vol                        
ffffffff  binit                          
00000e89  checkIntegralLimit             
00000a79  checkLimits                    
00000a23  clearDirection                 
00002e38  clockFreq                      
000007f5  convert2C                      
00000819  convert2F                      
00000931  convert2PWMDuty                
00002651  copy_in                        
00000ee1  deadBandCheck                  
0000029d  delayMS                        
00000a3f  disableMotor                   
00000fbd  doSomethingforlogging          
00000a31  enableMotor                    
0000256d  exit                           
20000000  g_pfnRAMVectors                
00000000  g_pfnVectors                   
000007e3  getAvgTemp                     
00000f5b  getError                       
00000f0f  getGoalFlag                    
00000f47  getGoalForce                   
00000f51  getKp                          
00000b83  getLoadCellValue               
00000a0b  getMotorPWMPeriod              
00000f69  getPIDoutput                   
00000a6b  getglobaldirection             
00000a65  getglobalduty                  
2000051c  globalDirection                
20000520  globalDummy                    
20000518  globalDutyCycle                
200004a0  goalPos                        
200004bc  goalReached                    
00000565  initConsole                    
0000051d  initTimer0                     
200004c0  loadCellValue                  
200004ec  loggerCount                    
00001639  main                           
20000540  main_func_sp                   
00000b99  measuredLoad                   
00002009  memcpy                         
00002233  memset                         
00000989  motorSendCommand               
00000641  print_loadCell                 
200004a8  pwmDuty                        
200004b0  pwmPeriod                      
200004c4  raw                            
200004c8  rawLoadCellVal                 
200004cc  rawTemp                        
200004d8  samplePeriod                   
00000a15  setDirection                   
00000f15  setGoalFlag                    
00000f2d  setGoalForce                   
00000a4d  setglobals4Motor               
200004e4  swingDir                       
200004e8  swingDuty                      
200004e0  swingloopCount                 
200004d0  tempC                          
200004d4  tempF                          
00000777  tempSensor_Init                
000007cd  tempSensor_handler             
000007e9  tempSensor_startConversion     
0000167b  testBYellowLED                 
00001647  testBlueLED                    
000016dd  testConsole                    
00001815  testController                 
0000171f  testLogger                     
000017a3  testMotor                      
0000173b  testSerialMonitor              
00001743  testTempSensor                 
000016c1  testTimerToggle                
000016af  testTivaLED_Switch             
000017d3  testloadCell                   


GLOBAL SYMBOLS: SORTED BY Symbol Address 

address   name                           
-------   ----                           
00000000  __TI_static_base__             
00000000  g_pfnVectors                   
00000200  __STACK_SIZE                   
0000026d  Clock_set_40MHz                
00000277  Clock_set_80MHz                
00000281  Clock_get_frequency            
00000289  EnableInterrupts               
00000291  Delay_cycle                    
0000029d  delayMS                        
000002b9  BlueLED_Init                   
000002eb  BlueLED_Set                    
000002f9  BlueLED_Clear                  
00000307  BlueLED_Toggle                 
0000032b  YellowLED_Init                 
00000347  YellowLED_Set                  
00000355  YellowLED_Clear                
00000363  YellowLED_Toggle               
00000387  Button1_Init                   
000003af  Button1_Input                  
000003c5  RGBled_Init                    
00000415  RGBled_Set                     
0000047f  RGBled_Toggle                  
00000507  Timer0IntHandler               
0000051d  initTimer0                     
00000565  initConsole                    
000005b1  Console_Send                   
000005d1  Logger_Init                    
00000641  print_loadCell                 
00000677  LoggerIntHandler               
00000691  SerialMonitor_Init             
0000072d  SerialMonitor_Loop             
00000747  UARTIntHandler                 
00000777  tempSensor_Init                
000007cd  tempSensor_handler             
000007e3  getAvgTemp                     
000007e9  tempSensor_startConversion     
000007f5  convert2C                      
00000819  convert2F                      
00000865  Motor_Init                     
000008fb  Motor_SetDuty                  
00000931  convert2PWMDuty                
00000989  motorSendCommand               
00000a0b  getMotorPWMPeriod              
00000a15  setDirection                   
00000a23  clearDirection                 
00000a31  enableMotor                    
00000a3f  disableMotor                   
00000a4d  setglobals4Motor               
00000a65  getglobalduty                  
00000a6b  getglobaldirection             
00000a79  checkLimits                    
00000ad5  LoadCell_init                  
00000b83  getLoadCellValue               
00000b99  measuredLoad                   
00000be1  adc2Vol                        
00000c15  Vol2Load                       
00000c41  LoadCellTrigger                
00000c4d  LoadCellIntHandler             
00000c69  Controller_Init                
00000ccf  ControllerIntHandler           
00000cdf  Swing_control                  
00000d65  PID_conrol                     
00000e7d  ControllerEnable               
00000e89  checkIntegralLimit             
00000ee1  deadBandCheck                  
00000f0f  getGoalFlag                    
00000f15  setGoalFlag                    
00000f2d  setGoalForce                   
00000f47  getGoalForce                   
00000f51  getKp                          
00000f5b  getError                       
00000f69  getPIDoutput                   
00000fbd  doSomethingforlogging          
0000119d  UARTStdioConfig                
000011e3  UARTwrite                      
00001229  UARTgets                       
000012e3  UARTgetc                       
00001309  UARTvprintf                    
00001603  UARTprintf                     
00001639  main                           
00001647  testBlueLED                    
0000167b  testBYellowLED                 
000016af  testTivaLED_Switch             
000016c1  testTimerToggle                
000016dd  testConsole                    
0000171f  testLogger                     
0000173b  testSerialMonitor              
00001743  testTempSensor                 
000017a3  testMotor                      
000017d3  testloadCell                   
00001815  testController                 
000018e9  __aeabi_dsub                   
000018f3  __aeabi_dadd                   
00001a9f  __aeabi_ddiv                   
00001bd5  GPIOPadConfigSet               
00001d07  __aeabi_idiv0                  
00001d09  SysCtlClockGet                 
00001e19  __aeabi_dmul                   
00001f15  SysCtlClockSet                 
00002009  __aeabi_memcpy                 
00002009  __aeabi_memcpy4                
00002009  __aeabi_memcpy8                
00002009  memcpy                         
000020a5  __aeabi_cdcmpeq                
000020a5  __aeabi_cdcmple                
0000212b  __aeabi_cdrcmple               
000021b1  ADCSequenceStepConfigure       
0000222b  __aeabi_memclr                 
0000222b  __aeabi_memclr4                
0000222b  __aeabi_memclr8                
0000222d  __aeabi_memset                 
0000222d  __aeabi_memset4                
0000222d  __aeabi_memset8                
00002233  memset                         
000022a5  __TI_auto_init                 
00002315  __aeabi_d2f                    
00002383  __mpu_init                     
00002385  IntEnable                      
000023ed  __TI_decompress_lzss           
00002455  TimerConfigure                 
000024b5  TimerControlTrigger            
0000250d  _c_int00                       
00002561  C$$EXIT                        
00002565  abort                          
0000256d  exit                           
000025b5  ADCSequenceConfigure           
00002651  copy_in                        
0000269d  GPIOPinConfigure               
000026e5  __aeabi_d2iz                   
0000272d  UARTConfigSetExpClk            
00002773  __aeabi_d2uiz                  
000027b7  __aeabi_uidiv                  
000027b7  __aeabi_uidivmod               
000027f7  _system_post_cinit             
000027f9  SysCtlPeripheralPresent        
00002831  SysCtlPeripheralReady          
00002869  __aeabi_f2d                    
000028a1  IntRegister                    
000028d5  SysCtlPeripheralEnable         
00002909  __aeabi_i2d                    
00002937  GPIODirModeSet                 
00002961  PWMGenConfigure                
00002985  UARTDisable                    
000029a5  __aeabi_ui2d                   
000029c5  ADCSequenceDataGet             
000029e3  PWMPulseWidthSet               
00002a01  ADCProcessorTrigger            
00002a19  GPIOPinTypeGPIOOutput          
00002a31  TimerIntRegister               
00002a49  _args_main                     
00002a61  SysCtlPWMClockSet              
00002a75  UARTEnable                     
00002a89  _register_unlock               
00002a8f  _register_lock                 
00002a97  _nop                           
00002a9d  GPIOPinTypeADC                 
00002aaf  GPIOPinTypeGPIOInput           
00002ac1  GPIOPinTypePWM                 
00002ad3  GPIOPinTypeUART                
00002ae5  PWMOutputState                 
00002af7  TimerLoadSet                   
00002b09  ADCIntEnable                   
00002b19  IntMasterEnable                
00002b29  PWMGenPeriodSet                
00002b39  ADCHardwareOversampleConfigure 
00002b47  ADCSequenceEnable              
00002b55  TimerEnable                    
00002b63  UARTCharGetNonBlocking         
00002b71  UARTCharPutNonBlocking         
00002b7f  UARTCharsAvail                 
00002b8d  __TI_decompress_none           
00002b9b  CPUcpsie                       
00002ba7  PWMGenEnable                   
00002bb3  __TI_zero_init                 
00002bbf  ResetISR                       
00002bcb  ADCIntClear                    
00002bd5  UARTCharGet                    
00002bdf  UARTCharPut                    
00002be9  UARTIntStatus                  
00002bf3  TimerIntEnable                 
00002bfb  UARTIntEnable                  
00002c03  GPIOPinRead                    
00002c09  GPIOPinWrite                   
00002c0f  SysCtlDelay                    
00002c15  UARTClockSourceSet             
00002c1b  TimerIntClear                  
00002c1f  UARTIntClear                   
00002c23  _system_pre_init               
00002e38  clockFreq                      
00002e3c  PWMclockFreq                   
00002e40  MinSteadyError                 
00002e48  MaxSteadyError                 
00002e50  DEADBAND                       
00002e58  BIAS                           
00002eb8  __TI_Handler_Table_Base        
00002ec4  __TI_Handler_Table_Limit       
00002ed8  __TI_CINIT_Base                
00002ef0  __TI_CINIT_Limit               
20000000  g_pfnRAMVectors                
2000026c  __stack                        
2000046c  __STACK_END                    
2000046c  __STACK_TOP                    
20000470  D                              
20000478  ERROR                          
20000480  I                              
20000488  Kp                             
20000490  P                              
20000498  PID_OUT                        
200004a0  goalPos                        
200004a8  pwmDuty                        
200004b0  pwmPeriod                      
200004b8  LoadCellVol                    
200004bc  goalReached                    
200004c0  loadCellValue                  
200004c4  raw                            
200004c8  rawLoadCellVal                 
200004cc  rawTemp                        
200004d0  tempC                          
200004d4  tempF                          
200004d8  samplePeriod                   
200004e0  swingloopCount                 
200004e4  swingDir                       
200004e8  swingDuty                      
200004ec  loggerCount                    
200004f0  LAST_ERROR                     
200004f8  TOTAL_ERROR                    
20000500  Kbar                           
20000508  Ki                             
20000510  Kd                             
20000518  globalDutyCycle                
2000051c  globalDirection                
20000520  globalDummy                    
20000524  __TI_cleanup_ptr               
20000528  __TI_dtors_ptr                 
2000052c  __TI_enable_exit_profile_output
20000530  _lock                          
20000534  _unlock                        
20000540  main_func_sp                   
ffffffff  __TI_pprof_out_hndl            
ffffffff  __TI_prof_data_size            
ffffffff  __TI_prof_data_start           
ffffffff  __binit__                      
ffffffff  __c_args__                     
ffffffff  binit                          
UNDEFED   SHT$$INIT_ARRAY$$Base          
UNDEFED   SHT$$INIT_ARRAY$$Limit         

[246 symbols]
