******************************************************************************
                  TI ARM Linker PC v17.3.0                     
******************************************************************************
>> Linked Sun Jun 11 20:03:22 2017

OUTPUT FILE NAME:   <BSP.out>
ENTRY POINT SYMBOL: "_c_int00"  address: 0000197d


MEMORY CONFIGURATION

         name            origin    length      used     unused   attr    fill
----------------------  --------  ---------  --------  --------  ----  --------
  FLASH                 00000000   00040000  00002276  0003dd8a  R  X
  SRAM                  20000000   00008000  000004be  00007b42  RW X


SEGMENT ALLOCATION MAP

run origin  load origin   length   init length attrs members
----------  ----------- ---------- ----------- ----- -------
00000000    00000000    00002278   00002278    r-x
  00000000    00000000    0000026c   0000026c    r-- .intvecs
  0000026c    0000026c    00001d6e   00001d6e    r-x .text
  00001fdc    00001fdc    00000244   00000244    r-- .const
  00002220    00002220    00000058   00000058    r-- .cinit
20000000    20000000    000004be   00000000    rw-
  20000000    20000000    0000026c   00000000    rw- .vtable
  2000026c    2000026c    00000200   00000000    rw- .stack
  2000046c    2000046c    00000030   00000000    rw- .data
  2000049c    2000049c    00000022   00000000    rw- .bss


SECTION ALLOCATION MAP

 output                                  attributes/
section   page    origin      length       input sections
--------  ----  ----------  ----------   ----------------
.intvecs   0    00000000    0000026c     
                  00000000    0000026c     tm4c123gh6pm_startup_ccs.obj (.intvecs)

.text      0    0000026c    00001d6e     
                  0000026c    0000084c     slug.obj (.text)
                  00000ab8    0000049c     uartstdio.obj (.text)
                  00000f54    00000136     rtsv7M4_T_le_v4SPD16_eabi.lib : fd_div_t2.obj (.text)
                  0000108a    00000132     driverlib.lib : gpio.obj (.text:GPIOPadConfigSet)
                  000011bc    00000110                   : sysctl.obj (.text:SysCtlClockGet)
                  000012cc    000000fc     rtsv7M4_T_le_v4SPD16_eabi.lib : fd_mul_t2.obj (.text)
                  000013c8    000000f4     driverlib.lib : sysctl.obj (.text:SysCtlClockSet)
                  000014bc    000000c6     ForceControlTest.obj (.text)
                  00001582    0000009c     rtsv7M4_T_le_v4SPD16_eabi.lib : memcpy_t2.obj (.text)
                  0000161e    0000007a     driverlib.lib : adc.obj (.text:ADCSequenceStepConfigure)
                  00001698    0000007a     rtsv7M4_T_le_v4SPD16_eabi.lib : memset_t2.obj (.text)
                  00001712    00000002                                   : i_div0.obj (.text)
                  00001714    00000070                                   : autoinit.obj (.text)
                  00001784    0000006e                                   : fd_tos_t2.obj (.text)
                  000017f2    00000002                                   : mpu_init.obj (.text)
                  000017f4    00000068     driverlib.lib : interrupt.obj (.text:IntEnable)
                  0000185c    00000068     rtsv7M4_T_le_v4SPD16_eabi.lib : copy_decompress_lzss.obj (.text:decompress:lzss)
                  000018c4    00000060     driverlib.lib : timer.obj (.text:TimerConfigure)
                  00001924    00000058                   : timer.obj (.text:TimerControlTrigger)
                  0000197c    00000054     rtsv7M4_T_le_v4SPD16_eabi.lib : boot.obj (.text)
                  000019d0    00000054                                   : exit.obj (.text)
                  00001a24    00000050     driverlib.lib : adc.obj (.text:ADCSequenceConfigure)
                  00001a74    0000004c                   : timer.obj (.text:_TimerIntNumberGet)
                  00001ac0    0000004c     rtsv7M4_T_le_v4SPD16_eabi.lib : cpy_tbl.obj (.text)
                  00001b0c    00000048     driverlib.lib : gpio.obj (.text:GPIOPinConfigure)
                  00001b54    00000046                   : uart.obj (.text:UARTConfigSetExpClk)
                  00001b9a    00000040     rtsv7M4_T_le_v4SPD16_eabi.lib : u_divt2.obj (.text)
                  00001bda    00000002                                   : startup.obj (.text)
                  00001bdc    00000038     driverlib.lib : sysctl.obj (.text:SysCtlPeripheralPresent)
                  00001c14    00000038                   : sysctl.obj (.text:SysCtlPeripheralReady)
                  00001c4c    00000038     rtsv7M4_T_le_v4SPD16_eabi.lib : fs_tod_t2.obj (.text)
                  00001c84    00000034     driverlib.lib : interrupt.obj (.text:IntRegister)
                  00001cb8    00000034                   : sysctl.obj (.text:SysCtlPeripheralEnable)
                  00001cec    0000002a                   : gpio.obj (.text:GPIODirModeSet)
                  00001d16    00000022                   : pwm.obj (.text:PWMGenConfigure)
                  00001d38    00000020                   : uart.obj (.text:UARTDisable)
                  00001d58    00000020     rtsv7M4_T_le_v4SPD16_eabi.lib : u_tofd_t2.obj (.text)
                  00001d78    0000001e     driverlib.lib : adc.obj (.text:ADCSequenceDataGet)
                  00001d96    0000001e                   : pwm.obj (.text:PWMPulseWidthSet)
                  00001db4    00000018                   : adc.obj (.text:ADCProcessorTrigger)
                  00001dcc    00000018                   : gpio.obj (.text:GPIOPinTypeGPIOOutput)
                  00001de4    00000018                   : timer.obj (.text:TimerIntRegister)
                  00001dfc    00000018     rtsv7M4_T_le_v4SPD16_eabi.lib : args_main.obj (.text)
                  00001e14    00000014     driverlib.lib : sysctl.obj (.text:SysCtlPWMClockSet)
                  00001e28    00000014                   : uart.obj (.text:UARTEnable)
                  00001e3c    00000014     rtsv7M4_T_le_v4SPD16_eabi.lib : _lock.obj (.text)
                  00001e50    00000012     driverlib.lib : gpio.obj (.text:GPIOPinTypeADC)
                  00001e62    00000012                   : gpio.obj (.text:GPIOPinTypeGPIOInput)
                  00001e74    00000012                   : gpio.obj (.text:GPIOPinTypePWM)
                  00001e86    00000012                   : gpio.obj (.text:GPIOPinTypeUART)
                  00001e98    00000012                   : pwm.obj (.text:PWMOutputState)
                  00001eaa    00000012                   : timer.obj (.text:TimerLoadSet)
                  00001ebc    00000010                   : adc.obj (.text:ADCIntEnable)
                  00001ecc    00000010                   : interrupt.obj (.text:IntMasterEnable)
                  00001edc    00000010                   : pwm.obj (.text:PWMGenPeriodSet)
                  00001eec    0000000e                   : adc.obj (.text:ADCHardwareOversampleConfigure)
                  00001efa    0000000e                   : adc.obj (.text:ADCSequenceEnable)
                  00001f08    0000000e                   : timer.obj (.text:TimerEnable)
                  00001f16    0000000e                   : uart.obj (.text:UARTCharGetNonBlocking)
                  00001f24    0000000e                   : uart.obj (.text:UARTCharPutNonBlocking)
                  00001f32    0000000e                   : uart.obj (.text:UARTCharsAvail)
                  00001f40    0000000e     rtsv7M4_T_le_v4SPD16_eabi.lib : copy_decompress_none.obj (.text:decompress:none)
                  00001f4e    0000000c     driverlib.lib : cpu.obj (.text:CPUcpsie)
                  00001f5a    0000000c                   : pwm.obj (.text:PWMGenEnable)
                  00001f66    0000000c     rtsv7M4_T_le_v4SPD16_eabi.lib : copy_zero_init.obj (.text:decompress:ZI)
                  00001f72    0000000c     tm4c123gh6pm_startup_ccs.obj (.text)
                  00001f7e    0000000a     driverlib.lib : adc.obj (.text:ADCIntClear)
                  00001f88    0000000a                   : uart.obj (.text:UARTCharGet)
                  00001f92    0000000a                   : uart.obj (.text:UARTCharPut)
                  00001f9c    0000000a                   : uart.obj (.text:UARTIntStatus)
                  00001fa6    00000008                   : timer.obj (.text:TimerIntEnable)
                  00001fae    00000008                   : uart.obj (.text:UARTIntEnable)
                  00001fb6    00000006                   : gpio.obj (.text:GPIOPinRead)
                  00001fbc    00000006                   : gpio.obj (.text:GPIOPinWrite)
                  00001fc2    00000006                   : sysctl.obj (.text:SysCtlDelay)
                  00001fc8    00000006                   : uart.obj (.text:UARTClockSourceSet)
                  00001fce    00000004                   : timer.obj (.text:TimerIntClear)
                  00001fd2    00000004                   : uart.obj (.text:UARTIntClear)
                  00001fd6    00000004     rtsv7M4_T_le_v4SPD16_eabi.lib : pre_init.obj (.text)

.const     0    00001fdc    00000244     
                  00001fdc    00000090     driverlib.lib : gpio.obj (.const:g_pui32GPIOBaseAddrs)
                  0000206c    00000070                   : interrupt.obj (.const)
                  000020dc    0000006c                   : sysctl.obj (.const:g_pui32Xtals)
                  00002148    00000060                   : timer.obj (.const:g_ppui32TimerIntMap)
                  000021a8    00000040                   : timer.obj (.const:g_ppui32TimerIntMapSnowflake)
                  000021e8    00000012     uartstdio.obj (.const:.string)
                  000021fa    00000002     --HOLE-- [fill = 0]
                  000021fc    0000000c     uartstdio.obj (.const:g_ui32UARTBase)
                  00002208    0000000c     uartstdio.obj (.const:g_ui32UARTPeriph)
                  00002214    00000008     slug.obj (.const)
                  0000221c    00000004     uartstdio.obj (.const)

.cinit     0    00002220    00000058     
                  00002220    00000020     (.cinit..data.load) [load image, compression = lzss]
                  00002240    0000000c     (__TI_handler_table)
                  0000224c    00000004     --HOLE-- [fill = 0]
                  00002250    00000008     (.cinit..bss.load) [load image, compression = zero_init]
                  00002258    00000008     (.cinit..vtable.load) [load image, compression = zero_init]
                  00002260    00000018     (__TI_cinit_table)

.init_array 
*          0    00000000    00000000     UNINITIALIZED

.vtable    0    20000000    0000026c     UNINITIALIZED
                  20000000    0000026c     driverlib.lib : interrupt.obj (.vtable)

.data      0    2000046c    00000030     UNINITIALIZED
                  2000046c    00000010     slug.obj (.data)
                  2000047c    0000000c     rtsv7M4_T_le_v4SPD16_eabi.lib : exit.obj (.data:$O1$$)
                  20000488    00000008                                   : _lock.obj (.data:$O1$$)
                  20000490    00000005     uartstdio.obj (.data)
                  20000495    00000003     --HOLE--
                  20000498    00000004     rtsv7M4_T_le_v4SPD16_eabi.lib : stkdepth_vars.obj (.data)

.bss       0    2000049c    00000022     UNINITIALIZED
                  2000049c    00000004     (.common:D)
                  200004a0    00000004     (.common:P)
                  200004a4    00000004     (.common:controllerFlag)
                  200004a8    00000004     (.common:error)
                  200004ac    00000004     (.common:loadCellValue)
                  200004b0    00000004     (.common:out)
                  200004b4    00000004     (.common:rawTemp)
                  200004b8    00000004     (.common:refForce)
                  200004bc    00000002     (.common:samplePeriod)

.stack     0    2000026c    00000200     UNINITIALIZED
                  2000026c    00000200     --HOLE--

MODULE SUMMARY

       Module                         code   ro data   rw data
       ------                         ----   -------   -------
    .\
       slug.obj                       2124   8         50     
       uartstdio.obj                  1180   46        5      
       tm4c123gh6pm_startup_ccs.obj   12     620       0      
       ForceControlTest.obj           198    0         0      
    +--+------------------------------+------+---------+---------+
       Total:                         3514   674       55     
                                                              
    C:/ti/TivaWare_C_Series-2.1.4.178/driverlib/ccs/Debug/driverlib.lib
       interrupt.obj                  172    112       620    
       sysctl.obj                     706    108       0      
       gpio.obj                       528    144       0      
       timer.obj                      328    160       0      
       adc.obj                        310    0         0      
       uart.obj                       212    0         0      
       pwm.obj                        110    0         0      
       cpu.obj                        12     0         0      
    +--+------------------------------+------+---------+---------+
       Total:                         2378   524       620    
                                                              
    C:\ti\ccsv7\tools\compiler\ti-cgt-arm_17.3.0.STS\lib\rtsv7M4_T_le_v4SPD16_eabi.lib
       fd_div_t2.obj                  310    0         0      
       fd_mul_t2.obj                  252    0         0      
       memcpy_t2.obj                  156    0         0      
       memset_t2.obj                  122    0         0      
       autoinit.obj                   112    0         0      
       fd_tos_t2.obj                  110    0         0      
       copy_decompress_lzss.obj       104    0         0      
       exit.obj                       84     0         12     
       boot.obj                       84     0         0      
       cpy_tbl.obj                    76     0         0      
       u_divt2.obj                    64     0         0      
       fs_tod_t2.obj                  56     0         0      
       u_tofd_t2.obj                  32     0         0      
       _lock.obj                      20     0         8      
       args_main.obj                  24     0         0      
       copy_decompress_none.obj       14     0         0      
       copy_zero_init.obj             12     0         0      
       pre_init.obj                   4      0         0      
       stkdepth_vars.obj              0      0         4      
       i_div0.obj                     2      0         0      
       mpu_init.obj                   2      0         0      
       startup.obj                    2      0         0      
    +--+------------------------------+------+---------+---------+
       Total:                         1642   0         24     
                                                              
       Stack:                         0      0         512    
       Linker Generated:              0      84        0      
    +--+------------------------------+------+---------+---------+
       Grand Total:                   7534   1282      1211   


LINKER GENERATED COPY TABLES

__TI_cinit_table @ 00002260 records: 3, size/record: 8, table size: 24
	.data: load addr=00002220, load size=00000020 bytes, run addr=2000046c, run size=00000030 bytes, compression=lzss
	.bss: load addr=00002250, load size=00000008 bytes, run addr=2000049c, run size=00000022 bytes, compression=zero_init
	.vtable: load addr=00002258, load size=00000008 bytes, run addr=20000000, run size=0000026c bytes, compression=zero_init


LINKER GENERATED HANDLER TABLE

__TI_handler_table @ 00002240 records: 3, size/record: 4, table size: 12
	index: 0, handler: __TI_zero_init
	index: 1, handler: __TI_decompress_lzss
	index: 2, handler: __TI_decompress_none


GLOBAL SYMBOLS: SORTED ALPHABETICALLY BY Name 

address   name                           
-------   ----                           
00001eed  ADCHardwareOversampleConfigure 
00001f7f  ADCIntClear                    
00001ebd  ADCIntEnable                   
00001db5  ADCProcessorTrigger            
00001a25  ADCSequenceConfigure           
00001d79  ADCSequenceDataGet             
00001efb  ADCSequenceEnable              
0000161f  ADCSequenceStepConfigure       
00000287  Button1_Init                   
000002af  Button1_Input                  
000019d1  C$$EXIT                        
00001f4f  CPUcpsie                       
00000277  Clock_get_frequency            
0000026d  Clock_set_fastest              
00000a07  ControllerEnable               
0000092d  ControllerIntHandler           
000009ad  Controller_Init                
2000049c  D                              
00000481  Delay_cycle                    
0000027f  EnableInterrupts               
00001ced  GPIODirModeSet                 
0000108b  GPIOPadConfigSet               
00001b0d  GPIOPinConfigure               
00001fb7  GPIOPinRead                    
00001e51  GPIOPinTypeADC                 
00001e63  GPIOPinTypeGPIOInput           
00001dcd  GPIOPinTypeGPIOOutput          
00001e75  GPIOPinTypePWM                 
00001e87  GPIOPinTypeUART                
00001fbd  GPIOPinWrite                   
000017f5  IntEnable                      
00001ecd  IntMasterEnable                
00001c85  IntRegister                    
20000478  Kd                             
20000474  Ki                             
20000470  Kp                             
000007b1  LoadCellIntHandler             
000007a5  LoadCellTrigger                
000006c5  LoadCell_init                  
000007d5  Motor_Init                     
0000087b  Motor_SetDuty                  
200004a0  P                              
00001d17  PWMGenConfigure                
00001f5b  PWMGenEnable                   
00001edd  PWMGenPeriodSet                
00001e99  PWMOutputState                 
00001d97  PWMPulseWidthSet               
000002c5  RGBled_Init                    
00000315  RGBled_Set                     
0000037f  RGBled_Toggle                  
00000407  RedledTimer_Init               
0000045d  RedledTimer_Toggle             
00001f73  ResetISR                       
UNDEFED   SHT$$INIT_ARRAY$$Base          
UNDEFED   SHT$$INIT_ARRAY$$Limit         
000004a9  SerialMonitor_Init             
00000545  SerialMonitor_Loop             
000005eb  SerialMonitor_Send             
000011bd  SysCtlClockGet                 
000013c9  SysCtlClockSet                 
00001fc3  SysCtlDelay                    
00001e15  SysCtlPWMClockSet              
00001cb9  SysCtlPeripheralEnable         
00001bdd  SysCtlPeripheralPresent        
00001c15  SysCtlPeripheralReady          
000018c5  TimerConfigure                 
00001925  TimerControlTrigger            
00001f09  TimerEnable                    
00001fcf  TimerIntClear                  
00001fa7  TimerIntEnable                 
00001de5  TimerIntRegister               
00001eab  TimerLoadSet                   
00001f89  UARTCharGet                    
00001f17  UARTCharGetNonBlocking         
00001f93  UARTCharPut                    
00001f25  UARTCharPutNonBlocking         
00001f33  UARTCharsAvail                 
00001fc9  UARTClockSourceSet             
00001b55  UARTConfigSetExpClk            
00001d39  UARTDisable                    
00001e29  UARTEnable                     
00001fd3  UARTIntClear                   
00001faf  UARTIntEnable                  
0000055f  UARTIntHandler                 
00001f9d  UARTIntStatus                  
00000ab9  UARTStdioConfig                
00000bff  UARTgetc                       
00000b45  UARTgets                       
00000f1f  UARTprintf                     
00000c25  UARTvprintf                    
00000aff  UARTwrite                      
2000046c  __STACK_END                    
00000200  __STACK_SIZE                   
2000046c  __STACK_TOP                    
00002260  __TI_CINIT_Base                
00002278  __TI_CINIT_Limit               
00002240  __TI_Handler_Table_Base        
0000224c  __TI_Handler_Table_Limit       
00001715  __TI_auto_init                 
2000047c  __TI_cleanup_ptr               
0000185d  __TI_decompress_lzss           
00001f41  __TI_decompress_none           
20000480  __TI_dtors_ptr                 
20000484  __TI_enable_exit_profile_output
ffffffff  __TI_pprof_out_hndl            
ffffffff  __TI_prof_data_size            
ffffffff  __TI_prof_data_start           
00000000  __TI_static_base__             
00001f67  __TI_zero_init                 
00001785  __aeabi_d2f                    
00000f55  __aeabi_ddiv                   
000012cd  __aeabi_dmul                   
00001c4d  __aeabi_f2d                    
00001713  __aeabi_idiv0                  
00001699  __aeabi_memclr                 
00001699  __aeabi_memclr4                
00001699  __aeabi_memclr8                
00001583  __aeabi_memcpy                 
00001583  __aeabi_memcpy4                
00001583  __aeabi_memcpy8                
0000169b  __aeabi_memset                 
0000169b  __aeabi_memset4                
0000169b  __aeabi_memset8                
00001d59  __aeabi_ui2d                   
00001b9b  __aeabi_uidiv                  
00001b9b  __aeabi_uidivmod               
ffffffff  __binit__                      
ffffffff  __c_args__                     
000017f3  __mpu_init                     
2000026c  __stack                        
00001dfd  _args_main                     
0000197d  _c_int00                       
20000488  _lock                          
00001e4b  _nop                           
00001e43  _register_lock                 
00001e3d  _register_unlock               
00001bdb  _system_post_cinit             
00001fd7  _system_pre_init               
2000048c  _unlock                        
000019d5  abort                          
00000779  adc2Vol                        
ffffffff  binit                          
00000849  clearDirection                 
200004a4  controllerFlag                 
0000066d  convert2C                      
00000691  convert2F                      
00001ac1  copy_in                        
0000048d  delayMS                        
00000869  disableMotor                   
00000857  enableMotor                    
200004a8  error                          
000019dd  exit                           
20000000  g_pfnRAMVectors                
00000000  g_pfnVectors                   
0000065b  getAvgTemp                     
00000a13  getControllerFlag              
0000076b  getLoadCellValue               
00000a31  getRefForce                    
00002218  goalPos                        
0000059d  initConsole                    
2000046c  last_error                     
200004ac  loadCellValue                  
000014bd  main                           
20000498  main_func_sp                   
00001583  memcpy                         
000016a1  memset                         
200004b0  out                            
200004b4  rawTemp                        
200004b8  refForce                       
00002214  sampleFreq                     
200004bc  samplePeriod                   
0000083b  setDirection                   
000008af  setDuty                        
00000a21  setRefForce                    
00000645  tempSensor_handler             
000005f7  tempSensor_init                
00000661  tempSensor_startConversion     


GLOBAL SYMBOLS: SORTED BY Symbol Address 

address   name                           
-------   ----                           
00000000  __TI_static_base__             
00000000  g_pfnVectors                   
00000200  __STACK_SIZE                   
0000026d  Clock_set_fastest              
00000277  Clock_get_frequency            
0000027f  EnableInterrupts               
00000287  Button1_Init                   
000002af  Button1_Input                  
000002c5  RGBled_Init                    
00000315  RGBled_Set                     
0000037f  RGBled_Toggle                  
00000407  RedledTimer_Init               
0000045d  RedledTimer_Toggle             
00000481  Delay_cycle                    
0000048d  delayMS                        
000004a9  SerialMonitor_Init             
00000545  SerialMonitor_Loop             
0000055f  UARTIntHandler                 
0000059d  initConsole                    
000005eb  SerialMonitor_Send             
000005f7  tempSensor_init                
00000645  tempSensor_handler             
0000065b  getAvgTemp                     
00000661  tempSensor_startConversion     
0000066d  convert2C                      
00000691  convert2F                      
000006c5  LoadCell_init                  
0000076b  getLoadCellValue               
00000779  adc2Vol                        
000007a5  LoadCellTrigger                
000007b1  LoadCellIntHandler             
000007d5  Motor_Init                     
0000083b  setDirection                   
00000849  clearDirection                 
00000857  enableMotor                    
00000869  disableMotor                   
0000087b  Motor_SetDuty                  
000008af  setDuty                        
0000092d  ControllerIntHandler           
000009ad  Controller_Init                
00000a07  ControllerEnable               
00000a13  getControllerFlag              
00000a21  setRefForce                    
00000a31  getRefForce                    
00000ab9  UARTStdioConfig                
00000aff  UARTwrite                      
00000b45  UARTgets                       
00000bff  UARTgetc                       
00000c25  UARTvprintf                    
00000f1f  UARTprintf                     
00000f55  __aeabi_ddiv                   
0000108b  GPIOPadConfigSet               
000011bd  SysCtlClockGet                 
000012cd  __aeabi_dmul                   
000013c9  SysCtlClockSet                 
000014bd  main                           
00001583  __aeabi_memcpy                 
00001583  __aeabi_memcpy4                
00001583  __aeabi_memcpy8                
00001583  memcpy                         
0000161f  ADCSequenceStepConfigure       
00001699  __aeabi_memclr                 
00001699  __aeabi_memclr4                
00001699  __aeabi_memclr8                
0000169b  __aeabi_memset                 
0000169b  __aeabi_memset4                
0000169b  __aeabi_memset8                
000016a1  memset                         
00001713  __aeabi_idiv0                  
00001715  __TI_auto_init                 
00001785  __aeabi_d2f                    
000017f3  __mpu_init                     
000017f5  IntEnable                      
0000185d  __TI_decompress_lzss           
000018c5  TimerConfigure                 
00001925  TimerControlTrigger            
0000197d  _c_int00                       
000019d1  C$$EXIT                        
000019d5  abort                          
000019dd  exit                           
00001a25  ADCSequenceConfigure           
00001ac1  copy_in                        
00001b0d  GPIOPinConfigure               
00001b55  UARTConfigSetExpClk            
00001b9b  __aeabi_uidiv                  
00001b9b  __aeabi_uidivmod               
00001bdb  _system_post_cinit             
00001bdd  SysCtlPeripheralPresent        
00001c15  SysCtlPeripheralReady          
00001c4d  __aeabi_f2d                    
00001c85  IntRegister                    
00001cb9  SysCtlPeripheralEnable         
00001ced  GPIODirModeSet                 
00001d17  PWMGenConfigure                
00001d39  UARTDisable                    
00001d59  __aeabi_ui2d                   
00001d79  ADCSequenceDataGet             
00001d97  PWMPulseWidthSet               
00001db5  ADCProcessorTrigger            
00001dcd  GPIOPinTypeGPIOOutput          
00001de5  TimerIntRegister               
00001dfd  _args_main                     
00001e15  SysCtlPWMClockSet              
00001e29  UARTEnable                     
00001e3d  _register_unlock               
00001e43  _register_lock                 
00001e4b  _nop                           
00001e51  GPIOPinTypeADC                 
00001e63  GPIOPinTypeGPIOInput           
00001e75  GPIOPinTypePWM                 
00001e87  GPIOPinTypeUART                
00001e99  PWMOutputState                 
00001eab  TimerLoadSet                   
00001ebd  ADCIntEnable                   
00001ecd  IntMasterEnable                
00001edd  PWMGenPeriodSet                
00001eed  ADCHardwareOversampleConfigure 
00001efb  ADCSequenceEnable              
00001f09  TimerEnable                    
00001f17  UARTCharGetNonBlocking         
00001f25  UARTCharPutNonBlocking         
00001f33  UARTCharsAvail                 
00001f41  __TI_decompress_none           
00001f4f  CPUcpsie                       
00001f5b  PWMGenEnable                   
00001f67  __TI_zero_init                 
00001f73  ResetISR                       
00001f7f  ADCIntClear                    
00001f89  UARTCharGet                    
00001f93  UARTCharPut                    
00001f9d  UARTIntStatus                  
00001fa7  TimerIntEnable                 
00001faf  UARTIntEnable                  
00001fb7  GPIOPinRead                    
00001fbd  GPIOPinWrite                   
00001fc3  SysCtlDelay                    
00001fc9  UARTClockSourceSet             
00001fcf  TimerIntClear                  
00001fd3  UARTIntClear                   
00001fd7  _system_pre_init               
00002214  sampleFreq                     
00002218  goalPos                        
00002240  __TI_Handler_Table_Base        
0000224c  __TI_Handler_Table_Limit       
00002260  __TI_CINIT_Base                
00002278  __TI_CINIT_Limit               
20000000  g_pfnRAMVectors                
2000026c  __stack                        
2000046c  __STACK_END                    
2000046c  __STACK_TOP                    
2000046c  last_error                     
20000470  Kp                             
20000474  Ki                             
20000478  Kd                             
2000047c  __TI_cleanup_ptr               
20000480  __TI_dtors_ptr                 
20000484  __TI_enable_exit_profile_output
20000488  _lock                          
2000048c  _unlock                        
20000498  main_func_sp                   
2000049c  D                              
200004a0  P                              
200004a4  controllerFlag                 
200004a8  error                          
200004ac  loadCellValue                  
200004b0  out                            
200004b4  rawTemp                        
200004b8  refForce                       
200004bc  samplePeriod                   
ffffffff  __TI_pprof_out_hndl            
ffffffff  __TI_prof_data_size            
ffffffff  __TI_prof_data_start           
ffffffff  __binit__                      
ffffffff  __c_args__                     
ffffffff  binit                          
UNDEFED   SHT$$INIT_ARRAY$$Base          
UNDEFED   SHT$$INIT_ARRAY$$Limit         

[177 symbols]
