******************************************************************************
                  TI ARM Linker PC v17.3.0                     
******************************************************************************
>> Linked Fri Jun 16 12:47:25 2017

OUTPUT FILE NAME:   <BSP.out>
ENTRY POINT SYMBOL: "_c_int00"  address: 000021c1


MEMORY CONFIGURATION

         name            origin    length      used     unused   attr    fill
----------------------  --------  ---------  --------  --------  ----  --------
  FLASH                 00000000   00040000  00002ba2  0003d45e  R  X
  SRAM                  20000000   00008000  00000526  00007ada  RW X


SEGMENT ALLOCATION MAP

run origin  load origin   length   init length attrs members
----------  ----------- ---------- ----------- ----- -------
00000000    00000000    00002ba8   00002ba8    r-x
  00000000    00000000    0000026c   0000026c    r-- .intvecs
  0000026c    0000026c    0000266e   0000266e    r-x .text
  000028e0    000028e0    00000268   00000268    r-- .const
  00002b48    00002b48    00000060   00000060    r-- .cinit
20000000    20000000    0000052c   00000000    rw-
  20000000    20000000    0000026c   00000000    rw- .vtable
  2000026c    2000026c    00000200   00000000    rw- .stack
  20000470    20000470    00000066   00000000    rw- .bss
  200004d8    200004d8    00000054   00000000    rw- .data


SECTION ALLOCATION MAP

 output                                  attributes/
section   page    origin      length       input sections
--------  ----  ----------  ----------   ----------------
.intvecs   0    00000000    0000026c     
                  00000000    0000026c     tm4c123gh6pm_startup_ccs.obj (.intvecs)

.text      0    0000026c    0000266e     
                  0000026c    00000ddc     slug.obj (.text)
                  00001048    0000049c     uartstdio.obj (.text)
                  000014e4    000001b6     rtsv7M4_T_le_v4SPD16_eabi.lib : fd_add_t2.obj (.text)
                  0000169a    00000136                                   : fd_div_t2.obj (.text)
                  000017d0    00000132     driverlib.lib : gpio.obj (.text:GPIOPadConfigSet)
                  00001902    00000002     rtsv7M4_T_le_v4SPD16_eabi.lib : i_div0.obj (.text)
                  00001904    00000110     driverlib.lib : sysctl.obj (.text:SysCtlClockGet)
                  00001a14    000000fc     rtsv7M4_T_le_v4SPD16_eabi.lib : fd_mul_t2.obj (.text)
                  00001b10    000000f4     driverlib.lib : sysctl.obj (.text:SysCtlClockSet)
                  00001c04    000000b8     testDataCollection.obj (.text)
                  00001cbc    0000009c     rtsv7M4_T_le_v4SPD16_eabi.lib : memcpy_t2.obj (.text)
                  00001d58    00000086                                   : fd_cmp_t2.obj (.text:__aeabi_cdcmple)
                  00001dde    00000086                                   : fd_cmp_t2.obj (.text:__aeabi_cdrcmple)
                  00001e64    0000007a     driverlib.lib : adc.obj (.text:ADCSequenceStepConfigure)
                  00001ede    0000007a     rtsv7M4_T_le_v4SPD16_eabi.lib : memset_t2.obj (.text)
                  00001f58    00000070                                   : autoinit.obj (.text)
                  00001fc8    0000006e                                   : fd_tos_t2.obj (.text)
                  00002036    00000002                                   : mpu_init.obj (.text)
                  00002038    00000068     driverlib.lib : interrupt.obj (.text:IntEnable)
                  000020a0    00000068     rtsv7M4_T_le_v4SPD16_eabi.lib : copy_decompress_lzss.obj (.text:decompress:lzss)
                  00002108    00000060     driverlib.lib : timer.obj (.text:TimerConfigure)
                  00002168    00000058                   : timer.obj (.text:TimerControlTrigger)
                  000021c0    00000054     rtsv7M4_T_le_v4SPD16_eabi.lib : boot.obj (.text)
                  00002214    00000054                                   : exit.obj (.text)
                  00002268    00000050     driverlib.lib : adc.obj (.text:ADCSequenceConfigure)
                  000022b8    0000004c                   : timer.obj (.text:_TimerIntNumberGet)
                  00002304    0000004c     rtsv7M4_T_le_v4SPD16_eabi.lib : cpy_tbl.obj (.text)
                  00002350    00000048     driverlib.lib : gpio.obj (.text:GPIOPinConfigure)
                  00002398    00000048     rtsv7M4_T_le_v4SPD16_eabi.lib : fd_toi_t2.obj (.text)
                  000023e0    00000046     driverlib.lib : uart.obj (.text:UARTConfigSetExpClk)
                  00002426    00000044     rtsv7M4_T_le_v4SPD16_eabi.lib : fd_tou_t2.obj (.text)
                  0000246a    00000040                                   : u_divt2.obj (.text)
                  000024aa    00000002                                   : startup.obj (.text)
                  000024ac    00000038     driverlib.lib : sysctl.obj (.text:SysCtlPeripheralPresent)
                  000024e4    00000038                   : sysctl.obj (.text:SysCtlPeripheralReady)
                  0000251c    00000038     rtsv7M4_T_le_v4SPD16_eabi.lib : fs_tod_t2.obj (.text)
                  00002554    00000034     driverlib.lib : interrupt.obj (.text:IntRegister)
                  00002588    00000034                   : sysctl.obj (.text:SysCtlPeripheralEnable)
                  000025bc    0000002e     rtsv7M4_T_le_v4SPD16_eabi.lib : i_tofd_t2.obj (.text)
                  000025ea    0000002a     driverlib.lib : gpio.obj (.text:GPIODirModeSet)
                  00002614    00000022                   : pwm.obj (.text:PWMGenConfigure)
                  00002636    00000002     --HOLE-- [fill = 0]
                  00002638    00000020                   : uart.obj (.text:UARTDisable)
                  00002658    00000020     rtsv7M4_T_le_v4SPD16_eabi.lib : u_tofd_t2.obj (.text)
                  00002678    0000001e     driverlib.lib : adc.obj (.text:ADCSequenceDataGet)
                  00002696    0000001e                   : pwm.obj (.text:PWMPulseWidthSet)
                  000026b4    00000018                   : adc.obj (.text:ADCProcessorTrigger)
                  000026cc    00000018                   : gpio.obj (.text:GPIOPinTypeGPIOOutput)
                  000026e4    00000018                   : timer.obj (.text:TimerIntRegister)
                  000026fc    00000018     rtsv7M4_T_le_v4SPD16_eabi.lib : args_main.obj (.text)
                  00002714    00000014     driverlib.lib : sysctl.obj (.text:SysCtlPWMClockSet)
                  00002728    00000014                   : uart.obj (.text:UARTEnable)
                  0000273c    00000014     rtsv7M4_T_le_v4SPD16_eabi.lib : _lock.obj (.text)
                  00002750    00000012     driverlib.lib : gpio.obj (.text:GPIOPinTypeADC)
                  00002762    00000012                   : gpio.obj (.text:GPIOPinTypeGPIOInput)
                  00002774    00000012                   : gpio.obj (.text:GPIOPinTypePWM)
                  00002786    00000012                   : gpio.obj (.text:GPIOPinTypeUART)
                  00002798    00000012                   : pwm.obj (.text:PWMOutputState)
                  000027aa    00000012                   : timer.obj (.text:TimerLoadSet)
                  000027bc    00000010                   : adc.obj (.text:ADCIntEnable)
                  000027cc    00000010                   : interrupt.obj (.text:IntMasterEnable)
                  000027dc    00000010                   : pwm.obj (.text:PWMGenPeriodSet)
                  000027ec    0000000e                   : adc.obj (.text:ADCHardwareOversampleConfigure)
                  000027fa    0000000e                   : adc.obj (.text:ADCSequenceEnable)
                  00002808    0000000e                   : timer.obj (.text:TimerEnable)
                  00002816    0000000e                   : uart.obj (.text:UARTCharGetNonBlocking)
                  00002824    0000000e                   : uart.obj (.text:UARTCharPutNonBlocking)
                  00002832    0000000e                   : uart.obj (.text:UARTCharsAvail)
                  00002840    0000000e     rtsv7M4_T_le_v4SPD16_eabi.lib : copy_decompress_none.obj (.text:decompress:none)
                  0000284e    0000000c     driverlib.lib : cpu.obj (.text:CPUcpsie)
                  0000285a    0000000c                   : pwm.obj (.text:PWMGenEnable)
                  00002866    0000000c     rtsv7M4_T_le_v4SPD16_eabi.lib : copy_zero_init.obj (.text:decompress:ZI)
                  00002872    0000000c     tm4c123gh6pm_startup_ccs.obj (.text)
                  0000287e    0000000a     driverlib.lib : adc.obj (.text:ADCIntClear)
                  00002888    0000000a                   : uart.obj (.text:UARTCharGet)
                  00002892    0000000a                   : uart.obj (.text:UARTCharPut)
                  0000289c    0000000a                   : uart.obj (.text:UARTIntStatus)
                  000028a6    00000008                   : timer.obj (.text:TimerIntEnable)
                  000028ae    00000008                   : uart.obj (.text:UARTIntEnable)
                  000028b6    00000006                   : gpio.obj (.text:GPIOPinRead)
                  000028bc    00000006                   : gpio.obj (.text:GPIOPinWrite)
                  000028c2    00000006                   : sysctl.obj (.text:SysCtlDelay)
                  000028c8    00000006                   : uart.obj (.text:UARTClockSourceSet)
                  000028ce    00000004                   : timer.obj (.text:TimerIntClear)
                  000028d2    00000004                   : uart.obj (.text:UARTIntClear)
                  000028d6    00000004     rtsv7M4_T_le_v4SPD16_eabi.lib : pre_init.obj (.text)

.const     0    000028e0    00000268     
                  000028e0    00000090     driverlib.lib : gpio.obj (.const:g_pui32GPIOBaseAddrs)
                  00002970    00000070                   : interrupt.obj (.const)
                  000029e0    0000006c                   : sysctl.obj (.const:g_pui32Xtals)
                  00002a4c    00000060                   : timer.obj (.const:g_ppui32TimerIntMap)
                  00002aac    00000040                   : timer.obj (.const:g_ppui32TimerIntMapSnowflake)
                  00002aec    00000004     uartstdio.obj (.const)
                  00002af0    0000002c     slug.obj (.const)
                  00002b1c    00000012     uartstdio.obj (.const:.string)
                  00002b2e    00000002     --HOLE-- [fill = 0]
                  00002b30    0000000c     uartstdio.obj (.const:g_ui32UARTBase)
                  00002b3c    0000000c     uartstdio.obj (.const:g_ui32UARTPeriph)

.cinit     0    00002b48    00000060     
                  00002b48    00000029     (.cinit..data.load) [load image, compression = lzss]
                  00002b71    00000003     --HOLE-- [fill = 0]
                  00002b74    0000000c     (__TI_handler_table)
                  00002b80    00000008     (.cinit..bss.load) [load image, compression = zero_init]
                  00002b88    00000008     (.cinit..vtable.load) [load image, compression = zero_init]
                  00002b90    00000018     (__TI_cinit_table)

.init_array 
*          0    00000000    00000000     UNINITIALIZED

.vtable    0    20000000    0000026c     UNINITIALIZED
                  20000000    0000026c     driverlib.lib : interrupt.obj (.vtable)

.bss       0    20000470    00000066     UNINITIALIZED
                  20000470    00000008     (.common:D)
                  20000478    00000008     (.common:ERROR)
                  20000480    00000008     (.common:I)
                  20000488    00000008     (.common:Kp)
                  20000490    00000008     (.common:P)
                  20000498    00000008     (.common:PID_OUT)
                  200004a0    00000008     (.common:globalDirection)
                  200004a8    00000008     (.common:globalDutyCycle)
                  200004b0    00000008     (.common:goalPos)
                  200004b8    00000008     (.common:pwmDuty)
                  200004c0    00000008     (.common:pwmPeriod)
                  200004c8    00000004     (.common:goalReached)
                  200004cc    00000004     (.common:loadCellValue)
                  200004d0    00000004     (.common:rawTemp)
                  200004d4    00000002     (.common:samplePeriod)

.data      0    200004d8    00000054     UNINITIALIZED
                  200004d8    0000002c     slug.obj (.data)
                  20000504    0000000c     rtsv7M4_T_le_v4SPD16_eabi.lib : exit.obj (.data:$O1$$)
                  20000510    00000008                                   : _lock.obj (.data:$O1$$)
                  20000518    00000008     testDataCollection.obj (.data)
                  20000520    00000005     uartstdio.obj (.data)
                  20000525    00000003     --HOLE--
                  20000528    00000004     rtsv7M4_T_le_v4SPD16_eabi.lib : stkdepth_vars.obj (.data)

.stack     0    2000026c    00000200     UNINITIALIZED
                  2000026c    00000200     --HOLE--

MODULE SUMMARY

       Module                         code   ro data   rw data
       ------                         ----   -------   -------
    .\
       slug.obj                       3548   44        130    
       uartstdio.obj                  1180   46        5      
       tm4c123gh6pm_startup_ccs.obj   12     620       0      
       testDataCollection.obj         184    0         8      
       pwmTest.obj                    0      0         16     
    +--+------------------------------+------+---------+---------+
       Total:                         4924   710       159    
                                                              
    C:/ti/TivaWare_C_Series-2.1.4.178/driverlib/ccs/Debug/driverlib.lib
       interrupt.obj                  172    112       620    
       sysctl.obj                     706    108       0      
       gpio.obj                       528    144       0      
       timer.obj                      328    160       0      
       adc.obj                        310    0         0      
       uart.obj                       212    0         0      
       pwm.obj                        110    0         0      
       cpu.obj                        12     0         0      
    +--+------------------------------+------+---------+---------+
       Total:                         2378   524       620    
                                                              
    C:\ti\ccsv7\tools\compiler\ti-cgt-arm_17.3.0.STS\lib\rtsv7M4_T_le_v4SPD16_eabi.lib
       fd_add_t2.obj                  438    0         0      
       fd_div_t2.obj                  310    0         0      
       fd_cmp_t2.obj                  268    0         0      
       fd_mul_t2.obj                  252    0         0      
       memcpy_t2.obj                  156    0         0      
       memset_t2.obj                  122    0         0      
       autoinit.obj                   112    0         0      
       fd_tos_t2.obj                  110    0         0      
       copy_decompress_lzss.obj       104    0         0      
       exit.obj                       84     0         12     
       boot.obj                       84     0         0      
       cpy_tbl.obj                    76     0         0      
       fd_toi_t2.obj                  72     0         0      
       fd_tou_t2.obj                  68     0         0      
       u_divt2.obj                    64     0         0      
       fs_tod_t2.obj                  56     0         0      
       i_tofd_t2.obj                  46     0         0      
       u_tofd_t2.obj                  32     0         0      
       _lock.obj                      20     0         8      
       args_main.obj                  24     0         0      
       copy_decompress_none.obj       14     0         0      
       copy_zero_init.obj             12     0         0      
       pre_init.obj                   4      0         0      
       stkdepth_vars.obj              0      0         4      
       i_div0.obj                     2      0         0      
       mpu_init.obj                   2      0         0      
       startup.obj                    2      0         0      
    +--+------------------------------+------+---------+---------+
       Total:                         2534   0         24     
                                                              
       Stack:                         0      0         512    
       Linker Generated:              0      93        0      
    +--+------------------------------+------+---------+---------+
       Grand Total:                   9836   1327      1315   


LINKER GENERATED COPY TABLES

__TI_cinit_table @ 00002b90 records: 3, size/record: 8, table size: 24
	.data: load addr=00002b48, load size=00000029 bytes, run addr=200004d8, run size=00000054 bytes, compression=lzss
	.bss: load addr=00002b80, load size=00000008 bytes, run addr=20000470, run size=00000066 bytes, compression=zero_init
	.vtable: load addr=00002b88, load size=00000008 bytes, run addr=20000000, run size=0000026c bytes, compression=zero_init


LINKER GENERATED HANDLER TABLE

__TI_handler_table @ 00002b74 records: 3, size/record: 4, table size: 12
	index: 0, handler: __TI_zero_init
	index: 1, handler: __TI_decompress_lzss
	index: 2, handler: __TI_decompress_none


GLOBAL SYMBOLS: SORTED ALPHABETICALLY BY Name 

address   name                           
-------   ----                           
000027ed  ADCHardwareOversampleConfigure 
0000287f  ADCIntClear                    
000027bd  ADCIntEnable                   
000026b5  ADCProcessorTrigger            
00002269  ADCSequenceConfigure           
00002679  ADCSequenceDataGet             
000027fb  ADCSequenceEnable              
00001e65  ADCSequenceStepConfigure       
00002b18  BIAS                           
00000287  Button1_Init                   
000002af  Button1_Input                  
00002215  C$$EXIT                        
0000284f  CPUcpsie                       
00000277  Clock_get_frequency            
0000026d  Clock_set_fastest              
00000cb9  ControllerEnable               
00000b39  ControllerIntHandler           
00000c53  Controller_Init                
20000470  D                              
00002b10  DEADBAND                       
00000481  Delay_cycle                    
20000478  ERROR                          
0000027f  EnableInterrupts               
000025eb  GPIODirModeSet                 
000017d1  GPIOPadConfigSet               
00002351  GPIOPinConfigure               
000028b7  GPIOPinRead                    
00002751  GPIOPinTypeADC                 
00002763  GPIOPinTypeGPIOInput           
000026cd  GPIOPinTypeGPIOOutput          
00002775  GPIOPinTypePWM                 
00002787  GPIOPinTypeUART                
000028bd  GPIOPinWrite                   
20000480  I                              
00002039  IntEnable                      
000027cd  IntMasterEnable                
00002555  IntRegister                    
200004e8  Kbar                           
200004f8  Kd                             
200004f0  Ki                             
20000488  Kp                             
200004d8  LAST_ERROR                     
0000081d  LoadCellIntHandler             
0000080d  LoadCellTrigger                
000006c5  LoadCell_init                  
00000df5  LoggerIntHandler               
00000f99  Logger_Init                    
00002b08  MaxSteadyError                 
00002b00  MinSteadyError                 
00000833  Motor_Init                     
000008cd  Motor_SetDuty                  
20000490  P                              
20000498  PID_OUT                        
00002615  PWMGenConfigure                
0000285b  PWMGenEnable                   
000027dd  PWMGenPeriodSet                
00002799  PWMOutputState                 
00002697  PWMPulseWidthSet               
00002af8  PWMclockFreq                   
000002c5  RGBled_Init                    
00000315  RGBled_Set                     
0000037f  RGBled_Toggle                  
00000407  RedledTimer_Init               
0000045d  RedledTimer_Toggle             
00002873  ResetISR                       
UNDEFED   SHT$$INIT_ARRAY$$Base          
UNDEFED   SHT$$INIT_ARRAY$$Limit         
000004a9  SerialMonitor_Init             
00000545  SerialMonitor_Loop             
000005eb  SerialMonitor_Send             
00001905  SysCtlClockGet                 
00001b11  SysCtlClockSet                 
000028c3  SysCtlDelay                    
00002715  SysCtlPWMClockSet              
00002589  SysCtlPeripheralEnable         
000024ad  SysCtlPeripheralPresent        
000024e5  SysCtlPeripheralReady          
200004e0  TOTAL_ERROR                    
00002109  TimerConfigure                 
00002169  TimerControlTrigger            
00002809  TimerEnable                    
000028cf  TimerIntClear                  
000028a7  TimerIntEnable                 
000026e5  TimerIntRegister               
000027ab  TimerLoadSet                   
00002889  UARTCharGet                    
00002817  UARTCharGetNonBlocking         
00002893  UARTCharPut                    
00002825  UARTCharPutNonBlocking         
00002833  UARTCharsAvail                 
000028c9  UARTClockSourceSet             
000023e1  UARTConfigSetExpClk            
00002639  UARTDisable                    
00002729  UARTEnable                     
000028d3  UARTIntClear                   
000028af  UARTIntEnable                  
0000055f  UARTIntHandler                 
0000289d  UARTIntStatus                  
00001049  UARTStdioConfig                
0000118f  UARTgetc                       
000010d5  UARTgets                       
000014af  UARTprintf                     
000011b5  UARTvprintf                    
0000108f  UARTwrite                      
000007e1  Vol2Load                       
2000046c  __STACK_END                    
00000200  __STACK_SIZE                   
2000046c  __STACK_TOP                    
00002b90  __TI_CINIT_Base                
00002ba8  __TI_CINIT_Limit               
00002b74  __TI_Handler_Table_Base        
00002b80  __TI_Handler_Table_Limit       
00001f59  __TI_auto_init                 
20000504  __TI_cleanup_ptr               
000020a1  __TI_decompress_lzss           
00002841  __TI_decompress_none           
20000508  __TI_dtors_ptr                 
2000050c  __TI_enable_exit_profile_output
ffffffff  __TI_pprof_out_hndl            
ffffffff  __TI_prof_data_size            
ffffffff  __TI_prof_data_start           
00000000  __TI_static_base__             
00002867  __TI_zero_init                 
00001d59  __aeabi_cdcmpeq                
00001d59  __aeabi_cdcmple                
00001ddf  __aeabi_cdrcmple               
00001fc9  __aeabi_d2f                    
00002399  __aeabi_d2iz                   
00002427  __aeabi_d2uiz                  
000014ef  __aeabi_dadd                   
0000169b  __aeabi_ddiv                   
00001a15  __aeabi_dmul                   
000014e5  __aeabi_dsub                   
0000251d  __aeabi_f2d                    
000025bd  __aeabi_i2d                    
00001903  __aeabi_idiv0                  
00001edf  __aeabi_memclr                 
00001edf  __aeabi_memclr4                
00001edf  __aeabi_memclr8                
00001cbd  __aeabi_memcpy                 
00001cbd  __aeabi_memcpy4                
00001cbd  __aeabi_memcpy8                
00001ee1  __aeabi_memset                 
00001ee1  __aeabi_memset4                
00001ee1  __aeabi_memset8                
00002659  __aeabi_ui2d                   
0000246b  __aeabi_uidiv                  
0000246b  __aeabi_uidivmod               
ffffffff  __binit__                      
ffffffff  __c_args__                     
00002037  __mpu_init                     
2000026c  __stack                        
000026fd  _args_main                     
000021c1  _c_int00                       
20000510  _lock                          
0000274b  _nop                           
00002743  _register_lock                 
0000273d  _register_unlock               
000024ab  _system_post_cinit             
000028d7  _system_pre_init               
20000514  _unlock                        
00002219  abort                          
000007ab  adc2Vol                        
ffffffff  binit                          
00000cc5  checkIntegralLimit             
00000aad  checkLimits                    
00000a29  clearDirection                 
00002af4  clockFreq                      
0000066d  convert2C                      
00000691  convert2F                      
00000939  convert2PWMDuty                
00002305  copy_in                        
00000d0b  deadBandCheck                  
0000048d  delayMS                        
00000a45  disableMotor                   
20000500  dummy                          
00000a37  enableMotor                    
00002221  exit                           
20000000  g_pfnRAMVectors                
00000000  g_pfnVectors                   
0000065b  getAvgTemp                     
00000d87  getError                       
00000d39  getGoalFlag                    
00000d73  getGoalForce                   
00000d7d  getKp                          
0000076b  getLoadCellValue               
00000a09  getMotorPWMPeriod              
00000d91  getPIDoutput                   
00000a91  getglobaldirection             
00000a81  getglobalduty                  
200004a0  globalDirection                
200004a8  globalDutyCycle                
200004b0  goalPos                        
200004c8  goalReached                    
0000059d  initConsole                    
200004cc  loadCellValue                  
00001c05  main                           
20000528  main_func_sp                   
00000779  measuredLoad                   
00001cbd  memcpy                         
00001ee7  memset                         
00000981  motorSendCommand               
200004b8  pwmDuty                        
200004c0  pwmPeriod                      
200004d0  rawTemp                        
00002af0  sampleFreq                     
200004d4  samplePeriod                   
00000a13  setDirection                   
00000d3f  setGoalFlag                    
00000d59  setGoalForce                   
20000518  setPointForce                  
00000a5d  setglobals4Motor               
00000645  tempSensor_handler             
000005f7  tempSensor_init                
00000661  tempSensor_startConversion     


GLOBAL SYMBOLS: SORTED BY Symbol Address 

address   name                           
-------   ----                           
00000000  __TI_static_base__             
00000000  g_pfnVectors                   
00000200  __STACK_SIZE                   
0000026d  Clock_set_fastest              
00000277  Clock_get_frequency            
0000027f  EnableInterrupts               
00000287  Button1_Init                   
000002af  Button1_Input                  
000002c5  RGBled_Init                    
00000315  RGBled_Set                     
0000037f  RGBled_Toggle                  
00000407  RedledTimer_Init               
0000045d  RedledTimer_Toggle             
00000481  Delay_cycle                    
0000048d  delayMS                        
000004a9  SerialMonitor_Init             
00000545  SerialMonitor_Loop             
0000055f  UARTIntHandler                 
0000059d  initConsole                    
000005eb  SerialMonitor_Send             
000005f7  tempSensor_init                
00000645  tempSensor_handler             
0000065b  getAvgTemp                     
00000661  tempSensor_startConversion     
0000066d  convert2C                      
00000691  convert2F                      
000006c5  LoadCell_init                  
0000076b  getLoadCellValue               
00000779  measuredLoad                   
000007ab  adc2Vol                        
000007e1  Vol2Load                       
0000080d  LoadCellTrigger                
0000081d  LoadCellIntHandler             
00000833  Motor_Init                     
000008cd  Motor_SetDuty                  
00000939  convert2PWMDuty                
00000981  motorSendCommand               
00000a09  getMotorPWMPeriod              
00000a13  setDirection                   
00000a29  clearDirection                 
00000a37  enableMotor                    
00000a45  disableMotor                   
00000a5d  setglobals4Motor               
00000a81  getglobalduty                  
00000a91  getglobaldirection             
00000aad  checkLimits                    
00000b39  ControllerIntHandler           
00000c53  Controller_Init                
00000cb9  ControllerEnable               
00000cc5  checkIntegralLimit             
00000d0b  deadBandCheck                  
00000d39  getGoalFlag                    
00000d3f  setGoalFlag                    
00000d59  setGoalForce                   
00000d73  getGoalForce                   
00000d7d  getKp                          
00000d87  getError                       
00000d91  getPIDoutput                   
00000df5  LoggerIntHandler               
00000f99  Logger_Init                    
00001049  UARTStdioConfig                
0000108f  UARTwrite                      
000010d5  UARTgets                       
0000118f  UARTgetc                       
000011b5  UARTvprintf                    
000014af  UARTprintf                     
000014e5  __aeabi_dsub                   
000014ef  __aeabi_dadd                   
0000169b  __aeabi_ddiv                   
000017d1  GPIOPadConfigSet               
00001903  __aeabi_idiv0                  
00001905  SysCtlClockGet                 
00001a15  __aeabi_dmul                   
00001b11  SysCtlClockSet                 
00001c05  main                           
00001cbd  __aeabi_memcpy                 
00001cbd  __aeabi_memcpy4                
00001cbd  __aeabi_memcpy8                
00001cbd  memcpy                         
00001d59  __aeabi_cdcmpeq                
00001d59  __aeabi_cdcmple                
00001ddf  __aeabi_cdrcmple               
00001e65  ADCSequenceStepConfigure       
00001edf  __aeabi_memclr                 
00001edf  __aeabi_memclr4                
00001edf  __aeabi_memclr8                
00001ee1  __aeabi_memset                 
00001ee1  __aeabi_memset4                
00001ee1  __aeabi_memset8                
00001ee7  memset                         
00001f59  __TI_auto_init                 
00001fc9  __aeabi_d2f                    
00002037  __mpu_init                     
00002039  IntEnable                      
000020a1  __TI_decompress_lzss           
00002109  TimerConfigure                 
00002169  TimerControlTrigger            
000021c1  _c_int00                       
00002215  C$$EXIT                        
00002219  abort                          
00002221  exit                           
00002269  ADCSequenceConfigure           
00002305  copy_in                        
00002351  GPIOPinConfigure               
00002399  __aeabi_d2iz                   
000023e1  UARTConfigSetExpClk            
00002427  __aeabi_d2uiz                  
0000246b  __aeabi_uidiv                  
0000246b  __aeabi_uidivmod               
000024ab  _system_post_cinit             
000024ad  SysCtlPeripheralPresent        
000024e5  SysCtlPeripheralReady          
0000251d  __aeabi_f2d                    
00002555  IntRegister                    
00002589  SysCtlPeripheralEnable         
000025bd  __aeabi_i2d                    
000025eb  GPIODirModeSet                 
00002615  PWMGenConfigure                
00002639  UARTDisable                    
00002659  __aeabi_ui2d                   
00002679  ADCSequenceDataGet             
00002697  PWMPulseWidthSet               
000026b5  ADCProcessorTrigger            
000026cd  GPIOPinTypeGPIOOutput          
000026e5  TimerIntRegister               
000026fd  _args_main                     
00002715  SysCtlPWMClockSet              
00002729  UARTEnable                     
0000273d  _register_unlock               
00002743  _register_lock                 
0000274b  _nop                           
00002751  GPIOPinTypeADC                 
00002763  GPIOPinTypeGPIOInput           
00002775  GPIOPinTypePWM                 
00002787  GPIOPinTypeUART                
00002799  PWMOutputState                 
000027ab  TimerLoadSet                   
000027bd  ADCIntEnable                   
000027cd  IntMasterEnable                
000027dd  PWMGenPeriodSet                
000027ed  ADCHardwareOversampleConfigure 
000027fb  ADCSequenceEnable              
00002809  TimerEnable                    
00002817  UARTCharGetNonBlocking         
00002825  UARTCharPutNonBlocking         
00002833  UARTCharsAvail                 
00002841  __TI_decompress_none           
0000284f  CPUcpsie                       
0000285b  PWMGenEnable                   
00002867  __TI_zero_init                 
00002873  ResetISR                       
0000287f  ADCIntClear                    
00002889  UARTCharGet                    
00002893  UARTCharPut                    
0000289d  UARTIntStatus                  
000028a7  TimerIntEnable                 
000028af  UARTIntEnable                  
000028b7  GPIOPinRead                    
000028bd  GPIOPinWrite                   
000028c3  SysCtlDelay                    
000028c9  UARTClockSourceSet             
000028cf  TimerIntClear                  
000028d3  UARTIntClear                   
000028d7  _system_pre_init               
00002af0  sampleFreq                     
00002af4  clockFreq                      
00002af8  PWMclockFreq                   
00002b00  MinSteadyError                 
00002b08  MaxSteadyError                 
00002b10  DEADBAND                       
00002b18  BIAS                           
00002b74  __TI_Handler_Table_Base        
00002b80  __TI_Handler_Table_Limit       
00002b90  __TI_CINIT_Base                
00002ba8  __TI_CINIT_Limit               
20000000  g_pfnRAMVectors                
2000026c  __stack                        
2000046c  __STACK_END                    
2000046c  __STACK_TOP                    
20000470  D                              
20000478  ERROR                          
20000480  I                              
20000488  Kp                             
20000490  P                              
20000498  PID_OUT                        
200004a0  globalDirection                
200004a8  globalDutyCycle                
200004b0  goalPos                        
200004b8  pwmDuty                        
200004c0  pwmPeriod                      
200004c8  goalReached                    
200004cc  loadCellValue                  
200004d0  rawTemp                        
200004d4  samplePeriod                   
200004d8  LAST_ERROR                     
200004e0  TOTAL_ERROR                    
200004e8  Kbar                           
200004f0  Ki                             
200004f8  Kd                             
20000500  dummy                          
20000504  __TI_cleanup_ptr               
20000508  __TI_dtors_ptr                 
2000050c  __TI_enable_exit_profile_output
20000510  _lock                          
20000514  _unlock                        
20000518  setPointForce                  
20000528  main_func_sp                   
ffffffff  __TI_pprof_out_hndl            
ffffffff  __TI_prof_data_size            
ffffffff  __TI_prof_data_start           
ffffffff  __binit__                      
ffffffff  __c_args__                     
ffffffff  binit                          
UNDEFED   SHT$$INIT_ARRAY$$Base          
UNDEFED   SHT$$INIT_ARRAY$$Limit         

[215 symbols]
