******************************************************************************
                  TI ARM Linker PC v17.3.0                     
******************************************************************************
>> Linked Wed Jun 14 17:36:17 2017

OUTPUT FILE NAME:   <BSP.out>
ENTRY POINT SYMBOL: "_c_int00"  address: 00001ed9


MEMORY CONFIGURATION

         name            origin    length      used     unused   attr    fill
----------------------  --------  ---------  --------  --------  ----  --------
  FLASH                 00000000   00040000  0000288a  0003d776  R  X
  SRAM                  20000000   00008000  00000516  00007aea  RW X


SEGMENT ALLOCATION MAP

run origin  load origin   length   init length attrs members
----------  ----------- ---------- ----------- ----- -------
00000000    00000000    00002890   00002890    r-x
  00000000    00000000    0000026c   0000026c    r-- .intvecs
  0000026c    0000026c    00002386   00002386    r-x .text
  000025f4    000025f4    00000248   00000248    r-- .const
  00002840    00002840    00000050   00000050    r-- .cinit
20000000    20000000    0000051c   00000000    rw-
  20000000    20000000    0000026c   00000000    rw- .vtable
  2000026c    2000026c    00000200   00000000    rw- .stack
  20000470    20000470    0000005e   00000000    rw- .bss
  200004d0    200004d0    0000004c   00000000    rw- .data


SECTION ALLOCATION MAP

 output                                  attributes/
section   page    origin      length       input sections
--------  ----  ----------  ----------   ----------------
.intvecs   0    00000000    0000026c     
                  00000000    0000026c     tm4c123gh6pm_startup_ccs.obj (.intvecs)

.text      0    0000026c    00002386     
                  0000026c    00000a54     slug.obj (.text)
                  00000cc0    0000049c     uartstdio.obj (.text)
                  0000115c    000001b6     rtsv7M4_T_le_v4SPD16_eabi.lib : fd_add_t2.obj (.text)
                  00001312    00000002                                   : i_div0.obj (.text)
                  00001314    00000158     testDataCollection.obj (.text)
                  0000146c    00000136     rtsv7M4_T_le_v4SPD16_eabi.lib : fd_div_t2.obj (.text)
                  000015a2    00000132     driverlib.lib : gpio.obj (.text:GPIOPadConfigSet)
                  000016d4    00000110                   : sysctl.obj (.text:SysCtlClockGet)
                  000017e4    000000fc     rtsv7M4_T_le_v4SPD16_eabi.lib : fd_mul_t2.obj (.text)
                  000018e0    000000f4     driverlib.lib : sysctl.obj (.text:SysCtlClockSet)
                  000019d4    0000009c     rtsv7M4_T_le_v4SPD16_eabi.lib : memcpy_t2.obj (.text)
                  00001a70    00000086                                   : fd_cmp_t2.obj (.text:__aeabi_cdcmple)
                  00001af6    00000086                                   : fd_cmp_t2.obj (.text:__aeabi_cdrcmple)
                  00001b7c    0000007a     driverlib.lib : adc.obj (.text:ADCSequenceStepConfigure)
                  00001bf6    0000007a     rtsv7M4_T_le_v4SPD16_eabi.lib : memset_t2.obj (.text)
                  00001c70    00000070                                   : autoinit.obj (.text)
                  00001ce0    0000006e                                   : fd_tos_t2.obj (.text)
                  00001d4e    00000002                                   : mpu_init.obj (.text)
                  00001d50    00000068     driverlib.lib : interrupt.obj (.text:IntEnable)
                  00001db8    00000068     rtsv7M4_T_le_v4SPD16_eabi.lib : copy_decompress_lzss.obj (.text:decompress:lzss)
                  00001e20    00000060     driverlib.lib : timer.obj (.text:TimerConfigure)
                  00001e80    00000058                   : timer.obj (.text:TimerControlTrigger)
                  00001ed8    00000054     rtsv7M4_T_le_v4SPD16_eabi.lib : boot.obj (.text)
                  00001f2c    00000054                                   : exit.obj (.text)
                  00001f80    00000050     driverlib.lib : adc.obj (.text:ADCSequenceConfigure)
                  00001fd0    0000004c                   : timer.obj (.text:_TimerIntNumberGet)
                  0000201c    0000004c     rtsv7M4_T_le_v4SPD16_eabi.lib : cpy_tbl.obj (.text)
                  00002068    00000048     driverlib.lib : gpio.obj (.text:GPIOPinConfigure)
                  000020b0    00000048     rtsv7M4_T_le_v4SPD16_eabi.lib : fd_toi_t2.obj (.text)
                  000020f8    00000046     driverlib.lib : uart.obj (.text:UARTConfigSetExpClk)
                  0000213e    00000044     rtsv7M4_T_le_v4SPD16_eabi.lib : fd_tou_t2.obj (.text)
                  00002182    00000040                                   : u_divt2.obj (.text)
                  000021c2    00000002                                   : startup.obj (.text)
                  000021c4    00000038     driverlib.lib : sysctl.obj (.text:SysCtlPeripheralPresent)
                  000021fc    00000038                   : sysctl.obj (.text:SysCtlPeripheralReady)
                  00002234    00000038     rtsv7M4_T_le_v4SPD16_eabi.lib : fs_tod_t2.obj (.text)
                  0000226c    00000034     driverlib.lib : interrupt.obj (.text:IntRegister)
                  000022a0    00000034                   : sysctl.obj (.text:SysCtlPeripheralEnable)
                  000022d4    0000002e     rtsv7M4_T_le_v4SPD16_eabi.lib : i_tofd_t2.obj (.text)
                  00002302    0000002a     driverlib.lib : gpio.obj (.text:GPIODirModeSet)
                  0000232c    00000022                   : pwm.obj (.text:PWMGenConfigure)
                  0000234e    00000002     --HOLE-- [fill = 0]
                  00002350    00000020                   : uart.obj (.text:UARTDisable)
                  00002370    00000020     rtsv7M4_T_le_v4SPD16_eabi.lib : u_tofd_t2.obj (.text)
                  00002390    0000001e     driverlib.lib : adc.obj (.text:ADCSequenceDataGet)
                  000023ae    0000001e                   : pwm.obj (.text:PWMPulseWidthSet)
                  000023cc    00000018                   : adc.obj (.text:ADCProcessorTrigger)
                  000023e4    00000018                   : gpio.obj (.text:GPIOPinTypeGPIOOutput)
                  000023fc    00000018                   : timer.obj (.text:TimerIntRegister)
                  00002414    00000018     rtsv7M4_T_le_v4SPD16_eabi.lib : args_main.obj (.text)
                  0000242c    00000014     driverlib.lib : sysctl.obj (.text:SysCtlPWMClockSet)
                  00002440    00000014                   : uart.obj (.text:UARTEnable)
                  00002454    00000014     rtsv7M4_T_le_v4SPD16_eabi.lib : _lock.obj (.text)
                  00002468    00000012     driverlib.lib : gpio.obj (.text:GPIOPinTypeADC)
                  0000247a    00000012                   : gpio.obj (.text:GPIOPinTypeGPIOInput)
                  0000248c    00000012                   : gpio.obj (.text:GPIOPinTypePWM)
                  0000249e    00000012                   : gpio.obj (.text:GPIOPinTypeUART)
                  000024b0    00000012                   : pwm.obj (.text:PWMOutputState)
                  000024c2    00000012                   : timer.obj (.text:TimerLoadSet)
                  000024d4    00000010                   : adc.obj (.text:ADCIntEnable)
                  000024e4    00000010                   : interrupt.obj (.text:IntMasterEnable)
                  000024f4    00000010                   : pwm.obj (.text:PWMGenPeriodSet)
                  00002504    0000000e                   : adc.obj (.text:ADCHardwareOversampleConfigure)
                  00002512    0000000e                   : adc.obj (.text:ADCSequenceEnable)
                  00002520    0000000e                   : timer.obj (.text:TimerEnable)
                  0000252e    0000000e                   : uart.obj (.text:UARTCharGetNonBlocking)
                  0000253c    0000000e                   : uart.obj (.text:UARTCharPutNonBlocking)
                  0000254a    0000000e                   : uart.obj (.text:UARTCharsAvail)
                  00002558    0000000e     rtsv7M4_T_le_v4SPD16_eabi.lib : copy_decompress_none.obj (.text:decompress:none)
                  00002566    0000000c     driverlib.lib : cpu.obj (.text:CPUcpsie)
                  00002572    0000000c                   : pwm.obj (.text:PWMGenEnable)
                  0000257e    0000000c     rtsv7M4_T_le_v4SPD16_eabi.lib : copy_zero_init.obj (.text:decompress:ZI)
                  0000258a    0000000c     tm4c123gh6pm_startup_ccs.obj (.text)
                  00002596    0000000a     driverlib.lib : adc.obj (.text:ADCIntClear)
                  000025a0    0000000a                   : uart.obj (.text:UARTCharGet)
                  000025aa    0000000a                   : uart.obj (.text:UARTCharPut)
                  000025b4    0000000a                   : uart.obj (.text:UARTIntStatus)
                  000025be    00000008                   : timer.obj (.text:TimerIntEnable)
                  000025c6    00000008                   : uart.obj (.text:UARTIntEnable)
                  000025ce    00000006                   : gpio.obj (.text:GPIOPinRead)
                  000025d4    00000006                   : gpio.obj (.text:GPIOPinWrite)
                  000025da    00000006                   : sysctl.obj (.text:SysCtlDelay)
                  000025e0    00000006                   : uart.obj (.text:UARTClockSourceSet)
                  000025e6    00000004                   : timer.obj (.text:TimerIntClear)
                  000025ea    00000004                   : uart.obj (.text:UARTIntClear)
                  000025ee    00000004     rtsv7M4_T_le_v4SPD16_eabi.lib : pre_init.obj (.text)

.const     0    000025f4    00000248     
                  000025f4    00000090     driverlib.lib : gpio.obj (.const:g_pui32GPIOBaseAddrs)
                  00002684    00000070                   : interrupt.obj (.const)
                  000026f4    0000006c                   : sysctl.obj (.const:g_pui32Xtals)
                  00002760    00000060                   : timer.obj (.const:g_ppui32TimerIntMap)
                  000027c0    00000040                   : timer.obj (.const:g_ppui32TimerIntMapSnowflake)
                  00002800    00000012     uartstdio.obj (.const:.string)
                  00002812    00000002     --HOLE-- [fill = 0]
                  00002814    0000000c     uartstdio.obj (.const:g_ui32UARTBase)
                  00002820    0000000c     uartstdio.obj (.const:g_ui32UARTPeriph)
                  0000282c    0000000c     slug.obj (.const)
                  00002838    00000004     uartstdio.obj (.const)

.cinit     0    00002840    00000050     
                  00002840    00000019     (.cinit..data.load) [load image, compression = lzss]
                  00002859    00000003     --HOLE-- [fill = 0]
                  0000285c    0000000c     (__TI_handler_table)
                  00002868    00000008     (.cinit..bss.load) [load image, compression = zero_init]
                  00002870    00000008     (.cinit..vtable.load) [load image, compression = zero_init]
                  00002878    00000018     (__TI_cinit_table)

.init_array 
*          0    00000000    00000000     UNINITIALIZED

.vtable    0    20000000    0000026c     UNINITIALIZED
                  20000000    0000026c     driverlib.lib : interrupt.obj (.vtable)

.bss       0    20000470    0000005e     UNINITIALIZED
                  20000470    00000008     (.common:D)
                  20000478    00000008     (.common:I)
                  20000480    00000008     (.common:P)
                  20000488    00000008     (.common:error)
                  20000490    00000008     (.common:globalDirection)
                  20000498    00000008     (.common:globalDutyCycle)
                  200004a0    00000008     (.common:goalPos)
                  200004a8    00000008     (.common:out)
                  200004b0    00000008     (.common:pwmDuty)
                  200004b8    00000008     (.common:pwmPeriod)
                  200004c0    00000004     (.common:controllerFlag)
                  200004c4    00000004     (.common:loadCellValue)
                  200004c8    00000004     (.common:rawTemp)
                  200004cc    00000002     (.common:samplePeriod)

.data      0    200004d0    0000004c     UNINITIALIZED
                  200004d0    0000002c     slug.obj (.data)
                  200004fc    0000000c     rtsv7M4_T_le_v4SPD16_eabi.lib : exit.obj (.data:$O1$$)
                  20000508    00000008                                   : _lock.obj (.data:$O1$$)
                  20000510    00000005     uartstdio.obj (.data)
                  20000515    00000003     --HOLE--
                  20000518    00000004     rtsv7M4_T_le_v4SPD16_eabi.lib : stkdepth_vars.obj (.data)

.stack     0    2000026c    00000200     UNINITIALIZED
                  2000026c    00000200     --HOLE--

MODULE SUMMARY

       Module                         code   ro data   rw data
       ------                         ----   -------   -------
    .\
       slug.obj                       2644   12        122    
       uartstdio.obj                  1180   46        5      
       tm4c123gh6pm_startup_ccs.obj   12     620       0      
       testDataCollection.obj         344    0         0      
       pwmTest.obj                    0      0         16     
    +--+------------------------------+------+---------+---------+
       Total:                         4180   678       143    
                                                              
    C:/ti/TivaWare_C_Series-2.1.4.178/driverlib/ccs/Debug/driverlib.lib
       interrupt.obj                  172    112       620    
       sysctl.obj                     706    108       0      
       gpio.obj                       528    144       0      
       timer.obj                      328    160       0      
       adc.obj                        310    0         0      
       uart.obj                       212    0         0      
       pwm.obj                        110    0         0      
       cpu.obj                        12     0         0      
    +--+------------------------------+------+---------+---------+
       Total:                         2378   524       620    
                                                              
    C:\ti\ccsv7\tools\compiler\ti-cgt-arm_17.3.0.STS\lib\rtsv7M4_T_le_v4SPD16_eabi.lib
       fd_add_t2.obj                  438    0         0      
       fd_div_t2.obj                  310    0         0      
       fd_cmp_t2.obj                  268    0         0      
       fd_mul_t2.obj                  252    0         0      
       memcpy_t2.obj                  156    0         0      
       memset_t2.obj                  122    0         0      
       autoinit.obj                   112    0         0      
       fd_tos_t2.obj                  110    0         0      
       copy_decompress_lzss.obj       104    0         0      
       exit.obj                       84     0         12     
       boot.obj                       84     0         0      
       cpy_tbl.obj                    76     0         0      
       fd_toi_t2.obj                  72     0         0      
       fd_tou_t2.obj                  68     0         0      
       u_divt2.obj                    64     0         0      
       fs_tod_t2.obj                  56     0         0      
       i_tofd_t2.obj                  46     0         0      
       u_tofd_t2.obj                  32     0         0      
       _lock.obj                      20     0         8      
       args_main.obj                  24     0         0      
       copy_decompress_none.obj       14     0         0      
       copy_zero_init.obj             12     0         0      
       pre_init.obj                   4      0         0      
       stkdepth_vars.obj              0      0         4      
       i_div0.obj                     2      0         0      
       mpu_init.obj                   2      0         0      
       startup.obj                    2      0         0      
    +--+------------------------------+------+---------+---------+
       Total:                         2534   0         24     
                                                              
       Stack:                         0      0         512    
       Linker Generated:              0      77        0      
    +--+------------------------------+------+---------+---------+
       Grand Total:                   9092   1279      1299   


LINKER GENERATED COPY TABLES

__TI_cinit_table @ 00002878 records: 3, size/record: 8, table size: 24
	.data: load addr=00002840, load size=00000019 bytes, run addr=200004d0, run size=0000004c bytes, compression=lzss
	.bss: load addr=00002868, load size=00000008 bytes, run addr=20000470, run size=0000005e bytes, compression=zero_init
	.vtable: load addr=00002870, load size=00000008 bytes, run addr=20000000, run size=0000026c bytes, compression=zero_init


LINKER GENERATED HANDLER TABLE

__TI_handler_table @ 0000285c records: 3, size/record: 4, table size: 12
	index: 0, handler: __TI_zero_init
	index: 1, handler: __TI_decompress_lzss
	index: 2, handler: __TI_decompress_none


GLOBAL SYMBOLS: SORTED ALPHABETICALLY BY Name 

address   name                           
-------   ----                           
00002505  ADCHardwareOversampleConfigure 
00002597  ADCIntClear                    
000024d5  ADCIntEnable                   
000023cd  ADCProcessorTrigger            
00001f81  ADCSequenceConfigure           
00002391  ADCSequenceDataGet             
00002513  ADCSequenceEnable              
00001b7d  ADCSequenceStepConfigure       
00000287  Button1_Init                   
000002af  Button1_Input                  
00001f2d  C$$EXIT                        
00002567  CPUcpsie                       
00000277  Clock_get_frequency            
0000026d  Clock_set_fastest              
00000b9d  ControllerEnable               
00000a81  ControllerIntHandler           
00000b3d  Controller_Init                
20000470  D                              
00000481  Delay_cycle                    
0000027f  EnableInterrupts               
00002303  GPIODirModeSet                 
000015a3  GPIOPadConfigSet               
00002069  GPIOPinConfigure               
000025cf  GPIOPinRead                    
00002469  GPIOPinTypeADC                 
0000247b  GPIOPinTypeGPIOInput           
000023e5  GPIOPinTypeGPIOOutput          
0000248d  GPIOPinTypePWM                 
0000249f  GPIOPinTypeUART                
000025d5  GPIOPinWrite                   
20000478  I                              
00001d51  IntEnable                      
000024e5  IntMasterEnable                
0000226d  IntRegister                    
200004f0  Kd                             
200004e8  Ki                             
200004e0  Kp                             
0000081d  LoadCellIntHandler             
0000080d  LoadCellTrigger                
000006c5  LoadCell_init                  
00000833  Motor_Init                     
00000921  Motor_SetDuty                  
20000480  P                              
0000232d  PWMGenConfigure                
00002573  PWMGenEnable                   
000024f5  PWMGenPeriodSet                
000024b1  PWMOutputState                 
000023af  PWMPulseWidthSet               
00002834  PWMclockFreq                   
000002c5  RGBled_Init                    
00000315  RGBled_Set                     
0000037f  RGBled_Toggle                  
00000407  RedledTimer_Init               
0000045d  RedledTimer_Toggle             
0000258b  ResetISR                       
UNDEFED   SHT$$INIT_ARRAY$$Base          
UNDEFED   SHT$$INIT_ARRAY$$Limit         
000004a9  SerialMonitor_Init             
00000545  SerialMonitor_Loop             
000005eb  SerialMonitor_Send             
000016d5  SysCtlClockGet                 
000018e1  SysCtlClockSet                 
000025db  SysCtlDelay                    
0000242d  SysCtlPWMClockSet              
000022a1  SysCtlPeripheralEnable         
000021c5  SysCtlPeripheralPresent        
000021fd  SysCtlPeripheralReady          
00001e21  TimerConfigure                 
00001e81  TimerControlTrigger            
00002521  TimerEnable                    
000025e7  TimerIntClear                  
000025bf  TimerIntEnable                 
000023fd  TimerIntRegister               
000024c3  TimerLoadSet                   
000025a1  UARTCharGet                    
0000252f  UARTCharGetNonBlocking         
000025ab  UARTCharPut                    
0000253d  UARTCharPutNonBlocking         
0000254b  UARTCharsAvail                 
000025e1  UARTClockSourceSet             
000020f9  UARTConfigSetExpClk            
00002351  UARTDisable                    
00002441  UARTEnable                     
000025eb  UARTIntClear                   
000025c7  UARTIntEnable                  
0000055f  UARTIntHandler                 
000025b5  UARTIntStatus                  
00000cc1  UARTStdioConfig                
00000e07  UARTgetc                       
00000d4d  UARTgets                       
00001127  UARTprintf                     
00000e2d  UARTvprintf                    
00000d07  UARTwrite                      
000007e1  Vol2Load                       
2000046c  __STACK_END                    
00000200  __STACK_SIZE                   
2000046c  __STACK_TOP                    
00002878  __TI_CINIT_Base                
00002890  __TI_CINIT_Limit               
0000285c  __TI_Handler_Table_Base        
00002868  __TI_Handler_Table_Limit       
00001c71  __TI_auto_init                 
200004fc  __TI_cleanup_ptr               
00001db9  __TI_decompress_lzss           
00002559  __TI_decompress_none           
20000500  __TI_dtors_ptr                 
20000504  __TI_enable_exit_profile_output
ffffffff  __TI_pprof_out_hndl            
ffffffff  __TI_prof_data_size            
ffffffff  __TI_prof_data_start           
00000000  __TI_static_base__             
0000257f  __TI_zero_init                 
00001a71  __aeabi_cdcmpeq                
00001a71  __aeabi_cdcmple                
00001af7  __aeabi_cdrcmple               
00001ce1  __aeabi_d2f                    
000020b1  __aeabi_d2iz                   
0000213f  __aeabi_d2uiz                  
00001167  __aeabi_dadd                   
0000146d  __aeabi_ddiv                   
000017e5  __aeabi_dmul                   
0000115d  __aeabi_dsub                   
00002235  __aeabi_f2d                    
000022d5  __aeabi_i2d                    
00001313  __aeabi_idiv0                  
00001bf7  __aeabi_memclr                 
00001bf7  __aeabi_memclr4                
00001bf7  __aeabi_memclr8                
000019d5  __aeabi_memcpy                 
000019d5  __aeabi_memcpy4                
000019d5  __aeabi_memcpy8                
00001bf9  __aeabi_memset                 
00001bf9  __aeabi_memset4                
00001bf9  __aeabi_memset8                
00002371  __aeabi_ui2d                   
00002183  __aeabi_uidiv                  
00002183  __aeabi_uidivmod               
ffffffff  __binit__                      
ffffffff  __c_args__                     
00001d4f  __mpu_init                     
2000026c  __stack                        
00002415  _args_main                     
00001ed9  _c_int00                       
20000508  _lock                          
00002463  _nop                           
0000245b  _register_lock                 
00002455  _register_unlock               
000021c3  _system_post_cinit             
000025ef  _system_pre_init               
2000050c  _unlock                        
00001f31  abort                          
000007ab  adc2Vol                        
ffffffff  binit                          
00000bb9  checkLimits                    
000008cd  clearDirection                 
00002830  clockFreq                      
200004c0  controllerFlag                 
0000066d  convert2C                      
00000691  convert2F                      
00000975  convert2PWMDuty                
0000201d  copy_in                        
0000048d  delayMS                        
000008ed  disableMotor                   
200004f8  dummy                          
000008db  enableMotor                    
20000488  error                          
00001f39  exit                           
20000000  g_pfnRAMVectors                
00000000  g_pfnVectors                   
0000065b  getAvgTemp                     
00000c11  getControllerFlag              
00000c45  getError                       
00000c31  getGoalForce                   
00000c3b  getKp                          
0000076b  getLoadCellValue               
000008b5  getMotorPWMPeriod              
00000c55  getPIDoutput                   
00000a4f  getglobaldirection             
00000a45  getglobalduty                  
20000490  globalDirection                
20000498  globalDutyCycle                
200004a0  goalPos                        
0000059d  initConsole                    
200004d0  last_error                     
200004c4  loadCellValue                  
00001315  main                           
20000518  main_func_sp                   
00000779  measuredLoad                   
000019d5  memcpy                         
00001bff  memset                         
000009b9  motorSendCommand               
200004a8  out                            
200004b0  pwmDuty                        
200004b8  pwmPeriod                      
200004c8  rawTemp                        
0000282c  sampleFreq                     
200004cc  samplePeriod                   
000008bf  setDirection                   
00000c17  setGoalForce                   
00000a21  setglobals4Motor               
00000645  tempSensor_handler             
000005f7  tempSensor_init                
00000661  tempSensor_startConversion     
200004d8  total_error                    


GLOBAL SYMBOLS: SORTED BY Symbol Address 

address   name                           
-------   ----                           
00000000  __TI_static_base__             
00000000  g_pfnVectors                   
00000200  __STACK_SIZE                   
0000026d  Clock_set_fastest              
00000277  Clock_get_frequency            
0000027f  EnableInterrupts               
00000287  Button1_Init                   
000002af  Button1_Input                  
000002c5  RGBled_Init                    
00000315  RGBled_Set                     
0000037f  RGBled_Toggle                  
00000407  RedledTimer_Init               
0000045d  RedledTimer_Toggle             
00000481  Delay_cycle                    
0000048d  delayMS                        
000004a9  SerialMonitor_Init             
00000545  SerialMonitor_Loop             
0000055f  UARTIntHandler                 
0000059d  initConsole                    
000005eb  SerialMonitor_Send             
000005f7  tempSensor_init                
00000645  tempSensor_handler             
0000065b  getAvgTemp                     
00000661  tempSensor_startConversion     
0000066d  convert2C                      
00000691  convert2F                      
000006c5  LoadCell_init                  
0000076b  getLoadCellValue               
00000779  measuredLoad                   
000007ab  adc2Vol                        
000007e1  Vol2Load                       
0000080d  LoadCellTrigger                
0000081d  LoadCellIntHandler             
00000833  Motor_Init                     
000008b5  getMotorPWMPeriod              
000008bf  setDirection                   
000008cd  clearDirection                 
000008db  enableMotor                    
000008ed  disableMotor                   
00000921  Motor_SetDuty                  
00000975  convert2PWMDuty                
000009b9  motorSendCommand               
00000a21  setglobals4Motor               
00000a45  getglobalduty                  
00000a4f  getglobaldirection             
00000a81  ControllerIntHandler           
00000b3d  Controller_Init                
00000b9d  ControllerEnable               
00000bb9  checkLimits                    
00000c11  getControllerFlag              
00000c17  setGoalForce                   
00000c31  getGoalForce                   
00000c3b  getKp                          
00000c45  getError                       
00000c55  getPIDoutput                   
00000cc1  UARTStdioConfig                
00000d07  UARTwrite                      
00000d4d  UARTgets                       
00000e07  UARTgetc                       
00000e2d  UARTvprintf                    
00001127  UARTprintf                     
0000115d  __aeabi_dsub                   
00001167  __aeabi_dadd                   
00001313  __aeabi_idiv0                  
00001315  main                           
0000146d  __aeabi_ddiv                   
000015a3  GPIOPadConfigSet               
000016d5  SysCtlClockGet                 
000017e5  __aeabi_dmul                   
000018e1  SysCtlClockSet                 
000019d5  __aeabi_memcpy                 
000019d5  __aeabi_memcpy4                
000019d5  __aeabi_memcpy8                
000019d5  memcpy                         
00001a71  __aeabi_cdcmpeq                
00001a71  __aeabi_cdcmple                
00001af7  __aeabi_cdrcmple               
00001b7d  ADCSequenceStepConfigure       
00001bf7  __aeabi_memclr                 
00001bf7  __aeabi_memclr4                
00001bf7  __aeabi_memclr8                
00001bf9  __aeabi_memset                 
00001bf9  __aeabi_memset4                
00001bf9  __aeabi_memset8                
00001bff  memset                         
00001c71  __TI_auto_init                 
00001ce1  __aeabi_d2f                    
00001d4f  __mpu_init                     
00001d51  IntEnable                      
00001db9  __TI_decompress_lzss           
00001e21  TimerConfigure                 
00001e81  TimerControlTrigger            
00001ed9  _c_int00                       
00001f2d  C$$EXIT                        
00001f31  abort                          
00001f39  exit                           
00001f81  ADCSequenceConfigure           
0000201d  copy_in                        
00002069  GPIOPinConfigure               
000020b1  __aeabi_d2iz                   
000020f9  UARTConfigSetExpClk            
0000213f  __aeabi_d2uiz                  
00002183  __aeabi_uidiv                  
00002183  __aeabi_uidivmod               
000021c3  _system_post_cinit             
000021c5  SysCtlPeripheralPresent        
000021fd  SysCtlPeripheralReady          
00002235  __aeabi_f2d                    
0000226d  IntRegister                    
000022a1  SysCtlPeripheralEnable         
000022d5  __aeabi_i2d                    
00002303  GPIODirModeSet                 
0000232d  PWMGenConfigure                
00002351  UARTDisable                    
00002371  __aeabi_ui2d                   
00002391  ADCSequenceDataGet             
000023af  PWMPulseWidthSet               
000023cd  ADCProcessorTrigger            
000023e5  GPIOPinTypeGPIOOutput          
000023fd  TimerIntRegister               
00002415  _args_main                     
0000242d  SysCtlPWMClockSet              
00002441  UARTEnable                     
00002455  _register_unlock               
0000245b  _register_lock                 
00002463  _nop                           
00002469  GPIOPinTypeADC                 
0000247b  GPIOPinTypeGPIOInput           
0000248d  GPIOPinTypePWM                 
0000249f  GPIOPinTypeUART                
000024b1  PWMOutputState                 
000024c3  TimerLoadSet                   
000024d5  ADCIntEnable                   
000024e5  IntMasterEnable                
000024f5  PWMGenPeriodSet                
00002505  ADCHardwareOversampleConfigure 
00002513  ADCSequenceEnable              
00002521  TimerEnable                    
0000252f  UARTCharGetNonBlocking         
0000253d  UARTCharPutNonBlocking         
0000254b  UARTCharsAvail                 
00002559  __TI_decompress_none           
00002567  CPUcpsie                       
00002573  PWMGenEnable                   
0000257f  __TI_zero_init                 
0000258b  ResetISR                       
00002597  ADCIntClear                    
000025a1  UARTCharGet                    
000025ab  UARTCharPut                    
000025b5  UARTIntStatus                  
000025bf  TimerIntEnable                 
000025c7  UARTIntEnable                  
000025cf  GPIOPinRead                    
000025d5  GPIOPinWrite                   
000025db  SysCtlDelay                    
000025e1  UARTClockSourceSet             
000025e7  TimerIntClear                  
000025eb  UARTIntClear                   
000025ef  _system_pre_init               
0000282c  sampleFreq                     
00002830  clockFreq                      
00002834  PWMclockFreq                   
0000285c  __TI_Handler_Table_Base        
00002868  __TI_Handler_Table_Limit       
00002878  __TI_CINIT_Base                
00002890  __TI_CINIT_Limit               
20000000  g_pfnRAMVectors                
2000026c  __stack                        
2000046c  __STACK_END                    
2000046c  __STACK_TOP                    
20000470  D                              
20000478  I                              
20000480  P                              
20000488  error                          
20000490  globalDirection                
20000498  globalDutyCycle                
200004a0  goalPos                        
200004a8  out                            
200004b0  pwmDuty                        
200004b8  pwmPeriod                      
200004c0  controllerFlag                 
200004c4  loadCellValue                  
200004c8  rawTemp                        
200004cc  samplePeriod                   
200004d0  last_error                     
200004d8  total_error                    
200004e0  Kp                             
200004e8  Ki                             
200004f0  Kd                             
200004f8  dummy                          
200004fc  __TI_cleanup_ptr               
20000500  __TI_dtors_ptr                 
20000504  __TI_enable_exit_profile_output
20000508  _lock                          
2000050c  _unlock                        
20000518  main_func_sp                   
ffffffff  __TI_pprof_out_hndl            
ffffffff  __TI_prof_data_size            
ffffffff  __TI_prof_data_start           
ffffffff  __binit__                      
ffffffff  __c_args__                     
ffffffff  binit                          
UNDEFED   SHT$$INIT_ARRAY$$Base          
UNDEFED   SHT$$INIT_ARRAY$$Limit         

[204 symbols]
