******************************************************************************
                  TI ARM Linker PC v17.3.0                     
******************************************************************************
>> Linked Sun Jul  2 23:04:21 2017

OUTPUT FILE NAME:   <BSP.out>
ENTRY POINT SYMBOL: "_c_int00"  address: 00002ac9


MEMORY CONFIGURATION

         name            origin    length      used     unused   attr    fill
----------------------  --------  ---------  --------  --------  ----  --------
  FLASH                 00000000   00040000  00003530  0003cad0  R  X
  SRAM                  20000000   00008000  000005be  00007a42  RW X


SEGMENT ALLOCATION MAP

run origin  load origin   length   init length attrs members
----------  ----------- ---------- ----------- ----- -------
00000000    00000000    00003530   00003530    r-x
  00000000    00000000    0000026c   0000026c    r-- .intvecs
  0000026c    0000026c    00002fbc   00002fbc    r-x .text
  00003228    00003228    00000290   00000290    r-- .const
  000034b8    000034b8    00000078   00000078    r-- .cinit
20000000    20000000    000005c8   00000000    rw-
  20000000    20000000    0000026c   00000000    rw- .vtable
  2000026c    2000026c    00000200   00000000    rw- .stack
  20000470    20000470    000000b2   00000000    rw- .bss
  20000528    20000528    000000a0   00000000    rw- .data


SECTION ALLOCATION MAP

 output                                  attributes/
section   page    origin      length       input sections
--------  ----  ----------  ----------   ----------------
.intvecs   0    00000000    0000026c     
                  00000000    0000026c     tm4c123gh6pm_startup_ccs.obj (.intvecs)

.text      0    0000026c    00002fbc     
                  0000026c    00001470     slug.obj (.text)
                  000016dc    0000049c     uartstdio.obj (.text)
                  00001b78    0000032c     rtsv7M4_T_le_v4SPD16_eabi.lib : e_exp.obj (.text)
                  00001ea4    000001b6                                   : fd_add_t2.obj (.text)
                  0000205a    00000136                                   : fd_div_t2.obj (.text)
                  00002190    00000132     driverlib.lib : gpio.obj (.text:GPIOPadConfigSet)
                  000022c2    00000002     rtsv7M4_T_le_v4SPD16_eabi.lib : i_div0.obj (.text)
                  000022c4    00000110     driverlib.lib : sysctl.obj (.text:SysCtlClockGet)
                  000023d4    000000fc     rtsv7M4_T_le_v4SPD16_eabi.lib : fd_mul_t2.obj (.text)
                  000024d0    000000f4     driverlib.lib : sysctl.obj (.text:SysCtlClockSet)
                  000025c4    0000009c     rtsv7M4_T_le_v4SPD16_eabi.lib : memcpy_t2.obj (.text)
                  00002660    00000086                                   : fd_cmp_t2.obj (.text:__aeabi_cdcmple)
                  000026e6    00000086                                   : fd_cmp_t2.obj (.text:__aeabi_cdrcmple)
                  0000276c    0000007a     driverlib.lib : adc.obj (.text:ADCSequenceStepConfigure)
                  000027e6    0000007a     rtsv7M4_T_le_v4SPD16_eabi.lib : memset_t2.obj (.text)
                  00002860    00000070     Adaptive_ForceControl.obj (.text)
                  000028d0    00000070     rtsv7M4_T_le_v4SPD16_eabi.lib : autoinit.obj (.text)
                  00002940    00000068     driverlib.lib : interrupt.obj (.text:IntEnable)
                  000029a8    00000068     rtsv7M4_T_le_v4SPD16_eabi.lib : copy_decompress_lzss.obj (.text:decompress:lzss)
                  00002a10    00000060     driverlib.lib : timer.obj (.text:TimerConfigure)
                  00002a70    00000058                   : timer.obj (.text:TimerControlTrigger)
                  00002ac8    00000054     rtsv7M4_T_le_v4SPD16_eabi.lib : boot.obj (.text)
                  00002b1c    00000054                                   : exit.obj (.text)
                  00002b70    00000050     driverlib.lib : adc.obj (.text:ADCSequenceConfigure)
                  00002bc0    0000004c                   : timer.obj (.text:_TimerIntNumberGet)
                  00002c0c    0000004c     rtsv7M4_T_le_v4SPD16_eabi.lib : cpy_tbl.obj (.text)
                  00002c58    00000048     driverlib.lib : gpio.obj (.text:GPIOPinConfigure)
                  00002ca0    00000048     rtsv7M4_T_le_v4SPD16_eabi.lib : fd_toi_t2.obj (.text)
                  00002ce8    00000046     driverlib.lib : uart.obj (.text:UARTConfigSetExpClk)
                  00002d2e    00000044     rtsv7M4_T_le_v4SPD16_eabi.lib : fd_tou_t2.obj (.text)
                  00002d72    00000040                                   : u_divt2.obj (.text)
                  00002db2    00000002                                   : mpu_init.obj (.text)
                  00002db4    00000038     driverlib.lib : sysctl.obj (.text:SysCtlPeripheralPresent)
                  00002dec    00000038                   : sysctl.obj (.text:SysCtlPeripheralReady)
                  00002e24    00000038     rtsv7M4_T_le_v4SPD16_eabi.lib : fs_tod_t2.obj (.text)
                  00002e5c    00000034     driverlib.lib : interrupt.obj (.text:IntRegister)
                  00002e90    00000034                   : sysctl.obj (.text:SysCtlPeripheralEnable)
                  00002ec4    0000002e     rtsv7M4_T_le_v4SPD16_eabi.lib : i_tofd_t2.obj (.text)
                  00002ef2    0000002a     driverlib.lib : gpio.obj (.text:GPIODirModeSet)
                  00002f1c    00000022                   : pwm.obj (.text:PWMGenConfigure)
                  00002f3e    00000002     rtsv7M4_T_le_v4SPD16_eabi.lib : startup.obj (.text)
                  00002f40    00000020     driverlib.lib : uart.obj (.text:UARTDisable)
                  00002f60    00000020     rtsv7M4_T_le_v4SPD16_eabi.lib : u_tofd_t2.obj (.text)
                  00002f80    0000001e     driverlib.lib : adc.obj (.text:ADCSequenceDataGet)
                  00002f9e    0000001e                   : pwm.obj (.text:PWMPulseWidthSet)
                  00002fbc    00000018                   : adc.obj (.text:ADCProcessorTrigger)
                  00002fd4    00000018                   : gpio.obj (.text:GPIOPinTypeGPIOOutput)
                  00002fec    00000018                   : timer.obj (.text:TimerIntRegister)
                  00003004    00000018     rtsv7M4_T_le_v4SPD16_eabi.lib : args_main.obj (.text)
                  0000301c    00000014     driverlib.lib : sysctl.obj (.text:SysCtlPWMClockSet)
                  00003030    00000014                   : uart.obj (.text:UARTEnable)
                  00003044    00000014     rtsv7M4_T_le_v4SPD16_eabi.lib : _lock.obj (.text)
                  00003058    00000012     driverlib.lib : gpio.obj (.text:GPIOPinTypeADC)
                  0000306a    00000012                   : gpio.obj (.text:GPIOPinTypeGPIOInput)
                  0000307c    00000012                   : gpio.obj (.text:GPIOPinTypePWM)
                  0000308e    00000012                   : gpio.obj (.text:GPIOPinTypeQEI)
                  000030a0    00000012                   : gpio.obj (.text:GPIOPinTypeUART)
                  000030b2    00000012                   : pwm.obj (.text:PWMOutputState)
                  000030c4    00000012                   : timer.obj (.text:TimerLoadSet)
                  000030d6    00000010                   : adc.obj (.text:ADCIntEnable)
                  000030e6    00000010                   : interrupt.obj (.text:IntMasterEnable)
                  000030f6    00000010                   : pwm.obj (.text:PWMGenPeriodSet)
                  00003106    0000000e                   : adc.obj (.text:ADCHardwareOversampleConfigure)
                  00003114    0000000e                   : adc.obj (.text:ADCSequenceEnable)
                  00003122    0000000e                   : qei.obj (.text:QEIConfigure)
                  00003130    0000000e                   : timer.obj (.text:TimerEnable)
                  0000313e    0000000e                   : uart.obj (.text:UARTCharGetNonBlocking)
                  0000314c    0000000e                   : uart.obj (.text:UARTCharPutNonBlocking)
                  0000315a    0000000e                   : uart.obj (.text:UARTCharsAvail)
                  00003168    0000000e     rtsv7M4_T_le_v4SPD16_eabi.lib : copy_decompress_none.obj (.text:decompress:none)
                  00003176    0000000c     driverlib.lib : cpu.obj (.text:CPUcpsie)
                  00003182    0000000c                   : pwm.obj (.text:PWMGenEnable)
                  0000318e    0000000c     rtsv7M4_T_le_v4SPD16_eabi.lib : copy_zero_init.obj (.text:decompress:ZI)
                  0000319a    0000000c     tm4c123gh6pm_startup_ccs.obj (.text)
                  000031a6    0000000a     driverlib.lib : adc.obj (.text:ADCIntClear)
                  000031b0    0000000a                   : qei.obj (.text:QEIDisable)
                  000031ba    0000000a                   : qei.obj (.text:QEIEnable)
                  000031c4    0000000a                   : qei.obj (.text:QEIIntDisable)
                  000031ce    0000000a                   : uart.obj (.text:UARTCharGet)
                  000031d8    0000000a                   : uart.obj (.text:UARTCharPut)
                  000031e2    0000000a                   : uart.obj (.text:UARTIntStatus)
                  000031ec    00000008                   : timer.obj (.text:TimerIntEnable)
                  000031f4    00000008                   : uart.obj (.text:UARTIntEnable)
                  000031fc    00000006                   : gpio.obj (.text:GPIOPinRead)
                  00003202    00000006                   : gpio.obj (.text:GPIOPinWrite)
                  00003208    00000006                   : sysctl.obj (.text:SysCtlDelay)
                  0000320e    00000006                   : uart.obj (.text:UARTClockSourceSet)
                  00003214    00000004                   : qei.obj (.text:QEIPositionGet)
                  00003218    00000004                   : qei.obj (.text:QEIPositionSet)
                  0000321c    00000004                   : timer.obj (.text:TimerIntClear)
                  00003220    00000004                   : uart.obj (.text:UARTIntClear)
                  00003224    00000004     rtsv7M4_T_le_v4SPD16_eabi.lib : pre_init.obj (.text)

.const     0    00003228    00000290     
                  00003228    00000090     driverlib.lib : gpio.obj (.const:g_pui32GPIOBaseAddrs)
                  000032b8    00000070                   : interrupt.obj (.const)
                  00003328    0000006c                   : sysctl.obj (.const:g_pui32Xtals)
                  00003394    00000060                   : timer.obj (.const:g_ppui32TimerIntMap)
                  000033f4    00000040                   : timer.obj (.const:g_ppui32TimerIntMapSnowflake)
                  00003434    00000004     uartstdio.obj (.const)
                  00003438    00000030     rtsv7M4_T_le_v4SPD16_eabi.lib : e_exp.obj (.const:$O1$$)
                  00003468    00000024     slug.obj (.const)
                  0000348c    00000012     uartstdio.obj (.const:.string)
                  0000349e    00000002     --HOLE-- [fill = 0]
                  000034a0    0000000c     uartstdio.obj (.const:g_ui32UARTBase)
                  000034ac    0000000c     uartstdio.obj (.const:g_ui32UARTPeriph)

.cinit     0    000034b8    00000078     
                  000034b8    00000043     (.cinit..data.load) [load image, compression = lzss]
                  000034fb    00000001     --HOLE-- [fill = 0]
                  000034fc    0000000c     (__TI_handler_table)
                  00003508    00000008     (.cinit..bss.load) [load image, compression = zero_init]
                  00003510    00000008     (.cinit..vtable.load) [load image, compression = zero_init]
                  00003518    00000018     (__TI_cinit_table)

.init_array 
*          0    00000000    00000000     UNINITIALIZED

.vtable    0    20000000    0000026c     UNINITIALIZED
                  20000000    0000026c     driverlib.lib : interrupt.obj (.vtable)

.bss       0    20000470    000000b2     UNINITIALIZED
                  20000470    00000008     (.common:D)
                  20000478    00000008     (.common:ERROR)
                  20000480    00000008     (.common:I)
                  20000488    00000008     (.common:Kp)
                  20000490    00000008     (.common:P)
                  20000498    00000008     (.common:PID_OUT)
                  200004a0    00000008     (.common:delta_t)
                  200004a8    00000008     (.common:globalControllerPeriod)
                  200004b0    00000008     (.common:goalPos)
                  200004b8    00000008     (.common:pwmDuty)
                  200004c0    00000008     (.common:pwmPeriod)
                  200004c8    00000008     (.common:ref_sys)
                  200004d0    00000008     (.common:theta_r)
                  200004d8    00000008     (.common:theta_r_final)
                  200004e0    00000008     (.common:theta_x)
                  200004e8    00000008     (.common:theta_x_final)
                  200004f0    00000008     (.common:time)
                  200004f8    00000008     (.common:x)
                  20000500    00000008     (.common:x_ref)
                  20000508    00000004     (.common:ADCValue)
                  2000050c    00000004     (.common:globalControllerFreq)
                  20000510    00000004     (.common:globalControllerTick)
                  20000514    00000004     (.common:goalReached)
                  20000518    00000004     (.common:loadCellValue)
                  2000051c    00000004     (.common:rawTemp)
                  20000520    00000002     (.common:samplePeriod)

.data      0    20000528    000000a0     UNINITIALIZED
                  20000528    0000006c     slug.obj (.data)
                  20000594    00000004     rtsv7M4_T_le_v4SPD16_eabi.lib : errno.obj (.data)
                  20000598    00000010     Adaptive_ForceControl.obj (.data)
                  200005a8    0000000c     rtsv7M4_T_le_v4SPD16_eabi.lib : exit.obj (.data:$O1$$)
                  200005b4    00000008                                   : _lock.obj (.data:$O1$$)
                  200005bc    00000005     uartstdio.obj (.data)
                  200005c1    00000003     --HOLE--
                  200005c4    00000004     rtsv7M4_T_le_v4SPD16_eabi.lib : stkdepth_vars.obj (.data)

.stack     0    2000026c    00000200     UNINITIALIZED
                  2000026c    00000200     --HOLE--

MODULE SUMMARY

       Module                         code    ro data   rw data
       ------                         ----    -------   -------
    .\
       slug.obj                       5232    36        270    
       uartstdio.obj                  1180    46        5      
       tm4c123gh6pm_startup_ccs.obj   12      620       0      
       Adaptive_ForceControl.obj      112     0         16     
       pwmTest.obj                    0       0         16     
    +--+------------------------------+-------+---------+---------+
       Total:                         6536    702       307    
                                                               
    C:/ti/TivaWare_C_Series-2.1.4.178/driverlib/ccs/Debug/driverlib.lib
       interrupt.obj                  172     112       620    
       sysctl.obj                     706     108       0      
       gpio.obj                       546     144       0      
       timer.obj                      328     160       0      
       adc.obj                        310     0         0      
       uart.obj                       212     0         0      
       pwm.obj                        110     0         0      
       qei.obj                        52      0         0      
       cpu.obj                        12      0         0      
    +--+------------------------------+-------+---------+---------+
       Total:                         2448    524       620    
                                                               
    C:\ti\ccsv7\tools\compiler\ti-cgt-arm_17.3.0.STS\lib\rtsv7M4_T_le_v4SPD16_eabi.lib
       e_exp.obj                      812     48        0      
       fd_add_t2.obj                  438     0         0      
       fd_div_t2.obj                  310     0         0      
       fd_cmp_t2.obj                  268     0         0      
       fd_mul_t2.obj                  252     0         0      
       memcpy_t2.obj                  156     0         0      
       memset_t2.obj                  122     0         0      
       autoinit.obj                   112     0         0      
       copy_decompress_lzss.obj       104     0         0      
       exit.obj                       84      0         12     
       boot.obj                       84      0         0      
       cpy_tbl.obj                    76      0         0      
       fd_toi_t2.obj                  72      0         0      
       fd_tou_t2.obj                  68      0         0      
       u_divt2.obj                    64      0         0      
       fs_tod_t2.obj                  56      0         0      
       i_tofd_t2.obj                  46      0         0      
       u_tofd_t2.obj                  32      0         0      
       _lock.obj                      20      0         8      
       args_main.obj                  24      0         0      
       copy_decompress_none.obj       14      0         0      
       copy_zero_init.obj             12      0         0      
       errno.obj                      0       0         4      
       pre_init.obj                   4       0         0      
       stkdepth_vars.obj              0       0         4      
       i_div0.obj                     2       0         0      
       mpu_init.obj                   2       0         0      
       startup.obj                    2       0         0      
    +--+------------------------------+-------+---------+---------+
       Total:                         3236    48        28     
                                                               
       Stack:                         0       0         512    
       Linker Generated:              0       119       0      
    +--+------------------------------+-------+---------+---------+
       Grand Total:                   12220   1393      1467   


LINKER GENERATED COPY TABLES

__TI_cinit_table @ 00003518 records: 3, size/record: 8, table size: 24
	.data: load addr=000034b8, load size=00000043 bytes, run addr=20000528, run size=000000a0 bytes, compression=lzss
	.bss: load addr=00003508, load size=00000008 bytes, run addr=20000470, run size=000000b2 bytes, compression=zero_init
	.vtable: load addr=00003510, load size=00000008 bytes, run addr=20000000, run size=0000026c bytes, compression=zero_init


LINKER GENERATED HANDLER TABLE

__TI_handler_table @ 000034fc records: 3, size/record: 4, table size: 12
	index: 0, handler: __TI_zero_init
	index: 1, handler: __TI_decompress_lzss
	index: 2, handler: __TI_decompress_none


GLOBAL SYMBOLS: SORTED ALPHABETICALLY BY Name 

address   name                           
-------   ----                           
00003107  ADCHardwareOversampleConfigure 
000031a7  ADCIntClear                    
000030d7  ADCIntEnable                   
00002fbd  ADCProcessorTrigger            
00002b71  ADCSequenceConfigure           
00002f81  ADCSequenceDataGet             
00003115  ADCSequenceEnable              
0000276d  ADCSequenceStepConfigure       
20000508  ADCValue                       
00000efd  Adaptive_control               
00003488  BIAS                           
000002f9  BlueLED_Clear                  
000002b9  BlueLED_Init                   
000002eb  BlueLED_Set                    
00000307  BlueLED_Toggle                 
00000387  Button1_Init                   
000003af  Button1_Input                  
00002b1d  C$$EXIT                        
00003177  CPUcpsie                       
00000281  Clock_get_frequency            
0000026d  Clock_set_40MHz                
00000277  Clock_set_80MHz                
000005b1  Console_Send                   
00001107  ControllerEnable               
00000ce7  ControllerIntHandler           
00000c75  Controller_Init                
20000470  D                              
00003480  DEADBAND                       
00000291  Delay_cycle                    
20000478  ERROR                          
00000289  EnableInterrupts               
00002ef3  GPIODirModeSet                 
00002191  GPIOPadConfigSet               
00002c59  GPIOPinConfigure               
000031fd  GPIOPinRead                    
00003059  GPIOPinTypeADC                 
0000306b  GPIOPinTypeGPIOInput           
00002fd5  GPIOPinTypeGPIOOutput          
0000307d  GPIOPinTypePWM                 
0000308f  GPIOPinTypeQEI                 
000030a1  GPIOPinTypeUART                
00003203  GPIOPinWrite                   
000010e1  GetSystemTime                  
20000480  I                              
00001627  IncEncoder_Init                
00002941  IntEnable                      
000030e7  IntMasterEnable                
00002e5d  IntRegister                    
20000548  Kbar                           
20000558  Kd                             
20000550  Ki                             
20000488  Kp                             
20000538  LAST_ERROR                     
00000c59  LoadCellIntHandler             
00000c45  LoadCellTrigger                
00000ad9  LoadCell_init                  
0000067b  LoggerIntHandler               
000005d1  Logger_Init                    
20000578  MRAC_OUT                       
00003478  MaxSteadyError                 
00003470  MinSteadyError                 
00000869  Motor_Init                     
00000905  Motor_SetDuty                  
20000490  P                              
20000498  PID_OUT                        
00000dad  PID_control                    
00002f1d  PWMGenConfigure                
00003183  PWMGenEnable                   
000030f7  PWMGenPeriodSet                
000030b3  PWMOutputState                 
00002f9f  PWMPulseWidthSet               
0000346c  PWMclockFreq                   
00003123  QEIConfigure                   
000031b1  QEIDisable                     
000031bb  QEIEnable                      
000031c5  QEIIntDisable                  
00003215  QEIPositionGet                 
00003219  QEIPositionSet                 
000003c5  RGBled_Init                    
00000415  RGBled_Set                     
0000047f  RGBled_Toggle                  
0000319b  ResetISR                       
UNDEFED   SHT$$INIT_ARRAY$$Base          
UNDEFED   SHT$$INIT_ARRAY$$Limit         
00000695  SerialMonitor_Init             
00000731  SerialMonitor_Loop             
00001125  Sgn                            
00000d2d  Swing_control                  
000022c5  SysCtlClockGet                 
000024d1  SysCtlClockSet                 
00003209  SysCtlDelay                    
0000301d  SysCtlPWMClockSet              
00002e91  SysCtlPeripheralEnable         
00002db5  SysCtlPeripheralPresent        
00002ded  SysCtlPeripheralReady          
20000540  TOTAL_ERROR                    
00000507  Timer0IntHandler               
00002a11  TimerConfigure                 
00002a71  TimerControlTrigger            
00003131  TimerEnable                    
0000321d  TimerIntClear                  
000031ed  TimerIntEnable                 
00002fed  TimerIntRegister               
000030c5  TimerLoadSet                   
000031cf  UARTCharGet                    
0000313f  UARTCharGetNonBlocking         
000031d9  UARTCharPut                    
0000314d  UARTCharPutNonBlocking         
0000315b  UARTCharsAvail                 
0000320f  UARTClockSourceSet             
00002ce9  UARTConfigSetExpClk            
00002f41  UARTDisable                    
00003031  UARTEnable                     
00003221  UARTIntClear                   
000031f5  UARTIntEnable                  
0000074b  UARTIntHandler                 
000031e3  UARTIntStatus                  
000016dd  UARTStdioConfig                
00001823  UARTgetc                       
00001769  UARTgets                       
00001b43  UARTprintf                     
00001849  UARTvprintf                    
00001723  UARTwrite                      
00000c19  Vol2Load                       
00000355  YellowLED_Clear                
0000032b  YellowLED_Init                 
00000347  YellowLED_Set                  
00000363  YellowLED_Toggle               
2000046c  __STACK_END                    
00000200  __STACK_SIZE                   
2000046c  __STACK_TOP                    
00003518  __TI_CINIT_Base                
00003530  __TI_CINIT_Limit               
000034fc  __TI_Handler_Table_Base        
00003508  __TI_Handler_Table_Limit       
000028d1  __TI_auto_init                 
200005a8  __TI_cleanup_ptr               
000029a9  __TI_decompress_lzss           
00003169  __TI_decompress_none           
200005ac  __TI_dtors_ptr                 
200005b0  __TI_enable_exit_profile_output
ffffffff  __TI_pprof_out_hndl            
ffffffff  __TI_prof_data_size            
ffffffff  __TI_prof_data_start           
00000000  __TI_static_base__             
0000318f  __TI_zero_init                 
00002661  __aeabi_cdcmpeq                
00002661  __aeabi_cdcmple                
000026e7  __aeabi_cdrcmple               
00002ca1  __aeabi_d2iz                   
00002d2f  __aeabi_d2uiz                  
00001eaf  __aeabi_dadd                   
0000205b  __aeabi_ddiv                   
000023d5  __aeabi_dmul                   
00001ea5  __aeabi_dsub                   
00002e25  __aeabi_f2d                    
00002ec5  __aeabi_i2d                    
000022c3  __aeabi_idiv0                  
000027e7  __aeabi_memclr                 
000027e7  __aeabi_memclr4                
000027e7  __aeabi_memclr8                
000025c5  __aeabi_memcpy                 
000025c5  __aeabi_memcpy4                
000025c5  __aeabi_memcpy8                
000027e9  __aeabi_memset                 
000027e9  __aeabi_memset4                
000027e9  __aeabi_memset8                
00002f61  __aeabi_ui2d                   
00002d73  __aeabi_uidiv                  
00002d73  __aeabi_uidivmod               
ffffffff  __binit__                      
ffffffff  __c_args__                     
00002db3  __mpu_init                     
2000026c  __stack                        
00003005  _args_main                     
00002ac9  _c_int00                       
200005b4  _lock                          
00003053  _nop                           
0000304b  _register_lock                 
00003045  _register_unlock               
00002f3f  _system_post_cinit             
00003225  _system_pre_init               
200005b8  _unlock                        
00002b21  abort                          
00000be5  adc2Vol                        
00001421  addADCIntHandler               
000013cd  addADC_Init                    
ffffffff  binit                          
00001151  checkIntegralLimit             
00000a7d  checkLimits                    
00000a27  clearDirection                 
00003468  clockFreq                      
000007f9  convert2C                      
00000821  convert2F                      
00000939  convert2PWMDuty                
00002c0d  copy_in                        
000011a5  deadBandCheck                  
0000029d  delayMS                        
200004a0  delta_t                        
00000a43  disableMotor                   
00000a35  enableMotor                    
20000594  errno                          
00002b29  exit                           
00001b79  exp                            
00001b79  expl                           
20000000  g_pfnRAMVectors                
00000000  g_pfnVectors                   
20000588  gamma_r                        
20000580  gamma_x                        
000007e7  getAvgTemp                     
000010b1  getControllerTimePeriod        
0000121d  getError                       
00000d07  getGlobalControllerFreq        
00000d1d  getGlobalControllerTicks       
000011d3  getGoalFlag                    
00001203  getGoalForce                   
00001675  getIncEncoderPosition          
0000120d  getKp                          
00000b87  getLoadCellValue               
00001235  getMRACoutput                  
00000a0f  getMotorPWMPeriod              
00001227  getPIDoutput                   
00001437  getaddADCVal                   
00000a6f  getglobaldirection             
00000a69  getglobalduty                  
2000050c  globalControllerFreq           
200004a8  globalControllerPeriod         
20000510  globalControllerTick           
20000564  globalDirection                
20000590  globalDummy                    
20000560  globalDutyCycle                
200004b0  goalPos                        
20000514  goalReached                    
20000598  i                              
00000565  initConsole                    
0000051d  initTimer0                     
20000518  loadCellValue                  
0000144d  logPID                         
20000534  loggerCount                    
000014d1  logger_Adaptive_ForceControl   
00001285  logger_PID_ForceControl        
00002861  main                           
200005c4  main_func_sp                   
00000ba1  measuredLoad                   
000025c5  memcpy                         
000027ef  memset                         
0000098d  motorSendCommand               
00000645  print_loadCell                 
200004b8  pwmDuty                        
200004c0  pwmPeriod                      
2000051c  rawTemp                        
200005a0  ref_input                      
200004c8  ref_sys                        
20000520  samplePeriod                   
00000a19  setDirection                   
00000cf7  setGlobalControllerFreq        
00000d0d  setGlobalControllerTicks       
000011d9  setGoalFlag                    
000011e9  setGoalForce                   
00000a51  setglobals4Motor               
2000052c  swingDir                       
20000530  swingDuty                      
20000528  swingloopCount                 
0000077b  tempSensor_Init                
000007d1  tempSensor_handler             
000007ed  tempSensor_startConversion     
200004d0  theta_r                        
200004d8  theta_r_final                  
20000570  theta_r_prev                   
200004e0  theta_x                        
200004e8  theta_x_final                  
20000568  theta_x_prev                   
200004f0  time                           
200004f8  x                              
20000500  x_ref                          


GLOBAL SYMBOLS: SORTED BY Symbol Address 

address   name                           
-------   ----                           
00000000  __TI_static_base__             
00000000  g_pfnVectors                   
00000200  __STACK_SIZE                   
0000026d  Clock_set_40MHz                
00000277  Clock_set_80MHz                
00000281  Clock_get_frequency            
00000289  EnableInterrupts               
00000291  Delay_cycle                    
0000029d  delayMS                        
000002b9  BlueLED_Init                   
000002eb  BlueLED_Set                    
000002f9  BlueLED_Clear                  
00000307  BlueLED_Toggle                 
0000032b  YellowLED_Init                 
00000347  YellowLED_Set                  
00000355  YellowLED_Clear                
00000363  YellowLED_Toggle               
00000387  Button1_Init                   
000003af  Button1_Input                  
000003c5  RGBled_Init                    
00000415  RGBled_Set                     
0000047f  RGBled_Toggle                  
00000507  Timer0IntHandler               
0000051d  initTimer0                     
00000565  initConsole                    
000005b1  Console_Send                   
000005d1  Logger_Init                    
00000645  print_loadCell                 
0000067b  LoggerIntHandler               
00000695  SerialMonitor_Init             
00000731  SerialMonitor_Loop             
0000074b  UARTIntHandler                 
0000077b  tempSensor_Init                
000007d1  tempSensor_handler             
000007e7  getAvgTemp                     
000007ed  tempSensor_startConversion     
000007f9  convert2C                      
00000821  convert2F                      
00000869  Motor_Init                     
00000905  Motor_SetDuty                  
00000939  convert2PWMDuty                
0000098d  motorSendCommand               
00000a0f  getMotorPWMPeriod              
00000a19  setDirection                   
00000a27  clearDirection                 
00000a35  enableMotor                    
00000a43  disableMotor                   
00000a51  setglobals4Motor               
00000a69  getglobalduty                  
00000a6f  getglobaldirection             
00000a7d  checkLimits                    
00000ad9  LoadCell_init                  
00000b87  getLoadCellValue               
00000ba1  measuredLoad                   
00000be5  adc2Vol                        
00000c19  Vol2Load                       
00000c45  LoadCellTrigger                
00000c59  LoadCellIntHandler             
00000c75  Controller_Init                
00000ce7  ControllerIntHandler           
00000cf7  setGlobalControllerFreq        
00000d07  getGlobalControllerFreq        
00000d0d  setGlobalControllerTicks       
00000d1d  getGlobalControllerTicks       
00000d2d  Swing_control                  
00000dad  PID_control                    
00000efd  Adaptive_control               
000010b1  getControllerTimePeriod        
000010e1  GetSystemTime                  
00001107  ControllerEnable               
00001125  Sgn                            
00001151  checkIntegralLimit             
000011a5  deadBandCheck                  
000011d3  getGoalFlag                    
000011d9  setGoalFlag                    
000011e9  setGoalForce                   
00001203  getGoalForce                   
0000120d  getKp                          
0000121d  getError                       
00001227  getPIDoutput                   
00001235  getMRACoutput                  
00001285  logger_PID_ForceControl        
000013cd  addADC_Init                    
00001421  addADCIntHandler               
00001437  getaddADCVal                   
0000144d  logPID                         
000014d1  logger_Adaptive_ForceControl   
00001627  IncEncoder_Init                
00001675  getIncEncoderPosition          
000016dd  UARTStdioConfig                
00001723  UARTwrite                      
00001769  UARTgets                       
00001823  UARTgetc                       
00001849  UARTvprintf                    
00001b43  UARTprintf                     
00001b79  exp                            
00001b79  expl                           
00001ea5  __aeabi_dsub                   
00001eaf  __aeabi_dadd                   
0000205b  __aeabi_ddiv                   
00002191  GPIOPadConfigSet               
000022c3  __aeabi_idiv0                  
000022c5  SysCtlClockGet                 
000023d5  __aeabi_dmul                   
000024d1  SysCtlClockSet                 
000025c5  __aeabi_memcpy                 
000025c5  __aeabi_memcpy4                
000025c5  __aeabi_memcpy8                
000025c5  memcpy                         
00002661  __aeabi_cdcmpeq                
00002661  __aeabi_cdcmple                
000026e7  __aeabi_cdrcmple               
0000276d  ADCSequenceStepConfigure       
000027e7  __aeabi_memclr                 
000027e7  __aeabi_memclr4                
000027e7  __aeabi_memclr8                
000027e9  __aeabi_memset                 
000027e9  __aeabi_memset4                
000027e9  __aeabi_memset8                
000027ef  memset                         
00002861  main                           
000028d1  __TI_auto_init                 
00002941  IntEnable                      
000029a9  __TI_decompress_lzss           
00002a11  TimerConfigure                 
00002a71  TimerControlTrigger            
00002ac9  _c_int00                       
00002b1d  C$$EXIT                        
00002b21  abort                          
00002b29  exit                           
00002b71  ADCSequenceConfigure           
00002c0d  copy_in                        
00002c59  GPIOPinConfigure               
00002ca1  __aeabi_d2iz                   
00002ce9  UARTConfigSetExpClk            
00002d2f  __aeabi_d2uiz                  
00002d73  __aeabi_uidiv                  
00002d73  __aeabi_uidivmod               
00002db3  __mpu_init                     
00002db5  SysCtlPeripheralPresent        
00002ded  SysCtlPeripheralReady          
00002e25  __aeabi_f2d                    
00002e5d  IntRegister                    
00002e91  SysCtlPeripheralEnable         
00002ec5  __aeabi_i2d                    
00002ef3  GPIODirModeSet                 
00002f1d  PWMGenConfigure                
00002f3f  _system_post_cinit             
00002f41  UARTDisable                    
00002f61  __aeabi_ui2d                   
00002f81  ADCSequenceDataGet             
00002f9f  PWMPulseWidthSet               
00002fbd  ADCProcessorTrigger            
00002fd5  GPIOPinTypeGPIOOutput          
00002fed  TimerIntRegister               
00003005  _args_main                     
0000301d  SysCtlPWMClockSet              
00003031  UARTEnable                     
00003045  _register_unlock               
0000304b  _register_lock                 
00003053  _nop                           
00003059  GPIOPinTypeADC                 
0000306b  GPIOPinTypeGPIOInput           
0000307d  GPIOPinTypePWM                 
0000308f  GPIOPinTypeQEI                 
000030a1  GPIOPinTypeUART                
000030b3  PWMOutputState                 
000030c5  TimerLoadSet                   
000030d7  ADCIntEnable                   
000030e7  IntMasterEnable                
000030f7  PWMGenPeriodSet                
00003107  ADCHardwareOversampleConfigure 
00003115  ADCSequenceEnable              
00003123  QEIConfigure                   
00003131  TimerEnable                    
0000313f  UARTCharGetNonBlocking         
0000314d  UARTCharPutNonBlocking         
0000315b  UARTCharsAvail                 
00003169  __TI_decompress_none           
00003177  CPUcpsie                       
00003183  PWMGenEnable                   
0000318f  __TI_zero_init                 
0000319b  ResetISR                       
000031a7  ADCIntClear                    
000031b1  QEIDisable                     
000031bb  QEIEnable                      
000031c5  QEIIntDisable                  
000031cf  UARTCharGet                    
000031d9  UARTCharPut                    
000031e3  UARTIntStatus                  
000031ed  TimerIntEnable                 
000031f5  UARTIntEnable                  
000031fd  GPIOPinRead                    
00003203  GPIOPinWrite                   
00003209  SysCtlDelay                    
0000320f  UARTClockSourceSet             
00003215  QEIPositionGet                 
00003219  QEIPositionSet                 
0000321d  TimerIntClear                  
00003221  UARTIntClear                   
00003225  _system_pre_init               
00003468  clockFreq                      
0000346c  PWMclockFreq                   
00003470  MinSteadyError                 
00003478  MaxSteadyError                 
00003480  DEADBAND                       
00003488  BIAS                           
000034fc  __TI_Handler_Table_Base        
00003508  __TI_Handler_Table_Limit       
00003518  __TI_CINIT_Base                
00003530  __TI_CINIT_Limit               
20000000  g_pfnRAMVectors                
2000026c  __stack                        
2000046c  __STACK_END                    
2000046c  __STACK_TOP                    
20000470  D                              
20000478  ERROR                          
20000480  I                              
20000488  Kp                             
20000490  P                              
20000498  PID_OUT                        
200004a0  delta_t                        
200004a8  globalControllerPeriod         
200004b0  goalPos                        
200004b8  pwmDuty                        
200004c0  pwmPeriod                      
200004c8  ref_sys                        
200004d0  theta_r                        
200004d8  theta_r_final                  
200004e0  theta_x                        
200004e8  theta_x_final                  
200004f0  time                           
200004f8  x                              
20000500  x_ref                          
20000508  ADCValue                       
2000050c  globalControllerFreq           
20000510  globalControllerTick           
20000514  goalReached                    
20000518  loadCellValue                  
2000051c  rawTemp                        
20000520  samplePeriod                   
20000528  swingloopCount                 
2000052c  swingDir                       
20000530  swingDuty                      
20000534  loggerCount                    
20000538  LAST_ERROR                     
20000540  TOTAL_ERROR                    
20000548  Kbar                           
20000550  Ki                             
20000558  Kd                             
20000560  globalDutyCycle                
20000564  globalDirection                
20000568  theta_x_prev                   
20000570  theta_r_prev                   
20000578  MRAC_OUT                       
20000580  gamma_x                        
20000588  gamma_r                        
20000590  globalDummy                    
20000594  errno                          
20000598  i                              
200005a0  ref_input                      
200005a8  __TI_cleanup_ptr               
200005ac  __TI_dtors_ptr                 
200005b0  __TI_enable_exit_profile_output
200005b4  _lock                          
200005b8  _unlock                        
200005c4  main_func_sp                   
ffffffff  __TI_pprof_out_hndl            
ffffffff  __TI_prof_data_size            
ffffffff  __TI_prof_data_start           
ffffffff  __binit__                      
ffffffff  __c_args__                     
ffffffff  binit                          
UNDEFED   SHT$$INIT_ARRAY$$Base          
UNDEFED   SHT$$INIT_ARRAY$$Limit         

[275 symbols]
