<?xml version="1.0"?>
<link_info>
   <banner>TI ARM Linker PC v17.3.0.STS</banner>
   <copyright>Copyright (c) 1996-2017 Texas Instruments Incorporated</copyright>
   <link_time>0x594e76e3</link_time>
   <link_errors>0x0</link_errors>
   <output_file>BSP.out</output_file>
   <entry_point>
      <name>_c_int00</name>
      <address>0x24f9</address>
   </entry_point>
   <input_file_list>
      <input_file id="fl-2">
         <path>.\</path>
         <kind>object</kind>
         <file>ForceControlTest.obj</file>
         <name>ForceControlTest.obj</name>
      </input_file>
      <input_file id="fl-3">
         <path>.\</path>
         <kind>object</kind>
         <file>pwmTest.obj</file>
         <name>pwmTest.obj</name>
      </input_file>
      <input_file id="fl-4">
         <path>.\</path>
         <kind>object</kind>
         <file>slug.obj</file>
         <name>slug.obj</name>
      </input_file>
      <input_file id="fl-5">
         <path>.\</path>
         <kind>object</kind>
         <file>slugTest.obj</file>
         <name>slugTest.obj</name>
      </input_file>
      <input_file id="fl-6">
         <path>.\</path>
         <kind>object</kind>
         <file>testDataCollection.obj</file>
         <name>testDataCollection.obj</name>
      </input_file>
      <input_file id="fl-7">
         <path>.\</path>
         <kind>object</kind>
         <file>tm4c123gh6pm_startup_ccs.obj</file>
         <name>tm4c123gh6pm_startup_ccs.obj</name>
      </input_file>
      <input_file id="fl-8">
         <path>.\</path>
         <kind>object</kind>
         <file>uartstdio.obj</file>
         <name>uartstdio.obj</name>
      </input_file>
      <input_file id="fl-9">
         <path>.\PinOuts\</path>
         <kind>object</kind>
         <file>pinout.obj</file>
         <name>pinout.obj</name>
      </input_file>
      <input_file id="fl-a">
         <path>.\Testing\</path>
         <kind>object</kind>
         <file>testPeripherals.obj</file>
         <name>testPeripherals.obj</name>
      </input_file>
      <input_file id="fl-f">
         <kind>object</kind>
         <file>&lt;internal&gt;</file>
         <name>&lt;internal&gt;</name>
      </input_file>
      <input_file id="fl-c5">
         <path>C:\ti\ccsv7\tools\compiler\ti-cgt-arm_17.3.0.STS\lib\</path>
         <kind>archive</kind>
         <file>rtsv7M4_T_le_v4SPD16_eabi.lib</file>
         <name>boot.obj</name>
      </input_file>
      <input_file id="fl-c6">
         <path>C:\ti\ccsv7\tools\compiler\ti-cgt-arm_17.3.0.STS\lib\</path>
         <kind>archive</kind>
         <file>rtsv7M4_T_le_v4SPD16_eabi.lib</file>
         <name>copy_decompress_lzss.obj</name>
      </input_file>
      <input_file id="fl-c7">
         <path>C:\ti\ccsv7\tools\compiler\ti-cgt-arm_17.3.0.STS\lib\</path>
         <kind>archive</kind>
         <file>rtsv7M4_T_le_v4SPD16_eabi.lib</file>
         <name>copy_decompress_none.obj</name>
      </input_file>
      <input_file id="fl-c8">
         <path>C:\ti\ccsv7\tools\compiler\ti-cgt-arm_17.3.0.STS\lib\</path>
         <kind>archive</kind>
         <file>rtsv7M4_T_le_v4SPD16_eabi.lib</file>
         <name>copy_zero_init.obj</name>
      </input_file>
      <input_file id="fl-c9">
         <path>C:\ti\ccsv7\tools\compiler\ti-cgt-arm_17.3.0.STS\lib\</path>
         <kind>archive</kind>
         <file>rtsv7M4_T_le_v4SPD16_eabi.lib</file>
         <name>exit.obj</name>
      </input_file>
      <input_file id="fl-ca">
         <path>C:\ti\ccsv7\tools\compiler\ti-cgt-arm_17.3.0.STS\lib\</path>
         <kind>archive</kind>
         <file>rtsv7M4_T_le_v4SPD16_eabi.lib</file>
         <name>fd_add_t2.obj</name>
      </input_file>
      <input_file id="fl-cb">
         <path>C:\ti\ccsv7\tools\compiler\ti-cgt-arm_17.3.0.STS\lib\</path>
         <kind>archive</kind>
         <file>rtsv7M4_T_le_v4SPD16_eabi.lib</file>
         <name>fd_cmp_t2.obj</name>
      </input_file>
      <input_file id="fl-cc">
         <path>C:\ti\ccsv7\tools\compiler\ti-cgt-arm_17.3.0.STS\lib\</path>
         <kind>archive</kind>
         <file>rtsv7M4_T_le_v4SPD16_eabi.lib</file>
         <name>fd_div_t2.obj</name>
      </input_file>
      <input_file id="fl-cd">
         <path>C:\ti\ccsv7\tools\compiler\ti-cgt-arm_17.3.0.STS\lib\</path>
         <kind>archive</kind>
         <file>rtsv7M4_T_le_v4SPD16_eabi.lib</file>
         <name>fd_mul_t2.obj</name>
      </input_file>
      <input_file id="fl-ce">
         <path>C:\ti\ccsv7\tools\compiler\ti-cgt-arm_17.3.0.STS\lib\</path>
         <kind>archive</kind>
         <file>rtsv7M4_T_le_v4SPD16_eabi.lib</file>
         <name>fd_toi_t2.obj</name>
      </input_file>
      <input_file id="fl-cf">
         <path>C:\ti\ccsv7\tools\compiler\ti-cgt-arm_17.3.0.STS\lib\</path>
         <kind>archive</kind>
         <file>rtsv7M4_T_le_v4SPD16_eabi.lib</file>
         <name>fd_tos_t2.obj</name>
      </input_file>
      <input_file id="fl-d0">
         <path>C:\ti\ccsv7\tools\compiler\ti-cgt-arm_17.3.0.STS\lib\</path>
         <kind>archive</kind>
         <file>rtsv7M4_T_le_v4SPD16_eabi.lib</file>
         <name>fd_tou_t2.obj</name>
      </input_file>
      <input_file id="fl-d1">
         <path>C:\ti\ccsv7\tools\compiler\ti-cgt-arm_17.3.0.STS\lib\</path>
         <kind>archive</kind>
         <file>rtsv7M4_T_le_v4SPD16_eabi.lib</file>
         <name>fs_tod_t2.obj</name>
      </input_file>
      <input_file id="fl-d2">
         <path>C:\ti\ccsv7\tools\compiler\ti-cgt-arm_17.3.0.STS\lib\</path>
         <kind>archive</kind>
         <file>rtsv7M4_T_le_v4SPD16_eabi.lib</file>
         <name>i_tofd_t2.obj</name>
      </input_file>
      <input_file id="fl-d3">
         <path>C:\ti\ccsv7\tools\compiler\ti-cgt-arm_17.3.0.STS\lib\</path>
         <kind>archive</kind>
         <file>rtsv7M4_T_le_v4SPD16_eabi.lib</file>
         <name>memcpy_t2.obj</name>
      </input_file>
      <input_file id="fl-d4">
         <path>C:\ti\ccsv7\tools\compiler\ti-cgt-arm_17.3.0.STS\lib\</path>
         <kind>archive</kind>
         <file>rtsv7M4_T_le_v4SPD16_eabi.lib</file>
         <name>memset_t2.obj</name>
      </input_file>
      <input_file id="fl-d5">
         <path>C:\ti\ccsv7\tools\compiler\ti-cgt-arm_17.3.0.STS\lib\</path>
         <kind>archive</kind>
         <file>rtsv7M4_T_le_v4SPD16_eabi.lib</file>
         <name>mpu_init.obj</name>
      </input_file>
      <input_file id="fl-d6">
         <path>C:\ti\ccsv7\tools\compiler\ti-cgt-arm_17.3.0.STS\lib\</path>
         <kind>archive</kind>
         <file>rtsv7M4_T_le_v4SPD16_eabi.lib</file>
         <name>pre_init.obj</name>
      </input_file>
      <input_file id="fl-d7">
         <path>C:\ti\ccsv7\tools\compiler\ti-cgt-arm_17.3.0.STS\lib\</path>
         <kind>archive</kind>
         <file>rtsv7M4_T_le_v4SPD16_eabi.lib</file>
         <name>stkdepth_vars.obj</name>
      </input_file>
      <input_file id="fl-d8">
         <path>C:\ti\ccsv7\tools\compiler\ti-cgt-arm_17.3.0.STS\lib\</path>
         <kind>archive</kind>
         <file>rtsv7M4_T_le_v4SPD16_eabi.lib</file>
         <name>u_divt2.obj</name>
      </input_file>
      <input_file id="fl-d9">
         <path>C:\ti\ccsv7\tools\compiler\ti-cgt-arm_17.3.0.STS\lib\</path>
         <kind>archive</kind>
         <file>rtsv7M4_T_le_v4SPD16_eabi.lib</file>
         <name>u_tofd_t2.obj</name>
      </input_file>
      <input_file id="fl-da">
         <path>C:\ti\ccsv7\tools\compiler\ti-cgt-arm_17.3.0.STS\lib\</path>
         <kind>archive</kind>
         <file>rtsv7M4_T_le_v4SPD16_eabi.lib</file>
         <name>_lock.obj</name>
      </input_file>
      <input_file id="fl-db">
         <path>C:\ti\ccsv7\tools\compiler\ti-cgt-arm_17.3.0.STS\lib\</path>
         <kind>archive</kind>
         <file>rtsv7M4_T_le_v4SPD16_eabi.lib</file>
         <name>args_main.obj</name>
      </input_file>
      <input_file id="fl-dc">
         <path>C:\ti\ccsv7\tools\compiler\ti-cgt-arm_17.3.0.STS\lib\</path>
         <kind>archive</kind>
         <file>rtsv7M4_T_le_v4SPD16_eabi.lib</file>
         <name>autoinit.obj</name>
      </input_file>
      <input_file id="fl-dd">
         <path>C:\ti\ccsv7\tools\compiler\ti-cgt-arm_17.3.0.STS\lib\</path>
         <kind>archive</kind>
         <file>rtsv7M4_T_le_v4SPD16_eabi.lib</file>
         <name>cpy_tbl.obj</name>
      </input_file>
      <input_file id="fl-de">
         <path>C:\ti\ccsv7\tools\compiler\ti-cgt-arm_17.3.0.STS\lib\</path>
         <kind>archive</kind>
         <file>rtsv7M4_T_le_v4SPD16_eabi.lib</file>
         <name>i_div0.obj</name>
      </input_file>
      <input_file id="fl-df">
         <path>C:\ti\ccsv7\tools\compiler\ti-cgt-arm_17.3.0.STS\lib\</path>
         <kind>archive</kind>
         <file>rtsv7M4_T_le_v4SPD16_eabi.lib</file>
         <name>startup.obj</name>
      </input_file>
      <input_file id="fl-e0">
         <path>C:\ti\TivaWare_C_Series-2.1.4.178\driverlib\ccs\Debug\</path>
         <kind>archive</kind>
         <file>driverlib.lib</file>
         <name>adc.obj</name>
      </input_file>
      <input_file id="fl-e1">
         <path>C:\ti\TivaWare_C_Series-2.1.4.178\driverlib\ccs\Debug\</path>
         <kind>archive</kind>
         <file>driverlib.lib</file>
         <name>gpio.obj</name>
      </input_file>
      <input_file id="fl-e2">
         <path>C:\ti\TivaWare_C_Series-2.1.4.178\driverlib\ccs\Debug\</path>
         <kind>archive</kind>
         <file>driverlib.lib</file>
         <name>interrupt.obj</name>
      </input_file>
      <input_file id="fl-e3">
         <path>C:\ti\TivaWare_C_Series-2.1.4.178\driverlib\ccs\Debug\</path>
         <kind>archive</kind>
         <file>driverlib.lib</file>
         <name>pwm.obj</name>
      </input_file>
      <input_file id="fl-e4">
         <path>C:\ti\TivaWare_C_Series-2.1.4.178\driverlib\ccs\Debug\</path>
         <kind>archive</kind>
         <file>driverlib.lib</file>
         <name>sysctl.obj</name>
      </input_file>
      <input_file id="fl-e5">
         <path>C:\ti\TivaWare_C_Series-2.1.4.178\driverlib\ccs\Debug\</path>
         <kind>archive</kind>
         <file>driverlib.lib</file>
         <name>timer.obj</name>
      </input_file>
      <input_file id="fl-e6">
         <path>C:\ti\TivaWare_C_Series-2.1.4.178\driverlib\ccs\Debug\</path>
         <kind>archive</kind>
         <file>driverlib.lib</file>
         <name>uart.obj</name>
      </input_file>
      <input_file id="fl-e7">
         <path>C:\ti\TivaWare_C_Series-2.1.4.178\driverlib\ccs\Debug\</path>
         <kind>archive</kind>
         <file>driverlib.lib</file>
         <name>cpu.obj</name>
      </input_file>
   </input_file_list>
   <object_component_list>
      <object_component id="oc-f">
         <name>.intvecs</name>
         <load_address>0x0</load_address>
         <run_address>0x0</run_address>
         <size>0x26c</size>
         <input_file_ref idref="fl-7"/>
      </object_component>
      <object_component id="oc-31">
         <name>.text</name>
         <load_address>0x26c</load_address>
         <run_address>0x26c</run_address>
         <size>0xed0</size>
         <input_file_ref idref="fl-4"/>
      </object_component>
      <object_component id="oc-f3">
         <name>.text</name>
         <load_address>0x113c</load_address>
         <run_address>0x113c</run_address>
         <size>0x49c</size>
         <input_file_ref idref="fl-8"/>
      </object_component>
      <object_component id="oc-21e">
         <name>.text</name>
         <load_address>0x15d8</load_address>
         <run_address>0x15d8</run_address>
         <size>0x2fc</size>
         <input_file_ref idref="fl-5"/>
      </object_component>
      <object_component id="oc-172">
         <name>.text</name>
         <load_address>0x18d4</load_address>
         <run_address>0x18d4</run_address>
         <size>0x1b6</size>
         <input_file_ref idref="fl-ca"/>
      </object_component>
      <object_component id="oc-195">
         <name>.text</name>
         <load_address>0x1a8a</load_address>
         <run_address>0x1a8a</run_address>
         <size>0x136</size>
         <input_file_ref idref="fl-cc"/>
      </object_component>
      <object_component id="oc-b7">
         <name>.text:GPIOPadConfigSet</name>
         <load_address>0x1bc0</load_address>
         <run_address>0x1bc0</run_address>
         <size>0x132</size>
         <input_file_ref idref="fl-e1"/>
      </object_component>
      <object_component id="oc-313">
         <name>.text</name>
         <load_address>0x1cf2</load_address>
         <run_address>0x1cf2</run_address>
         <size>0x2</size>
         <input_file_ref idref="fl-de"/>
      </object_component>
      <object_component id="oc-86">
         <name>.text:SysCtlClockGet</name>
         <load_address>0x1cf4</load_address>
         <run_address>0x1cf4</run_address>
         <size>0x110</size>
         <input_file_ref idref="fl-e4"/>
      </object_component>
      <object_component id="oc-177">
         <name>.text</name>
         <load_address>0x1e04</load_address>
         <run_address>0x1e04</run_address>
         <size>0xfc</size>
         <input_file_ref idref="fl-cd"/>
      </object_component>
      <object_component id="oc-80">
         <name>.text:SysCtlClockSet</name>
         <load_address>0x1f00</load_address>
         <run_address>0x1f00</run_address>
         <size>0xf4</size>
         <input_file_ref idref="fl-e4"/>
      </object_component>
      <object_component id="oc-45">
         <name>.text</name>
         <load_address>0x1ff4</load_address>
         <run_address>0x1ff4</run_address>
         <size>0x9c</size>
         <input_file_ref idref="fl-d3"/>
      </object_component>
      <object_component id="oc-17c">
         <name>.text:__aeabi_cdcmple</name>
         <load_address>0x2090</load_address>
         <run_address>0x2090</run_address>
         <size>0x86</size>
         <input_file_ref idref="fl-cb"/>
      </object_component>
      <object_component id="oc-1d8">
         <name>.text:__aeabi_cdrcmple</name>
         <load_address>0x2116</load_address>
         <run_address>0x2116</run_address>
         <size>0x86</size>
         <input_file_ref idref="fl-cb"/>
      </object_component>
      <object_component id="oc-141">
         <name>.text:ADCSequenceStepConfigure</name>
         <load_address>0x219c</load_address>
         <run_address>0x219c</run_address>
         <size>0x7a</size>
         <input_file_ref idref="fl-e0"/>
      </object_component>
      <object_component id="oc-51">
         <name>.text</name>
         <load_address>0x2216</load_address>
         <run_address>0x2216</run_address>
         <size>0x7a</size>
         <input_file_ref idref="fl-d4"/>
      </object_component>
      <object_component id="oc-69">
         <name>.text</name>
         <load_address>0x2290</load_address>
         <run_address>0x2290</run_address>
         <size>0x70</size>
         <input_file_ref idref="fl-dc"/>
      </object_component>
      <object_component id="oc-1c4">
         <name>.text</name>
         <load_address>0x2300</load_address>
         <run_address>0x2300</run_address>
         <size>0x6e</size>
         <input_file_ref idref="fl-cf"/>
      </object_component>
      <object_component id="oc-5d">
         <name>.text</name>
         <load_address>0x236e</load_address>
         <run_address>0x236e</run_address>
         <size>0x2</size>
         <input_file_ref idref="fl-d5"/>
      </object_component>
      <object_component id="oc-cf">
         <name>.text:IntEnable</name>
         <load_address>0x2370</load_address>
         <run_address>0x2370</run_address>
         <size>0x68</size>
         <input_file_ref idref="fl-e2"/>
      </object_component>
      <object_component id="oc-12">
         <name>.text:decompress:lzss</name>
         <load_address>0x23d8</load_address>
         <run_address>0x23d8</run_address>
         <size>0x68</size>
         <input_file_ref idref="fl-c6"/>
      </object_component>
      <object_component id="oc-c3">
         <name>.text:TimerConfigure</name>
         <load_address>0x2440</load_address>
         <run_address>0x2440</run_address>
         <size>0x60</size>
         <input_file_ref idref="fl-e5"/>
      </object_component>
      <object_component id="oc-187">
         <name>.text:TimerControlTrigger</name>
         <load_address>0x24a0</load_address>
         <run_address>0x24a0</run_address>
         <size>0x58</size>
         <input_file_ref idref="fl-e5"/>
      </object_component>
      <object_component id="oc-24">
         <name>.text</name>
         <load_address>0x24f8</load_address>
         <run_address>0x24f8</run_address>
         <size>0x54</size>
         <input_file_ref idref="fl-c5"/>
      </object_component>
      <object_component id="oc-75">
         <name>.text</name>
         <load_address>0x254c</load_address>
         <run_address>0x254c</run_address>
         <size>0x54</size>
         <input_file_ref idref="fl-c9"/>
      </object_component>
      <object_component id="oc-13b">
         <name>.text:ADCSequenceConfigure</name>
         <load_address>0x25a0</load_address>
         <run_address>0x25a0</run_address>
         <size>0x50</size>
         <input_file_ref idref="fl-e0"/>
      </object_component>
      <object_component id="oc-282">
         <name>.text:_TimerIntNumberGet</name>
         <load_address>0x25f0</load_address>
         <run_address>0x25f0</run_address>
         <size>0x4c</size>
         <input_file_ref idref="fl-e5"/>
      </object_component>
      <object_component id="oc-210">
         <name>.text</name>
         <load_address>0x263c</load_address>
         <run_address>0x263c</run_address>
         <size>0x4c</size>
         <input_file_ref idref="fl-dd"/>
      </object_component>
      <object_component id="oc-e1">
         <name>.text:GPIOPinConfigure</name>
         <load_address>0x2688</load_address>
         <run_address>0x2688</run_address>
         <size>0x48</size>
         <input_file_ref idref="fl-e1"/>
      </object_component>
      <object_component id="oc-168">
         <name>.text</name>
         <load_address>0x26d0</load_address>
         <run_address>0x26d0</run_address>
         <size>0x48</size>
         <input_file_ref idref="fl-ce"/>
      </object_component>
      <object_component id="oc-ff">
         <name>.text:UARTConfigSetExpClk</name>
         <load_address>0x2718</load_address>
         <run_address>0x2718</run_address>
         <size>0x46</size>
         <input_file_ref idref="fl-e6"/>
      </object_component>
      <object_component id="oc-1ce">
         <name>.text</name>
         <load_address>0x275e</load_address>
         <run_address>0x275e</run_address>
         <size>0x44</size>
         <input_file_ref idref="fl-d0"/>
      </object_component>
      <object_component id="oc-273">
         <name>.text</name>
         <load_address>0x27a2</load_address>
         <run_address>0x27a2</run_address>
         <size>0x40</size>
         <input_file_ref idref="fl-d8"/>
      </object_component>
      <object_component id="oc-216">
         <name>.text</name>
         <load_address>0x27e2</load_address>
         <run_address>0x27e2</run_address>
         <size>0x2</size>
         <input_file_ref idref="fl-df"/>
      </object_component>
      <object_component id="oc-25e">
         <name>.text:SysCtlPeripheralPresent</name>
         <load_address>0x27e4</load_address>
         <run_address>0x27e4</run_address>
         <size>0x38</size>
         <input_file_ref idref="fl-e4"/>
      </object_component>
      <object_component id="oc-99">
         <name>.text:SysCtlPeripheralReady</name>
         <load_address>0x281c</load_address>
         <run_address>0x281c</run_address>
         <size>0x38</size>
         <input_file_ref idref="fl-e4"/>
      </object_component>
      <object_component id="oc-1c9">
         <name>.text</name>
         <load_address>0x2854</load_address>
         <run_address>0x2854</run_address>
         <size>0x38</size>
         <input_file_ref idref="fl-d1"/>
      </object_component>
      <object_component id="oc-288">
         <name>.text:IntRegister</name>
         <load_address>0x288c</load_address>
         <run_address>0x288c</run_address>
         <size>0x34</size>
         <input_file_ref idref="fl-e2"/>
      </object_component>
      <object_component id="oc-93">
         <name>.text:SysCtlPeripheralEnable</name>
         <load_address>0x28c0</load_address>
         <run_address>0x28c0</run_address>
         <size>0x34</size>
         <input_file_ref idref="fl-e4"/>
      </object_component>
      <object_component id="oc-16d">
         <name>.text</name>
         <load_address>0x28f4</load_address>
         <run_address>0x28f4</run_address>
         <size>0x2e</size>
         <input_file_ref idref="fl-d2"/>
      </object_component>
      <object_component id="oc-240">
         <name>.text:GPIODirModeSet</name>
         <load_address>0x2922</load_address>
         <run_address>0x2922</run_address>
         <size>0x2a</size>
         <input_file_ref idref="fl-e1"/>
      </object_component>
      <object_component id="oc-1a6">
         <name>.text:PWMGenConfigure</name>
         <load_address>0x294c</load_address>
         <run_address>0x294c</run_address>
         <size>0x22</size>
         <input_file_ref idref="fl-e3"/>
      </object_component>
      <object_component id="oc-28f">
         <name>.text:UARTDisable</name>
         <load_address>0x2970</load_address>
         <run_address>0x2970</run_address>
         <size>0x20</size>
         <input_file_ref idref="fl-e6"/>
      </object_component>
      <object_component id="oc-190">
         <name>.text</name>
         <load_address>0x2990</load_address>
         <run_address>0x2990</run_address>
         <size>0x20</size>
         <input_file_ref idref="fl-d9"/>
      </object_component>
      <object_component id="oc-159">
         <name>.text:ADCSequenceDataGet</name>
         <load_address>0x29b0</load_address>
         <run_address>0x29b0</run_address>
         <size>0x1e</size>
         <input_file_ref idref="fl-e0"/>
      </object_component>
      <object_component id="oc-1b2">
         <name>.text:PWMPulseWidthSet</name>
         <load_address>0x29ce</load_address>
         <run_address>0x29ce</run_address>
         <size>0x1e</size>
         <input_file_ref idref="fl-e3"/>
      </object_component>
      <object_component id="oc-15f">
         <name>.text:ADCProcessorTrigger</name>
         <load_address>0x29ec</load_address>
         <run_address>0x29ec</run_address>
         <size>0x18</size>
         <input_file_ref idref="fl-e0"/>
      </object_component>
      <object_component id="oc-9f">
         <name>.text:GPIOPinTypeGPIOOutput</name>
         <load_address>0x2a04</load_address>
         <run_address>0x2a04</run_address>
         <size>0x18</size>
         <input_file_ref idref="fl-e1"/>
      </object_component>
      <object_component id="oc-f9">
         <name>.text:TimerIntRegister</name>
         <load_address>0x2a1c</load_address>
         <run_address>0x2a1c</run_address>
         <size>0x18</size>
         <input_file_ref idref="fl-e5"/>
      </object_component>
      <object_component id="oc-6f">
         <name>.text</name>
         <load_address>0x2a34</load_address>
         <run_address>0x2a34</run_address>
         <size>0x18</size>
         <input_file_ref idref="fl-db"/>
      </object_component>
      <object_component id="oc-19a">
         <name>.text:SysCtlPWMClockSet</name>
         <load_address>0x2a4c</load_address>
         <run_address>0x2a4c</run_address>
         <size>0x14</size>
         <input_file_ref idref="fl-e4"/>
      </object_component>
      <object_component id="oc-264">
         <name>.text:UARTEnable</name>
         <load_address>0x2a60</load_address>
         <run_address>0x2a60</run_address>
         <size>0x14</size>
         <input_file_ref idref="fl-e6"/>
      </object_component>
      <object_component id="oc-2e8">
         <name>.text</name>
         <load_address>0x2a74</load_address>
         <run_address>0x2a74</run_address>
         <size>0x14</size>
         <input_file_ref idref="fl-da"/>
      </object_component>
      <object_component id="oc-181">
         <name>.text:GPIOPinTypeADC</name>
         <load_address>0x2a88</load_address>
         <run_address>0x2a88</run_address>
         <size>0x12</size>
         <input_file_ref idref="fl-e1"/>
      </object_component>
      <object_component id="oc-b1">
         <name>.text:GPIOPinTypeGPIOInput</name>
         <load_address>0x2a9a</load_address>
         <run_address>0x2a9a</run_address>
         <size>0x12</size>
         <input_file_ref idref="fl-e1"/>
      </object_component>
      <object_component id="oc-1a0">
         <name>.text:GPIOPinTypePWM</name>
         <load_address>0x2aac</load_address>
         <run_address>0x2aac</run_address>
         <size>0x12</size>
         <input_file_ref idref="fl-e1"/>
      </object_component>
      <object_component id="oc-e7">
         <name>.text:GPIOPinTypeUART</name>
         <load_address>0x2abe</load_address>
         <run_address>0x2abe</run_address>
         <size>0x12</size>
         <input_file_ref idref="fl-e1"/>
      </object_component>
      <object_component id="oc-1b8">
         <name>.text:PWMOutputState</name>
         <load_address>0x2ad0</load_address>
         <run_address>0x2ad0</run_address>
         <size>0x12</size>
         <input_file_ref idref="fl-e3"/>
      </object_component>
      <object_component id="oc-c9">
         <name>.text:TimerLoadSet</name>
         <load_address>0x2ae2</load_address>
         <run_address>0x2ae2</run_address>
         <size>0x12</size>
         <input_file_ref idref="fl-e5"/>
      </object_component>
      <object_component id="oc-153">
         <name>.text:ADCIntEnable</name>
         <load_address>0x2af4</load_address>
         <run_address>0x2af4</run_address>
         <size>0x10</size>
         <input_file_ref idref="fl-e0"/>
      </object_component>
      <object_component id="oc-8c">
         <name>.text:IntMasterEnable</name>
         <load_address>0x2b04</load_address>
         <run_address>0x2b04</run_address>
         <size>0x10</size>
         <input_file_ref idref="fl-e2"/>
      </object_component>
      <object_component id="oc-1ac">
         <name>.text:PWMGenPeriodSet</name>
         <load_address>0x2b14</load_address>
         <run_address>0x2b14</run_address>
         <size>0x10</size>
         <input_file_ref idref="fl-e3"/>
      </object_component>
      <object_component id="oc-135">
         <name>.text:ADCHardwareOversampleConfigure</name>
         <load_address>0x2b24</load_address>
         <run_address>0x2b24</run_address>
         <size>0xe</size>
         <input_file_ref idref="fl-e0"/>
      </object_component>
      <object_component id="oc-147">
         <name>.text:ADCSequenceEnable</name>
         <load_address>0x2b32</load_address>
         <run_address>0x2b32</run_address>
         <size>0xe</size>
         <input_file_ref idref="fl-e0"/>
      </object_component>
      <object_component id="oc-db">
         <name>.text:TimerEnable</name>
         <load_address>0x2b40</load_address>
         <run_address>0x2b40</run_address>
         <size>0xe</size>
         <input_file_ref idref="fl-e5"/>
      </object_component>
      <object_component id="oc-129">
         <name>.text:UARTCharGetNonBlocking</name>
         <load_address>0x2b4e</load_address>
         <run_address>0x2b4e</run_address>
         <size>0xe</size>
         <input_file_ref idref="fl-e6"/>
      </object_component>
      <object_component id="oc-12f">
         <name>.text:UARTCharPutNonBlocking</name>
         <load_address>0x2b5c</load_address>
         <run_address>0x2b5c</run_address>
         <size>0xe</size>
         <input_file_ref idref="fl-e6"/>
      </object_component>
      <object_component id="oc-111">
         <name>.text:UARTCharsAvail</name>
         <load_address>0x2b6a</load_address>
         <run_address>0x2b6a</run_address>
         <size>0xe</size>
         <input_file_ref idref="fl-e6"/>
      </object_component>
      <object_component id="oc-18">
         <name>.text:decompress:none</name>
         <load_address>0x2b78</load_address>
         <run_address>0x2b78</run_address>
         <size>0xe</size>
         <input_file_ref idref="fl-c7"/>
      </object_component>
      <object_component id="oc-237">
         <name>.text:CPUcpsie</name>
         <load_address>0x2b86</load_address>
         <run_address>0x2b86</run_address>
         <size>0xc</size>
         <input_file_ref idref="fl-e7"/>
      </object_component>
      <object_component id="oc-1be">
         <name>.text:PWMGenEnable</name>
         <load_address>0x2b92</load_address>
         <run_address>0x2b92</run_address>
         <size>0xc</size>
         <input_file_ref idref="fl-e3"/>
      </object_component>
      <object_component id="oc-1e">
         <name>.text:decompress:ZI</name>
         <load_address>0x2b9e</load_address>
         <run_address>0x2b9e</run_address>
         <size>0xc</size>
         <input_file_ref idref="fl-c8"/>
      </object_component>
      <object_component id="oc-2b">
         <name>.text</name>
         <load_address>0x2baa</load_address>
         <run_address>0x2baa</run_address>
         <size>0xc</size>
         <input_file_ref idref="fl-7"/>
      </object_component>
      <object_component id="oc-14d">
         <name>.text:ADCIntClear</name>
         <load_address>0x2bb6</load_address>
         <run_address>0x2bb6</run_address>
         <size>0xa</size>
         <input_file_ref idref="fl-e0"/>
      </object_component>
      <object_component id="oc-117">
         <name>.text:UARTCharGet</name>
         <load_address>0x2bc0</load_address>
         <run_address>0x2bc0</run_address>
         <size>0xa</size>
         <input_file_ref idref="fl-e6"/>
      </object_component>
      <object_component id="oc-10b">
         <name>.text:UARTCharPut</name>
         <load_address>0x2bca</load_address>
         <run_address>0x2bca</run_address>
         <size>0xa</size>
         <input_file_ref idref="fl-e6"/>
      </object_component>
      <object_component id="oc-11d">
         <name>.text:UARTIntStatus</name>
         <load_address>0x2bd4</load_address>
         <run_address>0x2bd4</run_address>
         <size>0xa</size>
         <input_file_ref idref="fl-e6"/>
      </object_component>
      <object_component id="oc-d5">
         <name>.text:TimerIntEnable</name>
         <load_address>0x2bde</load_address>
         <run_address>0x2bde</run_address>
         <size>0x8</size>
         <input_file_ref idref="fl-e5"/>
      </object_component>
      <object_component id="oc-105">
         <name>.text:UARTIntEnable</name>
         <load_address>0x2be6</load_address>
         <run_address>0x2be6</run_address>
         <size>0x8</size>
         <input_file_ref idref="fl-e6"/>
      </object_component>
      <object_component id="oc-ab">
         <name>.text:GPIOPinRead</name>
         <load_address>0x2bee</load_address>
         <run_address>0x2bee</run_address>
         <size>0x6</size>
         <input_file_ref idref="fl-e1"/>
      </object_component>
      <object_component id="oc-a5">
         <name>.text:GPIOPinWrite</name>
         <load_address>0x2bf4</load_address>
         <run_address>0x2bf4</run_address>
         <size>0x6</size>
         <input_file_ref idref="fl-e1"/>
      </object_component>
      <object_component id="oc-92">
         <name>.text:SysCtlDelay</name>
         <load_address>0x2bfa</load_address>
         <run_address>0x2bfa</run_address>
         <size>0x6</size>
         <input_file_ref idref="fl-e4"/>
      </object_component>
      <object_component id="oc-ed">
         <name>.text:UARTClockSourceSet</name>
         <load_address>0x2c00</load_address>
         <run_address>0x2c00</run_address>
         <size>0x6</size>
         <input_file_ref idref="fl-e6"/>
      </object_component>
      <object_component id="oc-bd">
         <name>.text:TimerIntClear</name>
         <load_address>0x2c06</load_address>
         <run_address>0x2c06</run_address>
         <size>0x4</size>
         <input_file_ref idref="fl-e5"/>
      </object_component>
      <object_component id="oc-123">
         <name>.text:UARTIntClear</name>
         <load_address>0x2c0a</load_address>
         <run_address>0x2c0a</run_address>
         <size>0x4</size>
         <input_file_ref idref="fl-e6"/>
      </object_component>
      <object_component id="oc-63">
         <name>.text</name>
         <load_address>0x2c0e</load_address>
         <run_address>0x2c0e</run_address>
         <size>0x4</size>
         <input_file_ref idref="fl-d6"/>
      </object_component>
      <object_component id="oc-257">
         <name>.const:g_pui32GPIOBaseAddrs</name>
         <load_address>0x2c18</load_address>
         <run_address>0x2c18</run_address>
         <size>0x90</size>
         <input_file_ref idref="fl-e1"/>
      </object_component>
      <object_component id="oc-250">
         <name>.const</name>
         <load_address>0x2ca8</load_address>
         <run_address>0x2ca8</run_address>
         <size>0x70</size>
         <input_file_ref idref="fl-e2"/>
      </object_component>
      <object_component id="oc-233">
         <name>.const:g_pui32Xtals</name>
         <load_address>0x2d18</load_address>
         <run_address>0x2d18</run_address>
         <size>0x6c</size>
         <input_file_ref idref="fl-e4"/>
      </object_component>
      <object_component id="oc-320">
         <name>.const:g_ppui32TimerIntMap</name>
         <load_address>0x2d84</load_address>
         <run_address>0x2d84</run_address>
         <size>0x60</size>
         <input_file_ref idref="fl-e5"/>
      </object_component>
      <object_component id="oc-323">
         <name>.const:g_ppui32TimerIntMapSnowflake</name>
         <load_address>0x2de4</load_address>
         <run_address>0x2de4</run_address>
         <size>0x40</size>
         <input_file_ref idref="fl-e5"/>
      </object_component>
      <object_component id="oc-278">
         <name>.const</name>
         <load_address>0x2e24</load_address>
         <run_address>0x2e24</run_address>
         <size>0x4</size>
         <input_file_ref idref="fl-8"/>
      </object_component>
      <object_component id="oc-1d4">
         <name>.const</name>
         <load_address>0x2e28</load_address>
         <run_address>0x2e28</run_address>
         <size>0x2c</size>
         <input_file_ref idref="fl-4"/>
      </object_component>
      <object_component id="oc-31a">
         <name>.const:.string</name>
         <load_address>0x2e54</load_address>
         <run_address>0x2e54</run_address>
         <size>0x12</size>
         <input_file_ref idref="fl-8"/>
      </object_component>
      <object_component id="oc-270">
         <name>.const:g_ui32UARTBase</name>
         <load_address>0x2e68</load_address>
         <run_address>0x2e68</run_address>
         <size>0xc</size>
         <input_file_ref idref="fl-8"/>
      </object_component>
      <object_component id="oc-26a">
         <name>.const:g_ui32UARTPeriph</name>
         <load_address>0x2e74</load_address>
         <run_address>0x2e74</run_address>
         <size>0xc</size>
         <input_file_ref idref="fl-8"/>
      </object_component>
      <object_component id="oc-36e">
         <name>.cinit..data.load</name>
         <load_address>0x2e80</load_address>
         <run_address>0x2e80</run_address>
         <size>0x24</size>
      </object_component>
      <object_component id="oc-36b">
         <name>__TI_handler_table</name>
         <load_address>0x2ea4</load_address>
         <run_address>0x2ea4</run_address>
         <size>0xc</size>
      </object_component>
      <object_component id="oc-36f">
         <name>.cinit..bss.load</name>
         <load_address>0x2eb0</load_address>
         <run_address>0x2eb0</run_address>
         <size>0x8</size>
      </object_component>
      <object_component id="oc-36d">
         <name>.cinit..vtable.load</name>
         <load_address>0x2eb8</load_address>
         <run_address>0x2eb8</run_address>
         <size>0x8</size>
      </object_component>
      <object_component id="oc-36c">
         <name>__TI_cinit_table</name>
         <load_address>0x2ec0</load_address>
         <run_address>0x2ec0</run_address>
         <size>0x18</size>
      </object_component>
      <object_component id="oc-327">
         <name>.vtable</name>
         <uninitialized>true</uninitialized>
         <run_address>0x20000000</run_address>
         <size>0x26c</size>
         <input_file_ref idref="fl-e2"/>
      </object_component>
      <object_component id="oc-165">
         <name>.data</name>
         <load_address>0x200004e8</load_address>
         <run_address>0x200004e8</run_address>
         <size>0x2c</size>
         <input_file_ref idref="fl-4"/>
      </object_component>
      <object_component id="oc-2d6">
         <name>.data</name>
         <load_address>0x20000534</load_address>
         <run_address>0x20000534</run_address>
         <size>0x4</size>
         <input_file_ref idref="fl-5"/>
      </object_component>
      <object_component id="oc-26d">
         <name>.data</name>
         <load_address>0x20000528</load_address>
         <run_address>0x20000528</run_address>
         <size>0x5</size>
         <input_file_ref idref="fl-8"/>
      </object_component>
      <object_component id="oc-226">
         <name>.data:$O1$$</name>
         <load_address>0x20000514</load_address>
         <run_address>0x20000514</run_address>
         <size>0xc</size>
         <input_file_ref idref="fl-c9"/>
      </object_component>
      <object_component id="oc-7b">
         <name>.data</name>
         <load_address>0x20000530</load_address>
         <run_address>0x20000530</run_address>
         <size>0x4</size>
         <input_file_ref idref="fl-d7"/>
      </object_component>
      <object_component id="oc-229">
         <name>.data:$O1$$</name>
         <load_address>0x20000520</load_address>
         <run_address>0x20000520</run_address>
         <size>0x8</size>
         <input_file_ref idref="fl-da"/>
      </object_component>
      <object_component id="oc-1dd">
         <name>.common:pwmPeriod</name>
         <uninitialized>true</uninitialized>
         <run_address>0x200004c0</run_address>
         <size>0x8</size>
      </object_component>
      <object_component id="oc-1e0">
         <name>.common:pwmDuty</name>
         <uninitialized>true</uninitialized>
         <run_address>0x200004b8</run_address>
         <size>0x8</size>
      </object_component>
      <object_component id="oc-1d3">
         <name>.common:samplePeriod</name>
         <uninitialized>true</uninitialized>
         <run_address>0x200004e0</run_address>
         <size>0x2</size>
      </object_component>
      <object_component id="oc-18d">
         <name>.common:rawTemp</name>
         <uninitialized>true</uninitialized>
         <run_address>0x200004d4</run_address>
         <size>0x4</size>
      </object_component>
      <object_component id="oc-1d7">
         <name>.common:loadCellValue</name>
         <uninitialized>true</uninitialized>
         <run_address>0x200004cc</run_address>
         <size>0x4</size>
      </object_component>
      <object_component id="oc-1e9">
         <name>.common:goalReached</name>
         <uninitialized>true</uninitialized>
         <run_address>0x200004c8</run_address>
         <size>0x4</size>
      </object_component>
      <object_component id="oc-1ea">
         <name>.common:goalPos</name>
         <uninitialized>true</uninitialized>
         <run_address>0x200004b0</run_address>
         <size>0x8</size>
      </object_component>
      <object_component id="oc-1e3">
         <name>.common:ERROR</name>
         <uninitialized>true</uninitialized>
         <run_address>0x20000478</run_address>
         <size>0x8</size>
      </object_component>
      <object_component id="oc-1e8">
         <name>.common:PID_OUT</name>
         <uninitialized>true</uninitialized>
         <run_address>0x20000498</run_address>
         <size>0x8</size>
      </object_component>
      <object_component id="oc-1e5">
         <name>.common:P</name>
         <uninitialized>true</uninitialized>
         <run_address>0x20000490</run_address>
         <size>0x8</size>
      </object_component>
      <object_component id="oc-1e6">
         <name>.common:D</name>
         <uninitialized>true</uninitialized>
         <run_address>0x20000470</run_address>
         <size>0x8</size>
      </object_component>
      <object_component id="oc-1e7">
         <name>.common:I</name>
         <uninitialized>true</uninitialized>
         <run_address>0x20000480</run_address>
         <size>0x8</size>
      </object_component>
      <object_component id="oc-1e4">
         <name>.common:Kp</name>
         <uninitialized>true</uninitialized>
         <run_address>0x20000488</run_address>
         <size>0x8</size>
      </object_component>
      <object_component id="oc-1e1">
         <name>.common:globalDutyCycle</name>
         <uninitialized>true</uninitialized>
         <run_address>0x200004a8</run_address>
         <size>0x8</size>
      </object_component>
      <object_component id="oc-1e2">
         <name>.common:globalDirection</name>
         <uninitialized>true</uninitialized>
         <run_address>0x200004a0</run_address>
         <size>0x8</size>
      </object_component>
      <object_component id="oc-2d9">
         <name>.common:raw</name>
         <uninitialized>true</uninitialized>
         <run_address>0x200004d0</run_address>
         <size>0x4</size>
      </object_component>
      <object_component id="oc-2dc">
         <name>.common:tempC</name>
         <uninitialized>true</uninitialized>
         <run_address>0x200004d8</run_address>
         <size>0x4</size>
      </object_component>
      <object_component id="oc-2dd">
         <name>.common:tempF</name>
         <uninitialized>true</uninitialized>
         <run_address>0x200004dc</run_address>
         <size>0x4</size>
      </object_component>
      <object_component id="oc-2a">
         <name>.stack</name>
         <uninitialized>true</uninitialized>
         <run_address>0x2000026c</run_address>
         <size>0x0</size>
         <input_file_ref idref="fl-c5"/>
      </object_component>
      <object_component id="oc-370">
         <name>.stack</name>
         <uninitialized>true</uninitialized>
         <run_address>0x2000026c</run_address>
         <size>0x0</size>
      </object_component>
      <object_component id="oc-31f">
         <name>.debug_info</name>
         <load_address>0x0</load_address>
         <run_address>0x0</run_address>
         <size>0x4bc</size>
         <input_file_ref idref="fl-2"/>
      </object_component>
      <object_component id="oc-40">
         <name>.debug_info</name>
         <load_address>0x4bc</load_address>
         <run_address>0x4bc</run_address>
         <size>0x84</size>
         <input_file_ref idref="fl-2"/>
      </object_component>
      <object_component id="oc-1ec">
         <name>.debug_info</name>
         <load_address>0x540</load_address>
         <run_address>0x540</run_address>
         <size>0x18b</size>
         <input_file_ref idref="fl-2"/>
      </object_component>
      <object_component id="oc-27d">
         <name>.debug_info</name>
         <load_address>0x6cb</load_address>
         <run_address>0x6cb</run_address>
         <size>0x4e</size>
         <input_file_ref idref="fl-2"/>
      </object_component>
      <object_component id="oc-1de">
         <name>.debug_info</name>
         <load_address>0x719</load_address>
         <run_address>0x719</run_address>
         <size>0x51b</size>
         <input_file_ref idref="fl-3"/>
      </object_component>
      <object_component id="oc-1f1">
         <name>.debug_info</name>
         <load_address>0xc34</load_address>
         <run_address>0xc34</run_address>
         <size>0x8b</size>
         <input_file_ref idref="fl-3"/>
      </object_component>
      <object_component id="oc-18e">
         <name>.debug_info</name>
         <load_address>0xcbf</load_address>
         <run_address>0xcbf</run_address>
         <size>0xf88</size>
         <input_file_ref idref="fl-4"/>
      </object_component>
      <object_component id="oc-1d5">
         <name>.debug_info</name>
         <load_address>0x1c47</load_address>
         <run_address>0x1c47</run_address>
         <size>0x1c3</size>
         <input_file_ref idref="fl-4"/>
      </object_component>
      <object_component id="oc-166">
         <name>.debug_info</name>
         <load_address>0x1e0a</load_address>
         <run_address>0x1e0a</run_address>
         <size>0x174</size>
         <input_file_ref idref="fl-4"/>
      </object_component>
      <object_component id="oc-32">
         <name>.debug_info</name>
         <load_address>0x1f7e</load_address>
         <run_address>0x1f7e</run_address>
         <size>0x3466</size>
         <input_file_ref idref="fl-4"/>
      </object_component>
      <object_component id="oc-2da">
         <name>.debug_info</name>
         <load_address>0x53e4</load_address>
         <run_address>0x53e4</run_address>
         <size>0x7f4</size>
         <input_file_ref idref="fl-5"/>
      </object_component>
      <object_component id="oc-2d7">
         <name>.debug_info</name>
         <load_address>0x5bd8</load_address>
         <run_address>0x5bd8</run_address>
         <size>0xd5</size>
         <input_file_ref idref="fl-5"/>
      </object_component>
      <object_component id="oc-21f">
         <name>.debug_info</name>
         <load_address>0x5cad</load_address>
         <run_address>0x5cad</run_address>
         <size>0xa2f</size>
         <input_file_ref idref="fl-5"/>
      </object_component>
      <object_component id="oc-39">
         <name>.debug_info</name>
         <load_address>0x66dc</load_address>
         <run_address>0x66dc</run_address>
         <size>0x3a6</size>
         <input_file_ref idref="fl-7"/>
      </object_component>
      <object_component id="oc-10">
         <name>.debug_info</name>
         <load_address>0x6a82</load_address>
         <run_address>0x6a82</run_address>
         <size>0xfb</size>
         <input_file_ref idref="fl-7"/>
      </object_component>
      <object_component id="oc-2e">
         <name>.debug_info</name>
         <load_address>0x6b7d</load_address>
         <run_address>0x6b7d</run_address>
         <size>0x277</size>
         <input_file_ref idref="fl-7"/>
      </object_component>
      <object_component id="oc-27c">
         <name>.debug_info</name>
         <load_address>0x6df4</load_address>
         <run_address>0x6df4</run_address>
         <size>0x3e4</size>
         <input_file_ref idref="fl-8"/>
      </object_component>
      <object_component id="oc-26e">
         <name>.debug_info</name>
         <load_address>0x71d8</load_address>
         <run_address>0x71d8</run_address>
         <size>0xe7</size>
         <input_file_ref idref="fl-8"/>
      </object_component>
      <object_component id="oc-279">
         <name>.debug_info</name>
         <load_address>0x72bf</load_address>
         <run_address>0x72bf</run_address>
         <size>0xe1</size>
         <input_file_ref idref="fl-8"/>
      </object_component>
      <object_component id="oc-271">
         <name>.debug_info</name>
         <load_address>0x73a0</load_address>
         <run_address>0x73a0</run_address>
         <size>0xef</size>
         <input_file_ref idref="fl-8"/>
      </object_component>
      <object_component id="oc-26b">
         <name>.debug_info</name>
         <load_address>0x748f</load_address>
         <run_address>0x748f</run_address>
         <size>0xf3</size>
         <input_file_ref idref="fl-8"/>
      </object_component>
      <object_component id="oc-f5">
         <name>.debug_info</name>
         <load_address>0x7582</load_address>
         <run_address>0x7582</run_address>
         <size>0x790</size>
         <input_file_ref idref="fl-8"/>
      </object_component>
      <object_component id="oc-25">
         <name>.debug_info</name>
         <load_address>0x7d12</load_address>
         <run_address>0x7d12</run_address>
         <size>0x160</size>
         <input_file_ref idref="fl-c5"/>
      </object_component>
      <object_component id="oc-1fd">
         <name>.debug_info</name>
         <load_address>0x7e72</load_address>
         <run_address>0x7e72</run_address>
         <size>0x293</size>
         <input_file_ref idref="fl-c6"/>
      </object_component>
      <object_component id="oc-14">
         <name>.debug_info</name>
         <load_address>0x8105</load_address>
         <run_address>0x8105</run_address>
         <size>0x245</size>
         <input_file_ref idref="fl-c6"/>
      </object_component>
      <object_component id="oc-3b">
         <name>.debug_info</name>
         <load_address>0x834a</load_address>
         <run_address>0x834a</run_address>
         <size>0x60</size>
         <input_file_ref idref="fl-c6"/>
      </object_component>
      <object_component id="oc-1f8">
         <name>.debug_info</name>
         <load_address>0x83aa</load_address>
         <run_address>0x83aa</run_address>
         <size>0x46</size>
         <input_file_ref idref="fl-c6"/>
      </object_component>
      <object_component id="oc-50">
         <name>.debug_info</name>
         <load_address>0x83f0</load_address>
         <run_address>0x83f0</run_address>
         <size>0x2da</size>
         <input_file_ref idref="fl-c7"/>
      </object_component>
      <object_component id="oc-1a">
         <name>.debug_info</name>
         <load_address>0x86ca</load_address>
         <run_address>0x86ca</run_address>
         <size>0x1df</size>
         <input_file_ref idref="fl-c7"/>
      </object_component>
      <object_component id="oc-4b">
         <name>.debug_info</name>
         <load_address>0x88a9</load_address>
         <run_address>0x88a9</run_address>
         <size>0x46</size>
         <input_file_ref idref="fl-c7"/>
      </object_component>
      <object_component id="oc-1ff">
         <name>.debug_info</name>
         <load_address>0x88ef</load_address>
         <run_address>0x88ef</run_address>
         <size>0x2c</size>
         <input_file_ref idref="fl-c7"/>
      </object_component>
      <object_component id="oc-5c">
         <name>.debug_info</name>
         <load_address>0x891b</load_address>
         <run_address>0x891b</run_address>
         <size>0x2c9</size>
         <input_file_ref idref="fl-c8"/>
      </object_component>
      <object_component id="oc-20">
         <name>.debug_info</name>
         <load_address>0x8be4</load_address>
         <run_address>0x8be4</run_address>
         <size>0x1aa</size>
         <input_file_ref idref="fl-c8"/>
      </object_component>
      <object_component id="oc-57">
         <name>.debug_info</name>
         <load_address>0x8d8e</load_address>
         <run_address>0x8d8e</run_address>
         <size>0x46</size>
         <input_file_ref idref="fl-c8"/>
      </object_component>
      <object_component id="oc-207">
         <name>.debug_info</name>
         <load_address>0x8dd4</load_address>
         <run_address>0x8dd4</run_address>
         <size>0x2c</size>
         <input_file_ref idref="fl-c8"/>
      </object_component>
      <object_component id="oc-22d">
         <name>.debug_info</name>
         <load_address>0x8e00</load_address>
         <run_address>0x8e00</run_address>
         <size>0x3ce</size>
         <input_file_ref idref="fl-c9"/>
      </object_component>
      <object_component id="oc-227">
         <name>.debug_info</name>
         <load_address>0x91ce</load_address>
         <run_address>0x91ce</run_address>
         <size>0x185</size>
         <input_file_ref idref="fl-c9"/>
      </object_component>
      <object_component id="oc-76">
         <name>.debug_info</name>
         <load_address>0x9353</load_address>
         <run_address>0x9353</run_address>
         <size>0x214</size>
         <input_file_ref idref="fl-c9"/>
      </object_component>
      <object_component id="oc-173">
         <name>.debug_info</name>
         <load_address>0x9567</load_address>
         <run_address>0x9567</run_address>
         <size>0x144</size>
         <input_file_ref idref="fl-ca"/>
      </object_component>
      <object_component id="oc-17f">
         <name>.debug_info</name>
         <load_address>0x96ab</load_address>
         <run_address>0x96ab</run_address>
         <size>0x120</size>
         <input_file_ref idref="fl-cb"/>
      </object_component>
      <object_component id="oc-1da">
         <name>.debug_info</name>
         <load_address>0x97cb</load_address>
         <run_address>0x97cb</run_address>
         <size>0x122</size>
         <input_file_ref idref="fl-cb"/>
      </object_component>
      <object_component id="oc-198">
         <name>.debug_info</name>
         <load_address>0x98ed</load_address>
         <run_address>0x98ed</run_address>
         <size>0x132</size>
         <input_file_ref idref="fl-cc"/>
      </object_component>
      <object_component id="oc-17a">
         <name>.debug_info</name>
         <load_address>0x9a1f</load_address>
         <run_address>0x9a1f</run_address>
         <size>0x132</size>
         <input_file_ref idref="fl-cd"/>
      </object_component>
      <object_component id="oc-169">
         <name>.debug_info</name>
         <load_address>0x9b51</load_address>
         <run_address>0x9b51</run_address>
         <size>0x126</size>
         <input_file_ref idref="fl-ce"/>
      </object_component>
      <object_component id="oc-1c7">
         <name>.debug_info</name>
         <load_address>0x9c77</load_address>
         <run_address>0x9c77</run_address>
         <size>0x136</size>
         <input_file_ref idref="fl-cf"/>
      </object_component>
      <object_component id="oc-1d0">
         <name>.debug_info</name>
         <load_address>0x9dad</load_address>
         <run_address>0x9dad</run_address>
         <size>0x131</size>
         <input_file_ref idref="fl-d0"/>
      </object_component>
      <object_component id="oc-1cb">
         <name>.debug_info</name>
         <load_address>0x9ede</load_address>
         <run_address>0x9ede</run_address>
         <size>0x124</size>
         <input_file_ref idref="fl-d1"/>
      </object_component>
      <object_component id="oc-170">
         <name>.debug_info</name>
         <load_address>0xa002</load_address>
         <run_address>0xa002</run_address>
         <size>0x124</size>
         <input_file_ref idref="fl-d2"/>
      </object_component>
      <object_component id="oc-46">
         <name>.debug_info</name>
         <load_address>0xa126</load_address>
         <run_address>0xa126</run_address>
         <size>0x111</size>
         <input_file_ref idref="fl-d3"/>
      </object_component>
      <object_component id="oc-52">
         <name>.debug_info</name>
         <load_address>0xa237</load_address>
         <run_address>0xa237</run_address>
         <size>0x13f</size>
         <input_file_ref idref="fl-d4"/>
      </object_component>
      <object_component id="oc-61">
         <name>.debug_info</name>
         <load_address>0xa376</load_address>
         <run_address>0xa376</run_address>
         <size>0x138</size>
         <input_file_ref idref="fl-d5"/>
      </object_component>
      <object_component id="oc-64">
         <name>.debug_info</name>
         <load_address>0xa4ae</load_address>
         <run_address>0xa4ae</run_address>
         <size>0x148</size>
         <input_file_ref idref="fl-d6"/>
      </object_component>
      <object_component id="oc-7c">
         <name>.debug_info</name>
         <load_address>0xa5f6</load_address>
         <run_address>0xa5f6</run_address>
         <size>0x109</size>
         <input_file_ref idref="fl-d7"/>
      </object_component>
      <object_component id="oc-276">
         <name>.debug_info</name>
         <load_address>0xa6ff</load_address>
         <run_address>0xa6ff</run_address>
         <size>0x13a</size>
         <input_file_ref idref="fl-d8"/>
      </object_component>
      <object_component id="oc-191">
         <name>.debug_info</name>
         <load_address>0xa839</load_address>
         <run_address>0xa839</run_address>
         <size>0x126</size>
         <input_file_ref idref="fl-d9"/>
      </object_component>
      <object_component id="oc-2f0">
         <name>.debug_info</name>
         <load_address>0xa95f</load_address>
         <run_address>0xa95f</run_address>
         <size>0x2be</size>
         <input_file_ref idref="fl-da"/>
      </object_component>
      <object_component id="oc-22a">
         <name>.debug_info</name>
         <load_address>0xac1d</load_address>
         <run_address>0xac1d</run_address>
         <size>0x113</size>
         <input_file_ref idref="fl-da"/>
      </object_component>
      <object_component id="oc-2e9">
         <name>.debug_info</name>
         <load_address>0xad30</load_address>
         <run_address>0xad30</run_address>
         <size>0x21f</size>
         <input_file_ref idref="fl-da"/>
      </object_component>
      <object_component id="oc-225">
         <name>.debug_info</name>
         <load_address>0xaf4f</load_address>
         <run_address>0xaf4f</run_address>
         <size>0x300</size>
         <input_file_ref idref="fl-db"/>
      </object_component>
      <object_component id="oc-73">
         <name>.debug_info</name>
         <load_address>0xb24f</load_address>
         <run_address>0xb24f</run_address>
         <size>0x167</size>
         <input_file_ref idref="fl-db"/>
      </object_component>
      <object_component id="oc-2e1">
         <name>.debug_info</name>
         <load_address>0xb3b6</load_address>
         <run_address>0xb3b6</run_address>
         <size>0x5e</size>
         <input_file_ref idref="fl-db"/>
      </object_component>
      <object_component id="oc-21d">
         <name>.debug_info</name>
         <load_address>0xb414</load_address>
         <run_address>0xb414</run_address>
         <size>0x483</size>
         <input_file_ref idref="fl-dc"/>
      </object_component>
      <object_component id="oc-6b">
         <name>.debug_info</name>
         <load_address>0xb897</load_address>
         <run_address>0xb897</run_address>
         <size>0x190</size>
         <input_file_ref idref="fl-dc"/>
      </object_component>
      <object_component id="oc-2cc">
         <name>.debug_info</name>
         <load_address>0xba27</load_address>
         <run_address>0xba27</run_address>
         <size>0x39</size>
         <input_file_ref idref="fl-dc"/>
      </object_component>
      <object_component id="oc-337">
         <name>.debug_info</name>
         <load_address>0xba60</load_address>
         <run_address>0xba60</run_address>
         <size>0x39</size>
         <input_file_ref idref="fl-dc"/>
      </object_component>
      <object_component id="oc-2d1">
         <name>.debug_info</name>
         <load_address>0xba99</load_address>
         <run_address>0xba99</run_address>
         <size>0xcd</size>
         <input_file_ref idref="fl-dc"/>
      </object_component>
      <object_component id="oc-2c8">
         <name>.debug_info</name>
         <load_address>0xbb66</load_address>
         <run_address>0xbb66</run_address>
         <size>0x37a</size>
         <input_file_ref idref="fl-dd"/>
      </object_component>
      <object_component id="oc-212">
         <name>.debug_info</name>
         <load_address>0xbee0</load_address>
         <run_address>0xbee0</run_address>
         <size>0x183</size>
         <input_file_ref idref="fl-dd"/>
      </object_component>
      <object_component id="oc-332">
         <name>.debug_info</name>
         <load_address>0xc063</load_address>
         <run_address>0xc063</run_address>
         <size>0x2c</size>
         <input_file_ref idref="fl-dd"/>
      </object_component>
      <object_component id="oc-315">
         <name>.debug_info</name>
         <load_address>0xc08f</load_address>
         <run_address>0xc08f</run_address>
         <size>0x147</size>
         <input_file_ref idref="fl-de"/>
      </object_component>
      <object_component id="oc-217">
         <name>.debug_info</name>
         <load_address>0xc1d6</load_address>
         <run_address>0xc1d6</run_address>
         <size>0x145</size>
         <input_file_ref idref="fl-df"/>
      </object_component>
      <object_component id="oc-29f">
         <name>.debug_info</name>
         <load_address>0xc31b</load_address>
         <run_address>0xc31b</run_address>
         <size>0x24d</size>
         <input_file_ref idref="fl-e0"/>
      </object_component>
      <object_component id="oc-144">
         <name>.debug_info</name>
         <load_address>0xc568</load_address>
         <run_address>0xc568</run_address>
         <size>0x333</size>
         <input_file_ref idref="fl-e0"/>
      </object_component>
      <object_component id="oc-14a">
         <name>.debug_info</name>
         <load_address>0xc89b</load_address>
         <run_address>0xc89b</run_address>
         <size>0x2a0</size>
         <input_file_ref idref="fl-e0"/>
      </object_component>
      <object_component id="oc-15c">
         <name>.debug_info</name>
         <load_address>0xcb3b</load_address>
         <run_address>0xcb3b</run_address>
         <size>0x2ff</size>
         <input_file_ref idref="fl-e0"/>
      </object_component>
      <object_component id="oc-13e">
         <name>.debug_info</name>
         <load_address>0xce3a</load_address>
         <run_address>0xce3a</run_address>
         <size>0x326</size>
         <input_file_ref idref="fl-e0"/>
      </object_component>
      <object_component id="oc-162">
         <name>.debug_info</name>
         <load_address>0xd160</load_address>
         <run_address>0xd160</run_address>
         <size>0x2a4</size>
         <input_file_ref idref="fl-e0"/>
      </object_component>
      <object_component id="oc-156">
         <name>.debug_info</name>
         <load_address>0xd404</load_address>
         <run_address>0xd404</run_address>
         <size>0x296</size>
         <input_file_ref idref="fl-e0"/>
      </object_component>
      <object_component id="oc-150">
         <name>.debug_info</name>
         <load_address>0xd69a</load_address>
         <run_address>0xd69a</run_address>
         <size>0x294</size>
         <input_file_ref idref="fl-e0"/>
      </object_component>
      <object_component id="oc-138">
         <name>.debug_info</name>
         <load_address>0xd92e</load_address>
         <run_address>0xd92e</run_address>
         <size>0x2c1</size>
         <input_file_ref idref="fl-e0"/>
      </object_component>
      <object_component id="oc-247">
         <name>.debug_info</name>
         <load_address>0xdbef</load_address>
         <run_address>0xdbef</run_address>
         <size>0x240</size>
         <input_file_ref idref="fl-e1"/>
      </object_component>
      <object_component id="oc-258">
         <name>.debug_info</name>
         <load_address>0xde2f</load_address>
         <run_address>0xde2f</run_address>
         <size>0x15b</size>
         <input_file_ref idref="fl-e1"/>
      </object_component>
      <object_component id="oc-a6">
         <name>.debug_info</name>
         <load_address>0xdf8a</load_address>
         <run_address>0xdf8a</run_address>
         <size>0x2a3</size>
         <input_file_ref idref="fl-e1"/>
      </object_component>
      <object_component id="oc-241">
         <name>.debug_info</name>
         <load_address>0xe22d</load_address>
         <run_address>0xe22d</run_address>
         <size>0x2b3</size>
         <input_file_ref idref="fl-e1"/>
      </object_component>
      <object_component id="oc-b8">
         <name>.debug_info</name>
         <load_address>0xe4e0</load_address>
         <run_address>0xe4e0</run_address>
         <size>0x316</size>
         <input_file_ref idref="fl-e1"/>
      </object_component>
      <object_component id="oc-e8">
         <name>.debug_info</name>
         <load_address>0xe7f6</load_address>
         <run_address>0xe7f6</run_address>
         <size>0x27b</size>
         <input_file_ref idref="fl-e1"/>
      </object_component>
      <object_component id="oc-1a1">
         <name>.debug_info</name>
         <load_address>0xea71</load_address>
         <run_address>0xea71</run_address>
         <size>0x279</size>
         <input_file_ref idref="fl-e1"/>
      </object_component>
      <object_component id="oc-a1">
         <name>.debug_info</name>
         <load_address>0xecea</load_address>
         <run_address>0xecea</run_address>
         <size>0x2b7</size>
         <input_file_ref idref="fl-e1"/>
      </object_component>
      <object_component id="oc-b3">
         <name>.debug_info</name>
         <load_address>0xefa1</load_address>
         <run_address>0xefa1</run_address>
         <size>0x285</size>
         <input_file_ref idref="fl-e1"/>
      </object_component>
      <object_component id="oc-182">
         <name>.debug_info</name>
         <load_address>0xf226</load_address>
         <run_address>0xf226</run_address>
         <size>0x279</size>
         <input_file_ref idref="fl-e1"/>
      </object_component>
      <object_component id="oc-ac">
         <name>.debug_info</name>
         <load_address>0xf49f</load_address>
         <run_address>0xf49f</run_address>
         <size>0x27b</size>
         <input_file_ref idref="fl-e1"/>
      </object_component>
      <object_component id="oc-e2">
         <name>.debug_info</name>
         <load_address>0xf71a</load_address>
         <run_address>0xf71a</run_address>
         <size>0x280</size>
         <input_file_ref idref="fl-e1"/>
      </object_component>
      <object_component id="oc-254">
         <name>.debug_info</name>
         <load_address>0xf99a</load_address>
         <run_address>0xf99a</run_address>
         <size>0x20e</size>
         <input_file_ref idref="fl-e2"/>
      </object_component>
      <object_component id="oc-251">
         <name>.debug_info</name>
         <load_address>0xfba8</load_address>
         <run_address>0xfba8</run_address>
         <size>0x210</size>
         <input_file_ref idref="fl-e2"/>
      </object_component>
      <object_component id="oc-328">
         <name>.debug_info</name>
         <load_address>0xfdb8</load_address>
         <run_address>0xfdb8</run_address>
         <size>0x157</size>
         <input_file_ref idref="fl-e2"/>
      </object_component>
      <object_component id="oc-289">
         <name>.debug_info</name>
         <load_address>0xff0f</load_address>
         <run_address>0xff0f</run_address>
         <size>0x2c1</size>
         <input_file_ref idref="fl-e2"/>
      </object_component>
      <object_component id="oc-8e">
         <name>.debug_info</name>
         <load_address>0x101d0</load_address>
         <run_address>0x101d0</run_address>
         <size>0x23e</size>
         <input_file_ref idref="fl-e2"/>
      </object_component>
      <object_component id="oc-d1">
         <name>.debug_info</name>
         <load_address>0x1040e</load_address>
         <run_address>0x1040e</run_address>
         <size>0x268</size>
         <input_file_ref idref="fl-e2"/>
      </object_component>
      <object_component id="oc-2b8">
         <name>.debug_info</name>
         <load_address>0x10676</load_address>
         <run_address>0x10676</run_address>
         <size>0x1ed</size>
         <input_file_ref idref="fl-e3"/>
      </object_component>
      <object_component id="oc-1b5">
         <name>.debug_info</name>
         <load_address>0x10863</load_address>
         <run_address>0x10863</run_address>
         <size>0x2f6</size>
         <input_file_ref idref="fl-e3"/>
      </object_component>
      <object_component id="oc-1bb">
         <name>.debug_info</name>
         <load_address>0x10b59</load_address>
         <run_address>0x10b59</run_address>
         <size>0x2c4</size>
         <input_file_ref idref="fl-e3"/>
      </object_component>
      <object_component id="oc-1af">
         <name>.debug_info</name>
         <load_address>0x10e1d</load_address>
         <run_address>0x10e1d</run_address>
         <size>0x2b6</size>
         <input_file_ref idref="fl-e3"/>
      </object_component>
      <object_component id="oc-1c2">
         <name>.debug_info</name>
         <load_address>0x110d3</load_address>
         <run_address>0x110d3</run_address>
         <size>0x276</size>
         <input_file_ref idref="fl-e3"/>
      </object_component>
      <object_component id="oc-1aa">
         <name>.debug_info</name>
         <load_address>0x11349</load_address>
         <run_address>0x11349</run_address>
         <size>0x2b3</size>
         <input_file_ref idref="fl-e3"/>
      </object_component>
      <object_component id="oc-232">
         <name>.debug_info</name>
         <load_address>0x115fc</load_address>
         <run_address>0x115fc</run_address>
         <size>0x298</size>
         <input_file_ref idref="fl-e4"/>
      </object_component>
      <object_component id="oc-234">
         <name>.debug_info</name>
         <load_address>0x11894</load_address>
         <run_address>0x11894</run_address>
         <size>0x14d</size>
         <input_file_ref idref="fl-e4"/>
      </object_component>
      <object_component id="oc-9a">
         <name>.debug_info</name>
         <load_address>0x119e1</load_address>
         <run_address>0x119e1</run_address>
         <size>0x27f</size>
         <input_file_ref idref="fl-e4"/>
      </object_component>
      <object_component id="oc-25f">
         <name>.debug_info</name>
         <load_address>0x11c60</load_address>
         <run_address>0x11c60</run_address>
         <size>0x283</size>
         <input_file_ref idref="fl-e4"/>
      </object_component>
      <object_component id="oc-94">
         <name>.debug_info</name>
         <load_address>0x11ee3</load_address>
         <run_address>0x11ee3</run_address>
         <size>0x27d</size>
         <input_file_ref idref="fl-e4"/>
      </object_component>
      <object_component id="oc-19c">
         <name>.debug_info</name>
         <load_address>0x12160</load_address>
         <run_address>0x12160</run_address>
         <size>0x263</size>
         <input_file_ref idref="fl-e4"/>
      </object_component>
      <object_component id="oc-81">
         <name>.debug_info</name>
         <load_address>0x123c3</load_address>
         <run_address>0x123c3</run_address>
         <size>0x2db</size>
         <input_file_ref idref="fl-e4"/>
      </object_component>
      <object_component id="oc-87">
         <name>.debug_info</name>
         <load_address>0x1269e</load_address>
         <run_address>0x1269e</run_address>
         <size>0x2b5</size>
         <input_file_ref idref="fl-e4"/>
      </object_component>
      <object_component id="oc-2f6">
         <name>.debug_info</name>
         <load_address>0x12953</load_address>
         <run_address>0x12953</run_address>
         <size>0x5f</size>
         <input_file_ref idref="fl-e4"/>
      </object_component>
      <object_component id="oc-24d">
         <name>.debug_info</name>
         <load_address>0x129b2</load_address>
         <run_address>0x129b2</run_address>
         <size>0x223</size>
         <input_file_ref idref="fl-e5"/>
      </object_component>
      <object_component id="oc-321">
         <name>.debug_info</name>
         <load_address>0x12bd5</load_address>
         <run_address>0x12bd5</run_address>
         <size>0x15a</size>
         <input_file_ref idref="fl-e5"/>
      </object_component>
      <object_component id="oc-324">
         <name>.debug_info</name>
         <load_address>0x12d2f</load_address>
         <run_address>0x12d2f</run_address>
         <size>0x16c</size>
         <input_file_ref idref="fl-e5"/>
      </object_component>
      <object_component id="oc-ca">
         <name>.debug_info</name>
         <load_address>0x12e9b</load_address>
         <run_address>0x12e9b</run_address>
         <size>0x2ba</size>
         <input_file_ref idref="fl-e5"/>
      </object_component>
      <object_component id="oc-284">
         <name>.debug_info</name>
         <load_address>0x13155</load_address>
         <run_address>0x13155</run_address>
         <size>0x2eb</size>
         <input_file_ref idref="fl-e5"/>
      </object_component>
      <object_component id="oc-fb">
         <name>.debug_info</name>
         <load_address>0x13440</load_address>
         <run_address>0x13440</run_address>
         <size>0x2e4</size>
         <input_file_ref idref="fl-e5"/>
      </object_component>
      <object_component id="oc-d7">
         <name>.debug_info</name>
         <load_address>0x13724</load_address>
         <run_address>0x13724</run_address>
         <size>0x294</size>
         <input_file_ref idref="fl-e5"/>
      </object_component>
      <object_component id="oc-be">
         <name>.debug_info</name>
         <load_address>0x139b8</load_address>
         <run_address>0x139b8</run_address>
         <size>0x292</size>
         <input_file_ref idref="fl-e5"/>
      </object_component>
      <object_component id="oc-dc">
         <name>.debug_info</name>
         <load_address>0x13c4a</load_address>
         <run_address>0x13c4a</run_address>
         <size>0x27f</size>
         <input_file_ref idref="fl-e5"/>
      </object_component>
      <object_component id="oc-188">
         <name>.debug_info</name>
         <load_address>0x13ec9</load_address>
         <run_address>0x13ec9</run_address>
         <size>0x2d7</size>
         <input_file_ref idref="fl-e5"/>
      </object_component>
      <object_component id="oc-c4">
         <name>.debug_info</name>
         <load_address>0x141a0</load_address>
         <run_address>0x141a0</run_address>
         <size>0x28c</size>
         <input_file_ref idref="fl-e5"/>
      </object_component>
      <object_component id="oc-25d">
         <name>.debug_info</name>
         <load_address>0x1442c</load_address>
         <run_address>0x1442c</run_address>
         <size>0x227</size>
         <input_file_ref idref="fl-e6"/>
      </object_component>
      <object_component id="oc-11e">
         <name>.debug_info</name>
         <load_address>0x14653</load_address>
         <run_address>0x14653</run_address>
         <size>0x27f</size>
         <input_file_ref idref="fl-e6"/>
      </object_component>
      <object_component id="oc-106">
         <name>.debug_info</name>
         <load_address>0x148d2</load_address>
         <run_address>0x148d2</run_address>
         <size>0x28f</size>
         <input_file_ref idref="fl-e6"/>
      </object_component>
      <object_component id="oc-124">
         <name>.debug_info</name>
         <load_address>0x14b61</load_address>
         <run_address>0x14b61</run_address>
         <size>0x28d</size>
         <input_file_ref idref="fl-e6"/>
      </object_component>
      <object_component id="oc-265">
         <name>.debug_info</name>
         <load_address>0x14dee</load_address>
         <run_address>0x14dee</run_address>
         <size>0x247</size>
         <input_file_ref idref="fl-e6"/>
      </object_component>
      <object_component id="oc-290">
         <name>.debug_info</name>
         <load_address>0x15035</load_address>
         <run_address>0x15035</run_address>
         <size>0x249</size>
         <input_file_ref idref="fl-e6"/>
      </object_component>
      <object_component id="oc-100">
         <name>.debug_info</name>
         <load_address>0x1527e</load_address>
         <run_address>0x1527e</run_address>
         <size>0x326</size>
         <input_file_ref idref="fl-e6"/>
      </object_component>
      <object_component id="oc-ee">
         <name>.debug_info</name>
         <load_address>0x155a4</load_address>
         <run_address>0x155a4</run_address>
         <size>0x291</size>
         <input_file_ref idref="fl-e6"/>
      </object_component>
      <object_component id="oc-112">
         <name>.debug_info</name>
         <load_address>0x15835</load_address>
         <run_address>0x15835</run_address>
         <size>0x253</size>
         <input_file_ref idref="fl-e6"/>
      </object_component>
      <object_component id="oc-130">
         <name>.debug_info</name>
         <load_address>0x15a88</load_address>
         <run_address>0x15a88</run_address>
         <size>0x28d</size>
         <input_file_ref idref="fl-e6"/>
      </object_component>
      <object_component id="oc-10c">
         <name>.debug_info</name>
         <load_address>0x15d15</load_address>
         <run_address>0x15d15</run_address>
         <size>0x273</size>
         <input_file_ref idref="fl-e6"/>
      </object_component>
      <object_component id="oc-12a">
         <name>.debug_info</name>
         <load_address>0x15f88</load_address>
         <run_address>0x15f88</run_address>
         <size>0x263</size>
         <input_file_ref idref="fl-e6"/>
      </object_component>
      <object_component id="oc-118">
         <name>.debug_info</name>
         <load_address>0x161eb</load_address>
         <run_address>0x161eb</run_address>
         <size>0x24d</size>
         <input_file_ref idref="fl-e6"/>
      </object_component>
      <object_component id="oc-239">
         <name>.debug_info</name>
         <load_address>0x16438</load_address>
         <run_address>0x16438</run_address>
         <size>0x212</size>
         <input_file_ref idref="fl-e7"/>
      </object_component>
      <object_component id="oc-371">
         <name>.debug_info</name>
         <load_address>0x1664a</load_address>
         <run_address>0x1664a</run_address>
         <size>0xb1</size>
      </object_component>
      <object_component id="oc-345">
         <name>.debug_line</name>
         <load_address>0x0</load_address>
         <run_address>0x0</run_address>
         <size>0x7d</size>
         <input_file_ref idref="fl-2"/>
      </object_component>
      <object_component id="oc-43">
         <name>.debug_line</name>
         <load_address>0x7d</load_address>
         <run_address>0x7d</run_address>
         <size>0x20</size>
         <input_file_ref idref="fl-2"/>
      </object_component>
      <object_component id="oc-1ef">
         <name>.debug_line</name>
         <load_address>0x9d</load_address>
         <run_address>0x9d</run_address>
         <size>0x65</size>
         <input_file_ref idref="fl-2"/>
      </object_component>
      <object_component id="oc-280">
         <name>.debug_line</name>
         <load_address>0x102</load_address>
         <run_address>0x102</run_address>
         <size>0x65</size>
         <input_file_ref idref="fl-2"/>
      </object_component>
      <object_component id="oc-2c4">
         <name>.debug_line</name>
         <load_address>0x167</load_address>
         <run_address>0x167</run_address>
         <size>0xd3</size>
         <input_file_ref idref="fl-3"/>
      </object_component>
      <object_component id="oc-1f4">
         <name>.debug_line</name>
         <load_address>0x23a</load_address>
         <run_address>0x23a</run_address>
         <size>0x20</size>
         <input_file_ref idref="fl-3"/>
      </object_component>
      <object_component id="oc-2b2">
         <name>.debug_line</name>
         <load_address>0x25a</load_address>
         <run_address>0x25a</run_address>
         <size>0x1e4</size>
         <input_file_ref idref="fl-4"/>
      </object_component>
      <object_component id="oc-2c1">
         <name>.debug_line</name>
         <load_address>0x43e</load_address>
         <run_address>0x43e</run_address>
         <size>0x2d</size>
         <input_file_ref idref="fl-4"/>
      </object_component>
      <object_component id="oc-2a9">
         <name>.debug_line</name>
         <load_address>0x46b</load_address>
[...]
         <value>0x1741</value>
         <object_component_ref idref="oc-21e"/>
      </symbol>
      <symbol id="sm-1d6">
         <name>testBlueLED</name>
         <value>0x15e7</value>
         <object_component_ref idref="oc-21e"/>
      </symbol>
      <symbol id="sm-1d7">
         <name>i</name>
         <value>0x20000534</value>
         <object_component_ref idref="oc-2d6"/>
      </symbol>
      <symbol id="sm-1d8">
         <name>testController</name>
         <value>0x17c5</value>
         <object_component_ref idref="oc-21e"/>
      </symbol>
      <symbol id="sm-1d9">
         <name>testMotor</name>
         <value>0x1791</value>
         <object_component_ref idref="oc-21e"/>
      </symbol>
      <symbol id="sm-1da">
         <name>main</name>
         <value>0x15d9</value>
         <object_component_ref idref="oc-21e"/>
      </symbol>
      <symbol id="sm-1db">
         <name>testloadCellAmplifier</name>
         <value>0x1749</value>
         <object_component_ref idref="oc-21e"/>
      </symbol>
      <symbol id="sm-1dc">
         <name>testConsole</name>
         <value>0x167d</value>
         <object_component_ref idref="oc-21e"/>
      </symbol>
      <symbol id="sm-1dd">
         <name>testBYellowLED</name>
         <value>0x161b</value>
         <object_component_ref idref="oc-21e"/>
      </symbol>
      <symbol id="sm-1de">
         <name>testTempSensor</name>
         <value>0x16db</value>
         <object_component_ref idref="oc-21e"/>
      </symbol>
      <symbol id="sm-1df">
         <name>testLogger</name>
         <value>0x16bf</value>
         <object_component_ref idref="oc-21e"/>
      </symbol>
      <symbol id="sm-1e0">
         <name>testTimerToggle</name>
         <value>0x1661</value>
         <object_component_ref idref="oc-21e"/>
      </symbol>
      <symbol id="sm-1fd">
         <name>ResetISR</name>
         <value>0x2bab</value>
         <object_component_ref idref="oc-2b"/>
      </symbol>
      <symbol id="sm-1fe">
         <name>g_pfnVectors</name>
         <value>0x0</value>
         <object_component_ref idref="oc-f"/>
      </symbol>
      <symbol id="sm-26d">
         <name>UARTgetc</name>
         <value>0x1283</value>
         <object_component_ref idref="oc-f3"/>
      </symbol>
      <symbol id="sm-26e">
         <name>UARTgets</name>
         <value>0x11c9</value>
         <object_component_ref idref="oc-f3"/>
      </symbol>
      <symbol id="sm-26f">
         <name>UARTStdioConfig</name>
         <value>0x113d</value>
         <object_component_ref idref="oc-f3"/>
      </symbol>
      <symbol id="sm-270">
         <name>UARTwrite</name>
         <value>0x1183</value>
         <object_component_ref idref="oc-f3"/>
      </symbol>
      <symbol id="sm-271">
         <name>UARTprintf</name>
         <value>0x15a3</value>
         <object_component_ref idref="oc-f3"/>
      </symbol>
      <symbol id="sm-272">
         <name>UARTvprintf</name>
         <value>0x12a9</value>
         <object_component_ref idref="oc-f3"/>
      </symbol>
      <symbol id="sm-285">
         <name>_c_int00</name>
         <value>0x24f9</value>
         <object_component_ref idref="oc-24"/>
      </symbol>
      <symbol id="sm-286">
         <name>__stack</name>
         <value>0x2000026c</value>
         <object_component_ref idref="oc-2a"/>
      </symbol>
      <symbol id="sm-2a4">
         <name>__TI_decompress_lzss</name>
         <value>0x23d9</value>
         <object_component_ref idref="oc-12"/>
      </symbol>
      <symbol id="sm-2bb">
         <name>__TI_decompress_none</name>
         <value>0x2b79</value>
         <object_component_ref idref="oc-18"/>
      </symbol>
      <symbol id="sm-2d2">
         <name>__TI_zero_init</name>
         <value>0x2b9f</value>
         <object_component_ref idref="oc-1e"/>
      </symbol>
      <symbol id="sm-2f3">
         <name>C$$EXIT</name>
         <value>0x254d</value>
         <object_component_ref idref="oc-75"/>
      </symbol>
      <symbol id="sm-2f4">
         <name>abort</name>
         <value>0x2551</value>
         <object_component_ref idref="oc-75"/>
      </symbol>
      <symbol id="sm-2f5">
         <name>exit</name>
         <value>0x2559</value>
         <object_component_ref idref="oc-75"/>
      </symbol>
      <symbol id="sm-2f6">
         <name>__TI_dtors_ptr</name>
         <value>0x20000518</value>
         <object_component_ref idref="oc-226"/>
      </symbol>
      <symbol id="sm-2f7">
         <name>__TI_cleanup_ptr</name>
         <value>0x20000514</value>
         <object_component_ref idref="oc-226"/>
      </symbol>
      <symbol id="sm-2f8">
         <name>__TI_enable_exit_profile_output</name>
         <value>0x2000051c</value>
         <object_component_ref idref="oc-226"/>
      </symbol>
      <symbol id="sm-30f">
         <name>__aeabi_dsub</name>
         <value>0x18d5</value>
         <object_component_ref idref="oc-172"/>
      </symbol>
      <symbol id="sm-310">
         <name>__aeabi_dadd</name>
         <value>0x18df</value>
         <object_component_ref idref="oc-172"/>
      </symbol>
      <symbol id="sm-332">
         <name>__aeabi_cdcmpeq</name>
         <value>0x2091</value>
         <object_component_ref idref="oc-17c"/>
      </symbol>
      <symbol id="sm-333">
         <name>__aeabi_cdcmple</name>
         <value>0x2091</value>
         <object_component_ref idref="oc-17c"/>
      </symbol>
      <symbol id="sm-334">
         <name>__aeabi_cdrcmple</name>
         <value>0x2117</value>
         <object_component_ref idref="oc-1d8"/>
      </symbol>
      <symbol id="sm-348">
         <name>__aeabi_ddiv</name>
         <value>0x1a8b</value>
         <object_component_ref idref="oc-195"/>
      </symbol>
      <symbol id="sm-353">
         <name>__aeabi_dmul</name>
         <value>0x1e05</value>
         <object_component_ref idref="oc-177"/>
      </symbol>
      <symbol id="sm-35d">
         <name>__aeabi_d2iz</name>
         <value>0x26d1</value>
         <object_component_ref idref="oc-168"/>
      </symbol>
      <symbol id="sm-369">
         <name>__aeabi_d2f</name>
         <value>0x2301</value>
         <object_component_ref idref="oc-1c4"/>
      </symbol>
      <symbol id="sm-373">
         <name>__aeabi_d2uiz</name>
         <value>0x275f</value>
         <object_component_ref idref="oc-1ce"/>
      </symbol>
      <symbol id="sm-37e">
         <name>__aeabi_f2d</name>
         <value>0x2855</value>
         <object_component_ref idref="oc-1c9"/>
      </symbol>
      <symbol id="sm-388">
         <name>__aeabi_i2d</name>
         <value>0x28f5</value>
         <object_component_ref idref="oc-16d"/>
      </symbol>
      <symbol id="sm-3a3">
         <name>memcpy</name>
         <value>0x1ff5</value>
         <object_component_ref idref="oc-45"/>
      </symbol>
      <symbol id="sm-3a4">
         <name>__aeabi_memcpy</name>
         <value>0x1ff5</value>
         <object_component_ref idref="oc-45"/>
      </symbol>
      <symbol id="sm-3a5">
         <name>__aeabi_memcpy8</name>
         <value>0x1ff5</value>
         <object_component_ref idref="oc-45"/>
      </symbol>
      <symbol id="sm-3a6">
         <name>__aeabi_memcpy4</name>
         <value>0x1ff5</value>
         <object_component_ref idref="oc-45"/>
      </symbol>
      <symbol id="sm-3b5">
         <name>__aeabi_memset</name>
         <value>0x2219</value>
         <object_component_ref idref="oc-51"/>
      </symbol>
      <symbol id="sm-3b6">
         <name>memset</name>
         <value>0x221f</value>
         <object_component_ref idref="oc-51"/>
      </symbol>
      <symbol id="sm-3b7">
         <name>__aeabi_memset8</name>
         <value>0x2219</value>
         <object_component_ref idref="oc-51"/>
      </symbol>
      <symbol id="sm-3b8">
         <name>__aeabi_memset4</name>
         <value>0x2219</value>
         <object_component_ref idref="oc-51"/>
      </symbol>
      <symbol id="sm-3b9">
         <name>__aeabi_memclr8</name>
         <value>0x2217</value>
         <object_component_ref idref="oc-51"/>
      </symbol>
      <symbol id="sm-3ba">
         <name>__aeabi_memclr4</name>
         <value>0x2217</value>
         <object_component_ref idref="oc-51"/>
      </symbol>
      <symbol id="sm-3bb">
         <name>__aeabi_memclr</name>
         <value>0x2217</value>
         <object_component_ref idref="oc-51"/>
      </symbol>
      <symbol id="sm-3c5">
         <name>__mpu_init</name>
         <value>0x236f</value>
         <object_component_ref idref="oc-5d"/>
      </symbol>
      <symbol id="sm-3cf">
         <name>_system_pre_init</name>
         <value>0x2c0f</value>
         <object_component_ref idref="oc-63"/>
      </symbol>
      <symbol id="sm-3d7">
         <name>main_func_sp</name>
         <value>0x20000530</value>
         <object_component_ref idref="oc-7b"/>
      </symbol>
      <symbol id="sm-3e6">
         <name>__aeabi_uidivmod</name>
         <value>0x27a3</value>
         <object_component_ref idref="oc-273"/>
      </symbol>
      <symbol id="sm-3e7">
         <name>__aeabi_uidiv</name>
         <value>0x27a3</value>
         <object_component_ref idref="oc-273"/>
      </symbol>
      <symbol id="sm-3f1">
         <name>__aeabi_ui2d</name>
         <value>0x2991</value>
         <object_component_ref idref="oc-190"/>
      </symbol>
      <symbol id="sm-40a">
         <name>_nop</name>
         <value>0x2a83</value>
         <object_component_ref idref="oc-2e8"/>
      </symbol>
      <symbol id="sm-40b">
         <name>_lock</name>
         <value>0x20000520</value>
         <object_component_ref idref="oc-229"/>
      </symbol>
      <symbol id="sm-40c">
         <name>_unlock</name>
         <value>0x20000524</value>
         <object_component_ref idref="oc-229"/>
      </symbol>
      <symbol id="sm-40d">
         <name>_register_lock</name>
         <value>0x2a7b</value>
         <object_component_ref idref="oc-2e8"/>
      </symbol>
      <symbol id="sm-40e">
         <name>_register_unlock</name>
         <value>0x2a75</value>
         <object_component_ref idref="oc-2e8"/>
      </symbol>
      <symbol id="sm-422">
         <name>_args_main</name>
         <value>0x2a35</value>
         <object_component_ref idref="oc-6f"/>
      </symbol>
      <symbol id="sm-44c">
         <name>__TI_auto_init</name>
         <value>0x2291</value>
         <object_component_ref idref="oc-69"/>
      </symbol>
      <symbol id="sm-466">
         <name>copy_in</name>
         <value>0x263d</value>
         <object_component_ref idref="oc-210"/>
      </symbol>
      <symbol id="sm-470">
         <name>__aeabi_idiv0</name>
         <value>0x1cf3</value>
         <object_component_ref idref="oc-313"/>
      </symbol>
      <symbol id="sm-47a">
         <name>_system_post_cinit</name>
         <value>0x27e3</value>
         <object_component_ref idref="oc-216"/>
      </symbol>
      <symbol id="sm-4c8">
         <name>ADCProcessorTrigger</name>
         <value>0x29ed</value>
         <object_component_ref idref="oc-15f"/>
      </symbol>
      <symbol id="sm-4c9">
         <name>ADCSequenceEnable</name>
         <value>0x2b33</value>
         <object_component_ref idref="oc-147"/>
      </symbol>
      <symbol id="sm-4ca">
         <name>ADCSequenceConfigure</name>
         <value>0x25a1</value>
         <object_component_ref idref="oc-13b"/>
      </symbol>
      <symbol id="sm-4cb">
         <name>ADCIntEnable</name>
         <value>0x2af5</value>
         <object_component_ref idref="oc-153"/>
      </symbol>
      <symbol id="sm-4cc">
         <name>ADCSequenceStepConfigure</name>
         <value>0x219d</value>
         <object_component_ref idref="oc-141"/>
      </symbol>
      <symbol id="sm-4cd">
         <name>ADCIntClear</name>
         <value>0x2bb7</value>
         <object_component_ref idref="oc-14d"/>
      </symbol>
      <symbol id="sm-4ce">
         <name>ADCHardwareOversampleConfigure</name>
         <value>0x2b25</value>
         <object_component_ref idref="oc-135"/>
      </symbol>
      <symbol id="sm-4cf">
         <name>ADCSequenceDataGet</name>
         <value>0x29b1</value>
         <object_component_ref idref="oc-159"/>
      </symbol>
      <symbol id="sm-531">
         <name>GPIOPinTypePWM</name>
         <value>0x2aad</value>
         <object_component_ref idref="oc-1a0"/>
      </symbol>
      <symbol id="sm-532">
         <name>GPIOPinConfigure</name>
         <value>0x2689</value>
         <object_component_ref idref="oc-e1"/>
      </symbol>
      <symbol id="sm-533">
         <name>GPIOPinTypeADC</name>
         <value>0x2a89</value>
         <object_component_ref idref="oc-181"/>
      </symbol>
      <symbol id="sm-534">
         <name>GPIOPinTypeGPIOInput</name>
         <value>0x2a9b</value>
         <object_component_ref idref="oc-b1"/>
      </symbol>
      <symbol id="sm-535">
         <name>GPIOPinTypeUART</name>
         <value>0x2abf</value>
         <object_component_ref idref="oc-e7"/>
      </symbol>
      <symbol id="sm-536">
         <name>GPIOPinTypeGPIOOutput</name>
         <value>0x2a05</value>
         <object_component_ref idref="oc-9f"/>
      </symbol>
      <symbol id="sm-537">
         <name>GPIOPinRead</name>
         <value>0x2bef</value>
         <object_component_ref idref="oc-ab"/>
      </symbol>
      <symbol id="sm-538">
         <name>GPIODirModeSet</name>
         <value>0x2923</value>
         <object_component_ref idref="oc-240"/>
      </symbol>
      <symbol id="sm-539">
         <name>GPIOPinWrite</name>
         <value>0x2bf5</value>
         <object_component_ref idref="oc-a5"/>
      </symbol>
      <symbol id="sm-53a">
         <name>GPIOPadConfigSet</name>
         <value>0x1bc1</value>
         <object_component_ref idref="oc-b7"/>
      </symbol>
      <symbol id="sm-57c">
         <name>IntEnable</name>
         <value>0x2371</value>
         <object_component_ref idref="oc-cf"/>
      </symbol>
      <symbol id="sm-57d">
         <name>IntRegister</name>
         <value>0x288d</value>
         <object_component_ref idref="oc-288"/>
      </symbol>
      <symbol id="sm-57e">
         <name>g_pfnRAMVectors</name>
         <value>0x20000000</value>
         <object_component_ref idref="oc-327"/>
      </symbol>
      <symbol id="sm-57f">
         <name>IntMasterEnable</name>
         <value>0x2b05</value>
         <object_component_ref idref="oc-8c"/>
      </symbol>
      <symbol id="sm-5ac">
         <name>PWMGenPeriodSet</name>
         <value>0x2b15</value>
         <object_component_ref idref="oc-1ac"/>
      </symbol>
      <symbol id="sm-5ad">
         <name>PWMPulseWidthSet</name>
         <value>0x29cf</value>
         <object_component_ref idref="oc-1b2"/>
      </symbol>
      <symbol id="sm-5ae">
         <name>PWMOutputState</name>
         <value>0x2ad1</value>
         <object_component_ref idref="oc-1b8"/>
      </symbol>
      <symbol id="sm-5af">
         <name>PWMGenEnable</name>
         <value>0x2b93</value>
         <object_component_ref idref="oc-1be"/>
      </symbol>
      <symbol id="sm-5b0">
         <name>PWMGenConfigure</name>
         <value>0x294d</value>
         <object_component_ref idref="oc-1a6"/>
      </symbol>
      <symbol id="sm-622">
         <name>SysCtlPeripheralPresent</name>
         <value>0x27e5</value>
         <object_component_ref idref="oc-25e"/>
      </symbol>
      <symbol id="sm-623">
         <name>SysCtlClockSet</name>
         <value>0x1f01</value>
         <object_component_ref idref="oc-80"/>
      </symbol>
      <symbol id="sm-624">
         <name>SysCtlDelay</name>
         <value>0x2bfb</value>
         <object_component_ref idref="oc-92"/>
      </symbol>
      <symbol id="sm-625">
         <name>SysCtlPeripheralEnable</name>
         <value>0x28c1</value>
         <object_component_ref idref="oc-93"/>
      </symbol>
      <symbol id="sm-626">
         <name>SysCtlClockGet</name>
         <value>0x1cf5</value>
         <object_component_ref idref="oc-86"/>
      </symbol>
      <symbol id="sm-627">
         <name>SysCtlPWMClockSet</name>
         <value>0x2a4d</value>
         <object_component_ref idref="oc-19a"/>
      </symbol>
      <symbol id="sm-628">
         <name>SysCtlPeripheralReady</name>
         <value>0x281d</value>
         <object_component_ref idref="oc-99"/>
      </symbol>
      <symbol id="sm-692">
         <name>TimerLoadSet</name>
         <value>0x2ae3</value>
         <object_component_ref idref="oc-c9"/>
      </symbol>
      <symbol id="sm-693">
         <name>TimerIntRegister</name>
         <value>0x2a1d</value>
         <object_component_ref idref="oc-f9"/>
      </symbol>
      <symbol id="sm-694">
         <name>TimerEnable</name>
         <value>0x2b41</value>
         <object_component_ref idref="oc-db"/>
      </symbol>
      <symbol id="sm-695">
         <name>TimerControlTrigger</name>
         <value>0x24a1</value>
         <object_component_ref idref="oc-187"/>
      </symbol>
      <symbol id="sm-696">
         <name>TimerIntEnable</name>
         <value>0x2bdf</value>
         <object_component_ref idref="oc-d5"/>
      </symbol>
      <symbol id="sm-697">
         <name>TimerConfigure</name>
         <value>0x2441</value>
         <object_component_ref idref="oc-c3"/>
      </symbol>
      <symbol id="sm-698">
         <name>TimerIntClear</name>
         <value>0x2c07</value>
         <object_component_ref idref="oc-bd"/>
      </symbol>
      <symbol id="sm-703">
         <name>UARTCharPutNonBlocking</name>
         <value>0x2b5d</value>
         <object_component_ref idref="oc-12f"/>
      </symbol>
      <symbol id="sm-704">
         <name>UARTConfigSetExpClk</name>
         <value>0x2719</value>
         <object_component_ref idref="oc-ff"/>
      </symbol>
      <symbol id="sm-705">
         <name>UARTDisable</name>
         <value>0x2971</value>
         <object_component_ref idref="oc-28f"/>
      </symbol>
      <symbol id="sm-706">
         <name>UARTIntEnable</name>
         <value>0x2be7</value>
         <object_component_ref idref="oc-105"/>
      </symbol>
      <symbol id="sm-707">
         <name>UARTCharsAvail</name>
         <value>0x2b6b</value>
         <object_component_ref idref="oc-111"/>
      </symbol>
      <symbol id="sm-708">
         <name>UARTCharGetNonBlocking</name>
         <value>0x2b4f</value>
         <object_component_ref idref="oc-129"/>
      </symbol>
      <symbol id="sm-709">
         <name>UARTClockSourceSet</name>
         <value>0x2c01</value>
         <object_component_ref idref="oc-ed"/>
      </symbol>
      <symbol id="sm-70a">
         <name>UARTCharPut</name>
         <value>0x2bcb</value>
         <object_component_ref idref="oc-10b"/>
      </symbol>
      <symbol id="sm-70b">
         <name>UARTEnable</name>
         <value>0x2a61</value>
         <object_component_ref idref="oc-264"/>
      </symbol>
      <symbol id="sm-70c">
         <name>UARTIntClear</name>
         <value>0x2c0b</value>
         <object_component_ref idref="oc-123"/>
      </symbol>
      <symbol id="sm-70d">
         <name>UARTIntStatus</name>
         <value>0x2bd5</value>
         <object_component_ref idref="oc-11d"/>
      </symbol>
      <symbol id="sm-70e">
         <name>UARTCharGet</name>
         <value>0x2bc1</value>
         <object_component_ref idref="oc-117"/>
      </symbol>
      <symbol id="sm-718">
         <name>CPUcpsie</name>
         <value>0x2b87</value>
         <object_component_ref idref="oc-237"/>
      </symbol>
      <symbol id="sm-719">
         <name>__TI_static_base__</name>
         <value>0x0</value>
      </symbol>
      <symbol id="sm-71c">
         <name>SHT$$INIT_ARRAY$$Limit</name>
         <value>0x0</value>
      </symbol>
      <symbol id="sm-71d">
         <name>SHT$$INIT_ARRAY$$Base</name>
         <value>0x0</value>
      </symbol>
   </symbol_table>
   <title>Link successful</title>
</link_info>
