<?xml version="1.0"?>
<link_info>
   <banner>TI ARM Linker PC v17.3.0.STS</banner>
   <copyright>Copyright (c) 1996-2017 Texas Instruments Incorporated</copyright>
   <link_time>0x5959aa5c</link_time>
   <link_errors>0x0</link_errors>
   <output_file>BSP.out</output_file>
   <entry_point>
      <name>_c_int00</name>
      <address>0x2a59</address>
   </entry_point>
   <input_file_list>
      <input_file id="fl-2">
         <path>.\</path>
         <kind>object</kind>
         <file>Adaptive_ForceControl.obj</file>
         <name>Adaptive_ForceControl.obj</name>
      </input_file>
      <input_file id="fl-3">
         <path>.\</path>
         <kind>object</kind>
         <file>ForceControlTest.obj</file>
         <name>ForceControlTest.obj</name>
      </input_file>
      <input_file id="fl-4">
         <path>.\</path>
         <kind>object</kind>
         <file>PID_ForceControl.obj</file>
         <name>PID_ForceControl.obj</name>
      </input_file>
      <input_file id="fl-5">
         <path>.\</path>
         <kind>object</kind>
         <file>logging.obj</file>
         <name>logging.obj</name>
      </input_file>
      <input_file id="fl-6">
         <path>.\</path>
         <kind>object</kind>
         <file>pwmTest.obj</file>
         <name>pwmTest.obj</name>
      </input_file>
      <input_file id="fl-7">
         <path>.\</path>
         <kind>object</kind>
         <file>slug.obj</file>
         <name>slug.obj</name>
      </input_file>
      <input_file id="fl-8">
         <path>.\</path>
         <kind>object</kind>
         <file>slugTest.obj</file>
         <name>slugTest.obj</name>
      </input_file>
      <input_file id="fl-9">
         <path>.\</path>
         <kind>object</kind>
         <file>testDataCollection.obj</file>
         <name>testDataCollection.obj</name>
      </input_file>
      <input_file id="fl-a">
         <path>.\</path>
         <kind>object</kind>
         <file>tm4c123gh6pm_startup_ccs.obj</file>
         <name>tm4c123gh6pm_startup_ccs.obj</name>
      </input_file>
      <input_file id="fl-b">
         <path>.\</path>
         <kind>object</kind>
         <file>uartstdio.obj</file>
         <name>uartstdio.obj</name>
      </input_file>
      <input_file id="fl-c">
         <path>.\PinOuts\</path>
         <kind>object</kind>
         <file>pinout.obj</file>
         <name>pinout.obj</name>
      </input_file>
      <input_file id="fl-d">
         <path>.\Testing\</path>
         <kind>object</kind>
         <file>testPeripherals.obj</file>
         <name>testPeripherals.obj</name>
      </input_file>
      <input_file id="fl-12">
         <kind>object</kind>
         <file>&lt;internal&gt;</file>
         <name>&lt;internal&gt;</name>
      </input_file>
      <input_file id="fl-c8">
         <path>C:\ti\ccsv7\tools\compiler\ti-cgt-arm_17.3.0.STS\lib\</path>
         <kind>archive</kind>
         <file>rtsv7M4_T_le_v4SPD16_eabi.lib</file>
         <name>boot.obj</name>
      </input_file>
      <input_file id="fl-c9">
         <path>C:\ti\ccsv7\tools\compiler\ti-cgt-arm_17.3.0.STS\lib\</path>
         <kind>archive</kind>
         <file>rtsv7M4_T_le_v4SPD16_eabi.lib</file>
         <name>copy_decompress_lzss.obj</name>
      </input_file>
      <input_file id="fl-ca">
         <path>C:\ti\ccsv7\tools\compiler\ti-cgt-arm_17.3.0.STS\lib\</path>
         <kind>archive</kind>
         <file>rtsv7M4_T_le_v4SPD16_eabi.lib</file>
         <name>copy_decompress_none.obj</name>
      </input_file>
      <input_file id="fl-cb">
         <path>C:\ti\ccsv7\tools\compiler\ti-cgt-arm_17.3.0.STS\lib\</path>
         <kind>archive</kind>
         <file>rtsv7M4_T_le_v4SPD16_eabi.lib</file>
         <name>copy_zero_init.obj</name>
      </input_file>
      <input_file id="fl-cc">
         <path>C:\ti\ccsv7\tools\compiler\ti-cgt-arm_17.3.0.STS\lib\</path>
         <kind>archive</kind>
         <file>rtsv7M4_T_le_v4SPD16_eabi.lib</file>
         <name>e_exp.obj</name>
      </input_file>
      <input_file id="fl-cd">
         <path>C:\ti\ccsv7\tools\compiler\ti-cgt-arm_17.3.0.STS\lib\</path>
         <kind>archive</kind>
         <file>rtsv7M4_T_le_v4SPD16_eabi.lib</file>
         <name>errno.obj</name>
      </input_file>
      <input_file id="fl-ce">
         <path>C:\ti\ccsv7\tools\compiler\ti-cgt-arm_17.3.0.STS\lib\</path>
         <kind>archive</kind>
         <file>rtsv7M4_T_le_v4SPD16_eabi.lib</file>
         <name>exit.obj</name>
      </input_file>
      <input_file id="fl-cf">
         <path>C:\ti\ccsv7\tools\compiler\ti-cgt-arm_17.3.0.STS\lib\</path>
         <kind>archive</kind>
         <file>rtsv7M4_T_le_v4SPD16_eabi.lib</file>
         <name>fd_add_t2.obj</name>
      </input_file>
      <input_file id="fl-d0">
         <path>C:\ti\ccsv7\tools\compiler\ti-cgt-arm_17.3.0.STS\lib\</path>
         <kind>archive</kind>
         <file>rtsv7M4_T_le_v4SPD16_eabi.lib</file>
         <name>fd_cmp_t2.obj</name>
      </input_file>
      <input_file id="fl-d1">
         <path>C:\ti\ccsv7\tools\compiler\ti-cgt-arm_17.3.0.STS\lib\</path>
         <kind>archive</kind>
         <file>rtsv7M4_T_le_v4SPD16_eabi.lib</file>
         <name>fd_div_t2.obj</name>
      </input_file>
      <input_file id="fl-d2">
         <path>C:\ti\ccsv7\tools\compiler\ti-cgt-arm_17.3.0.STS\lib\</path>
         <kind>archive</kind>
         <file>rtsv7M4_T_le_v4SPD16_eabi.lib</file>
         <name>fd_mul_t2.obj</name>
      </input_file>
      <input_file id="fl-d3">
         <path>C:\ti\ccsv7\tools\compiler\ti-cgt-arm_17.3.0.STS\lib\</path>
         <kind>archive</kind>
         <file>rtsv7M4_T_le_v4SPD16_eabi.lib</file>
         <name>fd_toi_t2.obj</name>
      </input_file>
      <input_file id="fl-d4">
         <path>C:\ti\ccsv7\tools\compiler\ti-cgt-arm_17.3.0.STS\lib\</path>
         <kind>archive</kind>
         <file>rtsv7M4_T_le_v4SPD16_eabi.lib</file>
         <name>fd_tou_t2.obj</name>
      </input_file>
      <input_file id="fl-d5">
         <path>C:\ti\ccsv7\tools\compiler\ti-cgt-arm_17.3.0.STS\lib\</path>
         <kind>archive</kind>
         <file>rtsv7M4_T_le_v4SPD16_eabi.lib</file>
         <name>fs_tod_t2.obj</name>
      </input_file>
      <input_file id="fl-d6">
         <path>C:\ti\ccsv7\tools\compiler\ti-cgt-arm_17.3.0.STS\lib\</path>
         <kind>archive</kind>
         <file>rtsv7M4_T_le_v4SPD16_eabi.lib</file>
         <name>i_tofd_t2.obj</name>
      </input_file>
      <input_file id="fl-d7">
         <path>C:\ti\ccsv7\tools\compiler\ti-cgt-arm_17.3.0.STS\lib\</path>
         <kind>archive</kind>
         <file>rtsv7M4_T_le_v4SPD16_eabi.lib</file>
         <name>memcpy_t2.obj</name>
      </input_file>
      <input_file id="fl-d8">
         <path>C:\ti\ccsv7\tools\compiler\ti-cgt-arm_17.3.0.STS\lib\</path>
         <kind>archive</kind>
         <file>rtsv7M4_T_le_v4SPD16_eabi.lib</file>
         <name>memset_t2.obj</name>
      </input_file>
      <input_file id="fl-d9">
         <path>C:\ti\ccsv7\tools\compiler\ti-cgt-arm_17.3.0.STS\lib\</path>
         <kind>archive</kind>
         <file>rtsv7M4_T_le_v4SPD16_eabi.lib</file>
         <name>mpu_init.obj</name>
      </input_file>
      <input_file id="fl-da">
         <path>C:\ti\ccsv7\tools\compiler\ti-cgt-arm_17.3.0.STS\lib\</path>
         <kind>archive</kind>
         <file>rtsv7M4_T_le_v4SPD16_eabi.lib</file>
         <name>pre_init.obj</name>
      </input_file>
      <input_file id="fl-db">
         <path>C:\ti\ccsv7\tools\compiler\ti-cgt-arm_17.3.0.STS\lib\</path>
         <kind>archive</kind>
         <file>rtsv7M4_T_le_v4SPD16_eabi.lib</file>
         <name>stkdepth_vars.obj</name>
      </input_file>
      <input_file id="fl-dc">
         <path>C:\ti\ccsv7\tools\compiler\ti-cgt-arm_17.3.0.STS\lib\</path>
         <kind>archive</kind>
         <file>rtsv7M4_T_le_v4SPD16_eabi.lib</file>
         <name>u_divt2.obj</name>
      </input_file>
      <input_file id="fl-dd">
         <path>C:\ti\ccsv7\tools\compiler\ti-cgt-arm_17.3.0.STS\lib\</path>
         <kind>archive</kind>
         <file>rtsv7M4_T_le_v4SPD16_eabi.lib</file>
         <name>u_tofd_t2.obj</name>
      </input_file>
      <input_file id="fl-de">
         <path>C:\ti\ccsv7\tools\compiler\ti-cgt-arm_17.3.0.STS\lib\</path>
         <kind>archive</kind>
         <file>rtsv7M4_T_le_v4SPD16_eabi.lib</file>
         <name>_lock.obj</name>
      </input_file>
      <input_file id="fl-df">
         <path>C:\ti\ccsv7\tools\compiler\ti-cgt-arm_17.3.0.STS\lib\</path>
         <kind>archive</kind>
         <file>rtsv7M4_T_le_v4SPD16_eabi.lib</file>
         <name>args_main.obj</name>
      </input_file>
      <input_file id="fl-e0">
         <path>C:\ti\ccsv7\tools\compiler\ti-cgt-arm_17.3.0.STS\lib\</path>
         <kind>archive</kind>
         <file>rtsv7M4_T_le_v4SPD16_eabi.lib</file>
         <name>autoinit.obj</name>
      </input_file>
      <input_file id="fl-e1">
         <path>C:\ti\ccsv7\tools\compiler\ti-cgt-arm_17.3.0.STS\lib\</path>
         <kind>archive</kind>
         <file>rtsv7M4_T_le_v4SPD16_eabi.lib</file>
         <name>cpy_tbl.obj</name>
      </input_file>
      <input_file id="fl-e2">
         <path>C:\ti\ccsv7\tools\compiler\ti-cgt-arm_17.3.0.STS\lib\</path>
         <kind>archive</kind>
         <file>rtsv7M4_T_le_v4SPD16_eabi.lib</file>
         <name>i_div0.obj</name>
      </input_file>
      <input_file id="fl-e3">
         <path>C:\ti\ccsv7\tools\compiler\ti-cgt-arm_17.3.0.STS\lib\</path>
         <kind>archive</kind>
         <file>rtsv7M4_T_le_v4SPD16_eabi.lib</file>
         <name>startup.obj</name>
      </input_file>
      <input_file id="fl-e4">
         <path>C:\ti\TivaWare_C_Series-2.1.4.178\driverlib\ccs\Debug\</path>
         <kind>archive</kind>
         <file>driverlib.lib</file>
         <name>adc.obj</name>
      </input_file>
      <input_file id="fl-e5">
         <path>C:\ti\TivaWare_C_Series-2.1.4.178\driverlib\ccs\Debug\</path>
         <kind>archive</kind>
         <file>driverlib.lib</file>
         <name>gpio.obj</name>
      </input_file>
      <input_file id="fl-e6">
         <path>C:\ti\TivaWare_C_Series-2.1.4.178\driverlib\ccs\Debug\</path>
         <kind>archive</kind>
         <file>driverlib.lib</file>
         <name>interrupt.obj</name>
      </input_file>
      <input_file id="fl-e7">
         <path>C:\ti\TivaWare_C_Series-2.1.4.178\driverlib\ccs\Debug\</path>
         <kind>archive</kind>
         <file>driverlib.lib</file>
         <name>pwm.obj</name>
      </input_file>
      <input_file id="fl-e8">
         <path>C:\ti\TivaWare_C_Series-2.1.4.178\driverlib\ccs\Debug\</path>
         <kind>archive</kind>
         <file>driverlib.lib</file>
         <name>sysctl.obj</name>
      </input_file>
      <input_file id="fl-e9">
         <path>C:\ti\TivaWare_C_Series-2.1.4.178\driverlib\ccs\Debug\</path>
         <kind>archive</kind>
         <file>driverlib.lib</file>
         <name>timer.obj</name>
      </input_file>
      <input_file id="fl-ea">
         <path>C:\ti\TivaWare_C_Series-2.1.4.178\driverlib\ccs\Debug\</path>
         <kind>archive</kind>
         <file>driverlib.lib</file>
         <name>uart.obj</name>
      </input_file>
      <input_file id="fl-eb">
         <path>C:\ti\TivaWare_C_Series-2.1.4.178\driverlib\ccs\Debug\</path>
         <kind>archive</kind>
         <file>driverlib.lib</file>
         <name>cpu.obj</name>
      </input_file>
   </input_file_list>
   <object_component_list>
      <object_component id="oc-f">
         <name>.intvecs</name>
         <load_address>0x0</load_address>
         <run_address>0x0</run_address>
         <size>0x26c</size>
         <input_file_ref idref="fl-a"/>
      </object_component>
      <object_component id="oc-31">
         <name>.text</name>
         <load_address>0x26c</load_address>
         <run_address>0x26c</run_address>
         <size>0x1400</size>
         <input_file_ref idref="fl-7"/>
      </object_component>
      <object_component id="oc-f3">
         <name>.text</name>
         <load_address>0x166c</load_address>
         <run_address>0x166c</run_address>
         <size>0x49c</size>
         <input_file_ref idref="fl-b"/>
      </object_component>
      <object_component id="oc-1de">
         <name>.text</name>
         <load_address>0x1b08</load_address>
         <run_address>0x1b08</run_address>
         <size>0x32c</size>
         <input_file_ref idref="fl-cc"/>
      </object_component>
      <object_component id="oc-1d2">
         <name>.text</name>
         <load_address>0x1e34</load_address>
         <run_address>0x1e34</run_address>
         <size>0x1b6</size>
         <input_file_ref idref="fl-cf"/>
      </object_component>
      <object_component id="oc-1ca">
         <name>.text</name>
         <load_address>0x1fea</load_address>
         <run_address>0x1fea</run_address>
         <size>0x136</size>
         <input_file_ref idref="fl-d1"/>
      </object_component>
      <object_component id="oc-b7">
         <name>.text:GPIOPadConfigSet</name>
         <load_address>0x2120</load_address>
         <run_address>0x2120</run_address>
         <size>0x132</size>
         <input_file_ref idref="fl-e5"/>
      </object_component>
      <object_component id="oc-326">
         <name>.text</name>
         <load_address>0x2252</load_address>
         <run_address>0x2252</run_address>
         <size>0x2</size>
         <input_file_ref idref="fl-e2"/>
      </object_component>
      <object_component id="oc-86">
         <name>.text:SysCtlClockGet</name>
         <load_address>0x2254</load_address>
         <run_address>0x2254</run_address>
         <size>0x110</size>
         <input_file_ref idref="fl-e8"/>
      </object_component>
      <object_component id="oc-1a6">
         <name>.text</name>
         <load_address>0x2364</load_address>
         <run_address>0x2364</run_address>
         <size>0xfc</size>
         <input_file_ref idref="fl-d2"/>
      </object_component>
      <object_component id="oc-80">
         <name>.text:SysCtlClockSet</name>
         <load_address>0x2460</load_address>
         <run_address>0x2460</run_address>
         <size>0xf4</size>
         <input_file_ref idref="fl-e8"/>
      </object_component>
      <object_component id="oc-45">
         <name>.text</name>
         <load_address>0x2554</load_address>
         <run_address>0x2554</run_address>
         <size>0x9c</size>
         <input_file_ref idref="fl-d7"/>
      </object_component>
      <object_component id="oc-1ab">
         <name>.text:__aeabi_cdcmple</name>
         <load_address>0x25f0</load_address>
         <run_address>0x25f0</run_address>
         <size>0x86</size>
         <input_file_ref idref="fl-d0"/>
      </object_component>
      <object_component id="oc-1b0">
         <name>.text:__aeabi_cdrcmple</name>
         <load_address>0x2676</load_address>
         <run_address>0x2676</run_address>
         <size>0x86</size>
         <input_file_ref idref="fl-d0"/>
      </object_component>
      <object_component id="oc-141">
         <name>.text:ADCSequenceStepConfigure</name>
         <load_address>0x26fc</load_address>
         <run_address>0x26fc</run_address>
         <size>0x7a</size>
         <input_file_ref idref="fl-e4"/>
      </object_component>
      <object_component id="oc-51">
         <name>.text</name>
         <load_address>0x2776</load_address>
         <run_address>0x2776</run_address>
         <size>0x7a</size>
         <input_file_ref idref="fl-d8"/>
      </object_component>
      <object_component id="oc-22b">
         <name>.text</name>
         <load_address>0x27f0</load_address>
         <run_address>0x27f0</run_address>
         <size>0x70</size>
         <input_file_ref idref="fl-2"/>
      </object_component>
      <object_component id="oc-69">
         <name>.text</name>
         <load_address>0x2860</load_address>
         <run_address>0x2860</run_address>
         <size>0x70</size>
         <input_file_ref idref="fl-e0"/>
      </object_component>
      <object_component id="oc-cf">
         <name>.text:IntEnable</name>
         <load_address>0x28d0</load_address>
         <run_address>0x28d0</run_address>
         <size>0x68</size>
         <input_file_ref idref="fl-e6"/>
      </object_component>
      <object_component id="oc-12">
         <name>.text:decompress:lzss</name>
         <load_address>0x2938</load_address>
         <run_address>0x2938</run_address>
         <size>0x68</size>
         <input_file_ref idref="fl-c9"/>
      </object_component>
      <object_component id="oc-c3">
         <name>.text:TimerConfigure</name>
         <load_address>0x29a0</load_address>
         <run_address>0x29a0</run_address>
         <size>0x60</size>
         <input_file_ref idref="fl-e9"/>
      </object_component>
      <object_component id="oc-1be">
         <name>.text:TimerControlTrigger</name>
         <load_address>0x2a00</load_address>
         <run_address>0x2a00</run_address>
         <size>0x58</size>
         <input_file_ref idref="fl-e9"/>
      </object_component>
      <object_component id="oc-24">
         <name>.text</name>
         <load_address>0x2a58</load_address>
         <run_address>0x2a58</run_address>
         <size>0x54</size>
         <input_file_ref idref="fl-c8"/>
      </object_component>
      <object_component id="oc-75">
         <name>.text</name>
         <load_address>0x2aac</load_address>
         <run_address>0x2aac</run_address>
         <size>0x54</size>
         <input_file_ref idref="fl-ce"/>
      </object_component>
      <object_component id="oc-13b">
         <name>.text:ADCSequenceConfigure</name>
         <load_address>0x2b00</load_address>
         <run_address>0x2b00</run_address>
         <size>0x50</size>
         <input_file_ref idref="fl-e4"/>
      </object_component>
      <object_component id="oc-28f">
         <name>.text:_TimerIntNumberGet</name>
         <load_address>0x2b50</load_address>
         <run_address>0x2b50</run_address>
         <size>0x4c</size>
         <input_file_ref idref="fl-e9"/>
      </object_component>
      <object_component id="oc-21d">
         <name>.text</name>
         <load_address>0x2b9c</load_address>
         <run_address>0x2b9c</run_address>
         <size>0x4c</size>
         <input_file_ref idref="fl-e1"/>
      </object_component>
      <object_component id="oc-e1">
         <name>.text:GPIOPinConfigure</name>
         <load_address>0x2be8</load_address>
         <run_address>0x2be8</run_address>
         <size>0x48</size>
         <input_file_ref idref="fl-e5"/>
      </object_component>
      <object_component id="oc-17c">
         <name>.text</name>
         <load_address>0x2c30</load_address>
         <run_address>0x2c30</run_address>
         <size>0x48</size>
         <input_file_ref idref="fl-d3"/>
      </object_component>
      <object_component id="oc-ff">
         <name>.text:UARTConfigSetExpClk</name>
         <load_address>0x2c78</load_address>
         <run_address>0x2c78</run_address>
         <size>0x46</size>
         <input_file_ref idref="fl-ea"/>
      </object_component>
      <object_component id="oc-199">
         <name>.text</name>
         <load_address>0x2cbe</load_address>
         <run_address>0x2cbe</run_address>
         <size>0x44</size>
         <input_file_ref idref="fl-d4"/>
      </object_component>
      <object_component id="oc-280">
         <name>.text</name>
         <load_address>0x2d02</load_address>
         <run_address>0x2d02</run_address>
         <size>0x40</size>
         <input_file_ref idref="fl-dc"/>
      </object_component>
      <object_component id="oc-5d">
         <name>.text</name>
         <load_address>0x2d42</load_address>
         <run_address>0x2d42</run_address>
         <size>0x2</size>
         <input_file_ref idref="fl-d9"/>
      </object_component>
      <object_component id="oc-26b">
         <name>.text:SysCtlPeripheralPresent</name>
         <load_address>0x2d44</load_address>
         <run_address>0x2d44</run_address>
         <size>0x38</size>
         <input_file_ref idref="fl-e8"/>
      </object_component>
      <object_component id="oc-99">
         <name>.text:SysCtlPeripheralReady</name>
         <load_address>0x2d7c</load_address>
         <run_address>0x2d7c</run_address>
         <size>0x38</size>
         <input_file_ref idref="fl-e8"/>
      </object_component>
      <object_component id="oc-1a1">
         <name>.text</name>
         <load_address>0x2db4</load_address>
         <run_address>0x2db4</run_address>
         <size>0x38</size>
         <input_file_ref idref="fl-d5"/>
      </object_component>
      <object_component id="oc-295">
         <name>.text:IntRegister</name>
         <load_address>0x2dec</load_address>
         <run_address>0x2dec</run_address>
         <size>0x34</size>
         <input_file_ref idref="fl-e6"/>
      </object_component>
      <object_component id="oc-93">
         <name>.text:SysCtlPeripheralEnable</name>
         <load_address>0x2e20</load_address>
         <run_address>0x2e20</run_address>
         <size>0x34</size>
         <input_file_ref idref="fl-e8"/>
      </object_component>
      <object_component id="oc-1d7">
         <name>.text</name>
         <load_address>0x2e54</load_address>
         <run_address>0x2e54</run_address>
         <size>0x2e</size>
         <input_file_ref idref="fl-d6"/>
      </object_component>
      <object_component id="oc-24d">
         <name>.text:GPIODirModeSet</name>
         <load_address>0x2e82</load_address>
         <run_address>0x2e82</run_address>
         <size>0x2a</size>
         <input_file_ref idref="fl-e5"/>
      </object_component>
      <object_component id="oc-176">
         <name>.text:PWMGenConfigure</name>
         <load_address>0x2eac</load_address>
         <run_address>0x2eac</run_address>
         <size>0x22</size>
         <input_file_ref idref="fl-e7"/>
      </object_component>
      <object_component id="oc-223">
         <name>.text</name>
         <load_address>0x2ece</load_address>
         <run_address>0x2ece</run_address>
         <size>0x2</size>
         <input_file_ref idref="fl-e3"/>
      </object_component>
      <object_component id="oc-29c">
         <name>.text:UARTDisable</name>
         <load_address>0x2ed0</load_address>
         <run_address>0x2ed0</run_address>
         <size>0x20</size>
         <input_file_ref idref="fl-ea"/>
      </object_component>
      <object_component id="oc-165">
         <name>.text</name>
         <load_address>0x2ef0</load_address>
         <run_address>0x2ef0</run_address>
         <size>0x20</size>
         <input_file_ref idref="fl-dd"/>
      </object_component>
      <object_component id="oc-159">
         <name>.text:ADCSequenceDataGet</name>
         <load_address>0x2f10</load_address>
         <run_address>0x2f10</run_address>
         <size>0x1e</size>
         <input_file_ref idref="fl-e4"/>
      </object_component>
      <object_component id="oc-187">
         <name>.text:PWMPulseWidthSet</name>
         <load_address>0x2f2e</load_address>
         <run_address>0x2f2e</run_address>
         <size>0x1e</size>
         <input_file_ref idref="fl-e7"/>
      </object_component>
      <object_component id="oc-15f">
         <name>.text:ADCProcessorTrigger</name>
         <load_address>0x2f4c</load_address>
         <run_address>0x2f4c</run_address>
         <size>0x18</size>
         <input_file_ref idref="fl-e4"/>
      </object_component>
      <object_component id="oc-9f">
         <name>.text:GPIOPinTypeGPIOOutput</name>
         <load_address>0x2f64</load_address>
         <run_address>0x2f64</run_address>
         <size>0x18</size>
         <input_file_ref idref="fl-e5"/>
      </object_component>
      <object_component id="oc-f9">
         <name>.text:TimerIntRegister</name>
         <load_address>0x2f7c</load_address>
         <run_address>0x2f7c</run_address>
         <size>0x18</size>
         <input_file_ref idref="fl-e9"/>
      </object_component>
      <object_component id="oc-6f">
         <name>.text</name>
         <load_address>0x2f94</load_address>
         <run_address>0x2f94</run_address>
         <size>0x18</size>
         <input_file_ref idref="fl-df"/>
      </object_component>
      <object_component id="oc-16a">
         <name>.text:SysCtlPWMClockSet</name>
         <load_address>0x2fac</load_address>
         <run_address>0x2fac</run_address>
         <size>0x14</size>
         <input_file_ref idref="fl-e8"/>
      </object_component>
      <object_component id="oc-271">
         <name>.text:UARTEnable</name>
         <load_address>0x2fc0</load_address>
         <run_address>0x2fc0</run_address>
         <size>0x14</size>
         <input_file_ref idref="fl-ea"/>
      </object_component>
      <object_component id="oc-2fb">
         <name>.text</name>
         <load_address>0x2fd4</load_address>
         <run_address>0x2fd4</run_address>
         <size>0x14</size>
         <input_file_ref idref="fl-de"/>
      </object_component>
      <object_component id="oc-1b8">
         <name>.text:GPIOPinTypeADC</name>
         <load_address>0x2fe8</load_address>
         <run_address>0x2fe8</run_address>
         <size>0x12</size>
         <input_file_ref idref="fl-e5"/>
      </object_component>
      <object_component id="oc-b1">
         <name>.text:GPIOPinTypeGPIOInput</name>
         <load_address>0x2ffa</load_address>
         <run_address>0x2ffa</run_address>
         <size>0x12</size>
         <input_file_ref idref="fl-e5"/>
      </object_component>
      <object_component id="oc-170">
         <name>.text:GPIOPinTypePWM</name>
         <load_address>0x300c</load_address>
         <run_address>0x300c</run_address>
         <size>0x12</size>
         <input_file_ref idref="fl-e5"/>
      </object_component>
      <object_component id="oc-e7">
         <name>.text:GPIOPinTypeUART</name>
         <load_address>0x301e</load_address>
         <run_address>0x301e</run_address>
         <size>0x12</size>
         <input_file_ref idref="fl-e5"/>
      </object_component>
      <object_component id="oc-18d">
         <name>.text:PWMOutputState</name>
         <load_address>0x3030</load_address>
         <run_address>0x3030</run_address>
         <size>0x12</size>
         <input_file_ref idref="fl-e7"/>
      </object_component>
      <object_component id="oc-c9">
         <name>.text:TimerLoadSet</name>
         <load_address>0x3042</load_address>
         <run_address>0x3042</run_address>
         <size>0x12</size>
         <input_file_ref idref="fl-e9"/>
      </object_component>
      <object_component id="oc-153">
         <name>.text:ADCIntEnable</name>
         <load_address>0x3054</load_address>
         <run_address>0x3054</run_address>
         <size>0x10</size>
         <input_file_ref idref="fl-e4"/>
      </object_component>
      <object_component id="oc-8c">
         <name>.text:IntMasterEnable</name>
         <load_address>0x3064</load_address>
         <run_address>0x3064</run_address>
         <size>0x10</size>
         <input_file_ref idref="fl-e6"/>
      </object_component>
      <object_component id="oc-181">
         <name>.text:PWMGenPeriodSet</name>
         <load_address>0x3074</load_address>
         <run_address>0x3074</run_address>
         <size>0x10</size>
         <input_file_ref idref="fl-e7"/>
      </object_component>
      <object_component id="oc-135">
         <name>.text:ADCHardwareOversampleConfigure</name>
         <load_address>0x3084</load_address>
         <run_address>0x3084</run_address>
         <size>0xe</size>
         <input_file_ref idref="fl-e4"/>
      </object_component>
      <object_component id="oc-147">
         <name>.text:ADCSequenceEnable</name>
         <load_address>0x3092</load_address>
         <run_address>0x3092</run_address>
         <size>0xe</size>
         <input_file_ref idref="fl-e4"/>
      </object_component>
      <object_component id="oc-db">
         <name>.text:TimerEnable</name>
         <load_address>0x30a0</load_address>
         <run_address>0x30a0</run_address>
         <size>0xe</size>
         <input_file_ref idref="fl-e9"/>
      </object_component>
      <object_component id="oc-129">
         <name>.text:UARTCharGetNonBlocking</name>
         <load_address>0x30ae</load_address>
         <run_address>0x30ae</run_address>
         <size>0xe</size>
         <input_file_ref idref="fl-ea"/>
      </object_component>
      <object_component id="oc-12f">
         <name>.text:UARTCharPutNonBlocking</name>
         <load_address>0x30bc</load_address>
         <run_address>0x30bc</run_address>
         <size>0xe</size>
         <input_file_ref idref="fl-ea"/>
      </object_component>
      <object_component id="oc-111">
         <name>.text:UARTCharsAvail</name>
         <load_address>0x30ca</load_address>
         <run_address>0x30ca</run_address>
         <size>0xe</size>
         <input_file_ref idref="fl-ea"/>
      </object_component>
      <object_component id="oc-18">
         <name>.text:decompress:none</name>
         <load_address>0x30d8</load_address>
         <run_address>0x30d8</run_address>
         <size>0xe</size>
         <input_file_ref idref="fl-ca"/>
      </object_component>
      <object_component id="oc-244">
         <name>.text:CPUcpsie</name>
         <load_address>0x30e6</load_address>
         <run_address>0x30e6</run_address>
         <size>0xc</size>
         <input_file_ref idref="fl-eb"/>
      </object_component>
      <object_component id="oc-193">
         <name>.text:PWMGenEnable</name>
         <load_address>0x30f2</load_address>
         <run_address>0x30f2</run_address>
         <size>0xc</size>
         <input_file_ref idref="fl-e7"/>
      </object_component>
      <object_component id="oc-1e">
         <name>.text:decompress:ZI</name>
         <load_address>0x30fe</load_address>
         <run_address>0x30fe</run_address>
         <size>0xc</size>
         <input_file_ref idref="fl-cb"/>
      </object_component>
      <object_component id="oc-2b">
         <name>.text</name>
         <load_address>0x310a</load_address>
         <run_address>0x310a</run_address>
         <size>0xc</size>
         <input_file_ref idref="fl-a"/>
      </object_component>
      <object_component id="oc-14d">
         <name>.text:ADCIntClear</name>
         <load_address>0x3116</load_address>
         <run_address>0x3116</run_address>
         <size>0xa</size>
         <input_file_ref idref="fl-e4"/>
      </object_component>
      <object_component id="oc-117">
         <name>.text:UARTCharGet</name>
         <load_address>0x3120</load_address>
         <run_address>0x3120</run_address>
         <size>0xa</size>
         <input_file_ref idref="fl-ea"/>
      </object_component>
      <object_component id="oc-10b">
         <name>.text:UARTCharPut</name>
         <load_address>0x312a</load_address>
         <run_address>0x312a</run_address>
         <size>0xa</size>
         <input_file_ref idref="fl-ea"/>
      </object_component>
      <object_component id="oc-11d">
         <name>.text:UARTIntStatus</name>
         <load_address>0x3134</load_address>
         <run_address>0x3134</run_address>
         <size>0xa</size>
         <input_file_ref idref="fl-ea"/>
      </object_component>
      <object_component id="oc-d5">
         <name>.text:TimerIntEnable</name>
         <load_address>0x313e</load_address>
         <run_address>0x313e</run_address>
         <size>0x8</size>
         <input_file_ref idref="fl-e9"/>
      </object_component>
      <object_component id="oc-105">
         <name>.text:UARTIntEnable</name>
         <load_address>0x3146</load_address>
         <run_address>0x3146</run_address>
         <size>0x8</size>
         <input_file_ref idref="fl-ea"/>
      </object_component>
      <object_component id="oc-ab">
         <name>.text:GPIOPinRead</name>
         <load_address>0x314e</load_address>
         <run_address>0x314e</run_address>
         <size>0x6</size>
         <input_file_ref idref="fl-e5"/>
      </object_component>
      <object_component id="oc-a5">
         <name>.text:GPIOPinWrite</name>
         <load_address>0x3154</load_address>
         <run_address>0x3154</run_address>
         <size>0x6</size>
         <input_file_ref idref="fl-e5"/>
      </object_component>
      <object_component id="oc-92">
         <name>.text:SysCtlDelay</name>
         <load_address>0x315a</load_address>
         <run_address>0x315a</run_address>
         <size>0x6</size>
         <input_file_ref idref="fl-e8"/>
      </object_component>
      <object_component id="oc-ed">
         <name>.text:UARTClockSourceSet</name>
         <load_address>0x3160</load_address>
         <run_address>0x3160</run_address>
         <size>0x6</size>
         <input_file_ref idref="fl-ea"/>
      </object_component>
      <object_component id="oc-bd">
         <name>.text:TimerIntClear</name>
         <load_address>0x3166</load_address>
         <run_address>0x3166</run_address>
         <size>0x4</size>
         <input_file_ref idref="fl-e9"/>
      </object_component>
      <object_component id="oc-123">
         <name>.text:UARTIntClear</name>
         <load_address>0x316a</load_address>
         <run_address>0x316a</run_address>
         <size>0x4</size>
         <input_file_ref idref="fl-ea"/>
      </object_component>
      <object_component id="oc-63">
         <name>.text</name>
         <load_address>0x316e</load_address>
         <run_address>0x316e</run_address>
         <size>0x4</size>
         <input_file_ref idref="fl-da"/>
      </object_component>
      <object_component id="oc-264">
         <name>.const:g_pui32GPIOBaseAddrs</name>
         <load_address>0x3178</load_address>
         <run_address>0x3178</run_address>
         <size>0x90</size>
         <input_file_ref idref="fl-e5"/>
      </object_component>
      <object_component id="oc-25d">
         <name>.const</name>
         <load_address>0x3208</load_address>
         <run_address>0x3208</run_address>
         <size>0x70</size>
         <input_file_ref idref="fl-e6"/>
      </object_component>
      <object_component id="oc-240">
         <name>.const:g_pui32Xtals</name>
         <load_address>0x3278</load_address>
         <run_address>0x3278</run_address>
         <size>0x6c</size>
         <input_file_ref idref="fl-e8"/>
      </object_component>
      <object_component id="oc-334">
         <name>.const:g_ppui32TimerIntMap</name>
         <load_address>0x32e4</load_address>
         <run_address>0x32e4</run_address>
         <size>0x60</size>
         <input_file_ref idref="fl-e9"/>
      </object_component>
      <object_component id="oc-337">
         <name>.const:g_ppui32TimerIntMapSnowflake</name>
         <load_address>0x3344</load_address>
         <run_address>0x3344</run_address>
         <size>0x40</size>
         <input_file_ref idref="fl-e9"/>
      </object_component>
      <object_component id="oc-285">
         <name>.const</name>
         <load_address>0x3384</load_address>
         <run_address>0x3384</run_address>
         <size>0x4</size>
         <input_file_ref idref="fl-b"/>
      </object_component>
      <object_component id="oc-2d4">
         <name>.const:$O1$$</name>
         <load_address>0x3388</load_address>
         <run_address>0x3388</run_address>
         <size>0x30</size>
         <input_file_ref idref="fl-cc"/>
      </object_component>
      <object_component id="oc-1c7">
         <name>.const</name>
         <load_address>0x33b8</load_address>
         <run_address>0x33b8</run_address>
         <size>0x24</size>
         <input_file_ref idref="fl-7"/>
      </object_component>
      <object_component id="oc-32d">
         <name>.const:.string</name>
         <load_address>0x33dc</load_address>
         <run_address>0x33dc</run_address>
         <size>0x12</size>
         <input_file_ref idref="fl-b"/>
      </object_component>
      <object_component id="oc-27d">
         <name>.const:g_ui32UARTBase</name>
         <load_address>0x33f0</load_address>
         <run_address>0x33f0</run_address>
         <size>0xc</size>
         <input_file_ref idref="fl-b"/>
      </object_component>
      <object_component id="oc-277">
         <name>.const:g_ui32UARTPeriph</name>
         <load_address>0x33fc</load_address>
         <run_address>0x33fc</run_address>
         <size>0xc</size>
         <input_file_ref idref="fl-b"/>
      </object_component>
      <object_component id="oc-388">
         <name>.cinit..data.load</name>
         <load_address>0x3408</load_address>
         <run_address>0x3408</run_address>
         <size>0x42</size>
      </object_component>
      <object_component id="oc-385">
         <name>__TI_handler_table</name>
         <load_address>0x344c</load_address>
         <run_address>0x344c</run_address>
         <size>0xc</size>
      </object_component>
      <object_component id="oc-389">
         <name>.cinit..bss.load</name>
         <load_address>0x3458</load_address>
         <run_address>0x3458</run_address>
         <size>0x8</size>
      </object_component>
      <object_component id="oc-387">
         <name>.cinit..vtable.load</name>
         <load_address>0x3460</load_address>
         <run_address>0x3460</run_address>
         <size>0x8</size>
      </object_component>
      <object_component id="oc-386">
         <name>__TI_cinit_table</name>
         <load_address>0x3468</load_address>
         <run_address>0x3468</run_address>
         <size>0x18</size>
      </object_component>
      <object_component id="oc-33b">
         <name>.vtable</name>
         <uninitialized>true</uninitialized>
         <run_address>0x20000000</run_address>
         <size>0x26c</size>
         <input_file_ref idref="fl-e6"/>
      </object_component>
      <object_component id="oc-2ee">
         <name>.data</name>
         <load_address>0x20000598</load_address>
         <run_address>0x20000598</run_address>
         <size>0x10</size>
         <input_file_ref idref="fl-2"/>
      </object_component>
      <object_component id="oc-19e">
         <name>.data</name>
         <load_address>0x20000530</load_address>
         <run_address>0x20000530</run_address>
         <size>0x64</size>
         <input_file_ref idref="fl-7"/>
      </object_component>
      <object_component id="oc-27a">
         <name>.data</name>
         <load_address>0x200005bc</load_address>
         <run_address>0x200005bc</run_address>
         <size>0x5</size>
         <input_file_ref idref="fl-b"/>
      </object_component>
      <object_component id="oc-2d1">
         <name>.data</name>
         <load_address>0x20000594</load_address>
         <run_address>0x20000594</run_address>
         <size>0x4</size>
         <input_file_ref idref="fl-cd"/>
      </object_component>
      <object_component id="oc-233">
         <name>.data:$O1$$</name>
         <load_address>0x200005a8</load_address>
         <run_address>0x200005a8</run_address>
         <size>0xc</size>
         <input_file_ref idref="fl-ce"/>
      </object_component>
      <object_component id="oc-7b">
         <name>.data</name>
         <load_address>0x200005c4</load_address>
         <run_address>0x200005c4</run_address>
         <size>0x4</size>
         <input_file_ref idref="fl-db"/>
      </object_component>
      <object_component id="oc-236">
         <name>.data:$O1$$</name>
         <load_address>0x200005b4</load_address>
         <run_address>0x200005b4</run_address>
         <size>0x8</size>
         <input_file_ref idref="fl-de"/>
      </object_component>
      <object_component id="oc-1c4">
         <name>.common:pwmPeriod</name>
         <uninitialized>true</uninitialized>
         <run_address>0x200004c8</run_address>
         <size>0x8</size>
      </object_component>
      <object_component id="oc-1cf">
         <name>.common:pwmDuty</name>
         <uninitialized>true</uninitialized>
         <run_address>0x200004c0</run_address>
         <size>0x8</size>
      </object_component>
      <object_component id="oc-1d0">
         <name>.common:samplePeriod</name>
         <uninitialized>true</uninitialized>
         <run_address>0x20000528</run_address>
         <size>0x2</size>
      </object_component>
      <object_component id="oc-1b5">
         <name>.common:rawTemp</name>
         <uninitialized>true</uninitialized>
         <run_address>0x20000524</run_address>
         <size>0x4</size>
      </object_component>
      <object_component id="oc-1d1">
         <name>.common:loadCellValue</name>
         <uninitialized>true</uninitialized>
         <run_address>0x20000520</run_address>
         <size>0x4</size>
      </object_component>
      <object_component id="oc-1f7">
         <name>.common:ADCValue</name>
         <uninitialized>true</uninitialized>
         <run_address>0x20000510</run_address>
         <size>0x4</size>
      </object_component>
      <object_component id="oc-1f5">
         <name>.common:goalReached</name>
         <uninitialized>true</uninitialized>
         <run_address>0x2000051c</run_address>
         <size>0x4</size>
      </object_component>
      <object_component id="oc-1f6">
         <name>.common:goalPos</name>
         <uninitialized>true</uninitialized>
         <run_address>0x200004b8</run_address>
         <size>0x8</size>
      </object_component>
      <object_component id="oc-1e4">
         <name>.common:ERROR</name>
         <uninitialized>true</uninitialized>
         <run_address>0x20000478</run_address>
         <size>0x8</size>
      </object_component>
      <object_component id="oc-1e9">
         <name>.common:PID_OUT</name>
         <uninitialized>true</uninitialized>
         <run_address>0x200004a0</run_address>
         <size>0x8</size>
      </object_component>
      <object_component id="oc-1e6">
         <name>.common:P</name>
         <uninitialized>true</uninitialized>
         <run_address>0x20000498</run_address>
         <size>0x8</size>
      </object_component>
      <object_component id="oc-1e7">
         <name>.common:D</name>
         <uninitialized>true</uninitialized>
         <run_address>0x20000470</run_address>
         <size>0x8</size>
      </object_component>
      <object_component id="oc-1e8">
         <name>.common:I</name>
         <uninitialized>true</uninitialized>
         <run_address>0x20000480</run_address>
         <size>0x8</size>
      </object_component>
      <object_component id="oc-1e5">
         <name>.common:Kp</name>
         <uninitialized>true</uninitialized>
         <run_address>0x20000488</run_address>
         <size>0x8</size>
      </object_component>
      <object_component id="oc-1dc">
         <name>.common:globalControllerFreq</name>
         <uninitialized>true</uninitialized>
         <run_address>0x20000514</run_address>
         <size>0x4</size>
      </object_component>
      <object_component id="oc-1dd">
         <name>.common:globalControllerTick</name>
         <uninitialized>true</uninitialized>
         <run_address>0x20000518</run_address>
         <size>0x4</size>
      </object_component>
      <object_component id="oc-1f4">
         <name>.common:globalControllerPeriod</name>
         <uninitialized>true</uninitialized>
         <run_address>0x200004b0</run_address>
         <size>0x8</size>
      </object_component>
      <object_component id="oc-1f0">
         <name>.common:theta_x</name>
         <uninitialized>true</uninitialized>
         <run_address>0x200004e8</run_address>
         <size>0x8</size>
      </object_component>
      <object_component id="oc-1f1">
         <name>.common:theta_r</name>
         <uninitialized>true</uninitialized>
         <run_address>0x200004d8</run_address>
         <size>0x8</size>
      </object_component>
      <object_component id="oc-1f2">
         <name>.common:theta_x_final</name>
         <uninitialized>true</uninitialized>
         <run_address>0x200004f0</run_address>
         <size>0x8</size>
      </object_component>
      <object_component id="oc-1f3">
         <name>.common:theta_r_final</name>
         <uninitialized>true</uninitialized>
         <run_address>0x200004e0</run_address>
         <size>0x8</size>
      </object_component>
      <object_component id="oc-1ef">
         <name>.common:MRAC_OUT</name>
         <uninitialized>true</uninitialized>
         <run_address>0x20000490</run_address>
         <size>0x8</size>
      </object_component>
      <object_component id="oc-1ec">
         <name>.common:ref_sys</name>
         <uninitialized>true</uninitialized>
         <run_address>0x200004d0</run_address>
         <size>0x8</size>
      </object_component>
      <object_component id="oc-1eb">
         <name>.common:time</name>
         <uninitialized>true</uninitialized>
         <run_address>0x200004f8</run_address>
         <size>0x8</size>
      </object_component>
      <object_component id="oc-1ea">
         <name>.common:delta_t</name>
         <uninitialized>true</uninitialized>
         <run_address>0x200004a8</run_address>
         <size>0x8</size>
      </object_component>
      <object_component id="oc-1ed">
         <name>.common:x_ref</name>
         <uninitialized>true</uninitialized>
         <run_address>0x20000508</run_address>
         <size>0x8</size>
      </object_component>
      <object_component id="oc-1ee">
         <name>.common:x</name>
         <uninitialized>true</uninitialized>
         <run_address>0x20000500</run_address>
         <size>0x8</size>
      </object_component>
      <object_component id="oc-2a">
         <name>.stack</name>
         <uninitialized>true</uninitialized>
         <run_address>0x2000026c</run_address>
         <size>0x0</size>
         <input_file_ref idref="fl-c8"/>
      </object_component>
      <object_component id="oc-38a">
         <name>.stack</name>
         <uninitialized>true</uninitialized>
         <run_address>0x2000026c</run_address>
         <size>0x0</size>
      </object_component>
      <object_component id="oc-332">
         <name>.debug_info</name>
         <load_address>0x0</load_address>
         <run_address>0x0</run_address>
         <size>0x568</size>
         <input_file_ref idref="fl-2"/>
      </object_component>
      <object_component id="oc-2ef">
         <name>.debug_info</name>
         <load_address>0x568</load_address>
         <run_address>0x568</run_address>
         <size>0x105</size>
         <input_file_ref idref="fl-2"/>
      </object_component>
      <object_component id="oc-22c">
         <name>.debug_info</name>
         <load_address>0x66d</load_address>
         <run_address>0x66d</run_address>
         <size>0x2bc</size>
         <input_file_ref idref="fl-2"/>
      </object_component>
      <object_component id="oc-40">
         <name>.debug_info</name>
         <load_address>0x929</load_address>
         <run_address>0x929</run_address>
         <size>0x84</size>
         <input_file_ref idref="fl-2"/>
      </object_component>
      <object_component id="oc-1f9">
         <name>.debug_info</name>
         <load_address>0x9ad</load_address>
         <run_address>0x9ad</run_address>
         <size>0x18b</size>
         <input_file_ref idref="fl-2"/>
      </object_component>
      <object_component id="oc-28a">
         <name>.debug_info</name>
         <load_address>0xb38</load_address>
         <run_address>0xb38</run_address>
         <size>0x4e</size>
         <input_file_ref idref="fl-2"/>
      </object_component>
      <object_component id="oc-1c5">
         <name>.debug_info</name>
         <load_address>0xb86</load_address>
         <run_address>0xb86</run_address>
         <size>0x51b</size>
         <input_file_ref idref="fl-6"/>
      </object_component>
      <object_component id="oc-1fe">
         <name>.debug_info</name>
         <load_address>0x10a1</load_address>
         <run_address>0x10a1</run_address>
         <size>0x8b</size>
         <input_file_ref idref="fl-6"/>
      </object_component>
      <object_component id="oc-1b6">
         <name>.debug_info</name>
         <load_address>0x112c</load_address>
         <run_address>0x112c</run_address>
         <size>0x1151</size>
         <input_file_ref idref="fl-7"/>
      </object_component>
      <object_component id="oc-1c8">
         <name>.debug_info</name>
         <load_address>0x227d</load_address>
         <run_address>0x227d</run_address>
         <size>0x19e</size>
         <input_file_ref idref="fl-7"/>
      </object_component>
      <object_component id="oc-19f">
         <name>.debug_info</name>
         <load_address>0x241b</load_address>
         <run_address>0x241b</run_address>
         <size>0x2fa</size>
         <input_file_ref idref="fl-7"/>
      </object_component>
      <object_component id="oc-34">
         <name>.debug_info</name>
         <load_address>0x2715</load_address>
         <run_address>0x2715</run_address>
         <size>0x45cb</size>
         <input_file_ref idref="fl-7"/>
      </object_component>
      <object_component id="oc-39">
         <name>.debug_info</name>
         <load_address>0x6ce0</load_address>
         <run_address>0x6ce0</run_address>
         <size>0x3a0</size>
         <input_file_ref idref="fl-a"/>
      </object_component>
      <object_component id="oc-10">
         <name>.debug_info</name>
         <load_address>0x7080</load_address>
         <run_address>0x7080</run_address>
         <size>0xfb</size>
         <input_file_ref idref="fl-a"/>
      </object_component>
      <object_component id="oc-2c">
         <name>.debug_info</name>
         <load_address>0x717b</load_address>
         <run_address>0x717b</run_address>
         <size>0x277</size>
         <input_file_ref idref="fl-a"/>
      </object_component>
      <object_component id="oc-289">
         <name>.debug_info</name>
         <load_address>0x73f2</load_address>
         <run_address>0x73f2</run_address>
         <size>0x3e4</size>
         <input_file_ref idref="fl-b"/>
      </object_component>
      <object_component id="oc-27b">
         <name>.debug_info</name>
         <load_address>0x77d6</load_address>
         <run_address>0x77d6</run_address>
         <size>0xe7</size>
         <input_file_ref idref="fl-b"/>
      </object_component>
      <object_component id="oc-286">
         <name>.debug_info</name>
         <load_address>0x78bd</load_address>
         <run_address>0x78bd</run_address>
         <size>0xe1</size>
         <input_file_ref idref="fl-b"/>
      </object_component>
      <object_component id="oc-27e">
         <name>.debug_info</name>
         <load_address>0x799e</load_address>
         <run_address>0x799e</run_address>
         <size>0xef</size>
         <input_file_ref idref="fl-b"/>
      </object_component>
      <object_component id="oc-278">
         <name>.debug_info</name>
         <load_address>0x7a8d</load_address>
         <run_address>0x7a8d</run_address>
         <size>0xf3</size>
         <input_file_ref idref="fl-b"/>
      </object_component>
      <object_component id="oc-f5">
         <name>.debug_info</name>
         <load_address>0x7b80</load_address>
         <run_address>0x7b80</run_address>
         <size>0x790</size>
         <input_file_ref idref="fl-b"/>
      </object_component>
      <object_component id="oc-26">
         <name>.debug_info</name>
         <load_address>0x8310</load_address>
         <run_address>0x8310</run_address>
         <size>0x160</size>
         <input_file_ref idref="fl-c8"/>
      </object_component>
      <object_component id="oc-20a">
         <name>.debug_info</name>
         <load_address>0x8470</load_address>
         <run_address>0x8470</run_address>
         <size>0x293</size>
         <input_file_ref idref="fl-c9"/>
      </object_component>
      <object_component id="oc-15">
         <name>.debug_info</name>
         <load_address>0x8703</load_address>
         <run_address>0x8703</run_address>
         <size>0x245</size>
         <input_file_ref idref="fl-c9"/>
      </object_component>
      <object_component id="oc-3b">
         <name>.debug_info</name>
         <load_address>0x8948</load_address>
         <run_address>0x8948</run_address>
         <size>0x60</size>
         <input_file_ref idref="fl-c9"/>
      </object_component>
      <object_component id="oc-205">
         <name>.debug_info</name>
         <load_address>0x89a8</load_address>
         <run_address>0x89a8</run_address>
         <size>0x46</size>
         <input_file_ref idref="fl-c9"/>
      </object_component>
      <object_component id="oc-50">
         <name>.debug_info</name>
         <load_address>0x89ee</load_address>
         <run_address>0x89ee</run_address>
         <size>0x2da</size>
         <input_file_ref idref="fl-ca"/>
      </object_component>
      <object_component id="oc-19">
         <name>.debug_info</name>
         <load_address>0x8cc8</load_address>
         <run_address>0x8cc8</run_address>
         <size>0x1df</size>
         <input_file_ref idref="fl-ca"/>
      </object_component>
      <object_component id="oc-4b">
         <name>.debug_info</name>
         <load_address>0x8ea7</load_address>
         <run_address>0x8ea7</run_address>
         <size>0x46</size>
         <input_file_ref idref="fl-ca"/>
      </object_component>
      <object_component id="oc-20c">
         <name>.debug_info</name>
         <load_address>0x8eed</load_address>
         <run_address>0x8eed</run_address>
         <size>0x2c</size>
         <input_file_ref idref="fl-ca"/>
      </object_component>
      <object_component id="oc-5c">
         <name>.debug_info</name>
         <load_address>0x8f19</load_address>
         <run_address>0x8f19</run_address>
         <size>0x2c9</size>
         <input_file_ref idref="fl-cb"/>
      </object_component>
      <object_component id="oc-22">
         <name>.debug_info</name>
         <load_address>0x91e2</load_address>
         <run_address>0x91e2</run_address>
         <size>0x1aa</size>
         <input_file_ref idref="fl-cb"/>
      </object_component>
      <object_component id="oc-57">
         <name>.debug_info</name>
         <load_address>0x938c</load_address>
         <run_address>0x938c</run_address>
         <size>0x46</size>
         <input_file_ref idref="fl-cb"/>
      </object_component>
      <object_component id="oc-214">
         <name>.debug_info</name>
         <load_address>0x93d2</load_address>
         <run_address>0x93d2</run_address>
         <size>0x2c</size>
         <input_file_ref idref="fl-cb"/>
      </object_component>
      <object_component id="oc-348">
         <name>.debug_info</name>
         <load_address>0x93fe</load_address>
         <run_address>0x93fe</run_address>
         <size>0x33d</size>
         <input_file_ref idref="fl-cc"/>
      </object_component>
      <object_component id="oc-2d5">
         <name>.debug_info</name>
         <load_address>0x973b</load_address>
         <run_address>0x973b</run_address>
         <size>0x125</size>
         <input_file_ref idref="fl-cc"/>
      </object_component>
      <object_component id="oc-1e2">
         <name>.debug_info</name>
         <load_address>0x9860</load_address>
         <run_address>0x9860</run_address>
         <size>0x4b1</size>
         <input_file_ref idref="fl-cc"/>
      </object_component>
      <object_component id="oc-2d8">
         <name>.debug_info</name>
         <load_address>0x9d11</load_address>
         <run_address>0x9d11</run_address>
         <size>0x39</size>
         <input_file_ref idref="fl-cc"/>
      </object_component>
      <object_component id="oc-2d2">
         <name>.debug_info</name>
         <load_address>0x9d4a</load_address>
         <run_address>0x9d4a</run_address>
         <size>0xf3</size>
         <input_file_ref idref="fl-cd"/>
      </object_component>
      <object_component id="oc-23a">
         <name>.debug_info</name>
         <load_address>0x9e3d</load_address>
         <run_address>0x9e3d</run_address>
         <size>0x3ce</size>
         <input_file_ref idref="fl-ce"/>
      </object_component>
      <object_component id="oc-234">
         <name>.debug_info</name>
         <load_address>0xa20b</load_address>
         <run_address>0xa20b</run_address>
         <size>0x185</size>
         <input_file_ref idref="fl-ce"/>
      </object_component>
      <object_component id="oc-76">
         <name>.debug_info</name>
         <load_address>0xa390</load_address>
         <run_address>0xa390</run_address>
         <size>0x214</size>
         <input_file_ref idref="fl-ce"/>
      </object_component>
      <object_component id="oc-1d3">
         <name>.debug_info</name>
         <load_address>0xa5a4</load_address>
         <run_address>0xa5a4</run_address>
         <size>0x144</size>
         <input_file_ref idref="fl-cf"/>
      </object_component>
      <object_component id="oc-1ac">
         <name>.debug_info</name>
         <load_address>0xa6e8</load_address>
         <run_address>0xa6e8</run_address>
         <size>0x120</size>
         <input_file_ref idref="fl-d0"/>
      </object_component>
      <object_component id="oc-1b1">
         <name>.debug_info</name>
         <load_address>0xa808</load_address>
         <run_address>0xa808</run_address>
         <size>0x122</size>
         <input_file_ref idref="fl-d0"/>
      </object_component>
      <object_component id="oc-1cb">
         <name>.debug_info</name>
         <load_address>0xa92a</load_address>
         <run_address>0xa92a</run_address>
         <size>0x132</size>
         <input_file_ref idref="fl-d1"/>
      </object_component>
      <object_component id="oc-1a8">
         <name>.debug_info</name>
         <load_address>0xaa5c</load_address>
         <run_address>0xaa5c</run_address>
         <size>0x132</size>
         <input_file_ref idref="fl-d2"/>
      </object_component>
      <object_component id="oc-17e">
         <name>.debug_info</name>
         <load_address>0xab8e</load_address>
         <run_address>0xab8e</run_address>
         <size>0x126</size>
         <input_file_ref idref="fl-d3"/>
      </object_component>
      <object_component id="oc-19a">
         <name>.debug_info</name>
         <load_address>0xacb4</load_address>
         <run_address>0xacb4</run_address>
         <size>0x131</size>
         <input_file_ref idref="fl-d4"/>
      </object_component>
      <object_component id="oc-1a2">
         <name>.debug_info</name>
         <load_address>0xade5</load_address>
         <run_address>0xade5</run_address>
         <size>0x124</size>
         <input_file_ref idref="fl-d5"/>
      </object_component>
      <object_component id="oc-1d8">
         <name>.debug_info</name>
         <load_address>0xaf09</load_address>
         <run_address>0xaf09</run_address>
         <size>0x124</size>
         <input_file_ref idref="fl-d6"/>
      </object_component>
      <object_component id="oc-48">
         <name>.debug_info</name>
         <load_address>0xb02d</load_address>
         <run_address>0xb02d</run_address>
         <size>0x111</size>
         <input_file_ref idref="fl-d7"/>
      </object_component>
      <object_component id="oc-54">
         <name>.debug_info</name>
         <load_address>0xb13e</load_address>
         <run_address>0xb13e</run_address>
         <size>0x13f</size>
         <input_file_ref idref="fl-d8"/>
      </object_component>
      <object_component id="oc-5f">
         <name>.debug_info</name>
         <load_address>0xb27d</load_address>
         <run_address>0xb27d</run_address>
         <size>0x138</size>
         <input_file_ref idref="fl-d9"/>
      </object_component>
      <object_component id="oc-66">
         <name>.debug_info</name>
         <load_address>0xb3b5</load_address>
         <run_address>0xb3b5</run_address>
         <size>0x148</size>
         <input_file_ref idref="fl-da"/>
      </object_component>
      <object_component id="oc-7c">
         <name>.debug_info</name>
         <load_address>0xb4fd</load_address>
         <run_address>0xb4fd</run_address>
         <size>0x109</size>
         <input_file_ref idref="fl-db"/>
      </object_component>
      <object_component id="oc-283">
         <name>.debug_info</name>
         <load_address>0xb606</load_address>
         <run_address>0xb606</run_address>
         <size>0x13a</size>
         <input_file_ref idref="fl-dc"/>
      </object_component>
      <object_component id="oc-166">
         <name>.debug_info</name>
         <load_address>0xb740</load_address>
         <run_address>0xb740</run_address>
         <size>0x126</size>
         <input_file_ref idref="fl-dd"/>
      </object_component>
      <object_component id="oc-303">
         <name>.debug_info</name>
         <load_address>0xb866</load_address>
         <run_address>0xb866</run_address>
         <size>0x2be</size>
         <input_file_ref idref="fl-de"/>
      </object_component>
      <object_component id="oc-237">
         <name>.debug_info</name>
         <load_address>0xbb24</load_address>
         <run_address>0xbb24</run_address>
         <size>0x113</size>
         <input_file_ref idref="fl-de"/>
      </object_component>
      <object_component id="oc-2fc">
         <name>.debug_info</name>
         <load_address>0xbc37</load_address>
         <run_address>0xbc37</run_address>
         <size>0x21f</size>
         <input_file_ref idref="fl-de"/>
      </object_component>
      <object_component id="oc-232">
         <name>.debug_info</name>
         <load_address>0xbe56</load_address>
         <run_address>0xbe56</run_address>
         <size>0x300</size>
         <input_file_ref idref="fl-df"/>
      </object_component>
      <object_component id="oc-72">
         <name>.debug_info</name>
         <load_address>0xc156</load_address>
         <run_address>0xc156</run_address>
         <size>0x167</size>
         <input_file_ref idref="fl-df"/>
      </object_component>
      <object_component id="oc-2f4">
         <name>.debug_info</name>
         <load_address>0xc2bd</load_address>
         <run_address>0xc2bd</run_address>
         <size>0x5e</size>
         <input_file_ref idref="fl-df"/>
      </object_component>
      <object_component id="oc-22a">
         <name>.debug_info</name>
         <load_address>0xc31b</load_address>
         <run_address>0xc31b</run_address>
         <size>0x483</size>
         <input_file_ref idref="fl-e0"/>
      </object_component>
      <object_component id="oc-6a">
         <name>.debug_info</name>
         <load_address>0xc79e</load_address>
         <run_address>0xc79e</run_address>
         <size>0x190</size>
         <input_file_ref idref="fl-e0"/>
      </object_component>
      <object_component id="oc-2e4">
         <name>.debug_info</name>
         <load_address>0xc92e</load_address>
         <run_address>0xc92e</run_address>
         <size>0x39</size>
         <input_file_ref idref="fl-e0"/>
      </object_component>
      <object_component id="oc-351">
         <name>.debug_info</name>
         <load_address>0xc967</load_address>
         <run_address>0xc967</run_address>
         <size>0x39</size>
         <input_file_ref idref="fl-e0"/>
      </object_component>
      <object_component id="oc-2e9">
         <name>.debug_info</name>
         <load_address>0xc9a0</load_address>
         <run_address>0xc9a0</run_address>
         <size>0xcd</size>
         <input_file_ref idref="fl-e0"/>
      </object_component>
      <object_component id="oc-2e0">
         <name>.debug_info</name>
         <load_address>0xca6d</load_address>
         <run_address>0xca6d</run_address>
         <size>0x37a</size>
         <input_file_ref idref="fl-e1"/>
      </object_component>
      <object_component id="oc-21e">
         <name>.debug_info</name>
         <load_address>0xcde7</load_address>
         <run_address>0xcde7</run_address>
         <size>0x183</size>
         <input_file_ref idref="fl-e1"/>
      </object_component>
      <object_component id="oc-34c">
         <name>.debug_info</name>
         <load_address>0xcf6a</load_address>
         <run_address>0xcf6a</run_address>
         <size>0x2c</size>
         <input_file_ref idref="fl-e1"/>
      </object_component>
      <object_component id="oc-327">
         <name>.debug_info</name>
         <load_address>0xcf96</load_address>
         <run_address>0xcf96</run_address>
         <size>0x147</size>
         <input_file_ref idref="fl-e2"/>
      </object_component>
      <object_component id="oc-224">
         <name>.debug_info</name>
         <load_address>0xd0dd</load_address>
         <run_address>0xd0dd</run_address>
         <size>0x145</size>
         <input_file_ref idref="fl-e3"/>
      </object_component>
      <object_component id="oc-2ac">
         <name>.debug_info</name>
         <load_address>0xd222</load_address>
         <run_address>0xd222</run_address>
         <size>0x24d</size>
         <input_file_ref idref="fl-e4"/>
      </object_component>
      <object_component id="oc-145">
         <name>.debug_info</name>
         <load_address>0xd46f</load_address>
         <run_address>0xd46f</run_address>
         <size>0x333</size>
         <input_file_ref idref="fl-e4"/>
      </object_component>
      <object_component id="oc-14b">
         <name>.debug_info</name>
         <load_address>0xd7a2</load_address>
         <run_address>0xd7a2</run_address>
         <size>0x2a0</size>
         <input_file_ref idref="fl-e4"/>
      </object_component>
      <object_component id="oc-15d">
         <name>.debug_info</name>
         <load_address>0xda42</load_address>
         <run_address>0xda42</run_address>
         <size>0x2ff</size>
         <input_file_ref idref="fl-e4"/>
      </object_component>
      <object_component id="oc-13e">
         <name>.debug_info</name>
         <load_address>0xdd41</load_address>
         <run_address>0xdd41</run_address>
         <size>0x326</size>
         <input_file_ref idref="fl-e4"/>
      </object_component>
      <object_component id="oc-162">
         <name>.debug_info</name>
         <load_address>0xe067</load_address>
         <run_address>0xe067</run_address>
         <size>0x2a4</size>
         <input_file_ref idref="fl-e4"/>
      </object_component>
      <object_component id="oc-156">
         <name>.debug_info</name>
         <load_address>0xe30b</load_address>
         <run_address>0xe30b</run_address>
         <size>0x296</size>
         <input_file_ref idref="fl-e4"/>
      </object_component>
      <object_component id="oc-150">
         <name>.debug_info</name>
         <load_address>0xe5a1</load_address>
         <run_address>0xe5a1</run_address>
         <size>0x294</size>
         <input_file_ref idref="fl-e4"/>
      </object_component>
      <object_component id="oc-138">
         <name>.debug_info</name>
         <load_address>0xe835</load_address>
         <run_address>0xe835</run_address>
         <size>0x2c1</size>
         <input_file_ref idref="fl-e4"/>
      </object_component>
      <object_component id="oc-254">
         <name>.debug_info</name>
         <load_address>0xeaf6</load_address>
         <run_address>0xeaf6</run_address>
         <size>0x240</size>
         <input_file_ref idref="fl-e5"/>
      </object_component>
      <object_component id="oc-265">
         <name>.debug_info</name>
         <load_address>0xed36</load_address>
         <run_address>0xed36</run_address>
         <size>0x15b</size>
         <input_file_ref idref="fl-e5"/>
      </object_component>
      <object_component id="oc-a6">
         <name>.debug_info</name>
         <load_address>0xee91</load_address>
         <run_address>0xee91</run_address>
         <size>0x2a3</size>
         <input_file_ref idref="fl-e5"/>
      </object_component>
      <object_component id="oc-24e">
         <name>.debug_info</name>
         <load_address>0xf134</load_address>
         <run_address>0xf134</run_address>
         <size>0x2b3</size>
         <input_file_ref idref="fl-e5"/>
      </object_component>
      <object_component id="oc-b8">
         <name>.debug_info</name>
         <load_address>0xf3e7</load_address>
         <run_address>0xf3e7</run_address>
         <size>0x316</size>
         <input_file_ref idref="fl-e5"/>
      </object_component>
      <object_component id="oc-e8">
         <name>.debug_info</name>
         <load_address>0xf6fd</load_address>
         <run_address>0xf6fd</run_address>
         <size>0x27b</size>
         <input_file_ref idref="fl-e5"/>
      </object_component>
      <object_component id="oc-171">
         <name>.debug_info</name>
         <load_address>0xf978</load_address>
         <run_address>0xf978</run_address>
         <size>0x279</size>
         <input_file_ref idref="fl-e5"/>
      </object_component>
      <object_component id="oc-a0">
         <name>.debug_info</name>
         <load_address>0xfbf1</load_address>
         <run_address>0xfbf1</run_address>
         <size>0x2b7</size>
         <input_file_ref idref="fl-e5"/>
      </object_component>
      <object_component id="oc-b2">
         <name>.debug_info</name>
         <load_address>0xfea8</load_address>
         <run_address>0xfea8</run_address>
         <size>0x285</size>
         <input_file_ref idref="fl-e5"/>
      </object_component>
      <object_component id="oc-1b9">
         <name>.debug_info</name>
         <load_address>0x1012d</load_address>
         <run_address>0x1012d</run_address>
         <size>0x279</size>
         <input_file_ref idref="fl-e5"/>
      </object_component>
      <object_component id="oc-ac">
         <name>.debug_info</name>
         <load_address>0x103a6</load_address>
         <run_address>0x103a6</run_address>
         <size>0x27b</size>
         <input_file_ref idref="fl-e5"/>
      </object_component>
      <object_component id="oc-e2">
         <name>.debug_info</name>
         <load_address>0x10621</load_address>
         <run_address>0x10621</run_address>
         <size>0x280</size>
         <input_file_ref idref="fl-e5"/>
      </object_component>
      <object_component id="oc-261">
         <name>.debug_info</name>
         <load_address>0x108a1</load_address>
         <run_address>0x108a1</run_address>
         <size>0x20e</size>
         <input_file_ref idref="fl-e6"/>
      </object_component>
      <object_component id="oc-25e">
         <name>.debug_info</name>
         <load_address>0x10aaf</load_address>
         <run_address>0x10aaf</run_address>
         <size>0x210</size>
         <input_file_ref idref="fl-e6"/>
      </object_component>
      <object_component id="oc-33c">
         <name>.debug_info</name>
         <load_address>0x10cbf</load_address>
         <run_address>0x10cbf</run_address>
         <size>0x157</size>
         <input_file_ref idref="fl-e6"/>
      </object_component>
      <object_component id="oc-297">
         <name>.debug_info</name>
         <load_address>0x10e16</load_address>
         <run_address>0x10e16</run_address>
         <size>0x2c1</size>
         <input_file_ref idref="fl-e6"/>
      </object_component>
      <object_component id="oc-8d">
         <name>.debug_info</name>
         <load_address>0x110d7</load_address>
         <run_address>0x110d7</run_address>
         <size>0x23e</size>
         <input_file_ref idref="fl-e6"/>
      </object_component>
      <object_component id="oc-d0">
         <name>.debug_info</name>
         <load_address>0x11315</load_address>
         <run_address>0x11315</run_address>
         <size>0x268</size>
         <input_file_ref idref="fl-e6"/>
      </object_component>
      <object_component id="oc-2b9">
         <name>.debug_info</name>
         <load_address>0x1157d</load_address>
         <run_address>0x1157d</run_address>
         <size>0x1ed</size>
         <input_file_ref idref="fl-e7"/>
      </object_component>
      <object_component id="oc-188">
         <name>.debug_info</name>
         <load_address>0x1176a</load_address>
         <run_address>0x1176a</run_address>
         <size>0x2f6</size>
         <input_file_ref idref="fl-e7"/>
      </object_component>
      <object_component id="oc-18e">
         <name>.debug_info</name>
         <load_address>0x11a60</load_address>
         <run_address>0x11a60</run_address>
         <size>0x2c4</size>
         <input_file_ref idref="fl-e7"/>
      </object_component>
      <object_component id="oc-182">
         <name>.debug_info</name>
         <load_address>0x11d24</load_address>
         <run_address>0x11d24</run_address>
         <size>0x2b6</size>
         <input_file_ref idref="fl-e7"/>
      </object_component>
      <object_component id="oc-194">
         <name>.debug_info</name>
         <load_address>0x11fda</load_address>
         <run_address>0x11fda</run_address>
         <size>0x276</size>
         <input_file_ref idref="fl-e7"/>
      </object_component>
      <object_component id="oc-177">
         <name>.debug_info</name>
         <load_address>0x12250</load_address>
         <run_address>0x12250</run_address>
         <size>0x2b3</size>
         <input_file_ref idref="fl-e7"/>
      </object_component>
      <object_component id="oc-23f">
         <name>.debug_info</name>
         <load_address>0x12503</load_address>
         <run_address>0x12503</run_address>
         <size>0x298</size>
         <input_file_ref idref="fl-e8"/>
      </object_component>
      <object_component id="oc-241">
         <name>.debug_info</name>
         <load_address>0x1279b</load_address>
         <run_address>0x1279b</run_address>
         <size>0x14d</size>
         <input_file_ref idref="fl-e8"/>
      </object_component>
      <object_component id="oc-9a">
         <name>.debug_info</name>
         <load_address>0x128e8</load_address>
         <run_address>0x128e8</run_address>
         <size>0x27f</size>
         <input_file_ref idref="fl-e8"/>
      </object_component>
      <object_component id="oc-26c">
         <name>.debug_info</name>
         <load_address>0x12b67</load_address>
         <run_address>0x12b67</run_address>
         <size>0x283</size>
         <input_file_ref idref="fl-e8"/>
      </object_component>
      <object_component id="oc-94">
         <name>.debug_info</name>
         <load_address>0x12dea</load_address>
         <run_address>0x12dea</run_address>
         <size>0x27d</size>
         <input_file_ref idref="fl-e8"/>
      </object_component>
      <object_component id="oc-16b">
         <name>.debug_info</name>
         <load_address>0x13067</load_address>
         <run_address>0x13067</run_address>
         <size>0x263</size>
         <input_file_ref idref="fl-e8"/>
      </object_component>
      <object_component id="oc-81">
         <name>.debug_info</name>
         <load_address>0x132ca</load_address>
         <run_address>0x132ca</run_address>
         <size>0x2db</size>
         <input_file_ref idref="fl-e8"/>
      </object_component>
      <object_component id="oc-87">
         <name>.debug_info</name>
         <load_address>0x135a5</load_address>
         <run_address>0x135a5</run_address>
         <size>0x2b5</size>
         <input_file_ref idref="fl-e8"/>
      </object_component>
      <object_component id="oc-309">
         <name>.debug_info</name>
         <load_address>0x1385a</load_address>
         <run_address>0x1385a</run_address>
         <size>0x5f</size>
         <input_file_ref idref="fl-e8"/>
      </object_component>
      <object_component id="oc-25a">
         <name>.debug_info</name>
         <load_address>0x138b9</load_address>
         <run_address>0x138b9</run_address>
         <size>0x223</size>
         <input_file_ref idref="fl-e9"/>
      </object_component>
      <object_component id="oc-335">
         <name>.debug_info</name>
         <load_address>0x13adc</load_address>
         <run_address>0x13adc</run_address>
         <size>0x15a</size>
         <input_file_ref idref="fl-e9"/>
      </object_component>
      <object_component id="oc-338">
         <name>.debug_info</name>
         <load_address>0x13c36</load_address>
         <run_address>0x13c36</run_address>
         <size>0x16c</size>
         <input_file_ref idref="fl-e9"/>
      </object_component>
      <object_component id="oc-ca">
         <name>.debug_info</name>
         <load_address>0x13da2</load_address>
         <run_address>0x13da2</run_address>
         <size>0x2ba</size>
         <input_file_ref idref="fl-e9"/>
      </object_component>
      <object_component id="oc-290">
         <name>.debug_info</name>
         <load_address>0x1405c</load_address>
         <run_address>0x1405c</run_address>
         <size>0x2eb</size>
         <input_file_ref idref="fl-e9"/>
      </object_component>
      <object_component id="oc-fa">
         <name>.debug_info</name>
         <load_address>0x14347</load_address>
         <run_address>0x14347</run_address>
         <size>0x2e4</size>
         <input_file_ref idref="fl-e9"/>
      </object_component>
      <object_component id="oc-d6">
         <name>.debug_info</name>
         <load_address>0x1462b</load_address>
         <run_address>0x1462b</run_address>
         <size>0x294</size>
         <input_file_ref idref="fl-e9"/>
      </object_component>
      <object_component id="oc-be">
         <name>.debug_info</name>
         <load_address>0x148bf</load_address>
         <run_address>0x148bf</run_address>
         <size>0x292</size>
         <input_file_ref idref="fl-e9"/>
      </object_component>
      <object_component id="oc-dc">
         <name>.debug_info</name>
         <load_address>0x14b51</load_address>
         <run_address>0x14b51</run_address>
         <size>0x27f</size>
         <input_file_ref idref="fl-e9"/>
      </object_component>
      <object_component id="oc-1bf">
         <name>.debug_info</name>
         <load_address>0x14dd0</load_address>
         <run_address>0x14dd0</run_address>
         <size>0x2d7</size>
         <input_file_ref idref="fl-e9"/>
      </object_component>
      <object_component id="oc-c4">
         <name>.debug_info</name>
         <load_address>0x150a7</load_address>
         <run_address>0x150a7</run_address>
         <size>0x28c</size>
         <input_file_ref idref="fl-e9"/>
      </object_component>
      <object_component id="oc-26a">
         <name>.debug_info</name>
         <load_address>0x15333</load_address>
         <run_address>0x15333</run_address>
         <size>0x227</size>
         <input_file_ref idref="fl-ea"/>
      </object_component>
      <object_component id="oc-121">
         <name>.debug_info</name>
         <load_address>0x1555a</load_address>
         <run_address>0x1555a</run_address>
         <size>0x27f</size>
         <input_file_ref idref="fl-ea"/>
      </object_component>
      <object_component id="oc-109">
         <name>.debug_info</name>
         <load_address>0x157d9</load_address>
         <run_address>0x157d9</run_address>
         <size>0x28f</size>
         <input_file_ref idref="fl-ea"/>
      </object_component>
      <object_component id="oc-127">
         <name>.debug_info</name>
         <load_address>0x15a68</load_address>
         <run_address>0x15a68</run_address>
         <size>0x28d</size>
         <input_file_ref idref="fl-ea"/>
      </object_component>
      <object_component id="oc-272">
         <name>.debug_info</name>
         <load_address>0x15cf5</load_address>
         <run_address>0x15cf5</run_address>
         <size>0x247</size>
         <input_file_ref idref="fl-ea"/>
      </object_component>
      <object_component id="oc-29d">
         <name>.debug_info</name>
         <load_address>0x15f3c</load_address>
         <run_address>0x15f3c</run_address>
         <size>0x249</size>
         <input_file_ref idref="fl-ea"/>
      </object_component>
      <object_component id="oc-100">
         <name>.debug_info</name>
         <load_address>0x16185</load_address>
         <run_address>0x16185</run_address>
         <size>0x326</size>
         <input_file_ref idref="fl-ea"/>
      </object_component>
[...]
         <value>0xd0d</value>
         <object_component_ref idref="oc-31"/>
      </symbol>
      <symbol id="sm-226">
         <name>getGlobalControllerTicks</name>
         <value>0xd1d</value>
         <object_component_ref idref="oc-31"/>
      </symbol>
      <symbol id="sm-227">
         <name>ControllerEnable</name>
         <value>0x1107</value>
         <object_component_ref idref="oc-31"/>
      </symbol>
      <symbol id="sm-228">
         <name>getglobalduty</name>
         <value>0xa69</value>
         <object_component_ref idref="oc-31"/>
      </symbol>
      <symbol id="sm-229">
         <name>Timer0IntHandler</name>
         <value>0x507</value>
         <object_component_ref idref="oc-31"/>
      </symbol>
      <symbol id="sm-22a">
         <name>getGoalForce</name>
         <value>0x1203</value>
         <object_component_ref idref="oc-31"/>
      </symbol>
      <symbol id="sm-22b">
         <name>getaddADCVal</name>
         <value>0x1437</value>
         <object_component_ref idref="oc-31"/>
      </symbol>
      <symbol id="sm-22c">
         <name>DEADBAND</name>
         <value>0x33d0</value>
         <object_component_ref idref="oc-1c7"/>
      </symbol>
      <symbol id="sm-22d">
         <name>swingDuty</name>
         <value>0x20000538</value>
         <object_component_ref idref="oc-19e"/>
      </symbol>
      <symbol id="sm-22e">
         <name>SerialMonitor_Loop</name>
         <value>0x731</value>
         <object_component_ref idref="oc-31"/>
      </symbol>
      <symbol id="sm-24c">
         <name>ResetISR</name>
         <value>0x310b</value>
         <object_component_ref idref="oc-2b"/>
      </symbol>
      <symbol id="sm-24d">
         <name>g_pfnVectors</name>
         <value>0x0</value>
         <object_component_ref idref="oc-f"/>
      </symbol>
      <symbol id="sm-2bc">
         <name>UARTgetc</name>
         <value>0x17b3</value>
         <object_component_ref idref="oc-f3"/>
      </symbol>
      <symbol id="sm-2bd">
         <name>UARTgets</name>
         <value>0x16f9</value>
         <object_component_ref idref="oc-f3"/>
      </symbol>
      <symbol id="sm-2be">
         <name>UARTStdioConfig</name>
         <value>0x166d</value>
         <object_component_ref idref="oc-f3"/>
      </symbol>
      <symbol id="sm-2bf">
         <name>UARTwrite</name>
         <value>0x16b3</value>
         <object_component_ref idref="oc-f3"/>
      </symbol>
      <symbol id="sm-2c0">
         <name>UARTprintf</name>
         <value>0x1ad3</value>
         <object_component_ref idref="oc-f3"/>
      </symbol>
      <symbol id="sm-2c1">
         <name>UARTvprintf</name>
         <value>0x17d9</value>
         <object_component_ref idref="oc-f3"/>
      </symbol>
      <symbol id="sm-2d4">
         <name>_c_int00</name>
         <value>0x2a59</value>
         <object_component_ref idref="oc-24"/>
      </symbol>
      <symbol id="sm-2d5">
         <name>__stack</name>
         <value>0x2000026c</value>
         <object_component_ref idref="oc-2a"/>
      </symbol>
      <symbol id="sm-2f3">
         <name>__TI_decompress_lzss</name>
         <value>0x2939</value>
         <object_component_ref idref="oc-12"/>
      </symbol>
      <symbol id="sm-30a">
         <name>__TI_decompress_none</name>
         <value>0x30d9</value>
         <object_component_ref idref="oc-18"/>
      </symbol>
      <symbol id="sm-321">
         <name>__TI_zero_init</name>
         <value>0x30ff</value>
         <object_component_ref idref="oc-1e"/>
      </symbol>
      <symbol id="sm-366">
         <name>expl</name>
         <value>0x1b09</value>
         <object_component_ref idref="oc-1de"/>
      </symbol>
      <symbol id="sm-367">
         <name>exp</name>
         <value>0x1b09</value>
         <object_component_ref idref="oc-1de"/>
      </symbol>
      <symbol id="sm-36f">
         <name>errno</name>
         <value>0x20000594</value>
         <object_component_ref idref="oc-2d1"/>
      </symbol>
      <symbol id="sm-390">
         <name>C$$EXIT</name>
         <value>0x2aad</value>
         <object_component_ref idref="oc-75"/>
      </symbol>
      <symbol id="sm-391">
         <name>abort</name>
         <value>0x2ab1</value>
         <object_component_ref idref="oc-75"/>
      </symbol>
      <symbol id="sm-392">
         <name>exit</name>
         <value>0x2ab9</value>
         <object_component_ref idref="oc-75"/>
      </symbol>
      <symbol id="sm-393">
         <name>__TI_dtors_ptr</name>
         <value>0x200005ac</value>
         <object_component_ref idref="oc-233"/>
      </symbol>
      <symbol id="sm-394">
         <name>__TI_cleanup_ptr</name>
         <value>0x200005a8</value>
         <object_component_ref idref="oc-233"/>
      </symbol>
      <symbol id="sm-395">
         <name>__TI_enable_exit_profile_output</name>
         <value>0x200005b0</value>
         <object_component_ref idref="oc-233"/>
      </symbol>
      <symbol id="sm-3ac">
         <name>__aeabi_dsub</name>
         <value>0x1e35</value>
         <object_component_ref idref="oc-1d2"/>
      </symbol>
      <symbol id="sm-3ad">
         <name>__aeabi_dadd</name>
         <value>0x1e3f</value>
         <object_component_ref idref="oc-1d2"/>
      </symbol>
      <symbol id="sm-3cf">
         <name>__aeabi_cdcmpeq</name>
         <value>0x25f1</value>
         <object_component_ref idref="oc-1ab"/>
      </symbol>
      <symbol id="sm-3d0">
         <name>__aeabi_cdcmple</name>
         <value>0x25f1</value>
         <object_component_ref idref="oc-1ab"/>
      </symbol>
      <symbol id="sm-3d1">
         <name>__aeabi_cdrcmple</name>
         <value>0x2677</value>
         <object_component_ref idref="oc-1b0"/>
      </symbol>
      <symbol id="sm-3e5">
         <name>__aeabi_ddiv</name>
         <value>0x1feb</value>
         <object_component_ref idref="oc-1ca"/>
      </symbol>
      <symbol id="sm-3f0">
         <name>__aeabi_dmul</name>
         <value>0x2365</value>
         <object_component_ref idref="oc-1a6"/>
      </symbol>
      <symbol id="sm-3fa">
         <name>__aeabi_d2iz</name>
         <value>0x2c31</value>
         <object_component_ref idref="oc-17c"/>
      </symbol>
      <symbol id="sm-404">
         <name>__aeabi_d2uiz</name>
         <value>0x2cbf</value>
         <object_component_ref idref="oc-199"/>
      </symbol>
      <symbol id="sm-40f">
         <name>__aeabi_f2d</name>
         <value>0x2db5</value>
         <object_component_ref idref="oc-1a1"/>
      </symbol>
      <symbol id="sm-419">
         <name>__aeabi_i2d</name>
         <value>0x2e55</value>
         <object_component_ref idref="oc-1d7"/>
      </symbol>
      <symbol id="sm-434">
         <name>memcpy</name>
         <value>0x2555</value>
         <object_component_ref idref="oc-45"/>
      </symbol>
      <symbol id="sm-435">
         <name>__aeabi_memcpy</name>
         <value>0x2555</value>
         <object_component_ref idref="oc-45"/>
      </symbol>
      <symbol id="sm-436">
         <name>__aeabi_memcpy8</name>
         <value>0x2555</value>
         <object_component_ref idref="oc-45"/>
      </symbol>
      <symbol id="sm-437">
         <name>__aeabi_memcpy4</name>
         <value>0x2555</value>
         <object_component_ref idref="oc-45"/>
      </symbol>
      <symbol id="sm-446">
         <name>__aeabi_memset</name>
         <value>0x2779</value>
         <object_component_ref idref="oc-51"/>
      </symbol>
      <symbol id="sm-447">
         <name>memset</name>
         <value>0x277f</value>
         <object_component_ref idref="oc-51"/>
      </symbol>
      <symbol id="sm-448">
         <name>__aeabi_memset8</name>
         <value>0x2779</value>
         <object_component_ref idref="oc-51"/>
      </symbol>
      <symbol id="sm-449">
         <name>__aeabi_memset4</name>
         <value>0x2779</value>
         <object_component_ref idref="oc-51"/>
      </symbol>
      <symbol id="sm-44a">
         <name>__aeabi_memclr8</name>
         <value>0x2777</value>
         <object_component_ref idref="oc-51"/>
      </symbol>
      <symbol id="sm-44b">
         <name>__aeabi_memclr4</name>
         <value>0x2777</value>
         <object_component_ref idref="oc-51"/>
      </symbol>
      <symbol id="sm-44c">
         <name>__aeabi_memclr</name>
         <value>0x2777</value>
         <object_component_ref idref="oc-51"/>
      </symbol>
      <symbol id="sm-456">
         <name>__mpu_init</name>
         <value>0x2d43</value>
         <object_component_ref idref="oc-5d"/>
      </symbol>
      <symbol id="sm-460">
         <name>_system_pre_init</name>
         <value>0x316f</value>
         <object_component_ref idref="oc-63"/>
      </symbol>
      <symbol id="sm-468">
         <name>main_func_sp</name>
         <value>0x200005c4</value>
         <object_component_ref idref="oc-7b"/>
      </symbol>
      <symbol id="sm-477">
         <name>__aeabi_uidivmod</name>
         <value>0x2d03</value>
         <object_component_ref idref="oc-280"/>
      </symbol>
      <symbol id="sm-478">
         <name>__aeabi_uidiv</name>
         <value>0x2d03</value>
         <object_component_ref idref="oc-280"/>
      </symbol>
      <symbol id="sm-482">
         <name>__aeabi_ui2d</name>
         <value>0x2ef1</value>
         <object_component_ref idref="oc-165"/>
      </symbol>
      <symbol id="sm-49b">
         <name>_nop</name>
         <value>0x2fe3</value>
         <object_component_ref idref="oc-2fb"/>
      </symbol>
      <symbol id="sm-49c">
         <name>_lock</name>
         <value>0x200005b4</value>
         <object_component_ref idref="oc-236"/>
      </symbol>
      <symbol id="sm-49d">
         <name>_unlock</name>
         <value>0x200005b8</value>
         <object_component_ref idref="oc-236"/>
      </symbol>
      <symbol id="sm-49e">
         <name>_register_lock</name>
         <value>0x2fdb</value>
         <object_component_ref idref="oc-2fb"/>
      </symbol>
      <symbol id="sm-49f">
         <name>_register_unlock</name>
         <value>0x2fd5</value>
         <object_component_ref idref="oc-2fb"/>
      </symbol>
      <symbol id="sm-4b3">
         <name>_args_main</name>
         <value>0x2f95</value>
         <object_component_ref idref="oc-6f"/>
      </symbol>
      <symbol id="sm-4dd">
         <name>__TI_auto_init</name>
         <value>0x2861</value>
         <object_component_ref idref="oc-69"/>
      </symbol>
      <symbol id="sm-4f7">
         <name>copy_in</name>
         <value>0x2b9d</value>
         <object_component_ref idref="oc-21d"/>
      </symbol>
      <symbol id="sm-501">
         <name>__aeabi_idiv0</name>
         <value>0x2253</value>
         <object_component_ref idref="oc-326"/>
      </symbol>
      <symbol id="sm-50b">
         <name>_system_post_cinit</name>
         <value>0x2ecf</value>
         <object_component_ref idref="oc-223"/>
      </symbol>
      <symbol id="sm-559">
         <name>ADCProcessorTrigger</name>
         <value>0x2f4d</value>
         <object_component_ref idref="oc-15f"/>
      </symbol>
      <symbol id="sm-55a">
         <name>ADCSequenceEnable</name>
         <value>0x3093</value>
         <object_component_ref idref="oc-147"/>
      </symbol>
      <symbol id="sm-55b">
         <name>ADCSequenceConfigure</name>
         <value>0x2b01</value>
         <object_component_ref idref="oc-13b"/>
      </symbol>
      <symbol id="sm-55c">
         <name>ADCIntEnable</name>
         <value>0x3055</value>
         <object_component_ref idref="oc-153"/>
      </symbol>
      <symbol id="sm-55d">
         <name>ADCSequenceStepConfigure</name>
         <value>0x26fd</value>
         <object_component_ref idref="oc-141"/>
      </symbol>
      <symbol id="sm-55e">
         <name>ADCIntClear</name>
         <value>0x3117</value>
         <object_component_ref idref="oc-14d"/>
      </symbol>
      <symbol id="sm-55f">
         <name>ADCHardwareOversampleConfigure</name>
         <value>0x3085</value>
         <object_component_ref idref="oc-135"/>
      </symbol>
      <symbol id="sm-560">
         <name>ADCSequenceDataGet</name>
         <value>0x2f11</value>
         <object_component_ref idref="oc-159"/>
      </symbol>
      <symbol id="sm-5c2">
         <name>GPIOPinTypePWM</name>
         <value>0x300d</value>
         <object_component_ref idref="oc-170"/>
      </symbol>
      <symbol id="sm-5c3">
         <name>GPIOPinConfigure</name>
         <value>0x2be9</value>
         <object_component_ref idref="oc-e1"/>
      </symbol>
      <symbol id="sm-5c4">
         <name>GPIOPinTypeADC</name>
         <value>0x2fe9</value>
         <object_component_ref idref="oc-1b8"/>
      </symbol>
      <symbol id="sm-5c5">
         <name>GPIOPinTypeGPIOInput</name>
         <value>0x2ffb</value>
         <object_component_ref idref="oc-b1"/>
      </symbol>
      <symbol id="sm-5c6">
         <name>GPIOPinTypeUART</name>
         <value>0x301f</value>
         <object_component_ref idref="oc-e7"/>
      </symbol>
      <symbol id="sm-5c7">
         <name>GPIOPinTypeGPIOOutput</name>
         <value>0x2f65</value>
         <object_component_ref idref="oc-9f"/>
      </symbol>
      <symbol id="sm-5c8">
         <name>GPIOPinRead</name>
         <value>0x314f</value>
         <object_component_ref idref="oc-ab"/>
      </symbol>
      <symbol id="sm-5c9">
         <name>GPIODirModeSet</name>
         <value>0x2e83</value>
         <object_component_ref idref="oc-24d"/>
      </symbol>
      <symbol id="sm-5ca">
         <name>GPIOPinWrite</name>
         <value>0x3155</value>
         <object_component_ref idref="oc-a5"/>
      </symbol>
      <symbol id="sm-5cb">
         <name>GPIOPadConfigSet</name>
         <value>0x2121</value>
         <object_component_ref idref="oc-b7"/>
      </symbol>
      <symbol id="sm-60d">
         <name>IntEnable</name>
         <value>0x28d1</value>
         <object_component_ref idref="oc-cf"/>
      </symbol>
      <symbol id="sm-60e">
         <name>IntRegister</name>
         <value>0x2ded</value>
         <object_component_ref idref="oc-295"/>
      </symbol>
      <symbol id="sm-60f">
         <name>g_pfnRAMVectors</name>
         <value>0x20000000</value>
         <object_component_ref idref="oc-33b"/>
      </symbol>
      <symbol id="sm-610">
         <name>IntMasterEnable</name>
         <value>0x3065</value>
         <object_component_ref idref="oc-8c"/>
      </symbol>
      <symbol id="sm-63d">
         <name>PWMGenPeriodSet</name>
         <value>0x3075</value>
         <object_component_ref idref="oc-181"/>
      </symbol>
      <symbol id="sm-63e">
         <name>PWMPulseWidthSet</name>
         <value>0x2f2f</value>
         <object_component_ref idref="oc-187"/>
      </symbol>
      <symbol id="sm-63f">
         <name>PWMOutputState</name>
         <value>0x3031</value>
         <object_component_ref idref="oc-18d"/>
      </symbol>
      <symbol id="sm-640">
         <name>PWMGenEnable</name>
         <value>0x30f3</value>
         <object_component_ref idref="oc-193"/>
      </symbol>
      <symbol id="sm-641">
         <name>PWMGenConfigure</name>
         <value>0x2ead</value>
         <object_component_ref idref="oc-176"/>
      </symbol>
      <symbol id="sm-6b3">
         <name>SysCtlPeripheralPresent</name>
         <value>0x2d45</value>
         <object_component_ref idref="oc-26b"/>
      </symbol>
      <symbol id="sm-6b4">
         <name>SysCtlClockSet</name>
         <value>0x2461</value>
         <object_component_ref idref="oc-80"/>
      </symbol>
      <symbol id="sm-6b5">
         <name>SysCtlDelay</name>
         <value>0x315b</value>
         <object_component_ref idref="oc-92"/>
      </symbol>
      <symbol id="sm-6b6">
         <name>SysCtlPeripheralEnable</name>
         <value>0x2e21</value>
         <object_component_ref idref="oc-93"/>
      </symbol>
      <symbol id="sm-6b7">
         <name>SysCtlClockGet</name>
         <value>0x2255</value>
         <object_component_ref idref="oc-86"/>
      </symbol>
      <symbol id="sm-6b8">
         <name>SysCtlPWMClockSet</name>
         <value>0x2fad</value>
         <object_component_ref idref="oc-16a"/>
      </symbol>
      <symbol id="sm-6b9">
         <name>SysCtlPeripheralReady</name>
         <value>0x2d7d</value>
         <object_component_ref idref="oc-99"/>
      </symbol>
      <symbol id="sm-723">
         <name>TimerLoadSet</name>
         <value>0x3043</value>
         <object_component_ref idref="oc-c9"/>
      </symbol>
      <symbol id="sm-724">
         <name>TimerIntRegister</name>
         <value>0x2f7d</value>
         <object_component_ref idref="oc-f9"/>
      </symbol>
      <symbol id="sm-725">
         <name>TimerEnable</name>
         <value>0x30a1</value>
         <object_component_ref idref="oc-db"/>
      </symbol>
      <symbol id="sm-726">
         <name>TimerControlTrigger</name>
         <value>0x2a01</value>
         <object_component_ref idref="oc-1be"/>
      </symbol>
      <symbol id="sm-727">
         <name>TimerIntEnable</name>
         <value>0x313f</value>
         <object_component_ref idref="oc-d5"/>
      </symbol>
      <symbol id="sm-728">
         <name>TimerConfigure</name>
         <value>0x29a1</value>
         <object_component_ref idref="oc-c3"/>
      </symbol>
      <symbol id="sm-729">
         <name>TimerIntClear</name>
         <value>0x3167</value>
         <object_component_ref idref="oc-bd"/>
      </symbol>
      <symbol id="sm-794">
         <name>UARTCharPutNonBlocking</name>
         <value>0x30bd</value>
         <object_component_ref idref="oc-12f"/>
      </symbol>
      <symbol id="sm-795">
         <name>UARTConfigSetExpClk</name>
         <value>0x2c79</value>
         <object_component_ref idref="oc-ff"/>
      </symbol>
      <symbol id="sm-796">
         <name>UARTDisable</name>
         <value>0x2ed1</value>
         <object_component_ref idref="oc-29c"/>
      </symbol>
      <symbol id="sm-797">
         <name>UARTIntEnable</name>
         <value>0x3147</value>
         <object_component_ref idref="oc-105"/>
      </symbol>
      <symbol id="sm-798">
         <name>UARTCharsAvail</name>
         <value>0x30cb</value>
         <object_component_ref idref="oc-111"/>
      </symbol>
      <symbol id="sm-799">
         <name>UARTCharGetNonBlocking</name>
         <value>0x30af</value>
         <object_component_ref idref="oc-129"/>
      </symbol>
      <symbol id="sm-79a">
         <name>UARTClockSourceSet</name>
         <value>0x3161</value>
         <object_component_ref idref="oc-ed"/>
      </symbol>
      <symbol id="sm-79b">
         <name>UARTCharPut</name>
         <value>0x312b</value>
         <object_component_ref idref="oc-10b"/>
      </symbol>
      <symbol id="sm-79c">
         <name>UARTEnable</name>
         <value>0x2fc1</value>
         <object_component_ref idref="oc-271"/>
      </symbol>
      <symbol id="sm-79d">
         <name>UARTIntClear</name>
         <value>0x316b</value>
         <object_component_ref idref="oc-123"/>
      </symbol>
      <symbol id="sm-79e">
         <name>UARTIntStatus</name>
         <value>0x3135</value>
         <object_component_ref idref="oc-11d"/>
      </symbol>
      <symbol id="sm-79f">
         <name>UARTCharGet</name>
         <value>0x3121</value>
         <object_component_ref idref="oc-117"/>
      </symbol>
      <symbol id="sm-7a9">
         <name>CPUcpsie</name>
         <value>0x30e7</value>
         <object_component_ref idref="oc-244"/>
      </symbol>
      <symbol id="sm-7aa">
         <name>__TI_static_base__</name>
         <value>0x0</value>
      </symbol>
      <symbol id="sm-7ad">
         <name>SHT$$INIT_ARRAY$$Limit</name>
         <value>0x0</value>
      </symbol>
      <symbol id="sm-7ae">
         <name>SHT$$INIT_ARRAY$$Base</name>
         <value>0x0</value>
      </symbol>
   </symbol_table>
   <title>Link successful</title>
</link_info>
