******************************************************************************
                  TI ARM Linker PC v17.3.0                     
******************************************************************************
>> Linked Wed Jun  7 18:53:13 2017

OUTPUT FILE NAME:   <ADC_tempSensor.out>
ENTRY POINT SYMBOL: "_c_int00"  address: 00000775


MEMORY CONFIGURATION

         name            origin    length      used     unused   attr    fill
----------------------  --------  ---------  --------  --------  ----  --------
  FLASH                 00000000   00040000  00000a26  0003f5da  R  X
  SRAM                  20000000   00008000  00000218  00007de8  RW X


SEGMENT ALLOCATION MAP

run origin  load origin   length   init length attrs members
----------  ----------- ---------- ----------- ----- -------
00000000    00000000    00000a2c   00000a2c    r-x
  00000000    00000000    0000026c   0000026c    r-- .intvecs
  0000026c    0000026c    00000796   00000796    r-x .text
  00000a08    00000a08    00000024   00000024    r-- .cinit
20000000    20000000    00000218   00000000    rw-
  20000000    20000000    00000200   00000000    rw- .stack
  20000200    20000200    00000018   00000000    rw- .data


SECTION ALLOCATION MAP

 output                                  attributes/
section   page    origin      length       input sections
--------  ----  ----------  ----------   ----------------
.intvecs   0    00000000    0000026c     
                  00000000    0000026c     tm4c123gh6pm_startup_ccs.obj (.intvecs)

.text      0    0000026c    00000796     
                  0000026c    00000132     driverlib.lib : gpio.obj (.text:GPIOPadConfigSet)
                  0000039e    00000002     rtsv7M4_T_le_v4SPD16_eabi.lib : mpu_init.obj (.text)
                  000003a0    000000f4     driverlib.lib : sysctl.obj (.text:SysCtlClockSet)
                  00000494    000000f0     main.obj (.text)
                  00000584    0000009c     rtsv7M4_T_le_v4SPD16_eabi.lib : memcpy_t2.obj (.text)
                  00000620    0000007a     driverlib.lib : adc.obj (.text:ADCSequenceStepConfigure)
                  0000069a    00000002     rtsv7M4_T_le_v4SPD16_eabi.lib : startup.obj (.text)
                  0000069c    00000070                                   : autoinit.obj (.text)
                  0000070c    00000068                                   : copy_decompress_lzss.obj (.text:decompress:lzss)
                  00000774    00000054                                   : boot.obj (.text)
                  000007c8    00000054                                   : exit.obj (.text)
                  0000081c    00000050     driverlib.lib : adc.obj (.text:ADCSequenceConfigure)
                  0000086c    0000004c     rtsv7M4_T_le_v4SPD16_eabi.lib : cpy_tbl.obj (.text)
                  000008b8    00000034     driverlib.lib : sysctl.obj (.text:SysCtlPeripheralEnable)
                  000008ec    0000002e                   : adc.obj (.text:ADCIntStatus)
                  0000091a    0000002a                   : gpio.obj (.text:GPIODirModeSet)
                  00000944    0000001e                   : adc.obj (.text:ADCSequenceDataGet)
                  00000962    00000018                   : adc.obj (.text:ADCProcessorTrigger)
                  0000097a    00000018                   : gpio.obj (.text:GPIOPinTypeGPIOOutput)
                  00000992    00000002     --HOLE-- [fill = 0]
                  00000994    00000018     rtsv7M4_T_le_v4SPD16_eabi.lib : args_main.obj (.text)
                  000009ac    00000014                                   : _lock.obj (.text)
                  000009c0    0000000e     driverlib.lib : adc.obj (.text:ADCSequenceEnable)
                  000009ce    0000000e     rtsv7M4_T_le_v4SPD16_eabi.lib : copy_decompress_none.obj (.text:decompress:none)
                  000009dc    0000000c     tm4c123gh6pm_startup_ccs.obj (.text)
                  000009e8    0000000a     driverlib.lib : adc.obj (.text:ADCIntClear)
                  000009f2    00000006                   : gpio.obj (.text:GPIOPinWrite)
                  000009f8    00000006                   : sysctl.obj (.text:SysCtlDelay)
                  000009fe    00000004     rtsv7M4_T_le_v4SPD16_eabi.lib : pre_init.obj (.text)

.cinit     0    00000a08    00000024     
                  00000a08    00000011     (.cinit..data.load) [load image, compression = lzss]
                  00000a19    00000003     --HOLE-- [fill = 0]
                  00000a1c    00000008     (__TI_handler_table)
                  00000a24    00000008     (__TI_cinit_table)

.init_array 
*          0    00000000    00000000     UNINITIALIZED

.data      0    20000200    00000018     UNINITIALIZED
                  20000200    0000000c     rtsv7M4_T_le_v4SPD16_eabi.lib : exit.obj (.data:$O1$$)
                  2000020c    00000008                                   : _lock.obj (.data:$O1$$)
                  20000214    00000004                                   : stkdepth_vars.obj (.data)

.stack     0    20000000    00000200     UNINITIALIZED
                  20000000    00000200     --HOLE--

MODULE SUMMARY

       Module                         code   ro data   rw data
       ------                         ----   -------   -------
    .\
       tm4c123gh6pm_startup_ccs.obj   12     620       0      
       main.obj                       240    0         0      
    +--+------------------------------+------+---------+---------+
       Total:                         252    620       0      
                                                              
    C:/ti/TivaWare_C_Series-2.1.4.178/driverlib/ccs/Debug/driverlib.lib
       gpio.obj                       378    0         0      
       adc.obj                        326    0         0      
       sysctl.obj                     302    0         0      
    +--+------------------------------+------+---------+---------+
       Total:                         1006   0         0      
                                                              
    C:\ti\ccsv7\tools\compiler\ti-cgt-arm_17.3.0.STS\lib\rtsv7M4_T_le_v4SPD16_eabi.lib
       memcpy_t2.obj                  156    0         0      
       autoinit.obj                   112    0         0      
       copy_decompress_lzss.obj       104    0         0      
       exit.obj                       84     0         12     
       boot.obj                       84     0         0      
       cpy_tbl.obj                    76     0         0      
       _lock.obj                      20     0         8      
       args_main.obj                  24     0         0      
       copy_decompress_none.obj       14     0         0      
       pre_init.obj                   4      0         0      
       stkdepth_vars.obj              0      0         4      
       mpu_init.obj                   2      0         0      
       startup.obj                    2      0         0      
    +--+------------------------------+------+---------+---------+
       Total:                         682    0         24     
                                                              
       Stack:                         0      0         512    
       Linker Generated:              0      33        0      
    +--+------------------------------+------+---------+---------+
       Grand Total:                   1940   653       536    


LINKER GENERATED COPY TABLES

__TI_cinit_table @ 00000a24 records: 1, size/record: 8, table size: 8
	.data: load addr=00000a08, load size=00000011 bytes, run addr=20000200, run size=00000018 bytes, compression=lzss


LINKER GENERATED HANDLER TABLE

__TI_handler_table @ 00000a1c records: 2, size/record: 4, table size: 8
	index: 0, handler: __TI_decompress_lzss
	index: 1, handler: __TI_decompress_none


GLOBAL SYMBOLS: SORTED ALPHABETICALLY BY Name 

address   name                           
-------   ----                           
000009e9  ADCIntClear                    
000008ed  ADCIntStatus                   
00000963  ADCProcessorTrigger            
0000081d  ADCSequenceConfigure           
00000945  ADCSequenceDataGet             
000009c1  ADCSequenceEnable              
00000621  ADCSequenceStepConfigure       
000007c9  C$$EXIT                        
0000091b  GPIODirModeSet                 
0000026d  GPIOPadConfigSet               
0000097b  GPIOPinTypeGPIOOutput          
000009f3  GPIOPinWrite                   
000009dd  ResetISR                       
UNDEFED   SHT$$INIT_ARRAY$$Base          
UNDEFED   SHT$$INIT_ARRAY$$Limit         
000003a1  SysCtlClockSet                 
000009f9  SysCtlDelay                    
000008b9  SysCtlPeripheralEnable         
20000200  __STACK_END                    
00000200  __STACK_SIZE                   
20000200  __STACK_TOP                    
00000a24  __TI_CINIT_Base                
00000a2c  __TI_CINIT_Limit               
00000a1c  __TI_Handler_Table_Base        
00000a24  __TI_Handler_Table_Limit       
0000069d  __TI_auto_init                 
20000200  __TI_cleanup_ptr               
0000070d  __TI_decompress_lzss           
000009cf  __TI_decompress_none           
20000204  __TI_dtors_ptr                 
20000208  __TI_enable_exit_profile_output
ffffffff  __TI_pprof_out_hndl            
ffffffff  __TI_prof_data_size            
ffffffff  __TI_prof_data_start           
00000000  __TI_static_base__             
00000585  __aeabi_memcpy                 
00000585  __aeabi_memcpy4                
00000585  __aeabi_memcpy8                
ffffffff  __binit__                      
ffffffff  __c_args__                     
0000039f  __mpu_init                     
20000000  __stack                        
00000995  _args_main                     
00000775  _c_int00                       
2000020c  _lock                          
000009bb  _nop                           
000009b3  _register_lock                 
000009ad  _register_unlock               
0000069b  _system_post_cinit             
000009ff  _system_pre_init               
20000210  _unlock                        
000007cd  abort                          
ffffffff  binit                          
0000086d  copy_in                        
000007d5  exit                           
00000000  g_pfnVectors                   
000004e3  main                           
20000214  main_func_sp                   
00000585  memcpy                         
00000495  tempSensor_init                


GLOBAL SYMBOLS: SORTED BY Symbol Address 

address   name                           
-------   ----                           
00000000  __TI_static_base__             
00000000  g_pfnVectors                   
00000200  __STACK_SIZE                   
0000026d  GPIOPadConfigSet               
0000039f  __mpu_init                     
000003a1  SysCtlClockSet                 
00000495  tempSensor_init                
000004e3  main                           
00000585  __aeabi_memcpy                 
00000585  __aeabi_memcpy4                
00000585  __aeabi_memcpy8                
00000585  memcpy                         
00000621  ADCSequenceStepConfigure       
0000069b  _system_post_cinit             
0000069d  __TI_auto_init                 
0000070d  __TI_decompress_lzss           
00000775  _c_int00                       
000007c9  C$$EXIT                        
000007cd  abort                          
000007d5  exit                           
0000081d  ADCSequenceConfigure           
0000086d  copy_in                        
000008b9  SysCtlPeripheralEnable         
000008ed  ADCIntStatus                   
0000091b  GPIODirModeSet                 
00000945  ADCSequenceDataGet             
00000963  ADCProcessorTrigger            
0000097b  GPIOPinTypeGPIOOutput          
00000995  _args_main                     
000009ad  _register_unlock               
000009b3  _register_lock                 
000009bb  _nop                           
000009c1  ADCSequenceEnable              
000009cf  __TI_decompress_none           
000009dd  ResetISR                       
000009e9  ADCIntClear                    
000009f3  GPIOPinWrite                   
000009f9  SysCtlDelay                    
000009ff  _system_pre_init               
00000a1c  __TI_Handler_Table_Base        
00000a24  __TI_CINIT_Base                
00000a24  __TI_Handler_Table_Limit       
00000a2c  __TI_CINIT_Limit               
20000000  __stack                        
20000200  __STACK_END                    
20000200  __STACK_TOP                    
20000200  __TI_cleanup_ptr               
20000204  __TI_dtors_ptr                 
20000208  __TI_enable_exit_profile_output
2000020c  _lock                          
20000210  _unlock                        
20000214  main_func_sp                   
ffffffff  __TI_pprof_out_hndl            
ffffffff  __TI_prof_data_size            
ffffffff  __TI_prof_data_start           
ffffffff  __binit__                      
ffffffff  __c_args__                     
ffffffff  binit                          
UNDEFED   SHT$$INIT_ARRAY$$Base          
UNDEFED   SHT$$INIT_ARRAY$$Limit         

[60 symbols]
