<?xml version="1.0"?>
<link_info>
   <banner>TI ARM Linker PC v17.3.0.STS</banner>
   <copyright>Copyright (c) 1996-2017 Texas Instruments Incorporated</copyright>
   <link_time>0x593d889e</link_time>
   <link_errors>0x0</link_errors>
   <output_file>ADC_int.out</output_file>
   <entry_point>
      <name>_c_int00</name>
      <address>0x1039</address>
   </entry_point>
   <input_file_list>
      <input_file id="fl-2">
         <path>.\</path>
         <kind>object</kind>
         <file>main.obj</file>
         <name>main.obj</name>
      </input_file>
      <input_file id="fl-3">
         <path>.\</path>
         <kind>object</kind>
         <file>tm4c123gh6pm_startup_ccs.obj</file>
         <name>tm4c123gh6pm_startup_ccs.obj</name>
      </input_file>
      <input_file id="fl-4">
         <path>.\</path>
         <kind>object</kind>
         <file>uartstdio.obj</file>
         <name>uartstdio.obj</name>
      </input_file>
      <input_file id="fl-9">
         <kind>object</kind>
         <file>&lt;internal&gt;</file>
         <name>&lt;internal&gt;</name>
      </input_file>
      <input_file id="fl-bf">
         <path>C:\ti\ccsv7\tools\compiler\ti-cgt-arm_17.3.0.STS\lib\</path>
         <kind>archive</kind>
         <file>rtsv7M4_T_le_v4SPD16_eabi.lib</file>
         <name>boot.obj</name>
      </input_file>
      <input_file id="fl-c0">
         <path>C:\ti\ccsv7\tools\compiler\ti-cgt-arm_17.3.0.STS\lib\</path>
         <kind>archive</kind>
         <file>rtsv7M4_T_le_v4SPD16_eabi.lib</file>
         <name>copy_decompress_lzss.obj</name>
      </input_file>
      <input_file id="fl-c1">
         <path>C:\ti\ccsv7\tools\compiler\ti-cgt-arm_17.3.0.STS\lib\</path>
         <kind>archive</kind>
         <file>rtsv7M4_T_le_v4SPD16_eabi.lib</file>
         <name>copy_decompress_none.obj</name>
      </input_file>
      <input_file id="fl-c2">
         <path>C:\ti\ccsv7\tools\compiler\ti-cgt-arm_17.3.0.STS\lib\</path>
         <kind>archive</kind>
         <file>rtsv7M4_T_le_v4SPD16_eabi.lib</file>
         <name>copy_zero_init.obj</name>
      </input_file>
      <input_file id="fl-c3">
         <path>C:\ti\ccsv7\tools\compiler\ti-cgt-arm_17.3.0.STS\lib\</path>
         <kind>archive</kind>
         <file>rtsv7M4_T_le_v4SPD16_eabi.lib</file>
         <name>exit.obj</name>
      </input_file>
      <input_file id="fl-c4">
         <path>C:\ti\ccsv7\tools\compiler\ti-cgt-arm_17.3.0.STS\lib\</path>
         <kind>archive</kind>
         <file>rtsv7M4_T_le_v4SPD16_eabi.lib</file>
         <name>memcpy_t2.obj</name>
      </input_file>
      <input_file id="fl-c5">
         <path>C:\ti\ccsv7\tools\compiler\ti-cgt-arm_17.3.0.STS\lib\</path>
         <kind>archive</kind>
         <file>rtsv7M4_T_le_v4SPD16_eabi.lib</file>
         <name>memset_t2.obj</name>
      </input_file>
      <input_file id="fl-c6">
         <path>C:\ti\ccsv7\tools\compiler\ti-cgt-arm_17.3.0.STS\lib\</path>
         <kind>archive</kind>
         <file>rtsv7M4_T_le_v4SPD16_eabi.lib</file>
         <name>mpu_init.obj</name>
      </input_file>
      <input_file id="fl-c7">
         <path>C:\ti\ccsv7\tools\compiler\ti-cgt-arm_17.3.0.STS\lib\</path>
         <kind>archive</kind>
         <file>rtsv7M4_T_le_v4SPD16_eabi.lib</file>
         <name>pre_init.obj</name>
      </input_file>
      <input_file id="fl-c8">
         <path>C:\ti\ccsv7\tools\compiler\ti-cgt-arm_17.3.0.STS\lib\</path>
         <kind>archive</kind>
         <file>rtsv7M4_T_le_v4SPD16_eabi.lib</file>
         <name>stkdepth_vars.obj</name>
      </input_file>
      <input_file id="fl-c9">
         <path>C:\ti\ccsv7\tools\compiler\ti-cgt-arm_17.3.0.STS\lib\</path>
         <kind>archive</kind>
         <file>rtsv7M4_T_le_v4SPD16_eabi.lib</file>
         <name>u_divt2.obj</name>
      </input_file>
      <input_file id="fl-ca">
         <path>C:\ti\ccsv7\tools\compiler\ti-cgt-arm_17.3.0.STS\lib\</path>
         <kind>archive</kind>
         <file>rtsv7M4_T_le_v4SPD16_eabi.lib</file>
         <name>_lock.obj</name>
      </input_file>
      <input_file id="fl-cb">
         <path>C:\ti\ccsv7\tools\compiler\ti-cgt-arm_17.3.0.STS\lib\</path>
         <kind>archive</kind>
         <file>rtsv7M4_T_le_v4SPD16_eabi.lib</file>
         <name>args_main.obj</name>
      </input_file>
      <input_file id="fl-cc">
         <path>C:\ti\ccsv7\tools\compiler\ti-cgt-arm_17.3.0.STS\lib\</path>
         <kind>archive</kind>
         <file>rtsv7M4_T_le_v4SPD16_eabi.lib</file>
         <name>autoinit.obj</name>
      </input_file>
      <input_file id="fl-cd">
         <path>C:\ti\ccsv7\tools\compiler\ti-cgt-arm_17.3.0.STS\lib\</path>
         <kind>archive</kind>
         <file>rtsv7M4_T_le_v4SPD16_eabi.lib</file>
         <name>cpy_tbl.obj</name>
      </input_file>
      <input_file id="fl-ce">
         <path>C:\ti\ccsv7\tools\compiler\ti-cgt-arm_17.3.0.STS\lib\</path>
         <kind>archive</kind>
         <file>rtsv7M4_T_le_v4SPD16_eabi.lib</file>
         <name>i_div0.obj</name>
      </input_file>
      <input_file id="fl-cf">
         <path>C:\ti\ccsv7\tools\compiler\ti-cgt-arm_17.3.0.STS\lib\</path>
         <kind>archive</kind>
         <file>rtsv7M4_T_le_v4SPD16_eabi.lib</file>
         <name>startup.obj</name>
      </input_file>
      <input_file id="fl-d0">
         <path>C:\ti\TivaWare_C_Series-2.1.4.178\driverlib\ccs\Debug\</path>
         <kind>archive</kind>
         <file>driverlib.lib</file>
         <name>adc.obj</name>
      </input_file>
      <input_file id="fl-d1">
         <path>C:\ti\TivaWare_C_Series-2.1.4.178\driverlib\ccs\Debug\</path>
         <kind>archive</kind>
         <file>driverlib.lib</file>
         <name>gpio.obj</name>
      </input_file>
      <input_file id="fl-d2">
         <path>C:\ti\TivaWare_C_Series-2.1.4.178\driverlib\ccs\Debug\</path>
         <kind>archive</kind>
         <file>driverlib.lib</file>
         <name>interrupt.obj</name>
      </input_file>
      <input_file id="fl-d3">
         <path>C:\ti\TivaWare_C_Series-2.1.4.178\driverlib\ccs\Debug\</path>
         <kind>archive</kind>
         <file>driverlib.lib</file>
         <name>sysctl.obj</name>
      </input_file>
      <input_file id="fl-d4">
         <path>C:\ti\TivaWare_C_Series-2.1.4.178\driverlib\ccs\Debug\</path>
         <kind>archive</kind>
         <file>driverlib.lib</file>
         <name>timer.obj</name>
      </input_file>
      <input_file id="fl-d5">
         <path>C:\ti\TivaWare_C_Series-2.1.4.178\driverlib\ccs\Debug\</path>
         <kind>archive</kind>
         <file>driverlib.lib</file>
         <name>uart.obj</name>
      </input_file>
      <input_file id="fl-d6">
         <path>C:\ti\TivaWare_C_Series-2.1.4.178\driverlib\ccs\Debug\</path>
         <kind>archive</kind>
         <file>driverlib.lib</file>
         <name>cpu.obj</name>
      </input_file>
   </input_file_list>
   <object_component_list>
      <object_component id="oc-f">
         <name>.intvecs</name>
         <load_address>0x0</load_address>
         <run_address>0x0</run_address>
         <size>0x26c</size>
         <input_file_ref idref="fl-3"/>
      </object_component>
      <object_component id="oc-8c">
         <name>.text</name>
         <load_address>0x26c</load_address>
         <run_address>0x26c</run_address>
         <size>0x49c</size>
         <input_file_ref idref="fl-4"/>
      </object_component>
      <object_component id="oc-31">
         <name>.text</name>
         <load_address>0x708</load_address>
         <run_address>0x708</run_address>
         <size>0x270</size>
         <input_file_ref idref="fl-2"/>
      </object_component>
      <object_component id="oc-1ad">
         <name>.text:GPIOPadConfigSet</name>
         <load_address>0x978</load_address>
         <run_address>0x978</run_address>
         <size>0x132</size>
         <input_file_ref idref="fl-d1"/>
      </object_component>
      <object_component id="oc-211">
         <name>.text</name>
         <load_address>0xaaa</load_address>
         <run_address>0xaaa</run_address>
         <size>0x2</size>
         <input_file_ref idref="fl-ce"/>
      </object_component>
      <object_component id="oc-92">
         <name>.text:SysCtlClockGet</name>
         <load_address>0xaac</load_address>
         <run_address>0xaac</run_address>
         <size>0x110</size>
         <input_file_ref idref="fl-d3"/>
      </object_component>
      <object_component id="oc-80">
         <name>.text:SysCtlClockSet</name>
         <load_address>0xbbc</load_address>
         <run_address>0xbbc</run_address>
         <size>0xf4</size>
         <input_file_ref idref="fl-d3"/>
      </object_component>
      <object_component id="oc-45">
         <name>.text</name>
         <load_address>0xcb0</load_address>
         <run_address>0xcb0</run_address>
         <size>0x9c</size>
         <input_file_ref idref="fl-c4"/>
      </object_component>
      <object_component id="oc-c3">
         <name>.text:ADCSequenceStepConfigure</name>
         <load_address>0xd4c</load_address>
         <run_address>0xd4c</run_address>
         <size>0x7a</size>
         <input_file_ref idref="fl-d0"/>
      </object_component>
      <object_component id="oc-51">
         <name>.text</name>
         <load_address>0xdc6</load_address>
         <run_address>0xdc6</run_address>
         <size>0x7a</size>
         <input_file_ref idref="fl-c5"/>
      </object_component>
      <object_component id="oc-69">
         <name>.text</name>
         <load_address>0xe40</load_address>
         <run_address>0xe40</run_address>
         <size>0x70</size>
         <input_file_ref idref="fl-cc"/>
      </object_component>
      <object_component id="oc-db">
         <name>.text:IntEnable</name>
         <load_address>0xeb0</load_address>
         <run_address>0xeb0</run_address>
         <size>0x68</size>
         <input_file_ref idref="fl-d2"/>
      </object_component>
      <object_component id="oc-12">
         <name>.text:decompress:lzss</name>
         <load_address>0xf18</load_address>
         <run_address>0xf18</run_address>
         <size>0x68</size>
         <input_file_ref idref="fl-c0"/>
      </object_component>
      <object_component id="oc-e1">
         <name>.text:TimerConfigure</name>
         <load_address>0xf80</load_address>
         <run_address>0xf80</run_address>
         <size>0x60</size>
         <input_file_ref idref="fl-d4"/>
      </object_component>
      <object_component id="oc-ed">
         <name>.text:TimerControlTrigger</name>
         <load_address>0xfe0</load_address>
         <run_address>0xfe0</run_address>
         <size>0x58</size>
         <input_file_ref idref="fl-d4"/>
      </object_component>
      <object_component id="oc-24">
         <name>.text</name>
         <load_address>0x1038</load_address>
         <run_address>0x1038</run_address>
         <size>0x54</size>
         <input_file_ref idref="fl-bf"/>
      </object_component>
      <object_component id="oc-75">
         <name>.text</name>
         <load_address>0x108c</load_address>
         <run_address>0x108c</run_address>
         <size>0x54</size>
         <input_file_ref idref="fl-c3"/>
      </object_component>
      <object_component id="oc-bd">
         <name>.text:ADCSequenceConfigure</name>
         <load_address>0x10e0</load_address>
         <run_address>0x10e0</run_address>
         <size>0x50</size>
         <input_file_ref idref="fl-d0"/>
      </object_component>
      <object_component id="oc-13e">
         <name>.text</name>
         <load_address>0x1130</load_address>
         <run_address>0x1130</run_address>
         <size>0x4c</size>
         <input_file_ref idref="fl-cd"/>
      </object_component>
      <object_component id="oc-9f">
         <name>.text:GPIOPinConfigure</name>
         <load_address>0x117c</load_address>
         <run_address>0x117c</run_address>
         <size>0x48</size>
         <input_file_ref idref="fl-d1"/>
      </object_component>
      <object_component id="oc-16d">
         <name>.text:UARTConfigSetExpClk</name>
         <load_address>0x11c4</load_address>
         <run_address>0x11c4</run_address>
         <size>0x46</size>
         <input_file_ref idref="fl-d5"/>
      </object_component>
      <object_component id="oc-18e">
         <name>.text</name>
         <load_address>0x120a</load_address>
         <run_address>0x120a</run_address>
         <size>0x40</size>
         <input_file_ref idref="fl-c9"/>
      </object_component>
      <object_component id="oc-5d">
         <name>.text</name>
         <load_address>0x124a</load_address>
         <run_address>0x124a</run_address>
         <size>0x2</size>
         <input_file_ref idref="fl-c6"/>
      </object_component>
      <object_component id="oc-167">
         <name>.text:SysCtlPeripheralPresent</name>
         <load_address>0x124c</load_address>
         <run_address>0x124c</run_address>
         <size>0x38</size>
         <input_file_ref idref="fl-d3"/>
      </object_component>
      <object_component id="oc-f9">
         <name>.text:SysCtlPeripheralReady</name>
         <load_address>0x1284</load_address>
         <run_address>0x1284</run_address>
         <size>0x38</size>
         <input_file_ref idref="fl-d3"/>
      </object_component>
      <object_component id="oc-99">
         <name>.text:SysCtlPeripheralEnable</name>
         <load_address>0x12bc</load_address>
         <run_address>0x12bc</run_address>
         <size>0x34</size>
         <input_file_ref idref="fl-d3"/>
      </object_component>
      <object_component id="oc-1a7">
         <name>.text:GPIODirModeSet</name>
         <load_address>0x12f0</load_address>
         <run_address>0x12f0</run_address>
         <size>0x2a</size>
         <input_file_ref idref="fl-d1"/>
      </object_component>
      <object_component id="oc-144">
         <name>.text</name>
         <load_address>0x131a</load_address>
         <run_address>0x131a</run_address>
         <size>0x2</size>
         <input_file_ref idref="fl-cf"/>
      </object_component>
      <object_component id="oc-201">
         <name>.text:UARTDisable</name>
         <load_address>0x131c</load_address>
         <run_address>0x131c</run_address>
         <size>0x20</size>
         <input_file_ref idref="fl-d5"/>
      </object_component>
      <object_component id="oc-111">
         <name>.text:ADCSequenceDataGet</name>
         <load_address>0x133c</load_address>
         <run_address>0x133c</run_address>
         <size>0x1e</size>
         <input_file_ref idref="fl-d0"/>
      </object_component>
      <object_component id="oc-ff">
         <name>.text:GPIOPinTypeGPIOOutput</name>
         <load_address>0x135a</load_address>
         <run_address>0x135a</run_address>
         <size>0x18</size>
         <input_file_ref idref="fl-d1"/>
      </object_component>
      <object_component id="oc-6f">
         <name>.text</name>
         <load_address>0x1374</load_address>
         <run_address>0x1374</run_address>
         <size>0x18</size>
         <input_file_ref idref="fl-cb"/>
      </object_component>
      <object_component id="oc-173">
         <name>.text:UARTEnable</name>
         <load_address>0x138c</load_address>
         <run_address>0x138c</run_address>
         <size>0x14</size>
         <input_file_ref idref="fl-d5"/>
      </object_component>
      <object_component id="oc-1ec">
         <name>.text</name>
         <load_address>0x13a0</load_address>
         <run_address>0x13a0</run_address>
         <size>0x14</size>
         <input_file_ref idref="fl-ca"/>
      </object_component>
      <object_component id="oc-b1">
         <name>.text:GPIOPinTypeADC</name>
         <load_address>0x13b4</load_address>
         <run_address>0x13b4</run_address>
         <size>0x12</size>
         <input_file_ref idref="fl-d1"/>
      </object_component>
      <object_component id="oc-a5">
         <name>.text:GPIOPinTypeUART</name>
         <load_address>0x13c6</load_address>
         <run_address>0x13c6</run_address>
         <size>0x12</size>
         <input_file_ref idref="fl-d1"/>
      </object_component>
      <object_component id="oc-e7">
         <name>.text:TimerLoadSet</name>
         <load_address>0x13d8</load_address>
         <run_address>0x13d8</run_address>
         <size>0x12</size>
         <input_file_ref idref="fl-d4"/>
      </object_component>
      <object_component id="oc-d5">
         <name>.text:ADCIntEnable</name>
         <load_address>0x13ea</load_address>
         <run_address>0x13ea</run_address>
         <size>0x10</size>
         <input_file_ref idref="fl-d0"/>
      </object_component>
      <object_component id="oc-86">
         <name>.text:IntMasterEnable</name>
         <load_address>0x13fa</load_address>
         <run_address>0x13fa</run_address>
         <size>0x10</size>
         <input_file_ref idref="fl-d2"/>
      </object_component>
      <object_component id="oc-b7">
         <name>.text:ADCHardwareOversampleConfigure</name>
         <load_address>0x140a</load_address>
         <run_address>0x140a</run_address>
         <size>0xe</size>
         <input_file_ref idref="fl-d0"/>
      </object_component>
      <object_component id="oc-c9">
         <name>.text:ADCSequenceEnable</name>
         <load_address>0x1418</load_address>
         <run_address>0x1418</run_address>
         <size>0xe</size>
         <input_file_ref idref="fl-d0"/>
      </object_component>
      <object_component id="oc-f3">
         <name>.text:TimerEnable</name>
         <load_address>0x1426</load_address>
         <run_address>0x1426</run_address>
         <size>0xe</size>
         <input_file_ref idref="fl-d4"/>
      </object_component>
      <object_component id="oc-18">
         <name>.text:decompress:none</name>
         <load_address>0x1434</load_address>
         <run_address>0x1434</run_address>
         <size>0xe</size>
         <input_file_ref idref="fl-c1"/>
      </object_component>
      <object_component id="oc-15b">
         <name>.text:CPUcpsie</name>
         <load_address>0x1442</load_address>
         <run_address>0x1442</run_address>
         <size>0xc</size>
         <input_file_ref idref="fl-d6"/>
      </object_component>
      <object_component id="oc-1e">
         <name>.text:decompress:ZI</name>
         <load_address>0x144e</load_address>
         <run_address>0x144e</run_address>
         <size>0xc</size>
         <input_file_ref idref="fl-c2"/>
      </object_component>
      <object_component id="oc-2b">
         <name>.text</name>
         <load_address>0x145a</load_address>
         <run_address>0x145a</run_address>
         <size>0xc</size>
         <input_file_ref idref="fl-3"/>
      </object_component>
      <object_component id="oc-cf">
         <name>.text:ADCIntClear</name>
         <load_address>0x1466</load_address>
         <run_address>0x1466</run_address>
         <size>0xa</size>
         <input_file_ref idref="fl-d0"/>
      </object_component>
      <object_component id="oc-17f">
         <name>.text:UARTCharGet</name>
         <load_address>0x1470</load_address>
         <run_address>0x1470</run_address>
         <size>0xa</size>
         <input_file_ref idref="fl-d5"/>
      </object_component>
      <object_component id="oc-179">
         <name>.text:UARTCharPut</name>
         <load_address>0x147a</load_address>
         <run_address>0x147a</run_address>
         <size>0xa</size>
         <input_file_ref idref="fl-d5"/>
      </object_component>
      <object_component id="oc-105">
         <name>.text:GPIOPinWrite</name>
         <load_address>0x1484</load_address>
         <run_address>0x1484</run_address>
         <size>0x6</size>
         <input_file_ref idref="fl-d1"/>
      </object_component>
      <object_component id="oc-98">
         <name>.text:SysCtlDelay</name>
         <load_address>0x148a</load_address>
         <run_address>0x148a</run_address>
         <size>0x6</size>
         <input_file_ref idref="fl-d3"/>
      </object_component>
      <object_component id="oc-ab">
         <name>.text:UARTClockSourceSet</name>
         <load_address>0x1490</load_address>
         <run_address>0x1490</run_address>
         <size>0x6</size>
         <input_file_ref idref="fl-d5"/>
      </object_component>
      <object_component id="oc-10b">
         <name>.text:TimerIntClear</name>
         <load_address>0x1496</load_address>
         <run_address>0x1496</run_address>
         <size>0x4</size>
         <input_file_ref idref="fl-d4"/>
      </object_component>
      <object_component id="oc-63">
         <name>.text</name>
         <load_address>0x149a</load_address>
         <run_address>0x149a</run_address>
         <size>0x4</size>
         <input_file_ref idref="fl-c7"/>
      </object_component>
      <object_component id="oc-1a2">
         <name>.const:g_pui32GPIOBaseAddrs</name>
         <load_address>0x14a0</load_address>
         <run_address>0x14a0</run_address>
         <size>0x90</size>
         <input_file_ref idref="fl-d1"/>
      </object_component>
      <object_component id="oc-1bf">
         <name>.const</name>
         <load_address>0x1530</load_address>
         <run_address>0x1530</run_address>
         <size>0x70</size>
         <input_file_ref idref="fl-d2"/>
      </object_component>
      <object_component id="oc-19d">
         <name>.const:g_pui32Xtals</name>
         <load_address>0x15a0</load_address>
         <run_address>0x15a0</run_address>
         <size>0x6c</size>
         <input_file_ref idref="fl-d3"/>
      </object_component>
      <object_component id="oc-218">
         <name>.const:.string</name>
         <load_address>0x160c</load_address>
         <run_address>0x160c</run_address>
         <size>0x12</size>
         <input_file_ref idref="fl-4"/>
      </object_component>
      <object_component id="oc-18b">
         <name>.const:g_ui32UARTBase</name>
         <load_address>0x1620</load_address>
         <run_address>0x1620</run_address>
         <size>0xc</size>
         <input_file_ref idref="fl-4"/>
      </object_component>
      <object_component id="oc-185">
         <name>.const:g_ui32UARTPeriph</name>
         <load_address>0x162c</load_address>
         <run_address>0x162c</run_address>
         <size>0xc</size>
         <input_file_ref idref="fl-4"/>
      </object_component>
      <object_component id="oc-11b">
         <name>.const</name>
         <load_address>0x1638</load_address>
         <run_address>0x1638</run_address>
         <size>0x4</size>
         <input_file_ref idref="fl-2"/>
      </object_component>
      <object_component id="oc-193">
         <name>.const</name>
         <load_address>0x163c</load_address>
         <run_address>0x163c</run_address>
         <size>0x4</size>
         <input_file_ref idref="fl-4"/>
      </object_component>
      <object_component id="oc-261">
         <name>.cinit..data.load</name>
         <load_address>0x1640</load_address>
         <run_address>0x1640</run_address>
         <size>0x11</size>
      </object_component>
      <object_component id="oc-25f">
         <name>__TI_handler_table</name>
         <load_address>0x1654</load_address>
         <run_address>0x1654</run_address>
         <size>0xc</size>
      </object_component>
      <object_component id="oc-262">
         <name>.cinit..bss.load</name>
         <load_address>0x1660</load_address>
         <run_address>0x1660</run_address>
         <size>0x8</size>
      </object_component>
      <object_component id="oc-260">
         <name>__TI_cinit_table</name>
         <load_address>0x1668</load_address>
         <run_address>0x1668</run_address>
         <size>0x10</size>
      </object_component>
      <object_component id="oc-188">
         <name>.data</name>
         <load_address>0x20000214</load_address>
         <run_address>0x20000214</run_address>
         <size>0x5</size>
         <input_file_ref idref="fl-4"/>
      </object_component>
      <object_component id="oc-14e">
         <name>.data:$O1$$</name>
         <load_address>0x20000200</load_address>
         <run_address>0x20000200</run_address>
         <size>0xc</size>
         <input_file_ref idref="fl-c3"/>
      </object_component>
      <object_component id="oc-7b">
         <name>.data</name>
         <load_address>0x2000021c</load_address>
         <run_address>0x2000021c</run_address>
         <size>0x4</size>
         <input_file_ref idref="fl-c8"/>
      </object_component>
      <object_component id="oc-151">
         <name>.data:$O1$$</name>
         <load_address>0x2000020c</load_address>
         <run_address>0x2000020c</run_address>
         <size>0x8</size>
         <input_file_ref idref="fl-ca"/>
      </object_component>
      <object_component id="oc-117">
         <name>.common:ADC0Value</name>
         <uninitialized>true</uninitialized>
         <run_address>0x20000220</run_address>
         <size>0x4</size>
      </object_component>
      <object_component id="oc-11a">
         <name>.common:samplePeriod</name>
         <uninitialized>true</uninitialized>
         <run_address>0x20000224</run_address>
         <size>0x2</size>
      </object_component>
      <object_component id="oc-2a">
         <name>.stack</name>
         <uninitialized>true</uninitialized>
         <run_address>0x20000000</run_address>
         <size>0x0</size>
         <input_file_ref idref="fl-bf"/>
      </object_component>
      <object_component id="oc-263">
         <name>.stack</name>
         <uninitialized>true</uninitialized>
         <run_address>0x20000000</run_address>
         <size>0x0</size>
      </object_component>
      <object_component id="oc-118">
         <name>.debug_info</name>
         <load_address>0x0</load_address>
         <run_address>0x0</run_address>
         <size>0x893</size>
         <input_file_ref idref="fl-2"/>
      </object_component>
      <object_component id="oc-11c">
         <name>.debug_info</name>
         <load_address>0x893</load_address>
         <run_address>0x893</run_address>
         <size>0xd5</size>
         <input_file_ref idref="fl-2"/>
      </object_component>
      <object_component id="oc-32">
         <name>.debug_info</name>
         <load_address>0x968</load_address>
         <run_address>0x968</run_address>
         <size>0x82b</size>
         <input_file_ref idref="fl-2"/>
      </object_component>
      <object_component id="oc-162">
         <name>.debug_info</name>
         <load_address>0x1193</load_address>
         <run_address>0x1193</run_address>
         <size>0x8b</size>
         <input_file_ref idref="fl-2"/>
      </object_component>
      <object_component id="oc-121">
         <name>.debug_info</name>
         <load_address>0x121e</load_address>
         <run_address>0x121e</run_address>
         <size>0x18b</size>
         <input_file_ref idref="fl-2"/>
      </object_component>
      <object_component id="oc-198">
         <name>.debug_info</name>
         <load_address>0x13a9</load_address>
         <run_address>0x13a9</run_address>
         <size>0x4e</size>
         <input_file_ref idref="fl-2"/>
      </object_component>
      <object_component id="oc-39">
         <name>.debug_info</name>
         <load_address>0x13f7</load_address>
         <run_address>0x13f7</run_address>
         <size>0x2ee</size>
         <input_file_ref idref="fl-3"/>
      </object_component>
      <object_component id="oc-10">
         <name>.debug_info</name>
         <load_address>0x16e5</load_address>
         <run_address>0x16e5</run_address>
         <size>0xed</size>
         <input_file_ref idref="fl-3"/>
      </object_component>
      <object_component id="oc-2f">
         <name>.debug_info</name>
         <load_address>0x17d2</load_address>
         <run_address>0x17d2</run_address>
         <size>0x269</size>
         <input_file_ref idref="fl-3"/>
      </object_component>
      <object_component id="oc-40">
         <name>.debug_info</name>
         <load_address>0x1a3b</load_address>
         <run_address>0x1a3b</run_address>
         <size>0x84</size>
         <input_file_ref idref="fl-3"/>
      </object_component>
      <object_component id="oc-197">
         <name>.debug_info</name>
         <load_address>0x1abf</load_address>
         <run_address>0x1abf</run_address>
         <size>0x3d6</size>
         <input_file_ref idref="fl-4"/>
      </object_component>
      <object_component id="oc-189">
         <name>.debug_info</name>
         <load_address>0x1e95</load_address>
         <run_address>0x1e95</run_address>
         <size>0xd9</size>
         <input_file_ref idref="fl-4"/>
      </object_component>
      <object_component id="oc-194">
         <name>.debug_info</name>
         <load_address>0x1f6e</load_address>
         <run_address>0x1f6e</run_address>
         <size>0xd3</size>
         <input_file_ref idref="fl-4"/>
      </object_component>
      <object_component id="oc-18c">
         <name>.debug_info</name>
         <load_address>0x2041</load_address>
         <run_address>0x2041</run_address>
         <size>0xe1</size>
         <input_file_ref idref="fl-4"/>
      </object_component>
      <object_component id="oc-186">
         <name>.debug_info</name>
         <load_address>0x2122</load_address>
         <run_address>0x2122</run_address>
         <size>0xe5</size>
         <input_file_ref idref="fl-4"/>
      </object_component>
      <object_component id="oc-8d">
         <name>.debug_info</name>
         <load_address>0x2207</load_address>
         <run_address>0x2207</run_address>
         <size>0x782</size>
         <input_file_ref idref="fl-4"/>
      </object_component>
      <object_component id="oc-25">
         <name>.debug_info</name>
         <load_address>0x2989</load_address>
         <run_address>0x2989</run_address>
         <size>0x160</size>
         <input_file_ref idref="fl-bf"/>
      </object_component>
      <object_component id="oc-12b">
         <name>.debug_info</name>
         <load_address>0x2ae9</load_address>
         <run_address>0x2ae9</run_address>
         <size>0x293</size>
         <input_file_ref idref="fl-c0"/>
      </object_component>
      <object_component id="oc-13">
         <name>.debug_info</name>
         <load_address>0x2d7c</load_address>
         <run_address>0x2d7c</run_address>
         <size>0x245</size>
         <input_file_ref idref="fl-c0"/>
      </object_component>
      <object_component id="oc-3b">
         <name>.debug_info</name>
         <load_address>0x2fc1</load_address>
         <run_address>0x2fc1</run_address>
         <size>0x60</size>
         <input_file_ref idref="fl-c0"/>
      </object_component>
      <object_component id="oc-126">
         <name>.debug_info</name>
         <load_address>0x3021</load_address>
         <run_address>0x3021</run_address>
         <size>0x46</size>
         <input_file_ref idref="fl-c0"/>
      </object_component>
      <object_component id="oc-50">
         <name>.debug_info</name>
         <load_address>0x3067</load_address>
         <run_address>0x3067</run_address>
         <size>0x2da</size>
         <input_file_ref idref="fl-c1"/>
      </object_component>
      <object_component id="oc-1b">
         <name>.debug_info</name>
         <load_address>0x3341</load_address>
         <run_address>0x3341</run_address>
         <size>0x1df</size>
         <input_file_ref idref="fl-c1"/>
      </object_component>
      <object_component id="oc-4b">
         <name>.debug_info</name>
         <load_address>0x3520</load_address>
         <run_address>0x3520</run_address>
         <size>0x46</size>
         <input_file_ref idref="fl-c1"/>
      </object_component>
      <object_component id="oc-12d">
         <name>.debug_info</name>
         <load_address>0x3566</load_address>
         <run_address>0x3566</run_address>
         <size>0x2c</size>
         <input_file_ref idref="fl-c1"/>
      </object_component>
      <object_component id="oc-5c">
         <name>.debug_info</name>
         <load_address>0x3592</load_address>
         <run_address>0x3592</run_address>
         <size>0x2c9</size>
         <input_file_ref idref="fl-c2"/>
      </object_component>
      <object_component id="oc-22">
         <name>.debug_info</name>
         <load_address>0x385b</load_address>
         <run_address>0x385b</run_address>
         <size>0x1aa</size>
         <input_file_ref idref="fl-c2"/>
      </object_component>
      <object_component id="oc-57">
         <name>.debug_info</name>
         <load_address>0x3a05</load_address>
         <run_address>0x3a05</run_address>
         <size>0x46</size>
         <input_file_ref idref="fl-c2"/>
      </object_component>
      <object_component id="oc-135">
         <name>.debug_info</name>
         <load_address>0x3a4b</load_address>
         <run_address>0x3a4b</run_address>
         <size>0x2c</size>
         <input_file_ref idref="fl-c2"/>
      </object_component>
      <object_component id="oc-155">
         <name>.debug_info</name>
         <load_address>0x3a77</load_address>
         <run_address>0x3a77</run_address>
         <size>0x3ce</size>
         <input_file_ref idref="fl-c3"/>
      </object_component>
      <object_component id="oc-14f">
         <name>.debug_info</name>
         <load_address>0x3e45</load_address>
         <run_address>0x3e45</run_address>
         <size>0x185</size>
         <input_file_ref idref="fl-c3"/>
      </object_component>
      <object_component id="oc-78">
         <name>.debug_info</name>
         <load_address>0x3fca</load_address>
         <run_address>0x3fca</run_address>
         <size>0x214</size>
         <input_file_ref idref="fl-c3"/>
      </object_component>
      <object_component id="oc-48">
         <name>.debug_info</name>
         <load_address>0x41de</load_address>
         <run_address>0x41de</run_address>
         <size>0x111</size>
         <input_file_ref idref="fl-c4"/>
      </object_component>
      <object_component id="oc-54">
         <name>.debug_info</name>
         <load_address>0x42ef</load_address>
         <run_address>0x42ef</run_address>
         <size>0x13f</size>
         <input_file_ref idref="fl-c5"/>
      </object_component>
      <object_component id="oc-5f">
         <name>.debug_info</name>
         <load_address>0x442e</load_address>
         <run_address>0x442e</run_address>
         <size>0x138</size>
         <input_file_ref idref="fl-c6"/>
      </object_component>
      <object_component id="oc-64">
         <name>.debug_info</name>
         <load_address>0x4566</load_address>
         <run_address>0x4566</run_address>
         <size>0x148</size>
         <input_file_ref idref="fl-c7"/>
      </object_component>
      <object_component id="oc-7c">
         <name>.debug_info</name>
         <load_address>0x46ae</load_address>
         <run_address>0x46ae</run_address>
         <size>0x109</size>
         <input_file_ref idref="fl-c8"/>
      </object_component>
      <object_component id="oc-18f">
         <name>.debug_info</name>
         <load_address>0x47b7</load_address>
         <run_address>0x47b7</run_address>
         <size>0x13a</size>
         <input_file_ref idref="fl-c9"/>
      </object_component>
      <object_component id="oc-1f4">
         <name>.debug_info</name>
         <load_address>0x48f1</load_address>
         <run_address>0x48f1</run_address>
         <size>0x2be</size>
         <input_file_ref idref="fl-ca"/>
      </object_component>
      <object_component id="oc-152">
         <name>.debug_info</name>
         <load_address>0x4baf</load_address>
         <run_address>0x4baf</run_address>
         <size>0x113</size>
         <input_file_ref idref="fl-ca"/>
      </object_component>
      <object_component id="oc-1ed">
         <name>.debug_info</name>
         <load_address>0x4cc2</load_address>
         <run_address>0x4cc2</run_address>
         <size>0x21f</size>
         <input_file_ref idref="fl-ca"/>
      </object_component>
      <object_component id="oc-14d">
         <name>.debug_info</name>
         <load_address>0x4ee1</load_address>
         <run_address>0x4ee1</run_address>
         <size>0x300</size>
         <input_file_ref idref="fl-cb"/>
      </object_component>
      <object_component id="oc-71">
         <name>.debug_info</name>
         <load_address>0x51e1</load_address>
         <run_address>0x51e1</run_address>
         <size>0x167</size>
         <input_file_ref idref="fl-cb"/>
      </object_component>
      <object_component id="oc-1e5">
         <name>.debug_info</name>
         <load_address>0x5348</load_address>
         <run_address>0x5348</run_address>
         <size>0x5e</size>
         <input_file_ref idref="fl-cb"/>
      </object_component>
      <object_component id="oc-14b">
         <name>.debug_info</name>
         <load_address>0x53a6</load_address>
         <run_address>0x53a6</run_address>
         <size>0x483</size>
         <input_file_ref idref="fl-cc"/>
      </object_component>
      <object_component id="oc-6b">
         <name>.debug_info</name>
         <load_address>0x5829</load_address>
         <run_address>0x5829</run_address>
         <size>0x190</size>
         <input_file_ref idref="fl-cc"/>
      </object_component>
      <object_component id="oc-1d9">
         <name>.debug_info</name>
         <load_address>0x59b9</load_address>
         <run_address>0x59b9</run_address>
         <size>0x39</size>
         <input_file_ref idref="fl-cc"/>
      </object_component>
      <object_component id="oc-236">
         <name>.debug_info</name>
         <load_address>0x59f2</load_address>
         <run_address>0x59f2</run_address>
         <size>0x39</size>
         <input_file_ref idref="fl-cc"/>
      </object_component>
      <object_component id="oc-1de">
         <name>.debug_info</name>
         <load_address>0x5a2b</load_address>
         <run_address>0x5a2b</run_address>
         <size>0xcd</size>
         <input_file_ref idref="fl-cc"/>
      </object_component>
      <object_component id="oc-1d5">
         <name>.debug_info</name>
         <load_address>0x5af8</load_address>
         <run_address>0x5af8</run_address>
         <size>0x37a</size>
         <input_file_ref idref="fl-cd"/>
      </object_component>
      <object_component id="oc-141">
         <name>.debug_info</name>
         <load_address>0x5e72</load_address>
         <run_address>0x5e72</run_address>
         <size>0x183</size>
         <input_file_ref idref="fl-cd"/>
      </object_component>
      <object_component id="oc-231">
         <name>.debug_info</name>
         <load_address>0x5ff5</load_address>
         <run_address>0x5ff5</run_address>
         <size>0x2c</size>
         <input_file_ref idref="fl-cd"/>
      </object_component>
      <object_component id="oc-213">
         <name>.debug_info</name>
         <load_address>0x6021</load_address>
         <run_address>0x6021</run_address>
         <size>0x147</size>
         <input_file_ref idref="fl-ce"/>
      </object_component>
      <object_component id="oc-145">
         <name>.debug_info</name>
         <load_address>0x6168</load_address>
         <run_address>0x6168</run_address>
         <size>0x145</size>
         <input_file_ref idref="fl-cf"/>
      </object_component>
      <object_component id="oc-1b8">
         <name>.debug_info</name>
         <load_address>0x62ad</load_address>
         <run_address>0x62ad</run_address>
         <size>0x24d</size>
         <input_file_ref idref="fl-d0"/>
      </object_component>
      <object_component id="oc-c4">
         <name>.debug_info</name>
         <load_address>0x64fa</load_address>
         <run_address>0x64fa</run_address>
         <size>0x333</size>
         <input_file_ref idref="fl-d0"/>
      </object_component>
      <object_component id="oc-ca">
         <name>.debug_info</name>
         <load_address>0x682d</load_address>
         <run_address>0x682d</run_address>
         <size>0x2a0</size>
         <input_file_ref idref="fl-d0"/>
      </object_component>
      <object_component id="oc-112">
         <name>.debug_info</name>
         <load_address>0x6acd</load_address>
         <run_address>0x6acd</run_address>
         <size>0x2ff</size>
         <input_file_ref idref="fl-d0"/>
      </object_component>
      <object_component id="oc-be">
         <name>.debug_info</name>
         <load_address>0x6dcc</load_address>
         <run_address>0x6dcc</run_address>
         <size>0x326</size>
         <input_file_ref idref="fl-d0"/>
      </object_component>
      <object_component id="oc-d6">
         <name>.debug_info</name>
         <load_address>0x70f2</load_address>
         <run_address>0x70f2</run_address>
         <size>0x296</size>
         <input_file_ref idref="fl-d0"/>
      </object_component>
      <object_component id="oc-d0">
         <name>.debug_info</name>
         <load_address>0x7388</load_address>
         <run_address>0x7388</run_address>
         <size>0x294</size>
         <input_file_ref idref="fl-d0"/>
      </object_component>
      <object_component id="oc-b8">
         <name>.debug_info</name>
         <load_address>0x761c</load_address>
         <run_address>0x761c</run_address>
         <size>0x2c1</size>
         <input_file_ref idref="fl-d0"/>
      </object_component>
      <object_component id="oc-1a6">
         <name>.debug_info</name>
         <load_address>0x78dd</load_address>
         <run_address>0x78dd</run_address>
         <size>0x240</size>
         <input_file_ref idref="fl-d1"/>
      </object_component>
      <object_component id="oc-1a3">
         <name>.debug_info</name>
         <load_address>0x7b1d</load_address>
         <run_address>0x7b1d</run_address>
         <size>0x15b</size>
         <input_file_ref idref="fl-d1"/>
      </object_component>
      <object_component id="oc-106">
         <name>.debug_info</name>
         <load_address>0x7c78</load_address>
         <run_address>0x7c78</run_address>
         <size>0x2a3</size>
         <input_file_ref idref="fl-d1"/>
      </object_component>
      <object_component id="oc-1a8">
         <name>.debug_info</name>
         <load_address>0x7f1b</load_address>
         <run_address>0x7f1b</run_address>
         <size>0x2b3</size>
         <input_file_ref idref="fl-d1"/>
      </object_component>
      <object_component id="oc-1ae">
         <name>.debug_info</name>
         <load_address>0x81ce</load_address>
         <run_address>0x81ce</run_address>
         <size>0x316</size>
         <input_file_ref idref="fl-d1"/>
      </object_component>
      <object_component id="oc-a6">
         <name>.debug_info</name>
         <load_address>0x84e4</load_address>
         <run_address>0x84e4</run_address>
         <size>0x27b</size>
         <input_file_ref idref="fl-d1"/>
      </object_component>
      <object_component id="oc-100">
         <name>.debug_info</name>
         <load_address>0x875f</load_address>
         <run_address>0x875f</run_address>
         <size>0x2b7</size>
         <input_file_ref idref="fl-d1"/>
      </object_component>
      <object_component id="oc-b2">
         <name>.debug_info</name>
         <load_address>0x8a16</load_address>
         <run_address>0x8a16</run_address>
         <size>0x279</size>
         <input_file_ref idref="fl-d1"/>
      </object_component>
      <object_component id="oc-a0">
         <name>.debug_info</name>
         <load_address>0x8c8f</load_address>
         <run_address>0x8c8f</run_address>
         <size>0x280</size>
         <input_file_ref idref="fl-d1"/>
      </object_component>
      <object_component id="oc-1c3">
         <name>.debug_info</name>
         <load_address>0x8f0f</load_address>
         <run_address>0x8f0f</run_address>
         <size>0x20e</size>
         <input_file_ref idref="fl-d2"/>
      </object_component>
      <object_component id="oc-1c0">
         <name>.debug_info</name>
         <load_address>0x911d</load_address>
         <run_address>0x911d</run_address>
         <size>0x210</size>
         <input_file_ref idref="fl-d2"/>
      </object_component>
      <object_component id="oc-89">
         <name>.debug_info</name>
         <load_address>0x932d</load_address>
         <run_address>0x932d</run_address>
         <size>0x23e</size>
         <input_file_ref idref="fl-d2"/>
      </object_component>
      <object_component id="oc-df">
         <name>.debug_info</name>
         <load_address>0x956b</load_address>
         <run_address>0x956b</run_address>
         <size>0x268</size>
         <input_file_ref idref="fl-d2"/>
      </object_component>
      <object_component id="oc-15a">
         <name>.debug_info</name>
         <load_address>0x97d3</load_address>
         <run_address>0x97d3</run_address>
         <size>0x298</size>
         <input_file_ref idref="fl-d3"/>
      </object_component>
      <object_component id="oc-19e">
         <name>.debug_info</name>
         <load_address>0x9a6b</load_address>
         <run_address>0x9a6b</run_address>
         <size>0x14d</size>
         <input_file_ref idref="fl-d3"/>
      </object_component>
      <object_component id="oc-fb">
         <name>.debug_info</name>
         <load_address>0x9bb8</load_address>
         <run_address>0x9bb8</run_address>
         <size>0x27f</size>
         <input_file_ref idref="fl-d3"/>
      </object_component>
      <object_component id="oc-169">
         <name>.debug_info</name>
         <load_address>0x9e37</load_address>
         <run_address>0x9e37</run_address>
         <size>0x283</size>
         <input_file_ref idref="fl-d3"/>
      </object_component>
      <object_component id="oc-9b">
         <name>.debug_info</name>
         <load_address>0xa0ba</load_address>
         <run_address>0xa0ba</run_address>
         <size>0x27d</size>
         <input_file_ref idref="fl-d3"/>
      </object_component>
      <object_component id="oc-81">
         <name>.debug_info</name>
         <load_address>0xa337</load_address>
         <run_address>0xa337</run_address>
         <size>0x2db</size>
         <input_file_ref idref="fl-d3"/>
      </object_component>
      <object_component id="oc-93">
         <name>.debug_info</name>
         <load_address>0xa612</load_address>
         <run_address>0xa612</run_address>
         <size>0x2b5</size>
         <input_file_ref idref="fl-d3"/>
      </object_component>
      <object_component id="oc-1fa">
         <name>.debug_info</name>
         <load_address>0xa8c7</load_address>
         <run_address>0xa8c7</run_address>
         <size>0x5f</size>
         <input_file_ref idref="fl-d3"/>
      </object_component>
      <object_component id="oc-1c5">
         <name>.debug_info</name>
         <load_address>0xa926</load_address>
         <run_address>0xa926</run_address>
         <size>0x223</size>
         <input_file_ref idref="fl-d4"/>
      </object_component>
      <object_component id="oc-e8">
         <name>.debug_info</name>
         <load_address>0xab49</load_address>
         <run_address>0xab49</run_address>
         <size>0x2ba</size>
         <input_file_ref idref="fl-d4"/>
      </object_component>
      <object_component id="oc-10c">
         <name>.debug_info</name>
         <load_address>0xae03</load_address>
         <run_address>0xae03</run_address>
         <size>0x292</size>
         <input_file_ref idref="fl-d4"/>
      </object_component>
      <object_component id="oc-f4">
         <name>.debug_info</name>
         <load_address>0xb095</load_address>
         <run_address>0xb095</run_address>
         <size>0x27f</size>
         <input_file_ref idref="fl-d4"/>
      </object_component>
      <object_component id="oc-ee">
         <name>.debug_info</name>
         <load_address>0xb314</load_address>
         <run_address>0xb314</run_address>
         <size>0x2d7</size>
         <input_file_ref idref="fl-d4"/>
      </object_component>
      <object_component id="oc-e2">
         <name>.debug_info</name>
         <load_address>0xb5eb</load_address>
         <run_address>0xb5eb</run_address>
         <size>0x28c</size>
         <input_file_ref idref="fl-d4"/>
      </object_component>
      <object_component id="oc-1b5">
         <name>.debug_info</name>
         <load_address>0xb877</load_address>
         <run_address>0xb877</run_address>
         <size>0x227</size>
         <input_file_ref idref="fl-d5"/>
      </object_component>
      <object_component id="oc-175">
         <name>.debug_info</name>
         <load_address>0xba9e</load_address>
         <run_address>0xba9e</run_address>
         <size>0x247</size>
         <input_file_ref idref="fl-d5"/>
      </object_component>
      <object_component id="oc-203">
         <name>.debug_info</name>
         <load_address>0xbce5</load_address>
         <run_address>0xbce5</run_address>
         <size>0x249</size>
         <input_file_ref idref="fl-d5"/>
      </object_component>
      <object_component id="oc-16f">
         <name>.debug_info</name>
         <load_address>0xbf2e</load_address>
         <run_address>0xbf2e</run_address>
         <size>0x326</size>
         <input_file_ref idref="fl-d5"/>
      </object_component>
      <object_component id="oc-ad">
         <name>.debug_info</name>
         <load_address>0xc254</load_address>
         <run_address>0xc254</run_address>
         <size>0x291</size>
         <input_file_ref idref="fl-d5"/>
      </object_component>
      <object_component id="oc-17b">
         <name>.debug_info</name>
         <load_address>0xc4e5</load_address>
         <run_address>0xc4e5</run_address>
         <size>0x273</size>
         <input_file_ref idref="fl-d5"/>
      </object_component>
      <object_component id="oc-181">
         <name>.debug_info</name>
         <load_address>0xc758</load_address>
         <run_address>0xc758</run_address>
         <size>0x24d</size>
         <input_file_ref idref="fl-d5"/>
      </object_component>
      <object_component id="oc-15c">
         <name>.debug_info</name>
         <load_address>0xc9a5</load_address>
         <run_address>0xc9a5</run_address>
         <size>0x212</size>
         <input_file_ref idref="fl-d6"/>
      </object_component>
      <object_component id="oc-264">
         <name>.debug_info</name>
         <load_address>0xcbb7</load_address>
         <run_address>0xcbb7</run_address>
         <size>0xa3</size>
      </object_component>
      <object_component id="oc-1cf">
         <name>.debug_line</name>
         <load_address>0x0</load_address>
         <run_address>0x0</run_address>
         <size>0x1af</size>
         <input_file_ref idref="fl-2"/>
      </object_component>
      <object_component id="oc-1d1">
         <name>.debug_line</name>
         <load_address>0x1af</load_address>
         <run_address>0x1af</run_address>
         <size>0x2d</size>
         <input_file_ref idref="fl-2"/>
      </object_component>
      <object_component id="oc-35">
         <name>.debug_line</name>
         <load_address>0x1dc</load_address>
         <run_address>0x1dc</run_address>
         <size>0x16f</size>
         <input_file_ref idref="fl-2"/>
      </object_component>
      <object_component id="oc-165">
         <name>.debug_line</name>
         <load_address>0x34b</load_address>
         <run_address>0x34b</run_address>
         <size>0x20</size>
         <input_file_ref idref="fl-2"/>
      </object_component>
      <object_component id="oc-124">
         <name>.debug_line</name>
         <load_address>0x36b</load_address>
         <run_address>0x36b</run_address>
         <size>0x65</size>
         <input_file_ref idref="fl-2"/>
      </object_component>
      <object_component id="oc-19b">
         <name>.debug_line</name>
         <load_address>0x3d0</load_address>
         <run_address>0x3d0</run_address>
         <size>0x65</size>
         <input_file_ref idref="fl-2"/>
      </object_component>
      <object_component id="oc-120">
         <name>.debug_line</name>
         <load_address>0x435</load_address>
         <run_address>0x435</run_address>
         <size>0x41</size>
         <input_file_ref idref="fl-3"/>
      </object_component>
      <object_component id="oc-38">
         <name>.debug_line</name>
         <load_address>0x476</load_address>
         <run_address>0x476</run_address>
         <size>0x41</size>
         <input_file_ref idref="fl-3"/>
      </object_component>
      <object_component id="oc-2c">
         <name>.debug_line</name>
         <load_address>0x4b7</load_address>
         <run_address>0x4b7</run_address>
         <size>0xa1</size>
         <input_file_ref idref="fl-3"/>
      </object_component>
      <object_component id="oc-43">
         <name>.debug_line</name>
         <load_address>0x558</load_address>
         <run_address>0x558</run_address>
         <size>0x20</size>
         <input_file_ref idref="fl-3"/>
      </object_component>
      <object_component id="oc-21c">
         <name>.debug_line</name>
         <load_address>0x578</load_address>
         <run_address>0x578</run_address>
         <size>0x8e</size>
         <input_file_ref idref="fl-4"/>
      </object_component>
      <object_component id="oc-20e">
         <name>.debug_line</name>
         <load_address>0x606</load_address>
         <run_address>0x606</run_address>
         <size>0x32</size>
         <input_file_ref idref="fl-4"/>
      </object_component>
      <object_component id="oc-21a">
         <name>.debug_line</name>
         <load_address>0x638</load_address>
         <run_address>0x638</run_address>
         <size>0x32</size>
         <input_file_ref idref="fl-4"/>
      </object_component>
      <object_component id="oc-210">
         <name>.debug_line</name>
         <load_address>0x66a</load_address>
         <run_address>0x66a</run_address>
         <size>0x32</size>
         <input_file_ref idref="fl-4"/>
      </object_component>
      <object_component id="oc-20c">
         <name>.debug_line</name>
         <load_address>0x69c</load_address>
         <run_address>0x69c</run_address>
         <size>0x32</size>
         <input_file_ref idref="fl-4"/>
      </object_component>
      <object_component id="oc-91">
         <name>.debug_line</name>
         <load_address>0x6ce</load_address>
         <run_address>0x6ce</run_address>
         <size>0x283</size>
         <input_file_ref idref="fl-4"/>
      </object_component>
      <object_component id="oc-28">
         <name>.debug_line</name>
         <load_address>0x951</load_address>
         <run_address>0x951</run_address>
         <size>0x53</size>
         <input_file_ref idref="fl-bf"/>
      </object_component>
      <object_component id="oc-1d3">
         <name>.debug_line</name>
         <load_address>0x9a4</load_address>
         <run_address>0x9a4</run_address>
         <size>0x20</size>
         <input_file_ref idref="fl-c0"/>
      </object_component>
      <object_component id="oc-16">
         <name>.debug_line</name>
         <load_address>0x9c4</load_address>
         <run_address>0x9c4</run_address>
         <size>0xa9</size>
         <input_file_ref idref="fl-c0"/>
      </object_component>
      <object_component id="oc-3e">
         <name>.debug_line</name>
         <load_address>0xa6d</load_address>
         <run_address>0xa6d</run_address>
         <size>0x3a</size>
         <input_file_ref idref="fl-c0"/>
      </object_component>
      <object_component id="oc-129">
         <name>.debug_line</name>
         <load_address>0xaa7</load_address>
         <run_address>0xaa7</run_address>
         <size>0x8a</size>
         <input_file_ref idref="fl-c0"/>
      </object_component>
      <object_component id="oc-133">
         <name>.debug_line</name>
         <load_address>0xb31</load_address>
         <run_address>0xb31</run_address>
         <size>0x8a</size>
         <input_file_ref idref="fl-c1"/>
      </object_component>
      <object_component id="oc-1a">
         <name>.debug_line</name>
         <load_address>0xbbb</load_address>
         <run_address>0xbbb</run_address>
         <size>0x55</size>
         <input_file_ref idref="fl-c1"/>
      </object_component>
      <object_component id="oc-4e">
         <name>.debug_line</name>
         <load_address>0xc10</load_address>
         <run_address>0xc10</run_address>
         <size>0x3a</size>
         <input_file_ref idref="fl-c1"/>
      </object_component>
      <object_component id="oc-130">
         <name>.debug_line</name>
         <load_address>0xc4a</load_address>
         <run_address>0xc4a</run_address>
         <size>0x8a</size>
         <input_file_ref idref="fl-c1"/>
      </object_component>
      <object_component id="oc-13b">
         <name>.debug_line</name>
         <load_address>0xcd4</load_address>
         <run_address>0xcd4</run_address>
         <size>0x8a</size>
         <input_file_ref idref="fl-c2"/>
      </object_component>
      <object_component id="oc-20">
         <name>.debug_line</name>
         <load_address>0xd5e</load_address>
         <run_address>0xd5e</run_address>
         <size>0x4f</size>
         <input_file_ref idref="fl-c2"/>
      </object_component>
      <object_component id="oc-5a">
         <name>.debug_line</name>
         <load_address>0xdad</load_address>
         <run_address>0xdad</run_address>
         <size>0x34</size>
         <input_file_ref idref="fl-c2"/>
      </object_component>
      <object_component id="oc-138">
         <name>.debug_line</name>
         <load_address>0xde1</load_address>
         <run_address>0xde1</run_address>
         <size>0x8a</size>
         <input_file_ref idref="fl-c2"/>
      </object_component>
      <object_component id="oc-1f7">
         <name>.debug_line</name>
         <load_address>0xe6b</load_address>
         <run_address>0xe6b</run_address>
         <size>0xf2</size>
         <input_file_ref idref="fl-c3"/>
      </object_component>
      <object_component id="oc-1eb">
         <name>.debug_line</name>
         <load_address>0xf5d</load_address>
         <run_address>0xf5d</run_address>
         <size>0x2a</size>
         <input_file_ref idref="fl-c3"/>
      </object_component>
      <object_component id="oc-76">
         <name>.debug_line</name>
         <load_address>0xf87</load_address>
         <run_address>0xf87</run_address>
         <size>0x86</size>
         <input_file_ref idref="fl-c3"/>
      </object_component>
      <object_component id="oc-46">
         <name>.debug_line</name>
         <load_address>0x100d</load_address>
         <run_address>0x100d</run_address>
         <size>0x88</size>
         <input_file_ref idref="fl-c4"/>
      </object_component>
      <object_component id="oc-53">
         <name>.debug_line</name>
         <load_address>0x1095</load_address>
         <run_address>0x1095</run_address>
         <size>0x79</size>
         <input_file_ref idref="fl-c5"/>
      </object_component>
      <object_component id="oc-5e">
         <name>.debug_line</name>
         <load_address>0x110e</load_address>
         <run_address>0x110e</run_address>
         <size>0x3d</size>
         <input_file_ref idref="fl-c6"/>
      </object_component>
      <object_component id="oc-68">
         <name>.debug_line</name>
         <load_address>0x114b</load_address>
         <run_address>0x114b</run_address>
         <size>0x40</size>
         <input_file_ref idref="fl-c7"/>
      </object_component>
      <object_component id="oc-158">
         <name>.debug_line</name>
         <load_address>0x118b</load_address>
         <run_address>0x118b</run_address>
         <size>0x33</size>
         <input_file_ref idref="fl-c8"/>
      </object_component>
      <object_component id="oc-192">
         <name>.debug_line</name>
         <load_address>0x11be</load_address>
         <run_address>0x11be</run_address>
         <size>0x5b</size>
         <input_file_ref idref="fl-c9"/>
      </object_component>
      <object_component id="oc-23d">
         <name>.debug_line</name>
         <load_address>0x1219</load_address>
         <run_address>0x1219</run_address>
         <size>0x20</size>
         <input_file_ref idref="fl-ca"/>
      </object_component>
      <object_component id="oc-1f3">
         <name>.debug_line</name>
         <load_address>0x1239</load_address>
         <run_address>0x1239</run_address>
         <size>0x2b</size>
         <input_file_ref idref="fl-ca"/>
      </object_component>
      <object_component id="oc-1f1">
         <name>.debug_line</name>
         <load_address>0x1264</load_address>
         <run_address>0x1264</run_address>
         <size>0x68</size>
         <input_file_ref idref="fl-ca"/>
      </object_component>
      <object_component id="oc-1e4">
         <name>.debug_line</name>
         <load_address>0x12cc</load_address>
         <run_address>0x12cc</run_address>
         <size>0x2b</size>
         <input_file_ref idref="fl-cb"/>
      </object_component>
      <object_component id="oc-74">
         <name>.debug_line</name>
         <load_address>0x12f7</load_address>
         <run_address>0x12f7</run_address>
         <size>0x4a</size>
         <input_file_ref idref="fl-cb"/>
      </object_component>
      <object_component id="oc-1e8">
         <name>.debug_line</name>
         <load_address>0x1341</load_address>
         <run_address>0x1341</run_address>
         <size>0x2b</size>
         <input_file_ref idref="fl-cb"/>
      </object_component>
      <object_component id="oc-1d8">
         <name>.debug_line</name>
         <load_address>0x136c</load_address>
         <run_address>0x136c</run_address>
         <size>0xa9</size>
         <input_file_ref idref="fl-cc"/>
      </object_component>
      <object_component id="oc-6d">
         <name>.debug_line</name>
         <load_address>0x1415</load_address>
         <run_address>0x1415</run_address>
         <size>0x8b</size>
         <input_file_ref idref="fl-cc"/>
      </object_component>
      <object_component id="oc-1dc">
         <name>.debug_line</name>
         <load_address>0x14a0</load_address>
         <run_address>0x14a0</run_address>
         <size>0x2e</size>
         <input_file_ref idref="fl-cc"/>
      </object_component>
      <object_component id="oc-239">
         <name>.debug_line</name>
         <load_address>0x14ce</load_address>
         <run_address>0x14ce</run_address>
         <size>0x8a</size>
         <input_file_ref idref="fl-cc"/>
      </object_component>
      <object_component id="oc-1e1">
         <name>.debug_line</name>
         <load_address>0x1558</load_address>
         <run_address>0x1558</run_address>
         <size>0x8b</size>
         <input_file_ref idref="fl-cc"/>
      </object_component>
      <object_component id="oc-230">
         <name>.debug_line</name>
         <load_address>0x15e3</load_address>
         <run_address>0x15e3</run_address>
         <size>0x98</size>
         <input_file_ref idref="fl-cd"/>
      </object_component>
      <object_component id="oc-140">
         <name>.debug_line</name>
         <load_address>0x167b</load_address>
         <run_address>0x167b</run_address>
         <size>0x68</size>
         <input_file_ref idref="fl-cd"/>
      </object_component>
      <object_component id="oc-234">
         <name>.debug_line</name>
         <load_address>0x16e3</load_address>
         <run_address>0x16e3</run_address>
         <size>0x2e</size>
         <input_file_ref idref="fl-cd"/>
      </object_component>
      <object_component id="oc-212">
         <name>.debug_line</name>
         <load_address>0x1711</load_address>
         <run_address>0x1711</run_address>
         <size>0x3b</size>
         <input_file_ref idref="fl-ce"/>
      </object_component>
      <object_component id="oc-148">
         <name>.debug_line</name>
         <load_address>0x174c</load_address>
         <run_address>0x174c</run_address>
         <size>0x3c</size>
         <input_file_ref idref="fl-cf"/>
      </object_component>
      <object_component id="oc-228">
         <name>.debug_line</name>
         <load_address>0x1788</load_address>
         <run_address>0x1788</run_address>
         <size>0xde</size>
         <input_file_ref idref="fl-d0"/>
      </object_component>
      <object_component id="oc-c7">
         <name>.debug_line</name>
         <load_address>0x1866</load_address>
         <run_address>0x1866</run_address>
         <size>0xa7</size>
         <input_file_ref idref="fl-d0"/>
      </object_component>
      <object_component id="oc-cd">
         <name>.debug_line</name>
         <load_address>0x190d</load_address>
         <run_address>0x190d</run_address>
         <size>0x91</size>
         <input_file_ref idref="fl-d0"/>
      </object_component>
      <object_component id="oc-115">
         <name>.debug_line</name>
         <load_address>0x199e</load_address>
         <run_address>0x199e</run_address>
         <size>0x9c</size>
         <input_file_ref idref="fl-d0"/>
      </object_component>
      <object_component id="oc-c1">
         <name>.debug_line</name>
         <load_address>0x1a3a</load_address>
         <run_address>0x1a3a</run_address>
         <size>0xa4</size>
         <input_file_ref idref="fl-d0"/>
      </object_component>
      <object_component id="oc-d9">
         <name>.debug_line</name>
         <load_address>0x1ade</load_address>
         <run_address>0x1ade</run_address>
         <size>0x92</size>
         <input_file_ref idref="fl-d0"/>
      </object_component>
      <object_component id="oc-d3">
         <name>.debug_line</name>
         <load_address>0x1b70</load_address>
         <run_address>0x1b70</run_address>
         <size>0x91</size>
         <input_file_ref idref="fl-d0"/>
      </object_component>
      <object_component id="oc-bb">
         <name>.debug_line</name>
         <load_address>0x1c01</load_address>
         <run_address>0x1c01</run_address>
         <size>0x9b</size>
         <input_file_ref idref="fl-d0"/>
      </object_component>
      <object_component id="oc-222">
         <name>.debug_line</name>
         <load_address>0x1c9c</load_address>
         <run_address>0x1c9c</run_address>
         <size>0x82</size>
         <input_file_ref idref="fl-d1"/>
      </object_component>
      <object_component id="oc-220">
         <name>.debug_line</name>
         <load_address>0x1d1e</load_address>
         <run_address>0x1d1e</run_address>
         <size>0x7d</size>
         <input_file_ref idref="fl-d1"/>
      </object_component>
      <object_component id="oc-109">
         <name>.debug_line</name>
         <load_address>0x1d9b</load_address>
         <run_address>0x1d9b</run_address>
         <size>0x92</size>
         <input_file_ref idref="fl-d1"/>
      </object_component>
      <object_component id="oc-1ab">
         <name>.debug_line</name>
         <load_address>0x1e2d</load_address>
         <run_address>0x1e2d</run_address>
         <size>0x95</size>
         <input_file_ref idref="fl-d1"/>
      </object_component>
      <object_component id="oc-1b1">
         <name>.debug_line</name>
         <load_address>0x1ec2</load_address>
         <run_address>0x1ec2</run_address>
         <size>0xd1</size>
         <input_file_ref idref="fl-d1"/>
      </object_component>
      <object_component id="oc-a9">
         <name>.debug_line</name>
         <load_address>0x1f93</load_address>
         <run_address>0x1f93</run_address>
         <size>0x93</size>
         <input_file_ref idref="fl-d1"/>
      </object_component>
      <object_component id="oc-103">
         <name>.debug_line</name>
         <load_address>0x2026</load_address>
         <run_address>0x2026</run_address>
         <size>0x99</size>
         <input_file_ref idref="fl-d1"/>
      </object_component>
      <object_component id="oc-b5">
         <name>.debug_line</name>
         <load_address>0x20bf</load_address>
         <run_address>0x20bf</run_address>
         <size>0x93</size>
         <input_file_ref idref="fl-d1"/>
      </object_component>
      <object_component id="oc-a3">
         <name>.debug_line</name>
         <load_address>0x2152</load_address>
         <run_address>0x2152</run_address>
         <size>0xa7</size>
         <input_file_ref idref="fl-d1"/>
      </object_component>
      <object_component id="oc-22c">
         <name>.debug_line</name>
         <load_address>0x21f9</load_address>
         <run_address>0x21f9</run_address>
         <size>0x7c</size>
         <input_file_ref idref="fl-d2"/>
      </object_component>
      <object_component id="oc-22a">
         <name>.debug_line</name>
         <load_address>0x2275</load_address>
         <run_address>0x2275</run_address>
         <size>0x82</size>
         <input_file_ref idref="fl-d2"/>
      </object_component>
      <object_component id="oc-8b">
         <name>.debug_line</name>
         <load_address>0x22f7</load_address>
         <run_address>0x22f7</run_address>
         <size>0x97</size>
         <input_file_ref idref="fl-d2"/>
      </object_component>
      <object_component id="oc-dd">
         <name>.debug_line</name>
         <load_address>0x238e</load_address>
         <run_address>0x238e</run_address>
         <size>0xc2</size>
         <input_file_ref idref="fl-d2"/>
      </object_component>
      <object_component id="oc-1f9">
         <name>.debug_line</name>
         <load_address>0x2450</load_address>
         <run_address>0x2450</run_address>
         <size>0x13d</size>
         <input_file_ref idref="fl-d3"/>
      </object_component>
      <object_component id="oc-21e">
         <name>.debug_line</name>
         <load_address>0x258d</load_address>
         <run_address>0x258d</run_address>
         <size>0x7f</size>
         <input_file_ref idref="fl-d3"/>
      </object_component>
      <object_component id="oc-fd">
         <name>.debug_line</name>
         <load_address>0x260c</load_address>
         <run_address>0x260c</run_address>
         <size>0x94</size>
         <input_file_ref idref="fl-d3"/>
      </object_component>
      <object_component id="oc-16b">
         <name>.debug_line</name>
         <load_address>0x26a0</load_address>
         <run_address>0x26a0</run_address>
         <size>0x94</size>
         <input_file_ref idref="fl-d3"/>
      </object_component>
      <object_component id="oc-9d">
         <name>.debug_line</name>
         <load_address>0x2734</load_address>
         <run_address>0x2734</run_address>
         <size>0x94</size>
         <input_file_ref idref="fl-d3"/>
      </object_component>
      <object_component id="oc-84">
         <name>.debug_line</name>
         <load_address>0x27c8</load_address>
         <run_address>0x27c8</run_address>
         <size>0xee</size>
         <input_file_ref idref="fl-d3"/>
      </object_component>
      <object_component id="oc-96">
         <name>.debug_line</name>
         <load_address>0x28b6</load_address>
         <run_address>0x28b6</run_address>
         <size>0x11a</size>
         <input_file_ref idref="fl-d3"/>
      </object_component>
      <object_component id="oc-1fd">
         <name>.debug_line</name>
         <load_address>0x29d0</load_address>
         <run_address>0x29d0</run_address>
         <size>0x7f</size>
         <input_file_ref idref="fl-d3"/>
      </object_component>
      <object_component id="oc-22e">
         <name>.debug_line</name>
         <load_address>0x2a4f</load_address>
         <run_address>0x2a4f</run_address>
         <size>0x82</size>
         <input_file_ref idref="fl-d4"/>
      </object_component>
      <object_component id="oc-eb">
         <name>.debug_line</name>
         <load_address>0x2ad1</load_address>
         <run_address>0x2ad1</run_address>
         <size>0x9c</size>
         <input_file_ref idref="fl-d4"/>
      </object_component>
      <object_component id="oc-10f">
         <name>.debug_line</name>
         <load_address>0x2b6d</load_address>
         <run_address>0x2b6d</run_address>
         <size>0x93</size>
         <input_file_ref idref="fl-d4"/>
      </object_component>
      <object_component id="oc-f7">
         <name>.debug_line</name>
         <load_address>0x2c00</load_address>
         <run_address>0x2c00</run_address>
         <size>0x93</size>
         <input_file_ref idref="fl-d4"/>
      </object_component>
      <object_component id="oc-f1">
         <name>.debug_line</name>
         <load_address>0x2c93</load_address>
         <run_address>0x2c93</run_address>
         <size>0x9f</size>
         <input_file_ref idref="fl-d4"/>
      </object_component>
      <object_component id="oc-e5">
         <name>.debug_line</name>
         <load_address>0x2d32</load_address>
         <run_address>0x2d32</run_address>
         <size>0xb7</size>
         <input_file_ref idref="fl-d4"/>
      </object_component>
      <object_component id="oc-226">
         <name>.debug_line</name>
         <load_address>0x2de9</load_address>
         <run_address>0x2de9</run_address>
         <size>0x82</size>
         <input_file_ref idref="fl-d5"/>
      </object_component>
      <object_component id="oc-177">
         <name>.debug_line</name>
         <load_address>0x2e6b</load_address>
         <run_address>0x2e6b</run_address>
         <size>0x93</size>
         <input_file_ref idref="fl-d5"/>
      </object_component>
      <object_component id="oc-205">
         <name>.debug_line</name>
         <load_address>0x2efe</load_address>
         <run_address>0x2efe</run_address>
         <size>0x96</size>
         <input_file_ref idref="fl-d5"/>
      </object_component>
      <object_component id="oc-171">
         <name>.debug_line</name>
         <load_address>0x2f94</load_address>
         <run_address>0x2f94</run_address>
         <size>0xb3</size>
         <input_file_ref idref="fl-d5"/>
      </object_component>
      <object_component id="oc-af">
         <name>.debug_line</name>
         <load_address>0x3047</load_address>
         <run_address>0x3047</run_address>
         <size>0x92</size>
         <input_file_ref idref="fl-d5"/>
      </object_component>
      <object_component id="oc-17d">
         <name>.debug_line</name>
         <load_address>0x30d9</load_address>
         <run_address>0x30d9</run_address>
         <size>0x93</size>
         <input_file_ref idref="fl-d5"/>
      </object_component>
      <object_component id="oc-183">
         <name>.debug_line</name>
         <load_address>0x316c</load_address>
         <run_address>0x316c</run_address>
         <size>0x93</size>
         <input_file_ref idref="fl-d5"/>
      </object_component>
      <object_component id="oc-15f">
         <name>.debug_line</name>
         <load_address>0x31ff</load_address>
         <run_address>0x31ff</run_address>
         <size>0x91</size>
         <input_file_ref idref="fl-d6"/>
      </object_component>
      <object_component id="oc-36">
         <name>.debug_frame</name>
         <load_address>0x0</load_address>
         <run_address>0x0</run_address>
         <size>0x135</size>
         <input_file_ref idref="fl-2"/>
      </object_component>
      <object_component id="oc-2d">
         <name>.debug_frame</name>
         <load_address>0x135</load_address>
         <run_address>0x135</run_address>
         <size>0x84</size>
         <input_file_ref idref="fl-3"/>
      </object_component>
      <object_component id="oc-90">
         <name>.debug_frame</name>
         <load_address>0x1b9</load_address>
         <run_address>0x1b9</run_address>
         <size>0xfb</size>
         <input_file_ref idref="fl-4"/>
      </object_component>
      <object_component id="oc-17">
         <name>.debug_frame</name>
         <load_address>0x2b4</load_address>
         <run_address>0x2b4</run_address>
         <size>0x60</size>
         <input_file_ref idref="fl-c0"/>
      </object_component>
      <object_component id="oc-19">
         <name>.debug_frame</name>
         <load_address>0x314</load_address>
         <run_address>0x314</run_address>
         <size>0x51</size>
         <input_file_ref idref="fl-c1"/>
      </object_component>
      <object_component id="oc-21">
         <name>.debug_frame</name>
         <load_address>0x365</load_address>
         <run_address>0x365</run_address>
         <size>0x51</size>
         <input_file_ref idref="fl-c2"/>
      </object_component>
      <object_component id="oc-7a">
         <name>.debug_frame</name>
         <load_address>0x3b6</load_address>
         <run_address>0x3b6</run_address>
         <size>0x85</size>
         <input_file_ref idref="fl-c3"/>
      </object_component>
      <object_component id="oc-62">
         <name>.debug_frame</name>
         <load_address>0x43b</load_address>
         <run_address>0x43b</run_address>
         <size>0x51</size>
         <input_file_ref idref="fl-c6"/>
      </object_component>
      <object_component id="oc-67">
         <name>.debug_frame</name>
         <load_address>0x48c</load_address>
         <run_address>0x48c</run_address>
         <size>0x51</size>
         <input_file_ref idref="fl-c7"/>
      </object_component>
      <object_component id="oc-1f0">
         <name>.debug_frame</name>
         <load_address>0x4dd</load_address>
         <run_address>0x4dd</run_address>
         <size>0x73</size>
         <input_file_ref idref="fl-ca"/>
      </object_component>
      <object_component id="oc-70">
         <name>.debug_frame</name>
         <load_address>0x550</load_address>
         <run_address>0x550</run_address>
         <size>0x51</size>
         <input_file_ref idref="fl-cb"/>
      </object_component>
      <object_component id="oc-6e">
         <name>.debug_frame</name>
         <load_address>0x5a1</load_address>
         <run_address>0x5a1</run_address>
         <size>0x5c</size>
         <input_file_ref idref="fl-cc"/>
      </object_component>
      <object_component id="oc-143">
         <name>.debug_frame</name>
         <load_address>0x5fd</load_address>
         <run_address>0x5fd</run_address>
         <size>0x60</size>
         <input_file_ref idref="fl-cd"/>
      </object_component>
      <object_component id="oc-216">
         <name>.debug_frame</name>
         <load_address>0x65d</load_address>
         <run_address>0x65d</run_address>
         <size>0x51</size>
         <input_file_ref idref="fl-ce"/>
      </object_component>
      <object_component id="oc-149">
         <name>.debug_frame</name>
         <load_address>0x6ae</load_address>
         <run_address>0x6ae</run_address>
         <size>0x51</size>
         <input_file_ref idref="fl-cf"/>
      </object_component>
      <object_component id="oc-c8">
         <name>.debug_frame</name>
         <load_address>0x6ff</load_address>
         <run_address>0x6ff</run_address>
         <size>0x8a</size>
         <input_file_ref idref="fl-d0"/>
      </object_component>
      <object_component id="oc-ce">
         <name>.debug_frame</name>
         <load_address>0x789</load_address>
         <run_address>0x789</run_address>
         <size>0x7f</size>
         <input_file_ref idref="fl-d0"/>
      </object_component>
      <object_component id="oc-116">
         <name>.debug_frame</name>
         <load_address>0x808</load_address>
         <run_address>0x808</run_address>
         <size>0x7f</size>
         <input_file_ref idref="fl-d0"/>
      </object_component>
      <object_component id="oc-c2">
         <name>.debug_frame</name>
         <load_address>0x887</load_address>
         <run_address>0x887</run_address>
         <size>0x8e</size>
         <input_file_ref idref="fl-d0"/>
      </object_component>
      <object_component id="oc-da">
         <name>.debug_frame</name>
         <load_address>0x915</load_address>
         <run_address>0x915</run_address>
         <size>0x7f</size>
         <input_file_ref idref="fl-d0"/>
      </object_component>
      <object_component id="oc-d4">
         <name>.debug_frame</name>
         <load_address>0x994</load_address>
         <run_address>0x994</run_address>
         <size>0x7f</size>
[...]
   </logical_group_list>
   <placement_map>
      <memory_area display="yes" color="green">
         <name>FLASH</name>
         <page_id>0x0</page_id>
         <origin>0x0</origin>
         <length>0x40000</length>
         <used_space>0x1676</used_space>
         <unused_space>0x3e98a</unused_space>
         <attributes>RX</attributes>
         <usage_details>
            <allocated_space>
               <start_address>0x0</start_address>
               <size>0x26c</size>
               <logical_group_ref idref="lg-3"/>
            </allocated_space>
            <allocated_space>
               <start_address>0x26c</start_address>
               <size>0x1232</size>
               <logical_group_ref idref="lg-4"/>
            </allocated_space>
            <available_space>
               <start_address>0x149e</start_address>
               <size>0x2</size>
            </available_space>
            <allocated_space>
               <start_address>0x14a0</start_address>
               <size>0x1a0</size>
               <logical_group_ref idref="lg-5"/>
            </allocated_space>
            <allocated_space>
               <start_address>0x1640</start_address>
               <size>0x38</size>
               <logical_group_ref idref="lg-6"/>
            </allocated_space>
            <available_space>
               <start_address>0x1678</start_address>
               <size>0x3e988</size>
            </available_space>
         </usage_details>
      </memory_area>
      <memory_area display="yes" color="green">
         <name>SRAM</name>
         <page_id>0x0</page_id>
         <origin>0x20000000</origin>
         <length>0x8000</length>
         <used_space>0x226</used_space>
         <unused_space>0x7dda</unused_space>
         <attributes>RWX</attributes>
         <usage_details>
            <allocated_space>
               <start_address>0x20000000</start_address>
               <size>0x200</size>
               <logical_group_ref idref="lg-d"/>
            </allocated_space>
            <allocated_space>
               <start_address>0x20000200</start_address>
               <size>0x20</size>
               <logical_group_ref idref="lg-a"/>
            </allocated_space>
            <allocated_space>
               <start_address>0x20000220</start_address>
               <size>0x6</size>
               <logical_group_ref idref="lg-b"/>
            </allocated_space>
            <available_space>
               <start_address>0x20000226</start_address>
               <size>0x7dda</size>
            </available_space>
         </usage_details>
      </memory_area>
   </placement_map>
   <cptbl_list>
      <cptbl>
         <name>__TI_cinit_table</name>
         <cprec>
            <name>.data</name>
            <load_address>0x1640</load_address>
            <load_size>0x11</load_size>
            <run_address>0x20000200</run_address>
            <run_size>0x20</run_size>
            <compression>lzss</compression>
         </cprec>
         <cprec>
            <name>.bss</name>
            <load_address>0x1660</load_address>
            <load_size>0x8</load_size>
            <run_address>0x20000220</run_address>
            <run_size>0x6</run_size>
            <compression>zero_init</compression>
         </cprec>
      </cptbl>
   </cptbl_list>
   <handler_table>
      <handler_table_name>__TI_handler_table</handler_table_name>
      <handler>
         <index>0x0</index>
         <name>__TI_decompress_lzss</name>
      </handler>
      <handler>
         <index>0x1</index>
         <name>__TI_decompress_none</name>
      </handler>
      <handler>
         <index>0x2</index>
         <name>__TI_zero_init</name>
      </handler>
   </handler_table>
   <symbol_table>
      <symbol id="sm-1">
         <name>__STACK_TOP</name>
         <value>0x20000200</value>
      </symbol>
      <symbol id="sm-2">
         <name>__TI_CINIT_Base</name>
         <value>0x1668</value>
      </symbol>
      <symbol id="sm-3">
         <name>__TI_CINIT_Limit</name>
         <value>0x1678</value>
      </symbol>
      <symbol id="sm-4">
         <name>__TI_Handler_Table_Base</name>
         <value>0x1654</value>
      </symbol>
      <symbol id="sm-5">
         <name>__TI_Handler_Table_Limit</name>
         <value>0x1660</value>
      </symbol>
      <symbol id="sm-6">
         <name>binit</name>
         <value>0xffffffff</value>
      </symbol>
      <symbol id="sm-7">
         <name>__binit__</name>
         <value>0xffffffff</value>
      </symbol>
      <symbol id="sm-8">
         <name>__STACK_SIZE</name>
         <value>0x200</value>
      </symbol>
      <symbol id="sm-9">
         <name>__STACK_END</name>
         <value>0x20000200</value>
      </symbol>
      <symbol id="sm-a">
         <name>__c_args__</name>
         <value>0xffffffff</value>
      </symbol>
      <symbol id="sm-b">
         <name>__TI_pprof_out_hndl</name>
         <value>0xffffffff</value>
      </symbol>
      <symbol id="sm-c">
         <name>__TI_prof_data_start</name>
         <value>0xffffffff</value>
      </symbol>
      <symbol id="sm-d">
         <name>__TI_prof_data_size</name>
         <value>0xffffffff</value>
      </symbol>
      <symbol id="sm-64">
         <name>ADC0Value</name>
         <value>0x20000220</value>
      </symbol>
      <symbol id="sm-65">
         <name>samplePeriod</name>
         <value>0x20000224</value>
      </symbol>
      <symbol id="sm-66">
         <name>initConsole</name>
         <value>0x773</value>
         <object_component_ref idref="oc-31"/>
      </symbol>
      <symbol id="sm-67">
         <name>sampleFreq</name>
         <value>0x1638</value>
         <object_component_ref idref="oc-11b"/>
      </symbol>
      <symbol id="sm-68">
         <name>timer0IntHandler</name>
         <value>0x8c3</value>
         <object_component_ref idref="oc-31"/>
      </symbol>
      <symbol id="sm-69">
         <name>clearRedLed</name>
         <value>0x899</value>
         <object_component_ref idref="oc-31"/>
      </symbol>
      <symbol id="sm-6a">
         <name>main</name>
         <value>0x709</value>
         <object_component_ref idref="oc-31"/>
      </symbol>
      <symbol id="sm-6b">
         <name>clearBlueLed</name>
         <value>0x8b5</value>
         <object_component_ref idref="oc-31"/>
      </symbol>
      <symbol id="sm-6c">
         <name>setBlueLed</name>
         <value>0x8a7</value>
         <object_component_ref idref="oc-31"/>
      </symbol>
      <symbol id="sm-6d">
         <name>ADC0SS3IntHandler</name>
         <value>0x8cf</value>
         <object_component_ref idref="oc-31"/>
      </symbol>
      <symbol id="sm-6e">
         <name>initTempSensor</name>
         <value>0x7c1</value>
         <object_component_ref idref="oc-31"/>
      </symbol>
      <symbol id="sm-6f">
         <name>setRedLed</name>
         <value>0x88b</value>
         <object_component_ref idref="oc-31"/>
      </symbol>
      <symbol id="sm-70">
         <name>initLED</name>
         <value>0x867</value>
         <object_component_ref idref="oc-31"/>
      </symbol>
      <symbol id="sm-91">
         <name>ResetISR</name>
         <value>0x145b</value>
         <object_component_ref idref="oc-2b"/>
      </symbol>
      <symbol id="sm-92">
         <name>g_pfnVectors</name>
         <value>0x0</value>
         <object_component_ref idref="oc-f"/>
      </symbol>
      <symbol id="sm-101">
         <name>UARTgetc</name>
         <value>0x3b3</value>
         <object_component_ref idref="oc-8c"/>
      </symbol>
      <symbol id="sm-102">
         <name>UARTgets</name>
         <value>0x2f9</value>
         <object_component_ref idref="oc-8c"/>
      </symbol>
      <symbol id="sm-103">
         <name>UARTStdioConfig</name>
         <value>0x26d</value>
         <object_component_ref idref="oc-8c"/>
      </symbol>
      <symbol id="sm-104">
         <name>UARTwrite</name>
         <value>0x2b3</value>
         <object_component_ref idref="oc-8c"/>
      </symbol>
      <symbol id="sm-105">
         <name>UARTprintf</name>
         <value>0x6d3</value>
         <object_component_ref idref="oc-8c"/>
      </symbol>
      <symbol id="sm-106">
         <name>UARTvprintf</name>
         <value>0x3d9</value>
         <object_component_ref idref="oc-8c"/>
      </symbol>
      <symbol id="sm-117">
         <name>_c_int00</name>
         <value>0x1039</value>
         <object_component_ref idref="oc-24"/>
      </symbol>
      <symbol id="sm-118">
         <name>__stack</name>
         <value>0x20000000</value>
         <object_component_ref idref="oc-2a"/>
      </symbol>
      <symbol id="sm-136">
         <name>__TI_decompress_lzss</name>
         <value>0xf19</value>
         <object_component_ref idref="oc-12"/>
      </symbol>
      <symbol id="sm-14d">
         <name>__TI_decompress_none</name>
         <value>0x1435</value>
         <object_component_ref idref="oc-18"/>
      </symbol>
      <symbol id="sm-164">
         <name>__TI_zero_init</name>
         <value>0x144f</value>
         <object_component_ref idref="oc-1e"/>
      </symbol>
      <symbol id="sm-185">
         <name>C$$EXIT</name>
         <value>0x108d</value>
         <object_component_ref idref="oc-75"/>
      </symbol>
      <symbol id="sm-186">
         <name>abort</name>
         <value>0x1091</value>
         <object_component_ref idref="oc-75"/>
      </symbol>
      <symbol id="sm-187">
         <name>exit</name>
         <value>0x1099</value>
         <object_component_ref idref="oc-75"/>
      </symbol>
      <symbol id="sm-188">
         <name>__TI_dtors_ptr</name>
         <value>0x20000204</value>
         <object_component_ref idref="oc-14e"/>
      </symbol>
      <symbol id="sm-189">
         <name>__TI_cleanup_ptr</name>
         <value>0x20000200</value>
         <object_component_ref idref="oc-14e"/>
      </symbol>
      <symbol id="sm-18a">
         <name>__TI_enable_exit_profile_output</name>
         <value>0x20000208</value>
         <object_component_ref idref="oc-14e"/>
      </symbol>
      <symbol id="sm-1a5">
         <name>memcpy</name>
         <value>0xcb1</value>
         <object_component_ref idref="oc-45"/>
      </symbol>
      <symbol id="sm-1a6">
         <name>__aeabi_memcpy</name>
         <value>0xcb1</value>
         <object_component_ref idref="oc-45"/>
      </symbol>
      <symbol id="sm-1a7">
         <name>__aeabi_memcpy8</name>
         <value>0xcb1</value>
         <object_component_ref idref="oc-45"/>
      </symbol>
      <symbol id="sm-1a8">
         <name>__aeabi_memcpy4</name>
         <value>0xcb1</value>
         <object_component_ref idref="oc-45"/>
      </symbol>
      <symbol id="sm-1b7">
         <name>__aeabi_memset</name>
         <value>0xdc9</value>
         <object_component_ref idref="oc-51"/>
      </symbol>
      <symbol id="sm-1b8">
         <name>memset</name>
         <value>0xdcf</value>
         <object_component_ref idref="oc-51"/>
      </symbol>
      <symbol id="sm-1b9">
         <name>__aeabi_memset8</name>
         <value>0xdc9</value>
         <object_component_ref idref="oc-51"/>
      </symbol>
      <symbol id="sm-1ba">
         <name>__aeabi_memset4</name>
         <value>0xdc9</value>
         <object_component_ref idref="oc-51"/>
      </symbol>
      <symbol id="sm-1bb">
         <name>__aeabi_memclr8</name>
         <value>0xdc7</value>
         <object_component_ref idref="oc-51"/>
      </symbol>
      <symbol id="sm-1bc">
         <name>__aeabi_memclr4</name>
         <value>0xdc7</value>
         <object_component_ref idref="oc-51"/>
      </symbol>
      <symbol id="sm-1bd">
         <name>__aeabi_memclr</name>
         <value>0xdc7</value>
         <object_component_ref idref="oc-51"/>
      </symbol>
      <symbol id="sm-1c7">
         <name>__mpu_init</name>
         <value>0x124b</value>
         <object_component_ref idref="oc-5d"/>
      </symbol>
      <symbol id="sm-1d1">
         <name>_system_pre_init</name>
         <value>0x149b</value>
         <object_component_ref idref="oc-63"/>
      </symbol>
      <symbol id="sm-1d9">
         <name>main_func_sp</name>
         <value>0x2000021c</value>
         <object_component_ref idref="oc-7b"/>
      </symbol>
      <symbol id="sm-1e8">
         <name>__aeabi_uidivmod</name>
         <value>0x120b</value>
         <object_component_ref idref="oc-18e"/>
      </symbol>
      <symbol id="sm-1e9">
         <name>__aeabi_uidiv</name>
         <value>0x120b</value>
         <object_component_ref idref="oc-18e"/>
      </symbol>
      <symbol id="sm-202">
         <name>_nop</name>
         <value>0x13af</value>
         <object_component_ref idref="oc-1ec"/>
      </symbol>
      <symbol id="sm-203">
         <name>_lock</name>
         <value>0x2000020c</value>
         <object_component_ref idref="oc-151"/>
      </symbol>
      <symbol id="sm-204">
         <name>_unlock</name>
         <value>0x20000210</value>
         <object_component_ref idref="oc-151"/>
      </symbol>
      <symbol id="sm-205">
         <name>_register_lock</name>
         <value>0x13a7</value>
         <object_component_ref idref="oc-1ec"/>
      </symbol>
      <symbol id="sm-206">
         <name>_register_unlock</name>
         <value>0x13a1</value>
         <object_component_ref idref="oc-1ec"/>
      </symbol>
      <symbol id="sm-21a">
         <name>_args_main</name>
         <value>0x1375</value>
         <object_component_ref idref="oc-6f"/>
      </symbol>
      <symbol id="sm-244">
         <name>__TI_auto_init</name>
         <value>0xe41</value>
         <object_component_ref idref="oc-69"/>
      </symbol>
      <symbol id="sm-25e">
         <name>copy_in</name>
         <value>0x1131</value>
         <object_component_ref idref="oc-13e"/>
      </symbol>
      <symbol id="sm-268">
         <name>__aeabi_idiv0</name>
         <value>0xaab</value>
         <object_component_ref idref="oc-211"/>
      </symbol>
      <symbol id="sm-272">
         <name>_system_post_cinit</name>
         <value>0x131b</value>
         <object_component_ref idref="oc-144"/>
      </symbol>
      <symbol id="sm-2b8">
         <name>ADCSequenceEnable</name>
         <value>0x1419</value>
         <object_component_ref idref="oc-c9"/>
      </symbol>
      <symbol id="sm-2b9">
         <name>ADCSequenceConfigure</name>
         <value>0x10e1</value>
         <object_component_ref idref="oc-bd"/>
      </symbol>
      <symbol id="sm-2ba">
         <name>ADCIntEnable</name>
         <value>0x13eb</value>
         <object_component_ref idref="oc-d5"/>
      </symbol>
      <symbol id="sm-2bb">
         <name>ADCSequenceStepConfigure</name>
         <value>0xd4d</value>
         <object_component_ref idref="oc-c3"/>
      </symbol>
      <symbol id="sm-2bc">
         <name>ADCIntClear</name>
         <value>0x1467</value>
         <object_component_ref idref="oc-cf"/>
      </symbol>
      <symbol id="sm-2bd">
         <name>ADCHardwareOversampleConfigure</name>
         <value>0x140b</value>
         <object_component_ref idref="oc-b7"/>
      </symbol>
      <symbol id="sm-2be">
         <name>ADCSequenceDataGet</name>
         <value>0x133d</value>
         <object_component_ref idref="oc-111"/>
      </symbol>
      <symbol id="sm-308">
         <name>GPIOPinConfigure</name>
         <value>0x117d</value>
         <object_component_ref idref="oc-9f"/>
      </symbol>
      <symbol id="sm-309">
         <name>GPIOPinTypeADC</name>
         <value>0x13b5</value>
         <object_component_ref idref="oc-b1"/>
      </symbol>
      <symbol id="sm-30a">
         <name>GPIOPinTypeUART</name>
         <value>0x13c7</value>
         <object_component_ref idref="oc-a5"/>
      </symbol>
      <symbol id="sm-30b">
         <name>GPIOPinTypeGPIOOutput</name>
         <value>0x135b</value>
         <object_component_ref idref="oc-ff"/>
      </symbol>
      <symbol id="sm-30c">
         <name>GPIODirModeSet</name>
         <value>0x12f1</value>
         <object_component_ref idref="oc-1a7"/>
      </symbol>
      <symbol id="sm-30d">
         <name>GPIOPinWrite</name>
         <value>0x1485</value>
         <object_component_ref idref="oc-105"/>
      </symbol>
      <symbol id="sm-30e">
         <name>GPIOPadConfigSet</name>
         <value>0x979</value>
         <object_component_ref idref="oc-1ad"/>
      </symbol>
      <symbol id="sm-33e">
         <name>IntEnable</name>
         <value>0xeb1</value>
         <object_component_ref idref="oc-db"/>
      </symbol>
      <symbol id="sm-33f">
         <name>IntMasterEnable</name>
         <value>0x13fb</value>
         <object_component_ref idref="oc-86"/>
      </symbol>
      <symbol id="sm-3a7">
         <name>SysCtlPeripheralPresent</name>
         <value>0x124d</value>
         <object_component_ref idref="oc-167"/>
      </symbol>
      <symbol id="sm-3a8">
         <name>SysCtlClockSet</name>
         <value>0xbbd</value>
         <object_component_ref idref="oc-80"/>
      </symbol>
      <symbol id="sm-3a9">
         <name>SysCtlDelay</name>
         <value>0x148b</value>
         <object_component_ref idref="oc-98"/>
      </symbol>
      <symbol id="sm-3aa">
         <name>SysCtlPeripheralEnable</name>
         <value>0x12bd</value>
         <object_component_ref idref="oc-99"/>
      </symbol>
      <symbol id="sm-3ab">
         <name>SysCtlClockGet</name>
         <value>0xaad</value>
         <object_component_ref idref="oc-92"/>
      </symbol>
      <symbol id="sm-3ac">
         <name>SysCtlPeripheralReady</name>
         <value>0x1285</value>
         <object_component_ref idref="oc-f9"/>
      </symbol>
      <symbol id="sm-3e7">
         <name>TimerLoadSet</name>
         <value>0x13d9</value>
         <object_component_ref idref="oc-e7"/>
      </symbol>
      <symbol id="sm-3e8">
         <name>TimerEnable</name>
         <value>0x1427</value>
         <object_component_ref idref="oc-f3"/>
      </symbol>
      <symbol id="sm-3e9">
         <name>TimerControlTrigger</name>
         <value>0xfe1</value>
         <object_component_ref idref="oc-ed"/>
      </symbol>
      <symbol id="sm-3ea">
         <name>TimerConfigure</name>
         <value>0xf81</value>
         <object_component_ref idref="oc-e1"/>
      </symbol>
      <symbol id="sm-3eb">
         <name>TimerIntClear</name>
         <value>0x1497</value>
         <object_component_ref idref="oc-10b"/>
      </symbol>
      <symbol id="sm-426">
         <name>UARTConfigSetExpClk</name>
         <value>0x11c5</value>
         <object_component_ref idref="oc-16d"/>
      </symbol>
      <symbol id="sm-427">
         <name>UARTDisable</name>
         <value>0x131d</value>
         <object_component_ref idref="oc-201"/>
      </symbol>
      <symbol id="sm-428">
         <name>UARTClockSourceSet</name>
         <value>0x1491</value>
         <object_component_ref idref="oc-ab"/>
      </symbol>
      <symbol id="sm-429">
         <name>UARTCharPut</name>
         <value>0x147b</value>
         <object_component_ref idref="oc-179"/>
      </symbol>
      <symbol id="sm-42a">
         <name>UARTEnable</name>
         <value>0x138d</value>
         <object_component_ref idref="oc-173"/>
      </symbol>
      <symbol id="sm-42b">
         <name>UARTCharGet</name>
         <value>0x1471</value>
         <object_component_ref idref="oc-17f"/>
      </symbol>
      <symbol id="sm-435">
         <name>CPUcpsie</name>
         <value>0x1443</value>
         <object_component_ref idref="oc-15b"/>
      </symbol>
      <symbol id="sm-436">
         <name>__TI_static_base__</name>
         <value>0x0</value>
      </symbol>
      <symbol id="sm-439">
         <name>SHT$$INIT_ARRAY$$Limit</name>
         <value>0x0</value>
      </symbol>
      <symbol id="sm-43a">
         <name>SHT$$INIT_ARRAY$$Base</name>
         <value>0x0</value>
      </symbol>
   </symbol_table>
   <title>Link successful</title>
</link_info>
