******************************************************************************
                  TI ARM Linker PC v17.3.0                     
******************************************************************************
>> Linked Tue Jun 27 21:42:08 2017

OUTPUT FILE NAME:   <application1_RTOS.out>
ENTRY POINT SYMBOL: "_c_int00"  address: 00002fa9


MEMORY CONFIGURATION

         name            origin    length      used     unused   attr    fill
----------------------  --------  ---------  --------  --------  ----  --------
  FLASH                 00000000   00040000  00006859  000397a7  R  X
  SRAM                  20000000   00008000  00001606  000069fa  RW X


SEGMENT ALLOCATION MAP

run origin  load origin   length   init length attrs members
----------  ----------- ---------- ----------- ----- -------
00000000    00000000    00006860   00006860    r-x
  00000000    00000000    0000003c   0000003c    r-- .resetVecs
  00000040    00000040    0000488a   0000488a    r-x .text
  000048cc    000048cc    00001d8b   00001d8b    r-- .const
  00006658    00006658    00000208   00000208    r-- .cinit
20000000    20000000    00001608   00000000    rw-
  20000000    20000000    00000360   00000000    rw- .vecs
  20000360    20000360    00000b9c   00000000    rw- .bss
  20000efc    20000efc    0000040a   00000000    rw- .data
  20001308    20001308    00000300   00000000    rw- .stack


SECTION ALLOCATION MAP

 output                                  attributes/
section   page    origin      length       input sections
--------  ----  ----------  ----------   ----------------
.text      0    00000040    0000488a     
                  00000040    00000430     sysbios.aem4f : BIOS.obj (.text:ti_sysbios_family_arm_m3_Hwi_excDumpRegs__I)
                  00000470    0000034c     ti.targets.arm.rtsarm.aem4f : System.oem4f (.text:xdc_runtime_System_doPrint__I)
                  000007bc    00000324     rtsv7M4_T_le_v4SPD16_eabi.lib : trgdrv.obj (.text)
                  00000ae0    000001fc     sysbios.aem4f : BIOS.obj (.text:ti_sysbios_family_arm_m3_Hwi_excHandlerMax__I)
                  00000cdc    00000004     app1_pem4f.oem4f (.text:ti_sysbios_BIOS_RtsGateProxy_enter__E)
                  00000ce0    00000174     sysbios.aem4f : BIOS.obj (.text:ti_sysbios_family_arm_m3_Hwi_excBusFault__I)
                  00000e54    00000004     app1_pem4f.oem4f (.text:ti_sysbios_BIOS_RtsGateProxy_leave__E)
                  00000e58    00000164     sysbios.aem4f : BIOS.obj (.text:ti_sysbios_family_arm_m3_Hwi_excUsageFault__I)
                  00000fbc    00000004                   : BIOS.obj (.text:ti_sysbios_family_arm_lm4_Timer_masterEnable__I)
                  00000fc0    00000154                   : BIOS.obj (.text:ti_sysbios_knl_Semaphore_pend__E)
                  00001114    00000150     drivers_tivaware.aem4f : GPIOTiva.oem4f (.text:GPIO_setConfig)
                  00001264    00000004     app1_pem4f.oem4f (.text:ti_sysbios_family_arm_m3_TaskSupport_Module__startupDone__S)
                  00001268    00000148     sysbios.aem4f : BIOS.obj (.text:ti_sysbios_family_arm_m3_Hwi_excMemFault__I)
                  000013b0    00000130     driverlib.lib : gpio.obj (.text:GPIOPadConfigSet)
                  000014e0    00000118     ti.targets.arm.rtsarm.aem4f : Error.oem4f (.text:xdc_runtime_Error_policyDefault__E)
                  000015f8    00000108     sysbios.aem4f : BIOS.obj (.text:ti_sysbios_family_arm_lm4_Timer_start__E)
                  00001700    00000100     Boot.aem4f : Boot_sysctl.oem4f (.text:ti_catalog_arm_cortexm4_tiva_ce_Boot_sysCtlClockSetI__I)
                  00001800    00000100     ti.targets.arm.rtsarm.aem4f : Core-mem.oem4f (.text:xdc_runtime_Core_createObject__I)
                  00001900    000000f8                                 : Startup.oem4f (.text:xdc_runtime_Startup_startMods__I)
                  000019f8    000000f8     app1_pem4f.oem4f (.text:xdc_runtime_System_printfExtend__I)
                  00001af0    000000f4     sysbios.aem4f : m3_Hwi_asm.obj (.text:ti_sysbios_family_arm_m3_Hwi_dispatch__I)
                  00001be4    00000004     app1_pem4f.oem4f (.text:ti_sysbios_heaps_HeapMem_Module_GateProxy_enter__E)
                  00001be8    000000dc     sysbios.aem4f : BIOS.obj (.text:ti_sysbios_knl_Task_sleep__E)
                  00001cc4    00000004     app1_pem4f.oem4f (.text:ti_sysbios_heaps_HeapMem_Module_GateProxy_leave__E)
                  00001cc8    000000cc     sysbios.aem4f : BIOS.obj (.text:ti_sysbios_heaps_HeapMem_alloc__E)
                  00001d94    000000cc     ti.targets.arm.rtsarm.aem4f : Core-smem.oem4f (.text:xdc_runtime_Core_constructObject__I)
                  00001e60    000000bc     sysbios.aem4f : BIOS.obj (.text:ti_sysbios_family_arm_m3_Hwi_excDebugMon__I)
                  00001f1c    00000004     app1_pem4f.oem4f (.text:ti_sysbios_knl_Clock_TimerProxy_getMaxTicks__E)
                  00001f20    000000bc     sysbios.aem4f : BIOS.obj (.text:ti_sysbios_family_arm_m3_Hwi_excHardFault__I)
                  00001fdc    00000004     app1_pem4f.oem4f (.text:ti_sysbios_knl_Queue_destruct)
                  00001fe0    000000ac     sysbios.aem4f : BIOS.obj (.text:ti_sysbios_family_arm_lm4_Timer_enableTiva__I)
                  0000208c    000000a0     auto_init.aem4f : auto_init.oem4f (.text)
                  0000212c    000000a0     ti.targets.arm.rtsarm.aem4f : Text.oem4f (.text:xdc_runtime_Text_putMod__E)
                  000021cc    0000009c     rtsv7M4_T_le_v4SPD16_eabi.lib : memcpy_t2.obj (.text)
                  00002268    0000009c     sysbios.aem4f : BIOS.obj (.text:ti_sysbios_knl_Task_postInit__I)
                  00002304    0000009a     ti.targets.arm.rtsarm.aem4f : Text.oem4f (.text:xdc_runtime_Text_putSite__E)
                  0000239e    00000002     rtsv7M4_T_le_v4SPD16_eabi.lib : i_div0.obj (.text)
                  000023a0    00000098     Boot.aem4f : Boot.oem4f (.text:ti_catalog_arm_cortexm4_tiva_ce_Boot_sysCtlClockSet__E)
                  00002438    00000094     sysbios.aem4f : BIOS.obj (.text:ti_sysbios_family_arm_m3_Hwi_Instance_init__E)
                  000024cc    00000004     app1_pem4f.oem4f (.text:ti_sysbios_knl_Semaphore_destruct)
                  000024d0    00000094     sysbios.aem4f : BIOS.obj (.text:ti_sysbios_family_arm_m3_Hwi_initNVIC__E)
                  00002564    0000008c     drivers_tivaware.aem4f : GPIOTiva.oem4f (.text:GPIO_init)
                  000025f0    0000008c     sysbios.aem4f : m3_TaskSupport_asm.obj (.text:ti_sysbios_family_arm_m3_TaskSupport_buildTaskStack)
                  0000267c    00000004     ti.targets.arm.rtsarm.aem4f : Error.oem4f (.text:xdc_runtime_Error_getSite__E)
                  00002680    00000084     sysbios.aem4f : BIOS.obj (.text:ti_sysbios_family_arm_m3_Hwi_postInit__I)
                  00002704    00000004     app1_pem4f.oem4f (.text:xdc_runtime_System_Module_GateProxy_enter__E)
                  00002708    0000007c     sysbios.aem4f : BIOS.obj (.text:ti_sysbios_heaps_HeapMem_free__E)
                  00002784    0000007a     rtsv7M4_T_le_v4SPD16_eabi.lib : memset_t2.obj (.text)
                  000027fe    00000002     app1_pem4f.oem4f (.text:ti_sysbios_BIOS_nullFunc__I)
                  00002800    00000070     sysbios.aem4f : BIOS.obj (.text:ti_sysbios_knl_Semaphore_post__E)
                  00002870    00000070                   : BIOS.obj (.text:ti_sysbios_knl_Task_exit__E)
                  000028e0    0000006d     ti.targets.arm.rtsarm.aem4f : System.oem4f (.text:xdc_runtime_System_formatNum__I)
                  0000294d    00000001     --HOLE-- [fill = 0]
                  0000294e    00000002     app1_pem4f.oem4f (.text:xdc_runtime_Startup_reset__I)
                  00002950    0000006c     sysbios.aem4f : BIOS.obj (.text:ti_sysbios_knl_Clock_workFunc__E)
                  000029bc    00000004     app1_pem4f.oem4f (.text:xdc_runtime_System_Module_GateProxy_leave__E)
                  000029c0    0000006c     sysbios.aem4f : BIOS.obj (.text:ti_sysbios_knl_Swi_restoreHwi__E)
                  00002a2c    0000006c     ti.targets.arm.rtsarm.aem4f : Error.oem4f (.text:xdc_runtime_Error_print__E)
                  00002a98    0000006c                                 : Memory.oem4f (.text:xdc_runtime_Memory_alloc__E)
                  00002b04    00000068     rtsv7M4_T_le_v4SPD16_eabi.lib : copy_decompress_lzss.obj (.text:decompress:lzss)
                  00002b6c    00000068                                   : trgmsg.obj (.text)
                  00002bd4    00000066     ti.targets.arm.rtsarm.aem4f : Core-mem.oem4f (.text:xdc_runtime_Core_deleteObject__I)
                  00002c3a    00000002     --HOLE-- [fill = 0]
                  00002c3c    00000064     drivers_tivaware.aem4f : GPIOTiva.oem4f (.text:GPIO_hwiIntFxn)
                  00002ca0    00000064     sysbios.aem4f : BIOS.obj (.text:ti_sysbios_family_arm_lm4_Timer_Module_startup__E)
                  00002d04    00000064     app1_pem4f.oem4f (.text:ti_sysbios_family_arm_m3_Hwi_create)
                  00002d68    00000064     sysbios.aem4f : BIOS.obj (.text:ti_sysbios_family_arm_m3_Hwi_dispatchC__I)
                  00002dcc    00000004     ti.targets.arm.rtsarm.aem4f : System.oem4f (.text:xdc_runtime_System_aprintf_va__F)
                  00002dd0    0000005c     sysbios.aem4f : BIOS.obj (.text:ti_sysbios_knl_Swi_run__I)
                  00002e2c    00000004     ti.targets.arm.rtsarm.aem4f : System.oem4f (.text:xdc_runtime_System_printf_va__F)
                  00002e30    0000005c     sysbios.aem4f : BIOS.obj (.text:ti_sysbios_knl_Swi_schedule__I)
                  00002e8c    00000004     --HOLE-- [fill = 0]
                  00002e90    0000005c                   : BIOS.obj (.text:ti_sysbios_knl_Task_Module_startup__E)
                  00002eec    00000004     --HOLE-- [fill = 0]
                  00002ef0    0000005c                   : BIOS.obj (.text:ti_sysbios_knl_Task_startCore__E)
                  00002f4c    0000005b     ti.targets.arm.rtsarm.aem4f : Text.oem4f (.text:xdc_runtime_Text_putLab__E)
                  00002fa7    00000001     --HOLE-- [fill = 0]
                  00002fa8    00000058     boot.aem4f : boot.oem4f (.text)
                  00003000    00000058     sysbios.aem4f : m3_Hwi_asm_switch.obj (.text:ti_sysbios_family_arm_m3_Hwi_initStacks__E)
                  00003058    00000056     driverlib.lib : gpio.obj (.text:GPIOIntTypeSet)
                  000030ae    00000002     --HOLE-- [fill = 0]
                  000030b0    00000054     rtsv7M4_T_le_v4SPD16_eabi.lib : exit.obj (.text)
                  00003104    00000004     --HOLE-- [fill = 0]
                  00003108    00000054     sysbios.aem4f : BIOS.obj (.text:ti_sysbios_family_arm_lm4_Timer_initDevice__I)
                  0000315c    00000054     ti.targets.arm.rtsarm.aem4f : Assert.oem4f (.text:xdc_runtime_Assert_raise__I)
                  000031b0    00000050     drivers_tivaware.aem4f : GPIOTiva.oem4f (.text:GPIO_setCallback)
                  00003200    00000050                            : GPIOTiva.oem4f (.text:GPIO_toggle)
                  00003250    00000050                            : GPIOTiva.oem4f (.text:GPIO_write)
                  000032a0    00000050     sysbios.aem4f : BIOS.obj (.text:ti_sysbios_family_arm_m3_Hwi_Module_startup__E)
                  000032f0    00000050     ti.targets.arm.rtsarm.aem4f : Startup.oem4f (.text:xdc_runtime_Startup_exec__E)
                  00003340    00000050                                 : Text.oem4f (.text:xdc_runtime_Text_visitRope2__I)
                  00003390    0000004c     rtsv7M4_T_le_v4SPD16_eabi.lib : cpy_tbl.obj (.text)
                  000033dc    00000004     --HOLE-- [fill = 0]
                  000033e0    0000004c     sysbios.aem4f : BIOS.obj (.text:ti_sysbios_heaps_HeapMem_getStats__E)
                  0000342c    00000004     --HOLE-- [fill = 0]
                  00003430    0000004c                   : BIOS.obj (.text:ti_sysbios_knl_Swi_runLoop__I)
                  0000347c    00000004     --HOLE-- [fill = 0]
                  00003480    0000004c                   : BIOS.obj (.text:ti_sysbios_knl_Task_allBlockedFunction__I)
                  000034cc    00000004     --HOLE-- [fill = 0]
                  000034d0    0000004c                   : BIOS.obj (.text:ti_sysbios_knl_Task_schedule__I)
                  0000351c    00000004     --HOLE-- [fill = 0]
                  00003520    00000048                   : BIOS.obj (.text:ti_sysbios_family_arm_lm4_Timer_enableTimers__I)
                  00003568    00000048                   : BIOS.obj (.text:ti_sysbios_family_arm_m3_Hwi_disableInterrupt__E)
                  000035b0    00000048                   : BIOS.obj (.text:ti_sysbios_family_arm_m3_Hwi_enableInterrupt__E)
                  000035f8    00000048                   : BIOS.obj (.text:ti_sysbios_family_arm_m3_Hwi_excReserved__I)
                  00003640    00000046     ti.targets.arm.rtsarm.aem4f : Core-params.oem4f (.text:xdc_runtime_Core_assignParams__I)
                  00003686    00000002     --HOLE-- [fill = 0]
                  00003688    00000044     sysbios.aem4f : BIOS.obj (.text:ti_sysbios_family_arm_lm4_Timer_isrStub__E)
                  000036cc    00000004     --HOLE-- [fill = 0]
                  000036d0    00000044                   : BIOS.obj (.text:ti_sysbios_family_arm_m3_Hwi_getStackInfo__E)
                  00003714    00000004     --HOLE-- [fill = 0]
                  00003718    00000044                   : BIOS.obj (.text:ti_sysbios_knl_Swi_post__E)
                  0000375c    00000044     ti.targets.arm.rtsarm.aem4f : Error.oem4f (.text:xdc_runtime_Error_setX__E)
                  000037a0    00000044                                 : SysMin.oem4f (.text:xdc_runtime_SysMin_flush__E)
                  000037e4    00000044                                 : Text.oem4f (.text:xdc_runtime_Text_xprintf__I)
                  00003828    00000040     EK_TM4C123GXL.obj (.text:EK_TM4C123GXL_initGeneral)
                  00003868    00000040     rtsv7M4_T_le_v4SPD16_eabi.lib : u_divt2.obj (.text)
                  000038a8    00000040     sysbios.aem4f : BIOS.obj (.text:ti_sysbios_family_arm_lm4_Timer_startup__E)
                  000038e8    00000040                   : BIOS.obj (.text:ti_sysbios_heaps_HeapMem_Instance_init__E)
                  00003928    0000003c                   : BIOS.obj (.text:ti_sysbios_family_arm_m3_Hwi_excSvCall__I)
                  00003964    00000004     --HOLE-- [fill = 0]
                  00003968    0000003c                   : BIOS.obj (.text:ti_sysbios_heaps_HeapMem_init__I)
                  000039a4    00000004     --HOLE-- [fill = 0]
                  000039a8    0000003c                   : BIOS.obj (.text:ti_sysbios_knl_Swi_restore__E)
                  000039e4    00000004     --HOLE-- [fill = 0]
                  000039e8    00000038                   : BIOS.obj (.text:ti_sysbios_family_arm_m3_Hwi_excNoIsr__I)
                  00003a20    00000038                   : BIOS.obj (.text:ti_sysbios_knl_Task_processVitalTaskFlag__I)
                  00003a58    00000038     ti.targets.arm.rtsarm.aem4f : SysMin.oem4f (.text:xdc_runtime_SysMin_putch__E)
                  00003a90    00000038                                 : System.oem4f (.text:xdc_runtime_System_atexit__E)
                  00003ac8    00000034     driverlib.lib : sysctl.obj (.text:SysCtlPeripheralEnable)
                  00003afc    00000004     --HOLE-- [fill = 0]
                  00003b00    00000034     sysbios.aem4f : BIOS.obj (.text:ti_sysbios_family_arm_m3_Hwi_Instance_finalize__E)
                  00003b34    00000004     --HOLE-- [fill = 0]
                  00003b38    00000034                   : BIOS.obj (.text:ti_sysbios_family_arm_m3_Hwi_excNmi__I)
                  00003b6c    00000034     ti.targets.arm.rtsarm.aem4f : Core-label.oem4f (.text:xdc_runtime_Core_assignLabel__I)
                  00003ba0    00000033                                 : Text.oem4f (.text:xdc_runtime_Text_printVisFxn__I)
                  00003bd3    00000005     --HOLE-- [fill = 0]
                  00003bd8    00000032     sysbios.aem4f : BIOS.obj (.text:ti_sysbios_hal_Hwi_initStack)
                  00003c0a    00000002     --HOLE-- [fill = 0]
                  00003c0c    00000030     EK_TM4C123GXL.obj (.text:EK_TM4C123GXL_initGPIO)
                  00003c3c    00000030     app1_pem4f.oem4f (.text:ti_sysbios_BIOS_atExitFunc__I)
                  00003c6c    00000004     --HOLE-- [fill = 0]
                  00003c70    00000030     sysbios.aem4f : BIOS.obj (.text:ti_sysbios_family_arm_lm4_Timer_stop__E)
                  00003ca0    00000030                   : BIOS.obj (.text:ti_sysbios_family_arm_m3_TaskSupport_start__E)
                  00003cd0    00000030     app1_pem4f.oem4f (.text:ti_sysbios_gates_GateHwi_Object__create__S)
                  00003d00    00000030     app1_pem4f.oem4f (.text:ti_sysbios_gates_GateMutex_Object__create__S)
                  00003d30    00000030     sysbios.aem4f : BIOS.obj (.text:ti_sysbios_gates_GateMutex_enter__E)
                  00003d60    00000030     app1_pem4f.oem4f (.text:ti_sysbios_heaps_HeapMem_Object__create__S)
                  00003d90    00000030     app1_pem4f.oem4f (.text:ti_sysbios_knl_Semaphore_construct)
                  00003dc0    00000030     sysbios.aem4f : BIOS.obj (.text:ti_sysbios_knl_Semaphore_pendTimeout__I)
                  00003df0    00000030                   : BIOS.obj (.text:ti_sysbios_knl_Task_unblockI__E)
                  00003e20    00000030     ti.targets.arm.rtsarm.aem4f : SysMin.oem4f (.text:xdc_runtime_SysMin_abort__E)
                  00003e50    00000030                                 : System.oem4f (.text:xdc_runtime_System_processAtExit__E)
                  00003e80    0000002c     app1_pem4f.oem4f (.text:ti_sysbios_knl_Clock_doTick__I)
                  00003eac    0000002c     app1_pem4f.oem4f (.text:ti_sysbios_knl_Queue_construct)
                  00003ed8    0000002c     sysbios.aem4f : BIOS.obj (.text:ti_sysbios_knl_Task_restore__E)
                  00003f04    0000002c     ti.targets.arm.rtsarm.aem4f : Text.oem4f (.text:xdc_runtime_Text_cordText__E)
                  00003f30    0000002a     driverlib.lib : gpio.obj (.text:GPIODirModeSet)
                  00003f5a    0000002a     ti.targets.arm.rtsarm.aem4f : System.oem4f (.text:xdc_runtime_System_putchar__I)
                  00003f84    00000004     --HOLE-- [fill = 0]
                  00003f88    00000028     sysbios.aem4f : BIOS.obj (.text:ti_sysbios_knl_Swi_Module_startup__E)
                  00003fb0    00000026                   : m3_Hwi_asm.obj (.text:ti_sysbios_family_arm_m3_Hwi_pendSV__I)
                  00003fd6    00000026     ti.targets.arm.rtsarm.aem4f : System.oem4f (.text:xdc_runtime_System_avprintf__E)
                  00003ffc    00000024     app1_pem4f.oem4f (.text:ti_sysbios_BIOS_errorRaiseHook__I)
                  00004020    00000024     app1_pem4f.oem4f (.text:ti_sysbios_BIOS_registerRTSLock__I)
                  00004044    00000024     app1_pem4f.oem4f (.text:ti_sysbios_BIOS_removeRTSLock__I)
                  00004068    00000024     app1_pem4f.oem4f (.text:ti_sysbios_BIOS_startFunc__I)
                  0000408c    00000024     app1_pem4f.oem4f (.text:ti_sysbios_gates_GateMutex_Object__delete__S)
                  000040b0    00000024     sysbios.aem4f : BIOS.obj (.text:ti_sysbios_knl_Clock_Module_startup__E)
                  000040d4    00000004     --HOLE-- [fill = 0]
                  000040d8    00000024                   : BIOS.obj (.text:ti_sysbios_knl_Semaphore_Instance_init__E)
                  000040fc    00000004     --HOLE-- [fill = 0]
                  00004100    00000024                   : BIOS.obj (.text:ti_sysbios_knl_Task_restoreHwi__E)
                  00004124    00000024     ti.targets.arm.rtsarm.aem4f : System.oem4f (.text:xdc_runtime_System_vprintf__E)
                  00004148    00000022     sysbios.aem4f : BIOS.obj (.text:ti_sysbios_family_arm_lm4_Timer_write__I)
                  0000416a    00000022     app1_pem4f.oem4f (.text:xdc_runtime_SysMin_output__I)
                  0000418c    00000020     app1_pem4f.oem4f (.text:ti_sysbios_BIOS_rtsLock__I)
                  000041ac    00000020     sysbios.aem4f : m3_Hwi_asm.obj (.text:ti_sysbios_family_arm_m3_Hwi_excHandlerAsm__I)
                  000041cc    00000004     --HOLE-- [fill = 0]
                  000041d0    00000020                   : BIOS.obj (.text:ti_sysbios_family_arm_m3_Hwi_excHandler__I)
                  000041f0    00000020     app1_pem4f.oem4f (.text:ti_sysbios_gates_GateHwi_Object__delete__S)
                  00004210    00000020     app1_pem4f.oem4f (.text:ti_sysbios_heaps_HeapMem_Object__delete__S)
                  00004230    00000020     sysbios.aem4f : BIOS.obj (.text:ti_sysbios_knl_Idle_run__E)
                  00004250    00000020     app1_pem4f.oem4f (.text:ti_sysbios_knl_Semaphore_Object__destruct__S)
                  00004270    00000020     ti.targets.arm.rtsarm.aem4f : Registry.oem4f (.text:xdc_runtime_Registry_findById__E)
                  00004290    00000020                                 : SysMin.oem4f (.text:xdc_runtime_SysMin_Module_startup__E)
                  000042b0    0000001e     sysbios.aem4f : m3_Hwi_asm_switch.obj (.text:ti_sysbios_family_xxx_Hwi_switchAndRunFunc)
                  000042ce    0000001c     drivers_tivaware.aem4f : GPIOTiva.oem4f (.text:getGpioIntIndex)
                  000042ea    00000006     driverlib.lib : gpio.obj (.text:GPIOIntClear)
                  000042f0    0000001c     sysbios.aem4f : BIOS.obj (.text:ti_sysbios_gates_GateMutex_Instance_init__E)
                  0000430c    0000001c     app1_pem4f.oem4f (.text:ti_sysbios_knl_Queue_Object__destruct__S)
                  00004328    0000001c     sysbios.aem4f : BIOS.obj (.text:ti_sysbios_knl_Queue_put__E)
                  00004344    00000004     --HOLE-- [fill = 0]
                  00004348    0000001c                   : BIOS.obj (.text:ti_sysbios_knl_Task_enter__I)
                  00004364    0000001c     ti.targets.arm.rtsarm.aem4f : Error.oem4f (.text:xdc_runtime_Error_raiseX__E)
                  00004380    0000001c                                 : Memory.oem4f (.text:xdc_runtime_Memory_valloc__E)
                  0000439c    0000001c                                 : SysMin.oem4f (.text:xdc_runtime_SysMin_exit__E)
                  000043b8    0000001c                                 : System.oem4f (.text:xdc_runtime_System_abort__E)
                  000043d4    0000001a     app1.obj (.text:main)
                  000043ee    0000001a     app1_pem4f.oem4f (.text:ti_sysbios_family_arm_m3_Hwi_Handle__label__S)
                  00004408    0000001a     app1_pem4f.oem4f (.text:ti_sysbios_gates_GateHwi_Handle__label__S)
                  00004422    0000001a     app1_pem4f.oem4f (.text:ti_sysbios_gates_GateMutex_Handle__label__S)
                  0000443c    0000001a     app1_pem4f.oem4f (.text:ti_sysbios_heaps_HeapMem_Handle__label__S)
                  00004456    0000001a     app1_pem4f.oem4f (.text:ti_sysbios_knl_Swi_Handle__label__S)
                  00004470    0000001a     app1_pem4f.oem4f (.text:ti_sysbios_knl_Task_Handle__label__S)
                  0000448a    0000001a     app1_pem4f.oem4f (.text:xdc_runtime_System_aprintf__E)
                  000044a4    0000001a     app1_pem4f.oem4f (.text:xdc_runtime_System_printf__E)
                  000044be    00000002     --HOLE-- [fill = 0]
                  000044c0    00000018     rtsv7M4_T_le_v4SPD16_eabi.lib : args_main.obj (.text)
                  000044d8    00000018     app1_pem4f.oem4f (.text:ti_sysbios_BIOS_rtsUnlock__I)
                  000044f0    00000018     app1_pem4f.oem4f (.text:ti_sysbios_family_arm_lm4_Timer_Module__startupDone__F)
                  00004508    00000018     app1_pem4f.oem4f (.text:ti_sysbios_family_arm_m3_Hwi_Module__startupDone__F)
                  00004520    00000018     sysbios.aem4f : m3_TaskSupport_asm.obj (.text:ti_sysbios_family_arm_m3_TaskSupport_swap__E)
                  00004538    00000018                   : BIOS.obj (.text:ti_sysbios_gates_GateMutex_leave__E)
                  00004550    00000018                   : BIOS.obj (.text:ti_sysbios_knl_Task_sleepTimeout__I)
                  00004568    00000018     ti.targets.arm.rtsarm.aem4f : Error.oem4f (.text:xdc_runtime_Error_check__E)
                  00004580    00000018                                 : System.oem4f (.text:xdc_runtime_System_exit__E)
                  00004598    00000018                                 : Text.oem4f (.text:xdc_runtime_Text_ropeText__E)
                  000045b0    00000016     app1_pem4f.oem4f (.text:ti_sysbios_BIOS_exitFunc__I)
                  000045c6    00000002     --HOLE-- [fill = 0]
                  000045c8    00000014     rtsv7M4_T_le_v4SPD16_eabi.lib : _lock.obj (.text)
                  000045dc    00000014                                   : strcpy.obj (.text)
                  000045f0    00000014                                   : strlen.obj (.text)
                  00004604    00000014     app1_pem4f.oem4f (.text:ti_sysbios_family_arm_m3_Hwi_Object__get__S)
                  00004618    00000014     sysbios.aem4f : BIOS.obj (.text:ti_sysbios_family_arm_m3_Hwi_switchFromBootStack__E)
                  0000462c    00000014     app1_pem4f.oem4f (.text:ti_sysbios_heaps_HeapMem_Object__get__S)
                  00004640    00000014     app1_pem4f.oem4f (.text:ti_sysbios_knl_Swi_Object__get__S)
                  00004654    00000014     app1.obj (.text:toggleBlueLED)
                  00004668    00000012     driverlib.lib : gpio.obj (.text:GPIOPinTypeGPIOInput)
                  0000467a    00000006                   : gpio.obj (.text:GPIOPinRead)
                  00004680    00000012     sysbios.aem4f : BIOS.obj (.text:ti_sysbios_hal_Hwi_Module_startup__E)
                  00004692    00000012     app1_pem4f.oem4f (.text:xdc_runtime_Startup_exec__I)
                  000046a4    00000004     --HOLE-- [fill = 0]
                  000046a8    00000010     sysbios.aem4f : BIOS.obj (.text:ti_sysbios_BIOS_setThreadType__E)
                  000046b8    00000010                   : BIOS.obj (.text:ti_sysbios_BIOS_start__E)
                  000046c8    00000010                   : m3_TaskSupport_asm.obj (.text:ti_sysbios_family_arm_m3_TaskSupport_glue)
                  000046d8    00000010                   : BIOS.obj (.text:ti_sysbios_gates_GateMutex_Instance_finalize__E)
                  000046e8    00000010                   : BIOS.obj (.text:ti_sysbios_knl_Semaphore_Instance_finalize__E)
                  000046f8    00000010                   : BIOS.obj (.text:ti_sysbios_knl_Swi_disable__E)
                  00004708    00000010     app1_pem4f.oem4f (.text:ti_sysbios_knl_Task_Object__get__S)
                  00004718    00000010     sysbios.aem4f : BIOS.obj (.text:ti_sysbios_knl_Task_disable__E)
                  00004728    00000010     ti.targets.arm.rtsarm.aem4f : Gate.oem4f (.text:xdc_runtime_Gate_leaveSystem__E)
                  00004738    00000010                                 : Memory.oem4f (.text:xdc_runtime_Memory_free__E)
                  00004748    00000010                                 : SysMin.oem4f (.text:xdc_runtime_SysMin_ready__E)
                  00004758    00000010                                 : System.oem4f (.text:xdc_runtime_System_vsnprintf__E)
                  00004768    00000010     app1_pem4f.oem4f (.text:xdc_runtime_Text_visitRope__I)
                  00004778    0000000e     driverlib.lib : gpio.obj (.text:GPIOIntStatus)
                  00004786    0000000e     rtsv7M4_T_le_v4SPD16_eabi.lib : copy_decompress_none.obj (.text:decompress:none)
                  00004794    00000004     --HOLE-- [fill = 0]
                  00004798    0000000e     sysbios.aem4f : BIOS.obj (.text:ti_sysbios_knl_Queue_empty__E)
                  000047a6    00000002     --HOLE-- [fill = 0]
                  000047a8    0000000c     app1_pem4f.oem4f (.text:.bootCodeSection:ti_catalog_arm_cortexm4_tiva_ce_Boot_init__I)
                  000047b4    0000000c     rtsv7M4_T_le_v4SPD16_eabi.lib : copy_zero_init.obj (.text:decompress:ZI)
                  000047c0    0000000c     sysbios.aem4f : BIOS.obj (.text:ti_sysbios_family_arm_lm4_Timer_getMaxTicks__E)
                  000047cc    0000000c     app1_pem4f.oem4f (.text:ti_sysbios_family_arm_m3_Hwi_Params__init__S)
                  000047d8    0000000c     sysbios.aem4f : BIOS.obj (.text:ti_sysbios_family_arm_m3_Hwi_disableFxn__E)
                  000047e4    00000004     --HOLE-- [fill = 0]
                  000047e8    0000000c                   : BIOS.obj (.text:ti_sysbios_gates_GateHwi_enter__E)
                  000047f4    0000000c     app1_pem4f.oem4f (.text:ti_sysbios_knl_Queue_Object__get__S)
                  00004800    0000000c     ti.targets.arm.rtsarm.aem4f : Error.oem4f (.text:xdc_runtime_Error_init__E)
                  0000480c    0000000c                                 : Gate.oem4f (.text:xdc_runtime_Gate_enterSystem__E)
                  00004818    0000000c                                 : Memory.oem4f (.text:xdc_runtime_Memory_calloc__E)
                  00004824    0000000c                                 : Memory.oem4f (.text:xdc_runtime_Memory_getMaxDefaultTypeAlign__E)
                  00004830    0000000a     app1_pem4f.oem4f (.text:xdc_runtime_IHeap_alloc)
                  0000483a    0000000a     app1_pem4f.oem4f (.text:xdc_runtime_IHeap_free)
                  00004844    00000008     sysbios.aem4f : BIOS.obj (.text:ti_sysbios_family_arm_lm4_Timer_masterDisable__I)
                  0000484c    00000004     --HOLE-- [fill = 0]
                  00004850    00000008                   : BIOS.obj (.text:ti_sysbios_family_arm_m3_Hwi_doSwiRestore__I)
                  00004858    00000008                   : BIOS.obj (.text:ti_sysbios_family_arm_m3_Hwi_startup__E)
                  00004860    00000006     driverlib.lib : gpio.obj (.text:GPIOPinWrite)
                  00004866    00000006     Boot.aem4f : Boot_sysctl.oem4f (.text:ti_catalog_arm_cortexm4_tiva_ce_Boot_sysCtlDelayI__I)
                  0000486c    00000004     --HOLE-- [fill = 0]
                  00004870    00000006     sysbios.aem4f : BIOS.obj (.text:ti_sysbios_family_arm_m3_Hwi_doTaskRestore__I)
                  00004876    00000002     --HOLE-- [fill = 0]
                  00004878    00000006                   : BIOS.obj (.text:ti_sysbios_family_arm_m3_Hwi_restoreFxn__E)
                  0000487e    00000002     --HOLE-- [fill = 0]
                  00004880    00000006                   : BIOS.obj (.text:ti_sysbios_gates_GateHwi_leave__E)
                  00004886    00000002     --HOLE-- [fill = 0]
                  00004888    00000006                   : BIOS.obj (.text:ti_sysbios_heaps_HeapMem_isBlocking__E)
                  0000488e    00000002     --HOLE-- [fill = 0]
                  00004890    00000006                   : BIOS.obj (.text:ti_sysbios_knl_Queue_Instance_init__E)
                  00004896    00000002     --HOLE-- [fill = 0]
                  00004898    00000006                   : BIOS.obj (.text:ti_sysbios_knl_Swi_startup__E)
                  0000489e    00000006     ti.targets.arm.rtsarm.aem4f : System.oem4f (.text:xdc_runtime_System_Module_startup__E)
                  000048a4    00000004     --HOLE-- [fill = 0]
                  000048a8    00000004     sysbios.aem4f : BIOS.obj (.text:ti_sysbios_gates_GateHwi_query__E)
                  000048ac    00000004     --HOLE-- [fill = 0]
                  000048b0    00000004                   : BIOS.obj (.text:ti_sysbios_gates_GateMutex_query__E)
                  000048b4    00000004     --HOLE-- [fill = 0]
                  000048b8    00000004                   : BIOS.obj (.text:ti_sysbios_knl_Task_startup__E)
                  000048bc    00000004     --HOLE-- [fill = 0]
                  000048c0    00000002                   : BIOS.obj (.text:ti_sysbios_gates_GateHwi_Instance_init__E)
                  000048c2    00000006     --HOLE-- [fill = 0]
                  000048c8    00000002                   : BIOS.obj (.text:ti_sysbios_knl_Clock_logTick__E)

.const     0    000048cc    00001d8b     
                  000048cc    0000184e     app1_pem4f.oem4f (.const:xdc_runtime_Text_charTab__A)
                  0000611a    000000bc     app1_pem4f.oem4f (.const:xdc_runtime_Text_nodeTab__A)
                  000061d6    00000054     drivers_tivaware.aem4f : GPIOTiva.oem4f (.const:.string)
                  0000622a    00000002     app1_pem4f.oem4f (.const:ti_catalog_arm_cortexm4_tiva_ce_Boot_Module__id__C)
                  0000622c    00000048     app1_pem4f.oem4f (.const:.string)
                  00006274    00000048     drivers_tivaware.aem4f : GPIOTiva.oem4f (.const:gpioBaseAddresses)
                  000062bc    00000030     app1_pem4f.oem4f (.const:ti_sysbios_family_arm_m3_Hwi_Object__PARAMS__C)
                  000062ec    00000028     app1_pem4f.oem4f (.const:ti_sysbios_heaps_HeapMem_Module__FXNS__C)
                  00006314    00000024     app1_pem4f.oem4f (.const:ti_sysbios_gates_GateHwi_Module__FXNS__C)
                  00006338    00000024     app1_pem4f.oem4f (.const:ti_sysbios_gates_GateMutex_Module__FXNS__C)
                  0000635c    00000024     app1_pem4f.oem4f (.const:ti_sysbios_heaps_HeapMem_Object__PARAMS__C)
                  00006380    00000024     app1_pem4f.oem4f (.const:ti_sysbios_knl_Semaphore_Object__PARAMS__C)
                  000063a4    00000020     app1_pem4f.oem4f (.const:ti_sysbios_family_arm_m3_Hwi_Object__DESC__C)
                  000063c4    00000020     app1_pem4f.oem4f (.const:ti_sysbios_gates_GateHwi_Object__DESC__C)
                  000063e4    00000020     app1_pem4f.oem4f (.const:ti_sysbios_gates_GateMutex_Object__DESC__C)
                  00006404    00000020     app1_pem4f.oem4f (.const:ti_sysbios_heaps_HeapMem_Object__DESC__C)
                  00006424    00000020     app1_pem4f.oem4f (.const:ti_sysbios_knl_Queue_Object__DESC__C)
                  00006444    00000020     app1_pem4f.oem4f (.const:ti_sysbios_knl_Semaphore_Object__DESC__C)
                  00006464    00000020     app1_pem4f.oem4f (.const:xdc_runtime_Startup_sfxnTab__A)
                  00006484    00000018     app1_pem4f.oem4f (.const:ti_sysbios_gates_GateHwi_Object__PARAMS__C)
                  0000649c    00000018     app1_pem4f.oem4f (.const:ti_sysbios_gates_GateMutex_Object__PARAMS__C)
                  000064b4    00000018     app1_pem4f.oem4f (.const:ti_sysbios_knl_Queue_Object__PARAMS__C)
                  000064cc    00000014     EK_TM4C123GXL.obj (.const:GPIOTiva_config)
                  000064e0    00000014     app1_pem4f.oem4f (.const:xdc_runtime_Startup_firstFxns__A)
                  000064f4    00000010     app1_pem4f.oem4f (.const:xdc_runtime_Startup_sfxnRts__A)
                  00006504    00000008     app1_pem4f.oem4f (.const:ti_sysbios_family_arm_m3_Hwi_excHookFuncs__A)
                  0000650c    00000008     app1_pem4f.oem4f (.const:ti_sysbios_knl_Idle_funcList__C)
                  00006514    00000008     app1_pem4f.oem4f (.const:xdc_runtime_Startup_firstFxns__C)
                  0000651c    00000008     app1_pem4f.oem4f (.const:xdc_runtime_Startup_lastFxns__C)
                  00006524    00000004     app1_pem4f.oem4f (.const:ti_catalog_arm_cortexm4_tiva_ce_Boot_A_mustUseEnhancedClockMode__C)
                  00006528    00000004     app1_pem4f.oem4f (.const:ti_catalog_arm_cortexm4_tiva_ce_Boot_Module__diagsEnabled__C)
                  0000652c    00000004     app1_pem4f.oem4f (.const:ti_catalog_arm_cortexm4_tiva_ce_Boot_Module__diagsIncluded__C)
                  00006530    00000004     app1_pem4f.oem4f (.const:ti_catalog_arm_cortexm4_tiva_ce_Boot_Module__diagsMask__C)
                  00006534    00000004     app1_pem4f.oem4f (.const:ti_sysbios_family_arm_lm4_Timer_enableFunc__C)
                  00006538    00000004     app1_pem4f.oem4f (.const:ti_sysbios_family_arm_lm4_Timer_numTimerDevices__C)
                  0000653c    00000004     app1_pem4f.oem4f (.const:ti_sysbios_family_arm_lm4_Timer_startupNeeded__C)
                  00006540    00000004     app1_pem4f.oem4f (.const:ti_sysbios_family_arm_m3_Hwi_E_NMI__C)
                  00006544    00000004     app1_pem4f.oem4f (.const:ti_sysbios_family_arm_m3_Hwi_E_alreadyDefined__C)
                  00006548    00000004     app1_pem4f.oem4f (.const:ti_sysbios_family_arm_m3_Hwi_E_busFault__C)
                  0000654c    00000004     app1_pem4f.oem4f (.const:ti_sysbios_family_arm_m3_Hwi_E_debugMon__C)
                  00006550    00000004     app1_pem4f.oem4f (.const:ti_sysbios_family_arm_m3_Hwi_E_hardFault__C)
                  00006554    00000004     app1_pem4f.oem4f (.const:ti_sysbios_family_arm_m3_Hwi_E_memFault__C)
                  00006558    00000004     app1_pem4f.oem4f (.const:ti_sysbios_family_arm_m3_Hwi_E_noIsr__C)
                  0000655c    00000004     app1_pem4f.oem4f (.const:ti_sysbios_family_arm_m3_Hwi_E_reserved__C)
                  00006560    00000004     app1_pem4f.oem4f (.const:ti_sysbios_family_arm_m3_Hwi_E_svCall__C)
                  00006564    00000004     app1_pem4f.oem4f (.const:ti_sysbios_family_arm_m3_Hwi_E_usageFault__C)
                  00006568    00000004     app1_pem4f.oem4f (.const:ti_sysbios_family_arm_m3_Hwi_NUM_INTERRUPTS__C)
                  0000656c    00000004     app1_pem4f.oem4f (.const:ti_sysbios_family_arm_m3_Hwi_Object__count__C)
                  00006570    00000004     app1_pem4f.oem4f (.const:ti_sysbios_family_arm_m3_Hwi_ccr__C)
                  00006574    00000004     app1_pem4f.oem4f (.const:ti_sysbios_family_arm_m3_Hwi_excHandlerFunc__C)
                  00006578    00000004     app1_pem4f.oem4f (.const:ti_sysbios_family_arm_m3_Hwi_excHookFuncs__C)
                  0000657c    00000004     app1_pem4f.oem4f (.const:ti_sysbios_family_arm_m3_Hwi_nullIsrFunc__C)
                  00006580    00000004     app1_pem4f.oem4f (.const:ti_sysbios_family_arm_m3_Hwi_priGroup__C)
                  00006584    00000004     app1_pem4f.oem4f (.const:ti_sysbios_gates_GateMutex_Instance_State_sem__O)
                  00006588    00000004     app1_pem4f.oem4f (.const:ti_sysbios_heaps_HeapMem_E_memory__C)
                  0000658c    00000004     app1_pem4f.oem4f (.const:ti_sysbios_heaps_HeapMem_Module__gateObj__C)
                  00006590    00000004     app1_pem4f.oem4f (.const:ti_sysbios_heaps_HeapMem_Object__count__C)
                  00006594    00000004     app1_pem4f.oem4f (.const:ti_sysbios_heaps_HeapMem_reqAlign__C)
                  00006598    00000004     app1_pem4f.oem4f (.const:ti_sysbios_knl_Clock_Module_State_clockQ__O)
                  0000659c    00000004     app1_pem4f.oem4f (.const:ti_sysbios_knl_Semaphore_Instance_State_pendQ__O)
                  000065a0    00000004     app1_pem4f.oem4f (.const:ti_sysbios_knl_Swi_Object__count__C)
                  000065a4    00000004     app1_pem4f.oem4f (.const:ti_sysbios_knl_Task_Module_State_inactiveQ__O)
                  000065a8    00000004     app1_pem4f.oem4f (.const:ti_sysbios_knl_Task_Object__count__C)
                  000065ac    00000004     app1_pem4f.oem4f (.const:ti_sysbios_knl_Task_allBlockedFunc__C)
                  000065b0    00000004     app1_pem4f.oem4f (.const:ti_sysbios_knl_Task_numConstructedTasks__C)
                  000065b4    00000004     app1_pem4f.oem4f (.const:xdc_runtime_Assert_E_assertFailed__C)
                  000065b8    00000004     app1_pem4f.oem4f (.const:xdc_runtime_Core_A_initializedParams__C)
                  000065bc    00000004     app1_pem4f.oem4f (.const:xdc_runtime_Core_Module__diagsEnabled__C)
                  000065c0    00000004     app1_pem4f.oem4f (.const:xdc_runtime_Core_Module__diagsIncluded__C)
                  000065c4    00000004     app1_pem4f.oem4f (.const:xdc_runtime_Core_Module__diagsMask__C)
                  000065c8    00000004     app1_pem4f.oem4f (.const:xdc_runtime_Error_E_memory__C)
                  000065cc    00000004     app1_pem4f.oem4f (.const:xdc_runtime_Error_Module__diagsEnabled__C)
                  000065d0    00000004     app1_pem4f.oem4f (.const:xdc_runtime_Error_Module__diagsIncluded__C)
                  000065d4    00000004     app1_pem4f.oem4f (.const:xdc_runtime_Error_Module__diagsMask__C)
                  000065d8    00000004     app1_pem4f.oem4f (.const:xdc_runtime_Error_Module__loggerFxn8__C)
                  000065dc    00000004     app1_pem4f.oem4f (.const:xdc_runtime_Error_Module__loggerObj__C)
                  000065e0    00000004     app1_pem4f.oem4f (.const:xdc_runtime_Error_policyFxn__C)
                  000065e4    00000004     app1_pem4f.oem4f (.const:xdc_runtime_Error_raiseHook__C)
                  000065e8    00000004     app1_pem4f.oem4f (.const:xdc_runtime_IGateProvider_Interface__BASE__C)
                  000065ec    00000004     app1_pem4f.oem4f (.const:xdc_runtime_IHeap_Interface__BASE__C)
                  000065f0    00000004     app1_pem4f.oem4f (.const:xdc_runtime_IModule_Interface__BASE__C)
                  000065f4    00000004     app1_pem4f.oem4f (.const:xdc_runtime_Log_L_error__C)
                  000065f8    00000004     app1_pem4f.oem4f (.const:xdc_runtime_Memory_defaultHeapInstance__C)
                  000065fc    00000004     app1_pem4f.oem4f (.const:xdc_runtime_Startup_execImpl__C)
                  00006600    00000004     app1_pem4f.oem4f (.const:xdc_runtime_Startup_maxPasses__C)
                  00006604    00000004     app1_pem4f.oem4f (.const:xdc_runtime_Startup_sfxnRts__C)
                  00006608    00000004     app1_pem4f.oem4f (.const:xdc_runtime_Startup_sfxnTab__C)
                  0000660c    00000004     app1_pem4f.oem4f (.const:xdc_runtime_SysMin_bufSize__C)
                  00006610    00000004     app1_pem4f.oem4f (.const:xdc_runtime_SysMin_outputFunc__C)
                  00006614    00000004     app1_pem4f.oem4f (.const:xdc_runtime_System_Module__gateObj__C)
                  00006618    00000004     app1_pem4f.oem4f (.const:xdc_runtime_System_abortFxn__C)
                  0000661c    00000004     app1_pem4f.oem4f (.const:xdc_runtime_System_exitFxn__C)
                  00006620    00000004     app1_pem4f.oem4f (.const:xdc_runtime_System_extendFxn__C)
                  00006624    00000004     app1_pem4f.oem4f (.const:xdc_runtime_System_maxAtexitHandlers__C)
                  00006628    00000004     app1_pem4f.oem4f (.const:xdc_runtime_Text_charTab__C)
                  0000662c    00000004     app1_pem4f.oem4f (.const:xdc_runtime_Text_nameEmpty__C)
                  00006630    00000004     app1_pem4f.oem4f (.const:xdc_runtime_Text_nameStatic__C)
                  00006634    00000004     app1_pem4f.oem4f (.const:xdc_runtime_Text_nameUnknown__C)
                  00006638    00000004     app1_pem4f.oem4f (.const:xdc_runtime_Text_nodeTab__C)
                  0000663c    00000004     app1_pem4f.oem4f (.const:xdc_runtime_Text_visitRopeFxn__C)
                  00006640    00000002     app1_pem4f.oem4f (.const:ti_sysbios_family_arm_m3_Hwi_Module__id__C)
                  00006642    00000002     app1_pem4f.oem4f (.const:ti_sysbios_heaps_HeapMem_Module__id__C)
                  00006644    00000002     app1_pem4f.oem4f (.const:xdc_runtime_Core_Module__id__C)
                  00006646    00000002     app1_pem4f.oem4f (.const:xdc_runtime_Error_Module__loggerDefined__C)
                  00006648    00000002     app1_pem4f.oem4f (.const:xdc_runtime_Error_maxDepth__C)
                  0000664a    00000002     app1_pem4f.oem4f (.const:xdc_runtime_Memory_Module__id__C)
                  0000664c    00000002     app1_pem4f.oem4f (.const:xdc_runtime_SysMin_flushAtExit__C)
                  0000664e    00000002     app1_pem4f.oem4f (.const:xdc_runtime_Text_charCnt__C)
                  00006650    00000002     app1_pem4f.oem4f (.const:xdc_runtime_Text_isLoaded__C)
                  00006652    00000002     app1_pem4f.oem4f (.const:xdc_runtime_Text_registryModsLastId__C)
                  00006654    00000002     app1_pem4f.oem4f (.const:xdc_runtime_Text_unnamedModsLastId__C)
                  00006656    00000001     app1_pem4f.oem4f (.const:xdc_runtime_Error_policy__C)

.cinit     0    00006658    00000208     
                  00006658    000001ce     (.cinit..data.load) [load image, compression = lzss]
                  00006826    00000002     --HOLE-- [fill = 0]
                  00006828    0000000c     (__TI_handler_table)
                  00006834    00000004     --HOLE-- [fill = 0]
                  00006838    00000008     (.cinit..bss.load) [load image, compression = zero_init]
                  00006840    00000008     (.cinit..vecs.load) [load image, compression = zero_init]
                  00006848    00000018     (__TI_cinit_table)

.init_array 
*          0    00000000    00000000     UNINITIALIZED

.resetVecs 
*          0    00000000    0000003c     
                  00000000    0000003c     app1_pem4f.oem4f (.resetVecs)

.bss       0    20000360    00000b9c     UNINITIALIZED
                  20000360    00000400     (.common:ti_sysbios_heaps_HeapMem_Instance_State_0_buf__A)
                  20000760    00000360     (.common:ti_sysbios_family_arm_m3_Hwi_dispatchTable)
                  20000ac0    00000200     app1_pem4f.oem4f (.bss:taskStackSection)
                  20000cc0    00000120     rtsv7M4_T_le_v4SPD16_eabi.lib : trgmsg.obj (.bss:_CIOBUF_)
                  20000de0    00000090     drivers_tivaware.aem4f : GPIOTiva.oem4f (.bss:gpioCallbackInfo)
                  20000e70    00000080     (.common:xdc_runtime_SysMin_Module_State_0_outbuf__A)
                  20000ef0    00000008     rtsv7M4_T_le_v4SPD16_eabi.lib : trgdrv.obj (.bss:parmbuf)
                  20000ef8    00000004     (.common:gpioInterruptVectors)

.data      0    20000efc    0000040a     UNINITIALIZED
                  20000efc    00000080     app1_pem4f.oem4f (.data:ti_sysbios_knl_Swi_Module_State_0_readyQ__A)
                  20000f7c    00000080     app1_pem4f.oem4f (.data:ti_sysbios_knl_Task_Module_State_0_readyQ__A)
                  20000ffc    0000004c     app1_pem4f.oem4f (.data:ti_sysbios_knl_Task_Object__table__V)
                  20001048    00000044     app1_pem4f.oem4f (.data:ti_sysbios_knl_Task_Module__state__V)
                  2000108c    00000040     app1_pem4f.oem4f (.data:ti_sysbios_family_arm_lm4_Timer_Object__table__V)
                  200010cc    00000038     app1_pem4f.oem4f (.data:ti_sysbios_gates_GateMutex_Object__table__V)
                  20001104    00000034     app1_pem4f.oem4f (.data:ti_sysbios_family_arm_m3_Hwi_Module__state__V)
                  20001138    00000030     app1_pem4f.oem4f (.data:ti_sysbios_family_arm_lm4_Timer_Module_State_0_device__A)
                  20001168    00000030     app1_pem4f.oem4f (.data:ti_sysbios_knl_Swi_Object__table__V)
                  20001198    0000002c     app1_pem4f.oem4f (.data:ti_sysbios_knl_Clock_Module__state__V)
                  200011c4    00000024     app1_pem4f.oem4f (.data:ti_sysbios_BIOS_Module__state__V)
                  200011e8    0000001c     app1_pem4f.oem4f (.data:ti_sysbios_knl_Swi_Module__state__V)
                  20001204    00000018     app1_pem4f.oem4f (.data:ti_sysbios_family_arm_lm4_Timer_Module_State_0_handles__A)
                  2000121c    00000018     app1_pem4f.oem4f (.data:ti_sysbios_family_arm_m3_Hwi_Object__table__V)
                  20001234    00000018     app1_pem4f.oem4f (.data:ti_sysbios_heaps_HeapMem_Object__table__V)
                  2000124c    00000014     EK_TM4C123GXL.obj (.data:gpioPinConfigs)
                  20001260    0000000c     rtsv7M4_T_le_v4SPD16_eabi.lib : exit.obj (.data:$O1$$)
                  2000126c    0000000c     app1_pem4f.oem4f (.data:ti_sysbios_family_arm_lm4_Timer_Module__state__V)
                  20001278    0000000c     app1_pem4f.oem4f (.data:xdc_runtime_SysMin_Module__state__V)
                  20001284    00000008     rtsv7M4_T_le_v4SPD16_eabi.lib : _lock.obj (.data:$O1$$)
                  2000128c    00000008     EK_TM4C123GXL.obj (.data:gpioCallbackFunctions)
                  20001294    00000008     app1_pem4f.oem4f (.data:ti_sysbios_family_arm_m3_Hwi_Module__root__V)
                  2000129c    00000008     app1_pem4f.oem4f (.data:ti_sysbios_gates_GateHwi_Module__root__V)
                  200012a4    00000008     app1_pem4f.oem4f (.data:ti_sysbios_gates_GateMutex_Module__root__V)
                  200012ac    00000008     app1_pem4f.oem4f (.data:ti_sysbios_heaps_HeapMem_Module__root__V)
                  200012b4    00000008     app1_pem4f.oem4f (.data:ti_sysbios_knl_Queue_Module__root__V)
                  200012bc    00000008     app1_pem4f.oem4f (.data:ti_sysbios_knl_Semaphore_Module__root__V)
                  200012c4    00000008     app1_pem4f.oem4f (.data:xdc_runtime_Registry_Module__state__V)
                  200012cc    00000008     app1_pem4f.oem4f (.data:xdc_runtime_Startup_Module__state__V)
                  200012d4    00000008     app1_pem4f.oem4f (.data:xdc_runtime_System_Module_State_0_atexitHandlers__A)
                  200012dc    00000008     app1_pem4f.oem4f (.data:xdc_runtime_System_Module__state__V)
                  200012e4    00000005     drivers_tivaware.aem4f : GPIOTiva.oem4f (.data)
                  200012e9    00000001     --HOLE--
                  200012ea    00000002     app1_pem4f.oem4f (.data:ti_sysbios_family_arm_m3_Hwi_Module_State_0_excActive__A)
                  200012ec    00000004     rtsv7M4_T_le_v4SPD16_eabi.lib : stkdepth_vars.obj (.data)
                  200012f0    00000004     app1_pem4f.oem4f (.data:ti_sysbios_family_arm_m3_Hwi_Module_State_0_excContext__A)
                  200012f4    00000004     app1_pem4f.oem4f (.data:ti_sysbios_family_arm_m3_Hwi_Module_State_0_excStack__A)
                  200012f8    00000004     app1_pem4f.oem4f (.data:ti_sysbios_gates_GateHwi_Object__table__V)
                  200012fc    00000004     app1_pem4f.oem4f (.data:ti_sysbios_knl_Task_Module_State_0_idleTask__A)
                  20001300    00000004     app1_pem4f.oem4f (.data:xdc_runtime_Memory_Module__state__V)
                  20001304    00000002     app1_pem4f.oem4f (.data:xdc_runtime_Error_Module__state__V)

.stack     0    20001308    00000300     UNINITIALIZED
                  20001308    00000300     --HOLE--

.bootVecs 
*          0    00000000    00000008     DSECT
                  00000000    00000008     boot.aem4f : boot.oem4f (.bootVecs)

.vecs      0    20000000    00000360     UNINITIALIZED
                  20000000    00000360     app1_pem4f.oem4f (.vecs)

xdc.meta   0    00000000    000000f0     COPY SECTION
                  00000000    000000f0     app1_pem4f.oem4f (xdc.meta)

MODULE SUMMARY

       Module                     code    ro data   rw data
       ------                     ----    -------   -------
    .\
       EK_TM4C123GXL.obj          112     20        28     
       app1.obj                   46      0         0      
    +--+--------------------------+-------+---------+---------+
       Total:                     158     20        28     
                                                           
    D:\TREC-EXO\Test-Stand-Electronics\BSP\application1_RTOS\Debug\configPkg\package\cfg\
       app1_pem4f.oem4f           1558    7447      4368   
    +--+--------------------------+-------+---------+---------+
       Total:                     1558    7447      4368   
                                                           
    C:/ti/tirtos_tivac_2_16_00_08/products/TivaWare_C_Series-2.1.1.71b/driverlib/ccs/Debug/driverlib.lib
       gpio.obj                   482     0         0      
       sysctl.obj                 52      0         0      
    +--+--------------------------+-------+---------+---------+
       Total:                     534     0         0      
                                                           
    C:/ti/tirtos_tivac_2_16_00_08/products/tidrivers_tivac_2_16_00_08/packages/ti/drivers/lib/drivers_tivaware.aem4f
       GPIOTiva.oem4f             844     156       153    
    +--+--------------------------+-------+---------+---------+
       Total:                     844     156       153    
                                                           
    C:\ti\ccsv7\tools\compiler\ti-cgt-arm_17.3.0.STS\lib\rtsv7M4_T_le_v4SPD16_eabi.lib
       trgdrv.obj                 804     0         8      
       trgmsg.obj                 104     0         288    
       memcpy_t2.obj              156     0         0      
       memset_t2.obj              122     0         0      
       copy_decompress_lzss.obj   104     0         0      
       exit.obj                   84      0         12     
       cpy_tbl.obj                76      0         0      
       u_divt2.obj                64      0         0      
       _lock.obj                  20      0         8      
       args_main.obj              24      0         0      
       strcpy.obj                 20      0         0      
       strlen.obj                 20      0         0      
       copy_decompress_none.obj   14      0         0      
       copy_zero_init.obj         12      0         0      
       stkdepth_vars.obj          0       0         4      
       i_div0.obj                 2       0         0      
    +--+--------------------------+-------+---------+---------+
       Total:                     1626    0         320    
                                                           
    C:\ti\tirtos_tivac_2_16_00_08\products\bios_6_45_01_29\packages\ti\catalog\arm\cortexm4\tiva\ce\lib\Boot.aem4f
       Boot_sysctl.oem4f          262     0         0      
       Boot.oem4f                 152     0         0      
    +--+--------------------------+-------+---------+---------+
       Total:                     414     0         0      
                                                           
    C:\ti\tirtos_tivac_2_16_00_08\products\bios_6_45_01_29\packages\ti\targets\arm\rtsarm\lib\auto_init.aem4f
       auto_init.oem4f            160     0         0      
    +--+--------------------------+-------+---------+---------+
       Total:                     160     0         0      
                                                           
    C:\ti\tirtos_tivac_2_16_00_08\products\bios_6_45_01_29\packages\ti\targets\arm\rtsarm\lib\boot.aem4f
       boot.oem4f                 88      0         0      
    +--+--------------------------+-------+---------+---------+
       Total:                     88      0         0      
                                                           
    C:\ti\tirtos_tivac_2_16_00_08\products\bios_6_45_01_29\packages\ti\targets\arm\rtsarm\lib\ti.targets.arm.rtsarm.aem4f
       System.oem4f               1255    0         0      
       Text.oem4f                 672     0         0      
       Error.oem4f                524     0         0      
       Core-mem.oem4f             358     0         0      
       Startup.oem4f              328     0         0      
       SysMin.oem4f               248     0         0      
       Core-smem.oem4f            204     0         0      
       Memory.oem4f               176     0         0      
       Assert.oem4f               84      0         0      
       Core-params.oem4f          70      0         0      
       Core-label.oem4f           52      0         0      
       Registry.oem4f             32      0         0      
       Gate.oem4f                 28      0         0      
    +--+--------------------------+-------+---------+---------+
       Total:                     4031    0         0      
                                                           
    D:\TREC-EXO\Test-Stand-Electronics\BSP\application1_RTOS\src\sysbios\sysbios.aem4f
       BIOS.obj                   8388    0         0      
       m3_Hwi_asm.obj             314     0         0      
       m3_TaskSupport_asm.obj     180     0         0      
       m3_Hwi_asm_switch.obj      118     0         0      
    +--+--------------------------+-------+---------+---------+
       Total:                     9000    0         0      
                                                           
       Stack:                     0       0         768    
       Linker Generated:          0       514       0      
    +--+--------------------------+-------+---------+---------+
       Grand Total:               18413   8137      5637   


LINKER GENERATED COPY TABLES

__TI_cinit_table @ 00006848 records: 3, size/record: 8, table size: 24
	.data: load addr=00006658, load size=000001ce bytes, run addr=20000efc, run size=0000040a bytes, compression=lzss
	.bss: load addr=00006838, load size=00000008 bytes, run addr=20000360, run size=00000b9c bytes, compression=zero_init
	.vecs: load addr=00006840, load size=00000008 bytes, run addr=20000000, run size=00000360 bytes, compression=zero_init


LINKER GENERATED HANDLER TABLE

__TI_handler_table @ 00006828 records: 3, size/record: 4, table size: 12
	index: 0, handler: __TI_decompress_lzss
	index: 1, handler: __TI_decompress_none
	index: 2, handler: __TI_zero_init


GLOBAL SYMBOLS: SORTED ALPHABETICALLY BY Name 

address   name                                                              
-------   ----                                                              
000030b1  C$$EXIT                                                           
00002b9b  C$$IO$$                                                           
00003c0d  EK_TM4C123GXL_initGPIO                                            
00003829  EK_TM4C123GXL_initGeneral                                         
00003f31  GPIODirModeSet                                                    
000042eb  GPIOIntClear                                                      
00004779  GPIOIntStatus                                                     
00003059  GPIOIntTypeSet                                                    
000013b1  GPIOPadConfigSet                                                  
0000467b  GPIOPinRead                                                       
00004669  GPIOPinTypeGPIOInput                                              
00004861  GPIOPinWrite                                                      
000064cc  GPIOTiva_config                                                   
00002c3d  GPIO_hwiIntFxn                                                    
00002565  GPIO_init                                                         
000031b1  GPIO_setCallback                                                  
00001115  GPIO_setConfig                                                    
00003201  GPIO_toggle                                                       
00003251  GPIO_write                                                        
00000a97  HOSTclock                                                         
00000a5f  HOSTclose                                                         
00000a21  HOSTgetenv                                                        
000009c5  HOSTlseek                                                         
00000973  HOSTopen                                                          
00000927  HOSTread                                                          
000008c9  HOSTrename                                                        
0000088f  HOSTtime                                                          
00000841  HOSTtime64                                                        
00000809  HOSTunlink                                                        
000007bd  HOSTwrite                                                         
UNDEFED   SHT$$INIT_ARRAY$$Base                                             
UNDEFED   SHT$$INIT_ARRAY$$Limit                                            
00003ac9  SysCtlPeripheralEnable                                            
00000000  __ASM__                                                           
20000cc0  __CIOBUF_                                                         
0000006e  __ISA__                                                           
00000081  __PLAT__                                                          
20001608  __STACK_END                                                       
00000300  __STACK_SIZE                                                      
000000a2  __TARG__                                                          
00006848  __TI_CINIT_Base                                                   
00006860  __TI_CINIT_Limit                                                  
00006828  __TI_Handler_Table_Base                                           
00006834  __TI_Handler_Table_Limit                                          
0000208d  __TI_auto_init                                                    
20001260  __TI_cleanup_ptr                                                  
00002b05  __TI_decompress_lzss                                              
00004787  __TI_decompress_none                                              
20001264  __TI_dtors_ptr                                                    
20001268  __TI_enable_exit_profile_output                                   
ffffffff  __TI_pprof_out_hndl                                               
ffffffff  __TI_prof_data_size                                               
ffffffff  __TI_prof_data_start                                              
00002b9f  __TI_readmsg                                                      
00006658  __TI_static_base__                                                
00002b6d  __TI_writemsg                                                     
000047b5  __TI_zero_init                                                    
000000c8  __TRDR__                                                          
0000239f  __aeabi_idiv0                                                     
00002785  __aeabi_memclr                                                    
00002785  __aeabi_memclr4                                                   
00002785  __aeabi_memclr8                                                   
000021cd  __aeabi_memcpy                                                    
000021cd  __aeabi_memcpy4                                                   
000021cd  __aeabi_memcpy8                                                   
00002787  __aeabi_memset                                                    
00002787  __aeabi_memset4                                                   
00002787  __aeabi_memset8                                                   
00003869  __aeabi_uidiv                                                     
00003869  __aeabi_uidivmod                                                  
ffffffff  __binit__                                                         
ffffffff  __c_args__                                                        
20001308  __stack                                                           
000044c1  _args_main                                                        
00002fa9  _c_int00                                                          
20001284  _lock                                                             
000045d7  _nop                                                              
000045cf  _register_lock                                                    
000045c9  _register_unlock                                                  
20001288  _unlock                                                           
000030b5  abort                                                             
ffffffff  binit                                                             
00003391  copy_in                                                           
000030bd  exit                                                              
2000128c  gpioCallbackFunctions                                             
2000124c  gpioPinConfigs                                                    
000043d5  main                                                              
200012ec  main_func_sp                                                      
000021cd  memcpy                                                            
0000278d  memset                                                            
00004719  osi_TaskDisable                                                   
000046b9  osi_start                                                         
000045dd  strcpy                                                            
000045f1  strlen                                                            
00006524  ti_catalog_arm_cortexm4_tiva_ce_Boot_A_mustUseEnhancedClockMode__C
00006528  ti_catalog_arm_cortexm4_tiva_ce_Boot_Module__diagsEnabled__C      
0000652c  ti_catalog_arm_cortexm4_tiva_ce_Boot_Module__diagsIncluded__C     
00006530  ti_catalog_arm_cortexm4_tiva_ce_Boot_Module__diagsMask__C         
0000622a  ti_catalog_arm_cortexm4_tiva_ce_Boot_Module__id__C                
000047a9  ti_catalog_arm_cortexm4_tiva_ce_Boot_init__I                      
00001701  ti_catalog_arm_cortexm4_tiva_ce_Boot_sysCtlClockSetI__I           
000023a1  ti_catalog_arm_cortexm4_tiva_ce_Boot_sysCtlClockSet__E            
00004867  ti_catalog_arm_cortexm4_tiva_ce_Boot_sysCtlDelayI__I              
200011c4  ti_sysbios_BIOS_Module__state__V                                  
00004423  ti_sysbios_BIOS_RtsGateProxy_Handle__label__S                     
0000408d  ti_sysbios_BIOS_RtsGateProxy_Object__delete__S                    
00000cdd  ti_sysbios_BIOS_RtsGateProxy_enter__E                             
00000e55  ti_sysbios_BIOS_RtsGateProxy_leave__E                             
000048b1  ti_sysbios_BIOS_RtsGateProxy_query__E                             
00003c3d  ti_sysbios_BIOS_atExitFunc__I                                     
00003ffd  ti_sysbios_BIOS_errorRaiseHook__I                                 
000045b1  ti_sysbios_BIOS_exitFunc__I                                       
000027ff  ti_sysbios_BIOS_nullFunc__I                                       
00004021  ti_sysbios_BIOS_registerRTSLock__I                                
00004045  ti_sysbios_BIOS_removeRTSLock__I                                  
0000418d  ti_sysbios_BIOS_rtsLock__I                                        
000044d9  ti_sysbios_BIOS_rtsUnlock__I                                      
000046a9  ti_sysbios_BIOS_setThreadType__E                                  
00004069  ti_sysbios_BIOS_startFunc__I                                      
000046b9  ti_sysbios_BIOS_start__E                                          
20001138  ti_sysbios_family_arm_lm4_Timer_Module_State_0_device__A          
20001204  ti_sysbios_family_arm_lm4_Timer_Module_State_0_handles__A         
000044f1  ti_sysbios_family_arm_lm4_Timer_Module__startupDone__F            
000044f1  ti_sysbios_family_arm_lm4_Timer_Module__startupDone__S            
2000126c  ti_sysbios_family_arm_lm4_Timer_Module__state__V                  
00002ca1  ti_sysbios_family_arm_lm4_Timer_Module_startup__E                 
2000108c  ti_sysbios_family_arm_lm4_Timer_Object__table__V                  
00006534  ti_sysbios_family_arm_lm4_Timer_enableFunc__C                     
00003521  ti_sysbios_family_arm_lm4_Timer_enableTimers__I                   
00001fe1  ti_sysbios_family_arm_lm4_Timer_enableTiva__I                     
000047c1  ti_sysbios_family_arm_lm4_Timer_getMaxTicks__E                    
00003109  ti_sysbios_family_arm_lm4_Timer_initDevice__I                     
00003689  ti_sysbios_family_arm_lm4_Timer_isrStub__E                        
00004845  ti_sysbios_family_arm_lm4_Timer_masterDisable__I                  
00000fbd  ti_sysbios_family_arm_lm4_Timer_masterEnable__I                   
00006538  ti_sysbios_family_arm_lm4_Timer_numTimerDevices__C                
000015f9  ti_sysbios_family_arm_lm4_Timer_start__E                          
0000653c  ti_sysbios_family_arm_lm4_Timer_startupNeeded__C                  
000038a9  ti_sysbios_family_arm_lm4_Timer_startup__E                        
00003c71  ti_sysbios_family_arm_lm4_Timer_stop__E                           
00004149  ti_sysbios_family_arm_lm4_Timer_write__I                          
00006540  ti_sysbios_family_arm_m3_Hwi_E_NMI__C                             
00006544  ti_sysbios_family_arm_m3_Hwi_E_alreadyDefined__C                  
00006548  ti_sysbios_family_arm_m3_Hwi_E_busFault__C                        
0000654c  ti_sysbios_family_arm_m3_Hwi_E_debugMon__C                        
00006550  ti_sysbios_family_arm_m3_Hwi_E_hardFault__C                       
00006554  ti_sysbios_family_arm_m3_Hwi_E_memFault__C                        
00006558  ti_sysbios_family_arm_m3_Hwi_E_noIsr__C                           
0000655c  ti_sysbios_family_arm_m3_Hwi_E_reserved__C                        
00006560  ti_sysbios_family_arm_m3_Hwi_E_svCall__C                          
00006564  ti_sysbios_family_arm_m3_Hwi_E_usageFault__C                      
000043ef  ti_sysbios_family_arm_m3_Hwi_Handle__label__S                     
00003b01  ti_sysbios_family_arm_m3_Hwi_Instance_finalize__E                 
00002439  ti_sysbios_family_arm_m3_Hwi_Instance_init__E                     
200012ea  ti_sysbios_family_arm_m3_Hwi_Module_State_0_excActive__A          
200012f0  ti_sysbios_family_arm_m3_Hwi_Module_State_0_excContext__A         
200012f4  ti_sysbios_family_arm_m3_Hwi_Module_State_0_excStack__A           
00006640  ti_sysbios_family_arm_m3_Hwi_Module__id__C                        
20001294  ti_sysbios_family_arm_m3_Hwi_Module__root__V                      
00004509  ti_sysbios_family_arm_m3_Hwi_Module__startupDone__F               
00004509  ti_sysbios_family_arm_m3_Hwi_Module__startupDone__S               
20001104  ti_sysbios_family_arm_m3_Hwi_Module__state__V                     
000032a1  ti_sysbios_family_arm_m3_Hwi_Module_startup__E                    
00006568  ti_sysbios_family_arm_m3_Hwi_NUM_INTERRUPTS__C                    
000063a4  ti_sysbios_family_arm_m3_Hwi_Object__DESC__C                      
000062bc  ti_sysbios_family_arm_m3_Hwi_Object__PARAMS__C                    
0000656c  ti_sysbios_family_arm_m3_Hwi_Object__count__C                     
00004605  ti_sysbios_family_arm_m3_Hwi_Object__get__S                       
2000121c  ti_sysbios_family_arm_m3_Hwi_Object__table__V                     
000047cd  ti_sysbios_family_arm_m3_Hwi_Params__init__S                      
00006570  ti_sysbios_family_arm_m3_Hwi_ccr__C                               
00002d05  ti_sysbios_family_arm_m3_Hwi_create                               
000047d9  ti_sysbios_family_arm_m3_Hwi_disableFxn__E                        
00003569  ti_sysbios_family_arm_m3_Hwi_disableInterrupt__E                  
00002d69  ti_sysbios_family_arm_m3_Hwi_dispatchC__I                         
20000760  ti_sysbios_family_arm_m3_Hwi_dispatchTable                        
00001af1  ti_sysbios_family_arm_m3_Hwi_dispatch__I                          
00004851  ti_sysbios_family_arm_m3_Hwi_doSwiRestore__I                      
00004871  ti_sysbios_family_arm_m3_Hwi_doTaskRestore__I                     
000035b1  ti_sysbios_family_arm_m3_Hwi_enableInterrupt__E                   
00000ce1  ti_sysbios_family_arm_m3_Hwi_excBusFault__I                       
00001e61  ti_sysbios_family_arm_m3_Hwi_excDebugMon__I                       
00000041  ti_sysbios_family_arm_m3_Hwi_excDumpRegs__I                       
000041ad  ti_sysbios_family_arm_m3_Hwi_excHandlerAsm__I                     
00006574  ti_sysbios_family_arm_m3_Hwi_excHandlerFunc__C                    
00000ae1  ti_sysbios_family_arm_m3_Hwi_excHandlerMax__I                     
000041d1  ti_sysbios_family_arm_m3_Hwi_excHandler__I                        
00001f21  ti_sysbios_family_arm_m3_Hwi_excHardFault__I                      
00006504  ti_sysbios_family_arm_m3_Hwi_excHookFuncs__A                      
00006578  ti_sysbios_family_arm_m3_Hwi_excHookFuncs__C                      
00001269  ti_sysbios_family_arm_m3_Hwi_excMemFault__I                       
00003b39  ti_sysbios_family_arm_m3_Hwi_excNmi__I                            
000039e9  ti_sysbios_family_arm_m3_Hwi_excNoIsr__I                          
000035f9  ti_sysbios_family_arm_m3_Hwi_excReserved__I                       
00003929  ti_sysbios_family_arm_m3_Hwi_excSvCall__I                         
00000e59  ti_sysbios_family_arm_m3_Hwi_excUsageFault__I                     
000036d1  ti_sysbios_family_arm_m3_Hwi_getStackInfo__E                      
000024d1  ti_sysbios_family_arm_m3_Hwi_initNVIC__E                          
00003001  ti_sysbios_family_arm_m3_Hwi_initStacks__E                        
0000657c  ti_sysbios_family_arm_m3_Hwi_nullIsrFunc__C                       
e000e000  ti_sysbios_family_arm_m3_Hwi_nvic                                 
00003fb1  ti_sysbios_family_arm_m3_Hwi_pendSV__I                            
00002681  ti_sysbios_family_arm_m3_Hwi_postInit__I                          
00006580  ti_sysbios_family_arm_m3_Hwi_priGroup__C                          
20000000  ti_sysbios_family_arm_m3_Hwi_ramVectors                           
00000000  ti_sysbios_family_arm_m3_Hwi_resetVectors                         
00004879  ti_sysbios_family_arm_m3_Hwi_restoreFxn__E                        
00003fd5  ti_sysbios_family_arm_m3_Hwi_return                               
00004859  ti_sysbios_family_arm_m3_Hwi_startup__E                           
00004619  ti_sysbios_family_arm_m3_Hwi_switchFromBootStack__E               
00001265  ti_sysbios_family_arm_m3_TaskSupport_Module__startupDone__S       
000025f1  ti_sysbios_family_arm_m3_TaskSupport_buildTaskStack               
000046c9  ti_sysbios_family_arm_m3_TaskSupport_glue                         
00003ca1  ti_sysbios_family_arm_m3_TaskSupport_start__E                     
00004521  ti_sysbios_family_arm_m3_TaskSupport_swap__E                      
000042b1  ti_sysbios_family_xxx_Hwi_switchAndRunFunc                        
00004409  ti_sysbios_gates_GateHwi_Handle__label__S                         
000048c1  ti_sysbios_gates_GateHwi_Instance_init__E                         
00006314  ti_sysbios_gates_GateHwi_Module__FXNS__C                          
2000129c  ti_sysbios_gates_GateHwi_Module__root__V                          
000063c4  ti_sysbios_gates_GateHwi_Object__DESC__C                          
00006484  ti_sysbios_gates_GateHwi_Object__PARAMS__C                        
00003cd1  ti_sysbios_gates_GateHwi_Object__create__S                        
000041f1  ti_sysbios_gates_GateHwi_Object__delete__S                        
200012f8  ti_sysbios_gates_GateHwi_Object__table__V                         
000047e9  ti_sysbios_gates_GateHwi_enter__E                                 
00004881  ti_sysbios_gates_GateHwi_leave__E                                 
000048a9  ti_sysbios_gates_GateHwi_query__E                                 
00004423  ti_sysbios_gates_GateMutex_Handle__label__S                       
00006584  ti_sysbios_gates_GateMutex_Instance_State_sem__O                  
000046d9  ti_sysbios_gates_GateMutex_Instance_finalize__E                   
000042f1  ti_sysbios_gates_GateMutex_Instance_init__E                       
00006338  ti_sysbios_gates_GateMutex_Module__FXNS__C                        
200012a4  ti_sysbios_gates_GateMutex_Module__root__V                        
000063e4  ti_sysbios_gates_GateMutex_Object__DESC__C                        
0000649c  ti_sysbios_gates_GateMutex_Object__PARAMS__C                      
00003d01  ti_sysbios_gates_GateMutex_Object__create__S                      
0000408d  ti_sysbios_gates_GateMutex_Object__delete__S                      
200010cc  ti_sysbios_gates_GateMutex_Object__table__V                       
00003d31  ti_sysbios_gates_GateMutex_enter__E                               
00004539  ti_sysbios_gates_GateMutex_leave__E                               
000048b1  ti_sysbios_gates_GateMutex_query__E                               
000043ef  ti_sysbios_hal_Hwi_HwiProxy_Handle__label__S                      
00004509  ti_sysbios_hal_Hwi_HwiProxy_Module__startupDone__S                
000047cd  ti_sysbios_hal_Hwi_HwiProxy_Params__init__S                       
00003569  ti_sysbios_hal_Hwi_HwiProxy_disableInterrupt__E                   
000047d9  ti_sysbios_hal_Hwi_HwiProxy_disable__E                            
000035b1  ti_sysbios_hal_Hwi_HwiProxy_enableInterrupt__E                    
000036d1  ti_sysbios_hal_Hwi_HwiProxy_getStackInfo__E                       
00004879  ti_sysbios_hal_Hwi_HwiProxy_restore__E                            
00004859  ti_sysbios_hal_Hwi_HwiProxy_startup__E                            
00004619  ti_sysbios_hal_Hwi_HwiProxy_switchFromBootStack__E                
00004681  ti_sysbios_hal_Hwi_Module_startup__E                              
00003bd9  ti_sysbios_hal_Hwi_initStack                                      
00006588  ti_sysbios_heaps_HeapMem_E_memory__C                              
0000443d  ti_sysbios_heaps_HeapMem_Handle__label__S                         
20000360  ti_sysbios_heaps_HeapMem_Instance_State_0_buf__A                  
000038e9  ti_sysbios_heaps_HeapMem_Instance_init__E                         
00004423  ti_sysbios_heaps_HeapMem_Module_GateProxy_Handle__label__S        
0000408d  ti_sysbios_heaps_HeapMem_Module_GateProxy_Object__delete__S       
00001be5  ti_sysbios_heaps_HeapMem_Module_GateProxy_enter__E                
00001cc5  ti_sysbios_heaps_HeapMem_Module_GateProxy_leave__E                
000048b1  ti_sysbios_heaps_HeapMem_Module_GateProxy_query__E                
000062ec  ti_sysbios_heaps_HeapMem_Module__FXNS__C                          
0000658c  ti_sysbios_heaps_HeapMem_Module__gateObj__C                       
00006642  ti_sysbios_heaps_HeapMem_Module__id__C                            
200012ac  ti_sysbios_heaps_HeapMem_Module__root__V                          
00006404  ti_sysbios_heaps_HeapMem_Object__DESC__C                          
0000635c  ti_sysbios_heaps_HeapMem_Object__PARAMS__C                        
00006590  ti_sysbios_heaps_HeapMem_Object__count__C                         
00003d61  ti_sysbios_heaps_HeapMem_Object__create__S                        
00004211  ti_sysbios_heaps_HeapMem_Object__delete__S                        
0000462d  ti_sysbios_heaps_HeapMem_Object__get__S                           
20001234  ti_sysbios_heaps_HeapMem_Object__table__V                         
00001cc9  ti_sysbios_heaps_HeapMem_alloc__E                                 
00002709  ti_sysbios_heaps_HeapMem_free__E                                  
000033e1  ti_sysbios_heaps_HeapMem_getStats__E                              
00003969  ti_sysbios_heaps_HeapMem_init__I                                  
00004889  ti_sysbios_heaps_HeapMem_isBlocking__E                            
00006594  ti_sysbios_heaps_HeapMem_reqAlign__C                              
00006598  ti_sysbios_knl_Clock_Module_State_clockQ__O                       
20001198  ti_sysbios_knl_Clock_Module__state__V                             
000040b1  ti_sysbios_knl_Clock_Module_startup__E                            
000044f1  ti_sysbios_knl_Clock_TimerProxy_Module__startupDone__S            
00001f1d  ti_sysbios_knl_Clock_TimerProxy_getMaxTicks__E                    
000038a9  ti_sysbios_knl_Clock_TimerProxy_startup__E                        
00003e81  ti_sysbios_knl_Clock_doTick__I                                    
000048c9  ti_sysbios_knl_Clock_logTick__E                                   
[...]
000044f1  ti_sysbios_family_arm_lm4_Timer_Module__startupDone__S            
000044f1  ti_sysbios_knl_Clock_TimerProxy_Module__startupDone__S            
00004509  ti_sysbios_family_arm_m3_Hwi_Module__startupDone__F               
00004509  ti_sysbios_family_arm_m3_Hwi_Module__startupDone__S               
00004509  ti_sysbios_hal_Hwi_HwiProxy_Module__startupDone__S                
00004521  ti_sysbios_family_arm_m3_TaskSupport_swap__E                      
00004521  ti_sysbios_knl_Task_SupportProxy_swap__E                          
0000452d  ti_sysbios_knl_Task_swapReturn                                    
00004539  ti_sysbios_gates_GateMutex_leave__E                               
00004551  ti_sysbios_knl_Task_sleepTimeout__I                               
00004569  xdc_runtime_Error_check__E                                        
00004581  xdc_runtime_System_exit__E                                        
00004599  xdc_runtime_Text_ropeText__E                                      
000045b1  ti_sysbios_BIOS_exitFunc__I                                       
000045c9  _register_unlock                                                  
000045cf  _register_lock                                                    
000045d7  _nop                                                              
000045dd  strcpy                                                            
000045f1  strlen                                                            
00004605  ti_sysbios_family_arm_m3_Hwi_Object__get__S                       
00004619  ti_sysbios_family_arm_m3_Hwi_switchFromBootStack__E               
00004619  ti_sysbios_hal_Hwi_HwiProxy_switchFromBootStack__E                
0000462d  ti_sysbios_heaps_HeapMem_Object__get__S                           
00004641  ti_sysbios_knl_Swi_Object__get__S                                 
00004655  toggleBlueLED                                                     
00004669  GPIOPinTypeGPIOInput                                              
0000467b  GPIOPinRead                                                       
00004681  ti_sysbios_hal_Hwi_Module_startup__E                              
00004693  xdc_runtime_Startup_exec__I                                       
000046a9  ti_sysbios_BIOS_setThreadType__E                                  
000046b9  osi_start                                                         
000046b9  ti_sysbios_BIOS_start__E                                          
000046c9  ti_sysbios_family_arm_m3_TaskSupport_glue                         
000046d9  ti_sysbios_gates_GateMutex_Instance_finalize__E                   
000046e9  ti_sysbios_knl_Semaphore_Instance_finalize__E                     
000046f9  ti_sysbios_knl_Swi_disable__E                                     
00004709  ti_sysbios_knl_Task_Object__get__S                                
00004719  osi_TaskDisable                                                   
00004719  ti_sysbios_knl_Task_disable__E                                    
00004729  xdc_runtime_Gate_leaveSystem__E                                   
00004739  xdc_runtime_Memory_free__E                                        
00004749  xdc_runtime_SysMin_ready__E                                       
00004749  xdc_runtime_System_SupportProxy_ready__E                          
00004759  xdc_runtime_System_vsnprintf__E                                   
00004769  xdc_runtime_Text_visitRope__I                                     
00004779  GPIOIntStatus                                                     
00004787  __TI_decompress_none                                              
00004799  ti_sysbios_knl_Queue_empty__E                                     
000047a9  ti_catalog_arm_cortexm4_tiva_ce_Boot_init__I                      
000047b5  __TI_zero_init                                                    
000047c1  ti_sysbios_family_arm_lm4_Timer_getMaxTicks__E                    
000047cd  ti_sysbios_family_arm_m3_Hwi_Params__init__S                      
000047cd  ti_sysbios_hal_Hwi_HwiProxy_Params__init__S                       
000047d9  ti_sysbios_family_arm_m3_Hwi_disableFxn__E                        
000047d9  ti_sysbios_hal_Hwi_HwiProxy_disable__E                            
000047e9  ti_sysbios_gates_GateHwi_enter__E                                 
000047f5  ti_sysbios_knl_Queue_Object__get__S                               
00004801  xdc_runtime_Error_init__E                                         
0000480d  xdc_runtime_Gate_enterSystem__E                                   
00004819  xdc_runtime_Memory_calloc__E                                      
00004825  xdc_runtime_Memory_getMaxDefaultTypeAlign__E                      
00004831  xdc_runtime_Memory_HeapProxy_alloc__E                             
0000483b  xdc_runtime_Memory_HeapProxy_free__E                              
00004845  ti_sysbios_family_arm_lm4_Timer_masterDisable__I                  
00004851  ti_sysbios_family_arm_m3_Hwi_doSwiRestore__I                      
00004859  ti_sysbios_family_arm_m3_Hwi_startup__E                           
00004859  ti_sysbios_hal_Hwi_HwiProxy_startup__E                            
00004861  GPIOPinWrite                                                      
00004867  ti_catalog_arm_cortexm4_tiva_ce_Boot_sysCtlDelayI__I              
00004871  ti_sysbios_family_arm_m3_Hwi_doTaskRestore__I                     
00004879  ti_sysbios_family_arm_m3_Hwi_restoreFxn__E                        
00004879  ti_sysbios_hal_Hwi_HwiProxy_restore__E                            
00004881  ti_sysbios_gates_GateHwi_leave__E                                 
00004889  ti_sysbios_heaps_HeapMem_isBlocking__E                            
00004891  ti_sysbios_knl_Queue_Instance_init__E                             
00004899  ti_sysbios_knl_Swi_startup__E                                     
0000489f  xdc_runtime_System_Module_startup__E                              
000048a9  ti_sysbios_gates_GateHwi_query__E                                 
000048a9  xdc_runtime_Main_Module_GateProxy_query__E                        
000048a9  xdc_runtime_System_Module_GateProxy_query__E                      
000048b1  ti_sysbios_BIOS_RtsGateProxy_query__E                             
000048b1  ti_sysbios_gates_GateMutex_query__E                               
000048b1  ti_sysbios_heaps_HeapMem_Module_GateProxy_query__E                
000048b9  ti_sysbios_knl_Task_startup__E                                    
000048c1  ti_sysbios_gates_GateHwi_Instance_init__E                         
000048c9  ti_sysbios_knl_Clock_logTick__E                                   
000048cc  xdc_runtime_Text_charTab__A                                       
0000611a  xdc_runtime_Text_nodeTab__A                                       
0000622a  ti_catalog_arm_cortexm4_tiva_ce_Boot_Module__id__C                
000062bc  ti_sysbios_family_arm_m3_Hwi_Object__PARAMS__C                    
000062ec  ti_sysbios_heaps_HeapMem_Module__FXNS__C                          
00006314  ti_sysbios_gates_GateHwi_Module__FXNS__C                          
00006338  ti_sysbios_gates_GateMutex_Module__FXNS__C                        
0000635c  ti_sysbios_heaps_HeapMem_Object__PARAMS__C                        
00006380  ti_sysbios_knl_Semaphore_Object__PARAMS__C                        
000063a4  ti_sysbios_family_arm_m3_Hwi_Object__DESC__C                      
000063c4  ti_sysbios_gates_GateHwi_Object__DESC__C                          
000063e4  ti_sysbios_gates_GateMutex_Object__DESC__C                        
00006404  ti_sysbios_heaps_HeapMem_Object__DESC__C                          
00006424  ti_sysbios_knl_Queue_Object__DESC__C                              
00006444  ti_sysbios_knl_Semaphore_Object__DESC__C                          
00006464  xdc_runtime_Startup_sfxnTab__A                                    
00006484  ti_sysbios_gates_GateHwi_Object__PARAMS__C                        
0000649c  ti_sysbios_gates_GateMutex_Object__PARAMS__C                      
000064b4  ti_sysbios_knl_Queue_Object__PARAMS__C                            
000064cc  GPIOTiva_config                                                   
000064e0  xdc_runtime_Startup_firstFxns__A                                  
000064f4  xdc_runtime_Startup_sfxnRts__A                                    
00006504  ti_sysbios_family_arm_m3_Hwi_excHookFuncs__A                      
0000650c  ti_sysbios_knl_Idle_funcList__C                                   
00006514  xdc_runtime_Startup_firstFxns__C                                  
0000651c  xdc_runtime_Startup_lastFxns__C                                   
00006524  ti_catalog_arm_cortexm4_tiva_ce_Boot_A_mustUseEnhancedClockMode__C
00006528  ti_catalog_arm_cortexm4_tiva_ce_Boot_Module__diagsEnabled__C      
0000652c  ti_catalog_arm_cortexm4_tiva_ce_Boot_Module__diagsIncluded__C     
00006530  ti_catalog_arm_cortexm4_tiva_ce_Boot_Module__diagsMask__C         
00006534  ti_sysbios_family_arm_lm4_Timer_enableFunc__C                     
00006538  ti_sysbios_family_arm_lm4_Timer_numTimerDevices__C                
0000653c  ti_sysbios_family_arm_lm4_Timer_startupNeeded__C                  
00006540  ti_sysbios_family_arm_m3_Hwi_E_NMI__C                             
00006544  ti_sysbios_family_arm_m3_Hwi_E_alreadyDefined__C                  
00006548  ti_sysbios_family_arm_m3_Hwi_E_busFault__C                        
0000654c  ti_sysbios_family_arm_m3_Hwi_E_debugMon__C                        
00006550  ti_sysbios_family_arm_m3_Hwi_E_hardFault__C                       
00006554  ti_sysbios_family_arm_m3_Hwi_E_memFault__C                        
00006558  ti_sysbios_family_arm_m3_Hwi_E_noIsr__C                           
0000655c  ti_sysbios_family_arm_m3_Hwi_E_reserved__C                        
00006560  ti_sysbios_family_arm_m3_Hwi_E_svCall__C                          
00006564  ti_sysbios_family_arm_m3_Hwi_E_usageFault__C                      
00006568  ti_sysbios_family_arm_m3_Hwi_NUM_INTERRUPTS__C                    
0000656c  ti_sysbios_family_arm_m3_Hwi_Object__count__C                     
00006570  ti_sysbios_family_arm_m3_Hwi_ccr__C                               
00006574  ti_sysbios_family_arm_m3_Hwi_excHandlerFunc__C                    
00006578  ti_sysbios_family_arm_m3_Hwi_excHookFuncs__C                      
0000657c  ti_sysbios_family_arm_m3_Hwi_nullIsrFunc__C                       
00006580  ti_sysbios_family_arm_m3_Hwi_priGroup__C                          
00006584  ti_sysbios_gates_GateMutex_Instance_State_sem__O                  
00006588  ti_sysbios_heaps_HeapMem_E_memory__C                              
0000658c  ti_sysbios_heaps_HeapMem_Module__gateObj__C                       
00006590  ti_sysbios_heaps_HeapMem_Object__count__C                         
00006594  ti_sysbios_heaps_HeapMem_reqAlign__C                              
00006598  ti_sysbios_knl_Clock_Module_State_clockQ__O                       
0000659c  ti_sysbios_knl_Semaphore_Instance_State_pendQ__O                  
000065a0  ti_sysbios_knl_Swi_Object__count__C                               
000065a4  ti_sysbios_knl_Task_Module_State_inactiveQ__O                     
000065a8  ti_sysbios_knl_Task_Object__count__C                              
000065ac  ti_sysbios_knl_Task_allBlockedFunc__C                             
000065b0  ti_sysbios_knl_Task_numConstructedTasks__C                        
000065b4  xdc_runtime_Assert_E_assertFailed__C                              
000065b8  xdc_runtime_Core_A_initializedParams__C                           
000065bc  xdc_runtime_Core_Module__diagsEnabled__C                          
000065c0  xdc_runtime_Core_Module__diagsIncluded__C                         
000065c4  xdc_runtime_Core_Module__diagsMask__C                             
000065c8  xdc_runtime_Error_E_memory__C                                     
000065cc  xdc_runtime_Error_Module__diagsEnabled__C                         
000065d0  xdc_runtime_Error_Module__diagsIncluded__C                        
000065d4  xdc_runtime_Error_Module__diagsMask__C                            
000065d8  xdc_runtime_Error_Module__loggerFxn8__C                           
000065dc  xdc_runtime_Error_Module__loggerObj__C                            
000065e0  xdc_runtime_Error_policyFxn__C                                    
000065e4  xdc_runtime_Error_raiseHook__C                                    
000065e8  xdc_runtime_IGateProvider_Interface__BASE__C                      
000065ec  xdc_runtime_IHeap_Interface__BASE__C                              
000065f0  xdc_runtime_IModule_Interface__BASE__C                            
000065f4  xdc_runtime_Log_L_error__C                                        
000065f8  xdc_runtime_Memory_defaultHeapInstance__C                         
000065fc  xdc_runtime_Startup_execImpl__C                                   
00006600  xdc_runtime_Startup_maxPasses__C                                  
00006604  xdc_runtime_Startup_sfxnRts__C                                    
00006608  xdc_runtime_Startup_sfxnTab__C                                    
0000660c  xdc_runtime_SysMin_bufSize__C                                     
00006610  xdc_runtime_SysMin_outputFunc__C                                  
00006614  xdc_runtime_System_Module__gateObj__C                             
00006618  xdc_runtime_System_abortFxn__C                                    
0000661c  xdc_runtime_System_exitFxn__C                                     
00006620  xdc_runtime_System_extendFxn__C                                   
00006624  xdc_runtime_System_maxAtexitHandlers__C                           
00006628  xdc_runtime_Text_charTab__C                                       
0000662c  xdc_runtime_Text_nameEmpty__C                                     
00006630  xdc_runtime_Text_nameStatic__C                                    
00006634  xdc_runtime_Text_nameUnknown__C                                   
00006638  xdc_runtime_Text_nodeTab__C                                       
0000663c  xdc_runtime_Text_visitRopeFxn__C                                  
00006640  ti_sysbios_family_arm_m3_Hwi_Module__id__C                        
00006642  ti_sysbios_heaps_HeapMem_Module__id__C                            
00006644  xdc_runtime_Core_Module__id__C                                    
00006646  xdc_runtime_Error_Module__loggerDefined__C                        
00006648  xdc_runtime_Error_maxDepth__C                                     
0000664a  xdc_runtime_Memory_Module__id__C                                  
0000664c  xdc_runtime_SysMin_flushAtExit__C                                 
0000664e  xdc_runtime_Text_charCnt__C                                       
00006650  xdc_runtime_Text_isLoaded__C                                      
00006652  xdc_runtime_Text_registryModsLastId__C                            
00006654  xdc_runtime_Text_unnamedModsLastId__C                             
00006656  xdc_runtime_Error_policy__C                                       
00006658  __TI_static_base__                                                
00006828  __TI_Handler_Table_Base                                           
00006834  __TI_Handler_Table_Limit                                          
00006848  __TI_CINIT_Base                                                   
00006860  __TI_CINIT_Limit                                                  
20000000  ti_sysbios_family_arm_m3_Hwi_ramVectors                           
20000360  ti_sysbios_heaps_HeapMem_Instance_State_0_buf__A                  
20000760  ti_sysbios_family_arm_m3_Hwi_dispatchTable                        
20000ac0  ti_sysbios_knl_Task_Instance_State_0_stack__A                     
20000cc0  __CIOBUF_                                                         
20000e70  xdc_runtime_SysMin_Module_State_0_outbuf__A                       
20000efc  ti_sysbios_knl_Swi_Module_State_0_readyQ__A                       
20000f7c  ti_sysbios_knl_Task_Module_State_0_readyQ__A                      
20000ffc  ti_sysbios_knl_Task_Object__table__V                              
20001048  ti_sysbios_knl_Task_Module__state__V                              
2000108c  ti_sysbios_family_arm_lm4_Timer_Object__table__V                  
200010cc  ti_sysbios_gates_GateMutex_Object__table__V                       
20001104  ti_sysbios_family_arm_m3_Hwi_Module__state__V                     
20001138  ti_sysbios_family_arm_lm4_Timer_Module_State_0_device__A          
20001168  ti_sysbios_knl_Swi_Object__table__V                               
20001198  ti_sysbios_knl_Clock_Module__state__V                             
200011c4  ti_sysbios_BIOS_Module__state__V                                  
200011e8  ti_sysbios_knl_Swi_Module__state__V                               
20001204  ti_sysbios_family_arm_lm4_Timer_Module_State_0_handles__A         
2000121c  ti_sysbios_family_arm_m3_Hwi_Object__table__V                     
20001234  ti_sysbios_heaps_HeapMem_Object__table__V                         
2000124c  gpioPinConfigs                                                    
20001260  __TI_cleanup_ptr                                                  
20001264  __TI_dtors_ptr                                                    
20001268  __TI_enable_exit_profile_output                                   
2000126c  ti_sysbios_family_arm_lm4_Timer_Module__state__V                  
20001278  xdc_runtime_SysMin_Module__state__V                               
20001284  _lock                                                             
20001288  _unlock                                                           
2000128c  gpioCallbackFunctions                                             
20001294  ti_sysbios_family_arm_m3_Hwi_Module__root__V                      
2000129c  ti_sysbios_gates_GateHwi_Module__root__V                          
200012a4  ti_sysbios_gates_GateMutex_Module__root__V                        
200012ac  ti_sysbios_heaps_HeapMem_Module__root__V                          
200012b4  ti_sysbios_knl_Queue_Module__root__V                              
200012bc  ti_sysbios_knl_Semaphore_Module__root__V                          
200012c4  xdc_runtime_Registry_Module__state__V                             
200012cc  xdc_runtime_Startup_Module__state__V                              
200012d4  xdc_runtime_System_Module_State_0_atexitHandlers__A               
200012dc  xdc_runtime_System_Module__state__V                               
200012ea  ti_sysbios_family_arm_m3_Hwi_Module_State_0_excActive__A          
200012ec  main_func_sp                                                      
200012f0  ti_sysbios_family_arm_m3_Hwi_Module_State_0_excContext__A         
200012f4  ti_sysbios_family_arm_m3_Hwi_Module_State_0_excStack__A           
200012f8  ti_sysbios_gates_GateHwi_Object__table__V                         
200012fc  ti_sysbios_knl_Task_Module_State_0_idleTask__A                    
20001300  xdc_runtime_Memory_Module__state__V                               
20001304  xdc_runtime_Error_Module__state__V                                
20001308  __stack                                                           
20001608  __STACK_END                                                       
e000e000  ti_sysbios_family_arm_m3_Hwi_nvic                                 
ffffffff  __TI_pprof_out_hndl                                               
ffffffff  __TI_prof_data_size                                               
ffffffff  __TI_prof_data_start                                              
ffffffff  __binit__                                                         
ffffffff  __c_args__                                                        
ffffffff  binit                                                             
UNDEFED   SHT$$INIT_ARRAY$$Base                                             
UNDEFED   SHT$$INIT_ARRAY$$Limit                                            

[497 symbols]
