******************************************************************************
                  TI ARM Linker PC v17.3.0                     
******************************************************************************
>> Linked Wed Jun 21 23:28:45 2017

OUTPUT FILE NAME:   <Blink_Swi.out>
ENTRY POINT SYMBOL: "_c_int00"  address: 000042d9


MEMORY CONFIGURATION

         name            origin    length      used     unused   attr    fill
----------------------  --------  ---------  --------  --------  ----  --------
  FLASH                 00000000   00040000  00008056  00037faa  R  X
  SRAM                  20000000   00008000  000025dc  00005a24  RW X


SEGMENT ALLOCATION MAP

run origin  load origin   length   init length attrs members
----------  ----------- ---------- ----------- ----- -------
00000000    00000000    00008060   00008060    r-x
  00000000    00000000    0000003c   0000003c    r-- .resetVecs
  00000040    00000040    00005ac2   00005ac2    r-x .text
  00005b04    00005b04    000022e8   000022e8    r-- .const
  00007df0    00007df0    00000270   00000270    r-- .cinit
20000000    20000000    00000360   00000000    rw-
  20000000    20000000    00000360   00000000    rw- .vecs
20000380    20000380    0000227c   00000000    rw-
  20000380    20000380    000018b0   00000000    rw- .bss
  20001c30    20001c30    000005cc   00000000    rw- .data
  200021fc    200021fc    00000400   00000000    rw- .stack


SECTION ALLOCATION MAP

 output                                  attributes/
section   page    origin      length       input sections
--------  ----  ----------  ----------   ----------------
.text      0    00000040    00005ac2     
                  00000040    00000430     sysbios.aem4f : BIOS.obj (.text:ti_sysbios_family_arm_m3_Hwi_excDumpRegs__I)
                  00000470    0000034c     ti.targets.arm.rtsarm.aem4f : System.oem4f (.text:xdc_runtime_System_doPrint__I)
                  000007bc    00000324     rtsv7M4_T_le_v4SPD16_eabi.lib : trgdrv.obj (.text)
                  00000ae0    000001fc     sysbios.aem4f : BIOS.obj (.text:ti_sysbios_family_arm_m3_Hwi_excHandlerMax__I)
                  00000cdc    00000004     driverlib.lib : timer.obj (.text:TimerIntClear)
                  00000ce0    00000174     sysbios.aem4f : BIOS.obj (.text:ti_sysbios_family_arm_m3_Hwi_excBusFault__I)
                  00000e54    00000004     empty_min_pem4f.oem4f (.text:malloc)
                  00000e58    00000164     sysbios.aem4f : BIOS.obj (.text:ti_sysbios_family_arm_m3_Hwi_excUsageFault__I)
                  00000fbc    00000004     empty_min_pem4f.oem4f (.text:ti_sysbios_BIOS_RtsGateProxy_enter__E)
                  00000fc0    00000160     sysbios.aem4f : BIOS.obj (.text:ti_sysbios_knl_Semaphore_pend__E)
                  00001120    00000148                   : BIOS.obj (.text:ti_sysbios_family_arm_m3_Hwi_excMemFault__I)
                  00001268    00000144                   : BIOS.obj (.text:ti_sysbios_family_arm_m3_Hwi_dispatchC__I)
                  000013ac    00000144     ti.targets.arm.rtsarm.aem4f : HeapStd.oem4f (.text:xdc_runtime_HeapStd_alloc__E)
                  000014f0    0000013c     sysbios.aem4f : BIOS.obj (.text:ti_sysbios_knl_Clock_workFunc__E)
                  0000162c    00000138     empty_min_pem4f.oem4f (.text:ti_uia_loggers_LoggerStopMode_writeMemoryRange__E)
                  00001764    00000130     driverlib.lib : gpio.obj (.text:GPIOPadConfigSet)
                  00001894    00000004     empty_min_pem4f.oem4f (.text:ti_sysbios_BIOS_RtsGateProxy_leave__E)
                  00001898    0000011c     sysbios.aem4f : BIOS.obj (.text:ti_sysbios_knl_Swi_run__I)
                  000019b4    00000118     ti.targets.arm.rtsarm.aem4f : Error.oem4f (.text:xdc_runtime_Error_policyDefault__E)
                  00001acc    0000010c     driverlib.lib : sysctl.obj (.text:SysCtlClockGet)
                  00001bd8    0000010c     empty_min_pem4f.oem4f (.text:ti_uia_loggers_LoggerStopMode_write8__E)
                  00001ce4    00000004     sysbios.aem4f : BIOS.obj (.text:ti_sysbios_family_arm_lm4_Timer_masterEnable__I)
                  00001ce8    00000108                   : BIOS.obj (.text:ti_sysbios_family_arm_lm4_Timer_start__E)
                  00001df0    00000104                   : BIOS.obj (.text:ti_sysbios_family_arm_lm4_TimestampProvider_get64__E)
                  00001ef4    00000100     Boot.aem4f : Boot_sysctl.oem4f (.text:ti_catalog_arm_cortexm4_tiva_ce_Boot_sysCtlClockSetI__I)
                  00001ff4    00000100     ti.targets.arm.rtsarm.aem4f : Core-mem.oem4f (.text:xdc_runtime_Core_createObject__I)
                  000020f4    000000f8                                 : Startup.oem4f (.text:xdc_runtime_Startup_startMods__I)
                  000021ec    000000f8     empty_min_pem4f.oem4f (.text:xdc_runtime_System_printfExtend__I)
                  000022e4    000000f4     sysbios.aem4f : m3_Hwi_asm.obj (.text:ti_sysbios_family_arm_m3_Hwi_dispatch__I)
                  000023d8    000000f4     empty_min_pem4f.oem4f (.text:ti_uia_loggers_LoggerStopMode_write4__E)
                  000024cc    000000f0     driverlib.lib : sysctl.obj (.text:SysCtlClockSet)
                  000025bc    000000e8     empty_min_pem4f.oem4f (.text:ti_uia_loggers_LoggerStopMode_write1__E)
                  000026a4    000000e8     empty_min_pem4f.oem4f (.text:ti_uia_loggers_LoggerStopMode_write2__E)
                  0000278c    00000004     empty_min_pem4f.oem4f (.text:ti_sysbios_family_arm_m3_TaskSupport_Module__startupDone__S)
                  00002790    000000d8     sysbios.aem4f : BIOS.obj (.text:ti_sysbios_family_arm_lm4_TimestampProvider_get32__E)
                  00002868    000000d8     empty_min_pem4f.oem4f (.text:ti_uia_loggers_LoggerStopMode_write0__E)
                  00002940    000000d0     main.obj (.text:ledToggle)
                  00002a10    000000cc     sysbios.aem4f : BIOS.obj (.text:ti_sysbios_knl_Task_schedule__I)
                  00002adc    000000cc     ti.targets.arm.rtsarm.aem4f : Core-smem.oem4f (.text:xdc_runtime_Core_constructObject__I)
                  00002ba8    000000cc                                 : HeapStd.oem4f (.text:xdc_runtime_HeapStd_Instance_init__E)
                  00002c74    00000004     empty_min_pem4f.oem4f (.text:ti_sysbios_knl_Clock_TimerProxy_getMaxTicks__E)
                  00002c78    000000c4     sysbios.aem4f : BIOS.obj (.text:ti_sysbios_knl_Semaphore_post__E)
                  00002d3c    00000004     empty_min_pem4f.oem4f (.text:ti_sysbios_knl_Clock_TimerProxy_getPeriod__E)
                  00002d40    000000bc     sysbios.aem4f : BIOS.obj (.text:ti_sysbios_family_arm_m3_Hwi_excDebugMon__I)
                  00002dfc    00000004     empty_min_pem4f.oem4f (.text:ti_sysbios_knl_Queue_destruct)
                  00002e00    000000bc     sysbios.aem4f : BIOS.obj (.text:ti_sysbios_family_arm_m3_Hwi_excHardFault__I)
                  00002ebc    00000004     empty_min_pem4f.oem4f (.text:ti_sysbios_knl_Semaphore_destruct)
                  00002ec0    000000bc     sysbios.aem4f : BIOS.obj (.text:ti_sysbios_knl_Task_startCore__E)
                  00002f7c    00000004     ti.uia.loggers.aem4f : LoggerStopMode.oem4f (.text:ti_uia_loggers_LoggerStopMode_getContents__E)
                  00002f80    000000b4     sysbios.aem4f : BIOS.obj (.text:ti_sysbios_knl_Task_checkStacks__E)
                  00003034    00000004     empty_min_pem4f.oem4f (.text:ti_uia_loggers_LoggerStopMode_getFilterLevel__E)
                  00003038    000000ac     sysbios.aem4f : BIOS.obj (.text:ti_sysbios_family_arm_lm4_Timer_enableTiva__I)
                  000030e4    00000004     ti.uia.loggers.aem4f : LoggerStopMode.oem4f (.text:ti_uia_loggers_LoggerStopMode_getInstanceId__E)
                  000030e8    000000ac     sysbios.aem4f : BIOS.obj (.text:ti_sysbios_knl_Swi_post__E)
                  00003194    00000004     ti.uia.loggers.aem4f : LoggerStopMode.oem4f (.text:ti_uia_loggers_LoggerStopMode_getMaxLength__E)
                  00003198    000000ac     sysbios.aem4f : BIOS.obj (.text:ti_sysbios_utils_Load_updateLoads__E)
                  00003244    00000004     ti.uia.loggers.aem4f : LoggerStopMode.oem4f (.text:ti_uia_loggers_LoggerStopMode_getPriority__E)
                  00003248    000000a8     sysbios.aem4f : BIOS.obj (.text:ti_sysbios_knl_Task_blockI__E)
                  000032f0    000000a8     ti.targets.arm.rtsarm.aem4f : HeapStd.oem4f (.text:xdc_runtime_HeapStd_free__E)
                  00003398    000000a0     auto_init.aem4f : auto_init.oem4f (.text)
                  00003438    000000a0     ti.targets.arm.rtsarm.aem4f : Text.oem4f (.text:xdc_runtime_Text_putMod__E)
                  000034d8    0000009c     rtsv7M4_T_le_v4SPD16_eabi.lib : memcpy_t2.obj (.text)
                  00003574    0000009a     ti.targets.arm.rtsarm.aem4f : Text.oem4f (.text:xdc_runtime_Text_putSite__E)
                  0000360e    00000002     empty_min_pem4f.oem4f (.text:free)
                  00003610    00000098     Boot.aem4f : Boot.oem4f (.text:ti_catalog_arm_cortexm4_tiva_ce_Boot_sysCtlClockSet__E)
                  000036a8    00000094     sysbios.aem4f : BIOS.obj (.text:ti_sysbios_family_arm_m3_Hwi_initNVIC__E)
                  0000373c    00000004     ti.uia.loggers.aem4f : LoggerStopMode.oem4f (.text:ti_uia_loggers_LoggerStopMode_getTransferType__E)
                  00003740    00000094     sysbios.aem4f : BIOS.obj (.text:ti_sysbios_knl_Task_exit__E)
                  000037d4    00000004     ti.targets.arm.rtsarm.aem4f : Error.oem4f (.text:xdc_runtime_Error_getSite__E)
                  000037d8    00000090     sysbios.aem4f : BIOS.obj (.text:ti_sysbios_knl_Task_unblockI__E)
                  00003868    00000090     ti.uia.loggers.aem4f : LoggerStopMode.oem4f (.text:ti_uia_loggers_LoggerStopMode_initQueueDescriptor__E)
                  000038f8    0000008c     sysbios.aem4f : m3_TaskSupport_asm.obj (.text:ti_sysbios_family_arm_m3_TaskSupport_buildTaskStack)
                  00003984    00000004     ti.targets.arm.rtsarm.aem4f : HeapStd.oem4f (.text:xdc_runtime_HeapStd_isBlocking__E)
                  00003988    0000008c     sysbios.aem4f : BIOS.obj (.text:ti_sysbios_knl_Task_postInit__I)
                  00003a14    00000004     empty_min_pem4f.oem4f (.text:xdc_runtime_System_Module_GateProxy_enter__E)
                  00003a18    00000084     sysbios.aem4f : BIOS.obj (.text:ti_sysbios_family_arm_lm4_Timer_getExpiredCounts__E)
                  00003a9c    00000004     empty_min_pem4f.oem4f (.text:xdc_runtime_System_Module_GateProxy_leave__E)
                  00003aa0    00000084     sysbios.aem4f : BIOS.obj (.text:ti_sysbios_family_arm_m3_Hwi_postInit__I)
                  00003b24    0000007a     rtsv7M4_T_le_v4SPD16_eabi.lib : memset_t2.obj (.text)
                  00003b9e    00000002                                   : i_div0.obj (.text)
                  00003ba0    00000074     ti.uia.runtime.aem4f : QueueDescriptor.oem4f (.text:ti_uia_runtime_QueueDescriptor_addToList__E)
                  00003c14    0000006d     ti.targets.arm.rtsarm.aem4f : System.oem4f (.text:xdc_runtime_System_formatNum__I)
                  00003c81    00000001     --HOLE-- [fill = 0]
                  00003c82    00000006     driverlib.lib : gpio.obj (.text:GPIOPinRead)
                  00003c88    0000006c     sysbios.aem4f : BIOS.obj (.text:ti_sysbios_knl_Swi_restoreHwi__E)
                  00003cf4    0000006c     ti.targets.arm.rtsarm.aem4f : Error.oem4f (.text:xdc_runtime_Error_print__E)
                  00003d60    0000006c                                 : Memory.oem4f (.text:xdc_runtime_Memory_alloc__E)
                  00003dcc    00000068     rtsv7M4_T_le_v4SPD16_eabi.lib : copy_decompress_lzss.obj (.text:decompress:lzss)
                  00003e34    00000068     main.obj (.text:hardware_init)
                  00003e9c    00000068     rtsv7M4_T_le_v4SPD16_eabi.lib : trgmsg.obj (.text)
                  00003f04    00000066     ti.uia.loggers.aem4f : LoggerStopMode.oem4f (.text:ti_uia_loggers_LoggerStopMode_flush__E)
                  00003f6a    00000066     ti.targets.arm.rtsarm.aem4f : Core-mem.oem4f (.text:xdc_runtime_Core_deleteObject__I)
                  00003fd0    00000064     sysbios.aem4f : BIOS.obj (.text:ti_sysbios_family_arm_lm4_Timer_Module_startup__E)
                  00004034    00000004     ti.targets.arm.rtsarm.aem4f : System.oem4f (.text:xdc_runtime_System_aprintf_va__F)
                  00004038    00000064     sysbios.aem4f : BIOS.obj (.text:ti_sysbios_utils_Load_idleFxn__E)
                  0000409c    00000060     driverlib.lib : timer.obj (.text:TimerConfigure)
                  000040fc    00000004     ti.targets.arm.rtsarm.aem4f : System.oem4f (.text:xdc_runtime_System_printf_va__F)
                  00004100    00000060     sysbios.aem4f : BIOS.obj (.text:ti_sysbios_knl_Clock_logTick__E)
                  00004160    00000060                   : BIOS.obj (.text:ti_sysbios_utils_Load_logCPULoad__I)
                  000041c0    0000005c                   : BIOS.obj (.text:ti_sysbios_knl_Swi_schedule__I)
                  0000421c    00000002     empty_min_pem4f.oem4f (.text:ti_sysbios_BIOS_nullFunc__I)
                  0000421e    00000002     empty_min_pem4f.oem4f (.text:ti_uia_loggers_LoggerStopMode_setFilterLevel__E)
                  00004220    0000005c     sysbios.aem4f : BIOS.obj (.text:ti_sysbios_knl_Task_Module_startup__E)
                  0000427c    0000005b     ti.targets.arm.rtsarm.aem4f : Text.oem4f (.text:xdc_runtime_Text_putLab__E)
                  000042d7    00000001     --HOLE-- [fill = 0]
                  000042d8    00000058     boot.aem4f : boot.oem4f (.text)
                  00004330    00000058     sysbios.aem4f : m3_Hwi_asm_switch.obj (.text:ti_sysbios_family_arm_m3_Hwi_initStacks__E)
                  00004388    00000058     empty_min_pem4f.oem4f (.text:xdc_runtime_HeapStd_Object__create__S)
                  000043e0    00000054     rtsv7M4_T_le_v4SPD16_eabi.lib : exit.obj (.text)
                  00004434    00000002     ti.uia.loggers.aem4f : LoggerStopMode.oem4f (.text:ti_uia_loggers_LoggerStopMode_setPriority__E)
                  00004436    00000002     empty_min_pem4f.oem4f (.text:xdc_runtime_Startup_reset__I)
                  00004438    00000054     sysbios.aem4f : BIOS.obj (.text:ti_sysbios_family_arm_lm4_Timer_initDevice__I)
                  0000448c    00000054     ti.targets.arm.rtsarm.aem4f : Assert.oem4f (.text:xdc_runtime_Assert_raise__I)
                  000044e0    00000050     sysbios.aem4f : BIOS.obj (.text:ti_sysbios_family_arm_m3_Hwi_Module_startup__E)
                  00004530    00000050     ti.targets.arm.rtsarm.aem4f : Startup.oem4f (.text:xdc_runtime_Startup_exec__E)
                  00004580    00000050                                 : Text.oem4f (.text:xdc_runtime_Text_visitRope2__I)
                  000045d0    0000004c     rtsv7M4_T_le_v4SPD16_eabi.lib : cpy_tbl.obj (.text)
                  0000461c    00000004     --HOLE-- [fill = 0]
                  00004620    0000004c     sysbios.aem4f : BIOS.obj (.text:ti_sysbios_knl_Swi_runLoop__I)
                  0000466c    00000004     --HOLE-- [fill = 0]
                  00004670    0000004c                   : BIOS.obj (.text:ti_sysbios_knl_Task_allBlockedFunction__I)
                  000046bc    0000004c     ti.uia.loggers.aem4f : LoggerStopMode.oem4f (.text:ti_uia_loggers_LoggerStopMode_Module_startup__E)
                  00004708    00000048     sysbios.aem4f : BIOS.obj (.text:ti_sysbios_family_arm_lm4_Timer_enableTimers__I)
                  00004750    00000048                   : BIOS.obj (.text:ti_sysbios_family_arm_m3_Hwi_disableInterrupt__E)
                  00004798    00000048                   : BIOS.obj (.text:ti_sysbios_family_arm_m3_Hwi_enableInterrupt__E)
                  000047e0    00000048                   : BIOS.obj (.text:ti_sysbios_family_arm_m3_Hwi_excReserved__I)
                  00004828    00000046     ti.targets.arm.rtsarm.aem4f : Core-params.oem4f (.text:xdc_runtime_Core_assignParams__I)
                  0000486e    00000002     --HOLE-- [fill = 0]
                  00004870    00000044     sysbios.aem4f : BIOS.obj (.text:ti_sysbios_family_arm_lm4_Timer_isrStub__E)
                  000048b4    00000004     --HOLE-- [fill = 0]
                  000048b8    00000044                   : BIOS.obj (.text:ti_sysbios_family_arm_m3_Hwi_getStackInfo__E)
                  000048fc    00000044     ti.uia.loggers.aem4f : LoggerStopMode.oem4f (.text:ti_uia_loggers_LoggerStopMode_initBuffer__I)
                  00004940    00000044     ti.targets.arm.rtsarm.aem4f : Error.oem4f (.text:xdc_runtime_Error_setX__E)
                  00004984    00000044                                 : SysMin.oem4f (.text:xdc_runtime_SysMin_flush__E)
                  000049c8    00000044                                 : Text.oem4f (.text:xdc_runtime_Text_xprintf__I)
                  00004a0c    00000040     rtsv7M4_T_le_v4SPD16_eabi.lib : u_divt2.obj (.text)
                  00004a4c    00000004     --HOLE-- [fill = 0]
                  00004a50    00000040     sysbios.aem4f : BIOS.obj (.text:ti_sysbios_family_arm_lm4_Timer_startup__E)
                  00004a90    0000003c                   : BIOS.obj (.text:ti_sysbios_family_arm_m3_Hwi_excSvCall__I)
                  00004acc    00000004     --HOLE-- [fill = 0]
                  00004ad0    0000003c                   : BIOS.obj (.text:ti_sysbios_knl_Swi_restore__E)
                  00004b0c    00000004     --HOLE-- [fill = 0]
                  00004b10    00000038                   : BIOS.obj (.text:ti_sysbios_family_arm_m3_Hwi_excNoIsr__I)
                  00004b48    00000038     ti.targets.arm.rtsarm.aem4f : SysMin.oem4f (.text:xdc_runtime_SysMin_putch__E)
                  00004b80    00000038                                 : System.oem4f (.text:xdc_runtime_System_atexit__E)
                  00004bb8    00000034     driverlib.lib : sysctl.obj (.text:SysCtlPeripheralEnable)
                  00004bec    00000004     --HOLE-- [fill = 0]
                  00004bf0    00000034     sysbios.aem4f : BIOS.obj (.text:ti_sysbios_family_arm_m3_Hwi_excNmi__I)
                  00004c24    00000034     ti.uia.loggers.aem4f : LoggerStopMode.oem4f (.text:ti_uia_loggers_LoggerStopMode_reset__E)
                  00004c58    00000034     ti.targets.arm.rtsarm.aem4f : Core-label.oem4f (.text:xdc_runtime_Core_assignLabel__I)
                  00004c8c    00000033                                 : Text.oem4f (.text:xdc_runtime_Text_printVisFxn__I)
                  00004cbf    00000001     --HOLE-- [fill = 0]
                  00004cc0    00000032     sysbios.aem4f : BIOS.obj (.text:ti_sysbios_hal_Hwi_initStack)
                  00004cf2    00000006     driverlib.lib : gpio.obj (.text:GPIOPinWrite)
                  00004cf8    00000032     sysbios.aem4f : BIOS.obj (.text:ti_sysbios_knl_Semaphore_pendTimeout__I)
                  00004d2a    00000002     --HOLE-- [fill = 0]
                  00004d2c    00000030     empty_min_pem4f.oem4f (.text:ti_sysbios_BIOS_atExitFunc__I)
                  00004d5c    00000004     --HOLE-- [fill = 0]
                  00004d60    00000030     sysbios.aem4f : BIOS.obj (.text:ti_sysbios_family_arm_lm4_Timer_stop__E)
                  00004d90    00000030                   : BIOS.obj (.text:ti_sysbios_family_arm_m3_TaskSupport_start__E)
                  00004dc0    00000030     empty_min_pem4f.oem4f (.text:ti_sysbios_gates_GateHwi_Object__create__S)
                  00004df0    00000030     empty_min_pem4f.oem4f (.text:ti_sysbios_gates_GateMutex_Object__create__S)
                  00004e20    00000030     sysbios.aem4f : BIOS.obj (.text:ti_sysbios_gates_GateMutex_enter__E)
                  00004e50    00000030     empty_min_pem4f.oem4f (.text:ti_sysbios_knl_Semaphore_construct)
                  00004e80    00000030     sysbios.aem4f : BIOS.obj (.text:ti_sysbios_knl_Task_processVitalTaskFlag__I)
                  00004eb0    00000030                   : BIOS.obj (.text:ti_sysbios_utils_Load_updateCurrentThreadTime__E)
                  00004ee0    00000030     empty_min_pem4f.oem4f (.text:ti_uia_loggers_LoggerStopMode_Object__create__S)
                  00004f10    00000030     ti.targets.arm.rtsarm.aem4f : SysMin.oem4f (.text:xdc_runtime_SysMin_abort__E)
                  00004f40    00000030                                 : System.oem4f (.text:xdc_runtime_System_processAtExit__E)
                  00004f70    0000002c     empty_min_pem4f.oem4f (.text:ti_sysbios_knl_Clock_doTick__I)
                  00004f9c    0000002c     empty_min_pem4f.oem4f (.text:ti_sysbios_knl_Queue_construct)
                  00004fc8    0000002c     sysbios.aem4f : BIOS.obj (.text:ti_sysbios_knl_Task_restore__E)
                  00004ff4    0000002c     ti.targets.arm.rtsarm.aem4f : Text.oem4f (.text:xdc_runtime_Text_cordText__E)
                  00005020    0000002a     driverlib.lib : gpio.obj (.text:GPIODirModeSet)
                  0000504a    0000002a     ti.targets.arm.rtsarm.aem4f : System.oem4f (.text:xdc_runtime_System_putchar__I)
                  00005074    00000004     --HOLE-- [fill = 0]
                  00005078    00000028     sysbios.aem4f : BIOS.obj (.text:ti_sysbios_knl_Clock_addI__E)
                  000050a0    00000028                   : BIOS.obj (.text:ti_sysbios_knl_Swi_Module_startup__E)
                  000050c8    00000026                   : m3_Hwi_asm.obj (.text:ti_sysbios_family_arm_m3_Hwi_pendSV__I)
                  000050ee    00000026     ti.targets.arm.rtsarm.aem4f : System.oem4f (.text:xdc_runtime_System_avprintf__E)
                  00005114    00000024     empty_min_pem4f.oem4f (.text:ti_sysbios_BIOS_errorRaiseHook__I)
                  00005138    00000024     empty_min_pem4f.oem4f (.text:ti_sysbios_BIOS_registerRTSLock__I)
                  0000515c    00000024     empty_min_pem4f.oem4f (.text:ti_sysbios_BIOS_removeRTSLock__I)
                  00005180    00000024     empty_min_pem4f.oem4f (.text:ti_sysbios_BIOS_startFunc__I)
                  000051a4    00000024     empty_min_pem4f.oem4f (.text:ti_sysbios_gates_GateMutex_Object__delete__S)
                  000051c8    00000024     sysbios.aem4f : BIOS.obj (.text:ti_sysbios_knl_Clock_Module_startup__E)
                  000051ec    00000004     --HOLE-- [fill = 0]
                  000051f0    00000024                   : BIOS.obj (.text:ti_sysbios_knl_Semaphore_Instance_init__E)
                  00005214    00000004     --HOLE-- [fill = 0]
                  00005218    00000024                   : BIOS.obj (.text:ti_sysbios_knl_Task_restoreHwi__E)
                  0000523c    00000004     --HOLE-- [fill = 0]
                  00005240    00000024                   : BIOS.obj (.text:ti_sysbios_utils_Load_updateThreadContexts__E)
                  00005264    00000024     ti.targets.arm.rtsarm.aem4f : System.oem4f (.text:xdc_runtime_System_vprintf__E)
                  00005288    00000022     sysbios.aem4f : BIOS.obj (.text:ti_sysbios_family_arm_lm4_Timer_write__I)
                  000052aa    00000022     empty_min_pem4f.oem4f (.text:xdc_runtime_SysMin_output__I)
                  000052cc    00000020     empty_min_pem4f.oem4f (.text:ti_sysbios_BIOS_rtsLock__I)
                  000052ec    00000020     sysbios.aem4f : m3_Hwi_asm.obj (.text:ti_sysbios_family_arm_m3_Hwi_excHandlerAsm__I)
                  0000530c    00000004     --HOLE-- [fill = 0]
                  00005310    00000020                   : BIOS.obj (.text:ti_sysbios_family_arm_m3_Hwi_excHandler__I)
                  00005330    00000020     empty_min_pem4f.oem4f (.text:ti_sysbios_gates_GateHwi_Object__delete__S)
                  00005350    00000020     sysbios.aem4f : BIOS.obj (.text:ti_sysbios_knl_Idle_run__E)
                  00005370    00000020     empty_min_pem4f.oem4f (.text:ti_sysbios_knl_Semaphore_Object__destruct__S)
                  00005390    00000020     empty_min_pem4f.oem4f (.text:ti_uia_loggers_LoggerStopMode_Object__delete__S)
                  000053b0    00000020     ti.targets.arm.rtsarm.aem4f : Registry.oem4f (.text:xdc_runtime_Registry_findById__E)
                  000053d0    00000020                                 : SysMin.oem4f (.text:xdc_runtime_SysMin_Module_startup__E)
                  000053f0    0000001e     sysbios.aem4f : m3_Hwi_asm_switch.obj (.text:ti_sysbios_family_xxx_Hwi_switchAndRunFunc)
                  0000540e    00000002     --HOLE-- [fill = 0]
                  00005410    0000001c     main.obj (.text:Timer_ISR)
                  0000542c    00000004     --HOLE-- [fill = 0]
                  00005430    0000001c     sysbios.aem4f : BIOS.obj (.text:ti_sysbios_gates_GateMutex_Instance_init__E)
                  0000544c    0000001c     empty_min_pem4f.oem4f (.text:ti_sysbios_knl_Queue_Object__destruct__S)
                  00005468    0000001c     sysbios.aem4f : BIOS.obj (.text:ti_sysbios_knl_Queue_put__E)
                  00005484    00000004     --HOLE-- [fill = 0]
                  00005488    0000001c                   : BIOS.obj (.text:ti_sysbios_knl_Task_enter__I)
                  000054a4    0000001c     ti.uia.loggers.aem4f : LoggerStopMode.oem4f (.text:ti_uia_loggers_LoggerStopMode_Instance_init__E)
                  000054c0    0000001c     ti.targets.arm.rtsarm.aem4f : Error.oem4f (.text:xdc_runtime_Error_raiseX__E)
                  000054dc    0000001c     empty_min_pem4f.oem4f (.text:xdc_runtime_HeapStd_Object__delete__S)
                  000054f8    0000001c     ti.targets.arm.rtsarm.aem4f : Memory.oem4f (.text:xdc_runtime_Memory_valloc__E)
                  00005514    0000001c                                 : SysMin.oem4f (.text:xdc_runtime_SysMin_exit__E)
                  00005530    0000001c                                 : System.oem4f (.text:xdc_runtime_System_abort__E)
                  0000554c    0000001a     empty_min_pem4f.oem4f (.text:ti_sysbios_family_arm_m3_Hwi_Handle__label__S)
                  00005566    0000001a     empty_min_pem4f.oem4f (.text:ti_sysbios_gates_GateHwi_Handle__label__S)
                  00005580    0000001a     empty_min_pem4f.oem4f (.text:ti_sysbios_gates_GateMutex_Handle__label__S)
                  0000559a    0000001a     empty_min_pem4f.oem4f (.text:ti_sysbios_knl_Swi_Handle__label__S)
                  000055b4    0000001a     empty_min_pem4f.oem4f (.text:ti_sysbios_knl_Task_Handle__label__S)
                  000055ce    0000001a     empty_min_pem4f.oem4f (.text:ti_uia_loggers_LoggerStopMode_Handle__label__S)
                  000055e8    0000001a     empty_min_pem4f.oem4f (.text:xdc_runtime_HeapStd_Handle__label__S)
                  00005602    0000001a     empty_min_pem4f.oem4f (.text:xdc_runtime_System_aprintf__E)
                  0000561c    0000001a     empty_min_pem4f.oem4f (.text:xdc_runtime_System_printf__E)
                  00005636    00000018     driverlib.lib : gpio.obj (.text:GPIOPinTypeGPIOOutput)
                  0000564e    00000002     --HOLE-- [fill = 0]
                  00005650    00000018     rtsv7M4_T_le_v4SPD16_eabi.lib : args_main.obj (.text)
                  00005668    00000018     empty_min_pem4f.oem4f (.text:ti_sysbios_BIOS_rtsUnlock__I)
                  00005680    00000018     empty_min_pem4f.oem4f (.text:ti_sysbios_family_arm_lm4_Timer_Module__startupDone__F)
                  00005698    00000018     empty_min_pem4f.oem4f (.text:ti_sysbios_family_arm_m3_Hwi_Module__startupDone__F)
                  000056b0    00000018     sysbios.aem4f : m3_TaskSupport_asm.obj (.text:ti_sysbios_family_arm_m3_TaskSupport_swap__E)
                  000056c8    00000018                   : BIOS.obj (.text:ti_sysbios_gates_GateMutex_leave__E)
                  000056e0    00000018                   : BIOS.obj (.text:ti_sysbios_knl_Task_unblock__E)
                  000056f8    00000018     ti.targets.arm.rtsarm.aem4f : Error.oem4f (.text:xdc_runtime_Error_check__E)
                  00005710    00000018                                 : System.oem4f (.text:xdc_runtime_System_exit__E)
                  00005728    00000018                                 : Text.oem4f (.text:xdc_runtime_Text_ropeText__E)
                  00005740    00000016     empty_min_pem4f.oem4f (.text:ti_sysbios_BIOS_exitFunc__I)
                  00005756    00000016     ti.uia.loggers.aem4f : LoggerStopMode.oem4f (.text:ti_uia_loggers_LoggerStopMode_disable__E)
                  0000576c    00000016                          : LoggerStopMode.oem4f (.text:ti_uia_loggers_LoggerStopMode_enable__E)
                  00005782    00000002     --HOLE-- [fill = 0]
                  00005784    00000014     rtsv7M4_T_le_v4SPD16_eabi.lib : _lock.obj (.text)
                  00005798    00000014                                   : strcpy.obj (.text)
                  000057ac    00000014                                   : strlen.obj (.text)
                  000057c0    00000014     empty_min_pem4f.oem4f (.text:ti_sysbios_family_arm_m3_Hwi_Object__get__S)
                  000057d4    00000004     --HOLE-- [fill = 0]
                  000057d8    00000014     sysbios.aem4f : BIOS.obj (.text:ti_sysbios_family_arm_m3_Hwi_switchFromBootStack__E)
                  000057ec    00000014     empty_min_pem4f.oem4f (.text:ti_sysbios_knl_Swi_Object__get__S)
                  00005800    00000012     driverlib.lib : timer.obj (.text:TimerLoadSet)
                  00005812    00000006                   : sysctl.obj (.text:SysCtlDelay)
                  00005818    00000012     sysbios.aem4f : BIOS.obj (.text:ti_sysbios_hal_Hwi_Module_startup__E)
                  0000582a    00000012     empty_min_pem4f.oem4f (.text:xdc_runtime_Startup_exec__I)
                  0000583c    00000004     --HOLE-- [fill = 0]
                  00005840    00000010     sysbios.aem4f : BIOS.obj (.text:ti_sysbios_BIOS_exit__E)
                  00005850    00000010                   : BIOS.obj (.text:ti_sysbios_BIOS_getCpuFreq__E)
                  00005860    00000010                   : BIOS.obj (.text:ti_sysbios_BIOS_setThreadType__E)
                  00005870    00000010                   : BIOS.obj (.text:ti_sysbios_BIOS_start__E)
                  00005880    00000010                   : BIOS.obj (.text:ti_sysbios_family_arm_lm4_TimestampProvider_rolloverFunc__E)
                  00005890    00000010                   : m3_TaskSupport_asm.obj (.text:ti_sysbios_family_arm_m3_TaskSupport_glue)
                  000058a0    00000010                   : BIOS.obj (.text:ti_sysbios_gates_GateMutex_Instance_finalize__E)
                  000058b0    00000010                   : BIOS.obj (.text:ti_sysbios_knl_Semaphore_Instance_finalize__E)
                  000058c0    00000010                   : BIOS.obj (.text:ti_sysbios_knl_Swi_disable__E)
                  000058d0    00000010     empty_min_pem4f.oem4f (.text:ti_sysbios_knl_Task_Object__get__S)
                  000058e0    00000010     sysbios.aem4f : BIOS.obj (.text:ti_sysbios_knl_Task_disable__E)
                  000058f0    00000010     empty_min_pem4f.oem4f (.text:ti_uia_loggers_LoggerStopMode_Object__get__S)
                  00005900    00000010     ti.uia.loggers.aem4f : LoggerStopMode.oem4f (.text:ti_uia_loggers_LoggerStopMode_isEmpty__E)
                  00005910    00000010     ti.targets.arm.rtsarm.aem4f : Gate.oem4f (.text:xdc_runtime_Gate_leaveSystem__E)
                  00005920    00000010                                 : Memory.oem4f (.text:xdc_runtime_Memory_free__E)
                  00005930    00000010                                 : SysMin.oem4f (.text:xdc_runtime_SysMin_ready__E)
                  00005940    00000010                                 : System.oem4f (.text:xdc_runtime_System_vsnprintf__E)
                  00005950    00000010     empty_min_pem4f.oem4f (.text:xdc_runtime_Text_visitRope__I)
                  00005960    0000000e     driverlib.lib : timer.obj (.text:TimerEnable)
                  0000596e    0000000e     rtsv7M4_T_le_v4SPD16_eabi.lib : copy_decompress_none.obj (.text:decompress:none)
                  0000597c    00000004     --HOLE-- [fill = 0]
                  00005980    0000000e     sysbios.aem4f : BIOS.obj (.text:ti_sysbios_knl_Idle_loop__E)
                  0000598e    00000002     --HOLE-- [fill = 0]
                  00005990    0000000e                   : BIOS.obj (.text:ti_sysbios_knl_Queue_empty__E)
                  0000599e    0000000e     ti.targets.arm.rtsarm.aem4f : HeapStd.oem4f (.text:xdc_runtime_HeapStd_getStats__E)
                  000059ac    0000000c     empty_min_pem4f.oem4f (.text:.bootCodeSection:ti_catalog_arm_cortexm4_tiva_ce_Boot_init__I)
                  000059b8    0000000c     rtsv7M4_T_le_v4SPD16_eabi.lib : copy_zero_init.obj (.text:decompress:ZI)
                  000059c4    0000000c     main.obj (.text:main)
                  000059d0    0000000c     sysbios.aem4f : BIOS.obj (.text:ti_sysbios_family_arm_lm4_Timer_getMaxTicks__E)
                  000059dc    00000004     --HOLE-- [fill = 0]
                  000059e0    0000000c                   : BIOS.obj (.text:ti_sysbios_family_arm_lm4_TimestampProvider_startTimer__E)
                  000059ec    00000004     --HOLE-- [fill = 0]
                  000059f0    0000000c                   : BIOS.obj (.text:ti_sysbios_family_arm_m3_Hwi_disableFxn__E)
                  000059fc    00000004     --HOLE-- [fill = 0]
                  00005a00    0000000c                   : BIOS.obj (.text:ti_sysbios_family_arm_m3_TaskSupport_checkStack__E)
                  00005a0c    00000004     --HOLE-- [fill = 0]
                  00005a10    0000000c                   : BIOS.obj (.text:ti_sysbios_gates_GateHwi_enter__E)
                  00005a1c    00000004     --HOLE-- [fill = 0]
                  00005a20    0000000c                   : BIOS.obj (.text:ti_sysbios_knl_Clock_getTickPeriod__E)
                  00005a2c    0000000c     empty_min_pem4f.oem4f (.text:ti_sysbios_knl_Queue_Object__get__S)
                  00005a38    0000000c     ti.targets.arm.rtsarm.aem4f : Error.oem4f (.text:xdc_runtime_Error_init__E)
                  00005a44    0000000c                                 : Gate.oem4f (.text:xdc_runtime_Gate_enterSystem__E)
                  00005a50    0000000c                                 : Memory.oem4f (.text:xdc_runtime_Memory_calloc__E)
                  00005a5c    0000000c                                 : Memory.oem4f (.text:xdc_runtime_Memory_getMaxDefaultTypeAlign__E)
                  00005a68    0000000a     empty_min_pem4f.oem4f (.text:xdc_runtime_IHeap_alloc)
                  00005a72    0000000a     empty_min_pem4f.oem4f (.text:xdc_runtime_IHeap_free)
                  00005a7c    00000008     driverlib.lib : timer.obj (.text:TimerIntEnable)
                  00005a84    00000008     sysbios.aem4f : BIOS.obj (.text:ti_sysbios_family_arm_lm4_Timer_masterDisable__I)
                  00005a8c    00000004     --HOLE-- [fill = 0]
                  00005a90    00000008                   : BIOS.obj (.text:ti_sysbios_family_arm_m3_Hwi_doSwiRestore__I)
                  00005a98    00000008                   : BIOS.obj (.text:ti_sysbios_family_arm_m3_Hwi_startup__E)
                  00005aa0    00000006     Boot.aem4f : Boot_sysctl.oem4f (.text:ti_catalog_arm_cortexm4_tiva_ce_Boot_sysCtlDelayI__I)
                  00005aa6    00000002     --HOLE-- [fill = 0]
                  00005aa8    00000006     sysbios.aem4f : BIOS.obj (.text:ti_sysbios_family_arm_lm4_TimestampProvider_Module_startup__E)
                  00005aae    00000002     --HOLE-- [fill = 0]
                  00005ab0    00000006                   : BIOS.obj (.text:ti_sysbios_family_arm_m3_Hwi_doTaskRestore__I)
                  00005ab6    00000002     --HOLE-- [fill = 0]
                  00005ab8    00000006                   : BIOS.obj (.text:ti_sysbios_family_arm_m3_Hwi_restoreFxn__E)
                  00005abe    00000002     --HOLE-- [fill = 0]
                  00005ac0    00000006                   : BIOS.obj (.text:ti_sysbios_gates_GateHwi_leave__E)
                  00005ac6    00000002     --HOLE-- [fill = 0]
                  00005ac8    00000006                   : BIOS.obj (.text:ti_sysbios_knl_Queue_Instance_init__E)
                  00005ace    00000002     --HOLE-- [fill = 0]
                  00005ad0    00000006                   : BIOS.obj (.text:ti_sysbios_knl_Swi_startup__E)
                  00005ad6    00000006     ti.targets.arm.rtsarm.aem4f : System.oem4f (.text:xdc_runtime_System_Module_startup__E)
                  00005adc    00000004     --HOLE-- [fill = 0]
                  00005ae0    00000004     sysbios.aem4f : BIOS.obj (.text:ti_sysbios_family_arm_lm4_Timer_getPeriod__E)
                  00005ae4    00000004     --HOLE-- [fill = 0]
                  00005ae8    00000004                   : BIOS.obj (.text:ti_sysbios_gates_GateHwi_query__E)
                  00005aec    00000004     --HOLE-- [fill = 0]
                  00005af0    00000004                   : BIOS.obj (.text:ti_sysbios_gates_GateMutex_query__E)
                  00005af4    00000004     --HOLE-- [fill = 0]
                  00005af8    00000004                   : BIOS.obj (.text:ti_sysbios_knl_Task_startup__E)
                  00005afc    00000004     --HOLE-- [fill = 0]
                  00005b00    00000002                   : BIOS.obj (.text:ti_sysbios_gates_GateHwi_Instance_init__E)

.const     0    00005b04    000022e8     
                  00005b04    00001c0d     empty_min_pem4f.oem4f (.const:xdc_runtime_Text_charTab__A)
                  00007711    00000001     empty_min_pem4f.oem4f (.const:xdc_runtime_Error_policy__C)
                  00007712    000000fc     empty_min_pem4f.oem4f (.const:xdc_runtime_Text_nodeTab__A)
                  0000780e    00000002     empty_min_pem4f.oem4f (.const:ti_catalog_arm_cortexm4_tiva_ce_Boot_Module__id__C)
                  00007810    0000006c     driverlib.lib : sysctl.obj (.const:g_pui32Xtals)
                  0000787c    00000060     empty_min_pem4f.oem4f (.const:ti_uia_loggers_LoggerStopMode_Module__FXNS__C)
                  000078dc    00000048     empty_min_pem4f.oem4f (.const:.string)
                  00007924    00000028     empty_min_pem4f.oem4f (.const:ti_uia_loggers_LoggerStopMode_Object__PARAMS__C)
                  0000794c    00000028     empty_min_pem4f.oem4f (.const:xdc_runtime_HeapStd_Module__FXNS__C)
                  00007974    00000028     empty_min_pem4f.oem4f (.const:xdc_runtime_Startup_sfxnTab__A)
                  0000799c    00000024     empty_min_pem4f.oem4f (.const:ti_sysbios_gates_GateHwi_Module__FXNS__C)
                  000079c0    00000024     empty_min_pem4f.oem4f (.const:ti_sysbios_gates_GateMutex_Module__FXNS__C)
                  000079e4    00000024     empty_min_pem4f.oem4f (.const:ti_sysbios_knl_Semaphore_Object__PARAMS__C)
                  00007a08    00000020     empty_min_pem4f.oem4f (.const:ti_sysbios_gates_GateHwi_Object__DESC__C)
                  00007a28    00000020     empty_min_pem4f.oem4f (.const:ti_sysbios_gates_GateMutex_Object__DESC__C)
                  00007a48    00000020     empty_min_pem4f.oem4f (.const:ti_sysbios_knl_Queue_Object__DESC__C)
                  00007a68    00000020     empty_min_pem4f.oem4f (.const:ti_sysbios_knl_Semaphore_Object__DESC__C)
                  00007a88    00000020     empty_min_pem4f.oem4f (.const:ti_uia_loggers_LoggerStopMode_Object__DESC__C)
                  00007aa8    00000020     empty_min_pem4f.oem4f (.const:xdc_runtime_HeapStd_Object__DESC__C)
                  00007ac8    0000001c     empty_min_pem4f.oem4f (.const:xdc_runtime_HeapStd_Object__PARAMS__C)
                  00007ae4    00000018     empty_min_pem4f.oem4f (.const:ti_sysbios_gates_GateHwi_Object__PARAMS__C)
                  00007afc    00000018     empty_min_pem4f.oem4f (.const:ti_sysbios_gates_GateMutex_Object__PARAMS__C)
                  00007b14    00000018     empty_min_pem4f.oem4f (.const:ti_sysbios_knl_Queue_Object__PARAMS__C)
                  00007b2c    00000014     empty_min_pem4f.oem4f (.const:xdc_runtime_Startup_sfxnRts__A)
                  00007b40    00000010     empty_min_pem4f.oem4f (.const:xdc_runtime_Startup_firstFxns__A)
                  00007b50    00000008     empty_min_pem4f.oem4f (.const)
                  00007b58    00000008     empty_min_pem4f.oem4f (.const:ti_sysbios_family_arm_m3_Hwi_excHookFuncs__A)
                  00007b60    00000008     empty_min_pem4f.oem4f (.const:ti_sysbios_knl_Idle_funcList__C)
                  00007b68    00000008     empty_min_pem4f.oem4f (.const:xdc_runtime_Startup_firstFxns__C)
                  00007b70    00000008     empty_min_pem4f.oem4f (.const:xdc_runtime_Startup_lastFxns__C)
                  00007b78    00000004     empty_min_pem4f.oem4f (.const:ti_catalog_arm_cortexm4_tiva_ce_Boot_A_mustUseEnhancedClockMode__C)
                  00007b7c    00000004     empty_min_pem4f.oem4f (.const:ti_catalog_arm_cortexm4_tiva_ce_Boot_Module__diagsEnabled__C)
                  00007b80    00000004     empty_min_pem4f.oem4f (.const:ti_catalog_arm_cortexm4_tiva_ce_Boot_Module__diagsIncluded__C)
                  00007b84    00000004     empty_min_pem4f.oem4f (.const:ti_catalog_arm_cortexm4_tiva_ce_Boot_Module__diagsMask__C)
                  00007b88    00000004     empty_min_pem4f.oem4f (.const:ti_sysbios_family_arm_lm4_Timer_enableFunc__C)
                  00007b8c    00000004     empty_min_pem4f.oem4f (.const:ti_sysbios_family_arm_lm4_Timer_numTimerDevices__C)
                  00007b90    00000004     empty_min_pem4f.oem4f (.const:ti_sysbios_family_arm_lm4_Timer_startupNeeded__C)
                  00007b94    00000004     empty_min_pem4f.oem4f (.const:ti_sysbios_family_arm_m3_Hwi_E_NMI__C)
                  00007b98    00000004     empty_min_pem4f.oem4f (.const:ti_sysbios_family_arm_m3_Hwi_E_busFault__C)
                  00007b9c    00000004     empty_min_pem4f.oem4f (.const:ti_sysbios_family_arm_m3_Hwi_E_debugMon__C)
                  00007ba0    00000004     empty_min_pem4f.oem4f (.const:ti_sysbios_family_arm_m3_Hwi_E_hardFault__C)
                  00007ba4    00000004     empty_min_pem4f.oem4f (.const:ti_sysbios_family_arm_m3_Hwi_E_memFault__C)
                  00007ba8    00000004     empty_min_pem4f.oem4f (.const:ti_sysbios_family_arm_m3_Hwi_E_noIsr__C)
                  00007bac    00000004     empty_min_pem4f.oem4f (.const:ti_sysbios_family_arm_m3_Hwi_E_reserved__C)
                  00007bb0    00000004     empty_min_pem4f.oem4f (.const:ti_sysbios_family_arm_m3_Hwi_E_svCall__C)
                  00007bb4    00000004     empty_min_pem4f.oem4f (.const:ti_sysbios_family_arm_m3_Hwi_E_usageFault__C)
                  00007bb8    00000004     empty_min_pem4f.oem4f (.const:ti_sysbios_family_arm_m3_Hwi_LD_end__C)
                  00007bbc    00000004     empty_min_pem4f.oem4f (.const:ti_sysbios_family_arm_m3_Hwi_LM_begin__C)
                  00007bc0    00000004     empty_min_pem4f.oem4f (.const:ti_sysbios_family_arm_m3_Hwi_Module__diagsEnabled__C)
                  00007bc4    00000004     empty_min_pem4f.oem4f (.const:ti_sysbios_family_arm_m3_Hwi_Module__diagsIncluded__C)
                  00007bc8    00000004     empty_min_pem4f.oem4f (.const:ti_sysbios_family_arm_m3_Hwi_Module__diagsMask__C)
                  00007bcc    00000004     empty_min_pem4f.oem4f (.const:ti_sysbios_family_arm_m3_Hwi_Module__loggerFxn1__C)
                  00007bd0    00000004     empty_min_pem4f.oem4f (.const:ti_sysbios_family_arm_m3_Hwi_Module__loggerFxn8__C)
                  00007bd4    00000004     empty_min_pem4f.oem4f (.const:ti_sysbios_family_arm_m3_Hwi_Module__loggerObj__C)
                  00007bd8    00000004     empty_min_pem4f.oem4f (.const:ti_sysbios_family_arm_m3_Hwi_NUM_INTERRUPTS__C)
                  00007bdc    00000004     empty_min_pem4f.oem4f (.const:ti_sysbios_family_arm_m3_Hwi_Object__count__C)
                  00007be0    00000004     empty_min_pem4f.oem4f (.const:ti_sysbios_family_arm_m3_Hwi_ccr__C)
                  00007be4    00000004     empty_min_pem4f.oem4f (.const:ti_sysbios_family_arm_m3_Hwi_excHandlerFunc__C)
                  00007be8    00000004     empty_min_pem4f.oem4f (.const:ti_sysbios_family_arm_m3_Hwi_excHookFuncs__C)
                  00007bec    00000004     empty_min_pem4f.oem4f (.const:ti_sysbios_family_arm_m3_Hwi_nullIsrFunc__C)
                  00007bf0    00000004     empty_min_pem4f.oem4f (.const:ti_sysbios_family_arm_m3_Hwi_priGroup__C)
                  00007bf4    00000004     empty_min_pem4f.oem4f (.const:ti_sysbios_gates_GateMutex_Instance_State_sem__O)
                  00007bf8    00000004     empty_min_pem4f.oem4f (.const:ti_sysbios_knl_Clock_LM_begin__C)
                  00007bfc    00000004     empty_min_pem4f.oem4f (.const:ti_sysbios_knl_Clock_LM_tick__C)
                  00007c00    00000004     empty_min_pem4f.oem4f (.const:ti_sysbios_knl_Clock_LW_delayed__C)
                  00007c04    00000004     empty_min_pem4f.oem4f (.const:ti_sysbios_knl_Clock_Module_State_clockQ__O)
                  00007c08    00000004     empty_min_pem4f.oem4f (.const:ti_sysbios_knl_Clock_Module__diagsEnabled__C)
                  00007c0c    00000004     empty_min_pem4f.oem4f (.const:ti_sysbios_knl_Clock_Module__diagsIncluded__C)
                  00007c10    00000004     empty_min_pem4f.oem4f (.const:ti_sysbios_knl_Clock_Module__diagsMask__C)
                  00007c14    00000004     empty_min_pem4f.oem4f (.const:ti_sysbios_knl_Clock_Module__loggerFxn1__C)
                  00007c18    00000004     empty_min_pem4f.oem4f (.const:ti_sysbios_knl_Clock_Module__loggerFxn2__C)
                  00007c1c    00000004     empty_min_pem4f.oem4f (.const:ti_sysbios_knl_Clock_Module__loggerObj__C)
                  00007c20    00000004     empty_min_pem4f.oem4f (.const:ti_sysbios_knl_Idle_funcList__A)
                  00007c24    00000004     empty_min_pem4f.oem4f (.const:ti_sysbios_knl_Semaphore_Instance_State_pendQ__O)
                  00007c28    00000004     empty_min_pem4f.oem4f (.const:ti_sysbios_knl_Semaphore_LM_pend__C)
                  00007c2c    00000004     empty_min_pem4f.oem4f (.const:ti_sysbios_knl_Semaphore_LM_post__C)
                  00007c30    00000004     empty_min_pem4f.oem4f (.const:ti_sysbios_knl_Semaphore_Module__diagsEnabled__C)
                  00007c34    00000004     empty_min_pem4f.oem4f (.const:ti_sysbios_knl_Semaphore_Module__diagsIncluded__C)
                  00007c38    00000004     empty_min_pem4f.oem4f (.const:ti_sysbios_knl_Semaphore_Module__diagsMask__C)
                  00007c3c    00000004     empty_min_pem4f.oem4f (.const:ti_sysbios_knl_Semaphore_Module__loggerFxn2__C)
                  00007c40    00000004     empty_min_pem4f.oem4f (.const:ti_sysbios_knl_Semaphore_Module__loggerFxn4__C)
                  00007c44    00000004     empty_min_pem4f.oem4f (.const:ti_sysbios_knl_Semaphore_Module__loggerObj__C)
                  00007c48    00000004     empty_min_pem4f.oem4f (.const:ti_sysbios_knl_Swi_LD_end__C)
                  00007c4c    00000004     empty_min_pem4f.oem4f (.const:ti_sysbios_knl_Swi_LM_begin__C)
                  00007c50    00000004     empty_min_pem4f.oem4f (.const:ti_sysbios_knl_Swi_LM_post__C)
                  00007c54    00000004     empty_min_pem4f.oem4f (.const:ti_sysbios_knl_Swi_Module__diagsEnabled__C)
                  00007c58    00000004     empty_min_pem4f.oem4f (.const:ti_sysbios_knl_Swi_Module__diagsIncluded__C)
                  00007c5c    00000004     empty_min_pem4f.oem4f (.const:ti_sysbios_knl_Swi_Module__diagsMask__C)
                  00007c60    00000004     empty_min_pem4f.oem4f (.const:ti_sysbios_knl_Swi_Module__loggerFxn1__C)
                  00007c64    00000004     empty_min_pem4f.oem4f (.const:ti_sysbios_knl_Swi_Module__loggerFxn4__C)
                  00007c68    00000004     empty_min_pem4f.oem4f (.const:ti_sysbios_knl_Swi_Module__loggerObj__C)
                  00007c6c    00000004     empty_min_pem4f.oem4f (.const:ti_sysbios_knl_Swi_Object__count__C)
                  00007c70    00000004     empty_min_pem4f.oem4f (.const:ti_sysbios_knl_Task_E_spOutOfBounds__C)
                  00007c74    00000004     empty_min_pem4f.oem4f (.const:ti_sysbios_knl_Task_E_stackOverflow__C)
                  00007c78    00000004     empty_min_pem4f.oem4f (.const:ti_sysbios_knl_Task_LD_block__C)
                  00007c7c    00000004     empty_min_pem4f.oem4f (.const:ti_sysbios_knl_Task_LD_exit__C)
                  00007c80    00000004     empty_min_pem4f.oem4f (.const:ti_sysbios_knl_Task_LD_ready__C)
                  00007c84    00000004     empty_min_pem4f.oem4f (.const:ti_sysbios_knl_Task_LM_switch__C)
                  00007c88    00000004     empty_min_pem4f.oem4f (.const:ti_sysbios_knl_Task_Module_State_inactiveQ__O)
                  00007c8c    00000004     empty_min_pem4f.oem4f (.const:ti_sysbios_knl_Task_Module__diagsEnabled__C)
                  00007c90    00000004     empty_min_pem4f.oem4f (.const:ti_sysbios_knl_Task_Module__diagsIncluded__C)
                  00007c94    00000004     empty_min_pem4f.oem4f (.const:ti_sysbios_knl_Task_Module__diagsMask__C)
                  00007c98    00000004     empty_min_pem4f.oem4f (.const:ti_sysbios_knl_Task_Module__loggerFxn2__C)
                  00007c9c    00000004     empty_min_pem4f.oem4f (.const:ti_sysbios_knl_Task_Module__loggerFxn4__C)
                  00007ca0    00000004     empty_min_pem4f.oem4f (.const:ti_sysbios_knl_Task_Module__loggerObj__C)
                  00007ca4    00000004     empty_min_pem4f.oem4f (.const:ti_sysbios_knl_Task_Object__count__C)
                  00007ca8    00000004     empty_min_pem4f.oem4f (.const:ti_sysbios_knl_Task_allBlockedFunc__C)
                  00007cac    00000004     empty_min_pem4f.oem4f (.const:ti_sysbios_knl_Task_numConstructedTasks__C)
                  00007cb0    00000004     empty_min_pem4f.oem4f (.const:ti_sysbios_utils_Load_LS_cpuLoad__C)
                  00007cb4    00000004     empty_min_pem4f.oem4f (.const:ti_sysbios_utils_Load_Module__diagsEnabled__C)
                  00007cb8    00000004     empty_min_pem4f.oem4f (.const:ti_sysbios_utils_Load_Module__diagsIncluded__C)
                  00007cbc    00000004     empty_min_pem4f.oem4f (.const:ti_sysbios_utils_Load_Module__diagsMask__C)
                  00007cc0    00000004     empty_min_pem4f.oem4f (.const:ti_sysbios_utils_Load_Module__loggerFxn1__C)
                  00007cc4    00000004     empty_min_pem4f.oem4f (.const:ti_sysbios_utils_Load_Module__loggerObj__C)
                  00007cc8    00000004     empty_min_pem4f.oem4f (.const:ti_sysbios_utils_Load_postUpdate__C)
                  00007ccc    00000004     empty_min_pem4f.oem4f (.const:ti_sysbios_utils_Load_windowInMs__C)
                  00007cd0    00000004     empty_min_pem4f.oem4f (.const:ti_uia_loggers_LoggerStopMode_Module__diagsEnabled__C)
                  00007cd4    00000004     empty_min_pem4f.oem4f (.const:ti_uia_loggers_LoggerStopMode_Module__diagsIncluded__C)
                  00007cd8    00000004     empty_min_pem4f.oem4f (.const:ti_uia_loggers_LoggerStopMode_Module__diagsMask__C)
                  00007cdc    00000004     empty_min_pem4f.oem4f (.const:ti_uia_loggers_LoggerStopMode_Object__count__C)
                  00007ce0    00000004     empty_min_pem4f.oem4f (.const:ti_uia_runtime_ILoggerSnapshot_Interface__BASE__C)
                  00007ce4    00000004     empty_min_pem4f.oem4f (.const:ti_uia_runtime_IUIATransfer_Interface__BASE__C)
                  00007ce8    00000004     empty_min_pem4f.oem4f (.const:xdc_runtime_Assert_E_assertFailed__C)
                  00007cec    00000004     empty_min_pem4f.oem4f (.const:xdc_runtime_Core_A_initializedParams__C)
                  00007cf0    00000004     empty_min_pem4f.oem4f (.const:xdc_runtime_Core_Module__diagsEnabled__C)
                  00007cf4    00000004     empty_min_pem4f.oem4f (.const:xdc_runtime_Core_Module__diagsIncluded__C)
                  00007cf8    00000004     empty_min_pem4f.oem4f (.const:xdc_runtime_Core_Module__diagsMask__C)
                  00007cfc    00000004     empty_min_pem4f.oem4f (.const:xdc_runtime_Error_E_memory__C)
                  00007d00    00000004     empty_min_pem4f.oem4f (.const:xdc_runtime_Error_Module__diagsEnabled__C)
                  00007d04    00000004     empty_min_pem4f.oem4f (.const:xdc_runtime_Error_Module__diagsIncluded__C)
                  00007d08    00000004     empty_min_pem4f.oem4f (.const:xdc_runtime_Error_Module__diagsMask__C)
                  00007d0c    00000004     empty_min_pem4f.oem4f (.const:xdc_runtime_Error_Module__loggerFxn8__C)
                  00007d10    00000004     empty_min_pem4f.oem4f (.const:xdc_runtime_Error_Module__loggerObj__C)
                  00007d14    00000004     empty_min_pem4f.oem4f (.const:xdc_runtime_Error_policyFxn__C)
                  00007d18    00000004     empty_min_pem4f.oem4f (.const:xdc_runtime_Error_raiseHook__C)
                  00007d1c    00000004     empty_min_pem4f.oem4f (.const:xdc_runtime_HeapStd_A_align__C)
                  00007d20    00000004     empty_min_pem4f.oem4f (.const:xdc_runtime_HeapStd_A_invalidTotalFreeSize__C)
                  00007d24    00000004     empty_min_pem4f.oem4f (.const:xdc_runtime_HeapStd_A_zeroSize__C)
                  00007d28    00000004     empty_min_pem4f.oem4f (.const:xdc_runtime_HeapStd_E_noRTSMemory__C)
                  00007d2c    00000004     empty_min_pem4f.oem4f (.const:xdc_runtime_HeapStd_Module__diagsEnabled__C)
                  00007d30    00000004     empty_min_pem4f.oem4f (.const:xdc_runtime_HeapStd_Module__diagsIncluded__C)
                  00007d34    00000004     empty_min_pem4f.oem4f (.const:xdc_runtime_HeapStd_Module__diagsMask__C)
                  00007d38    00000004     empty_min_pem4f.oem4f (.const:xdc_runtime_IFilterLogger_Interface__BASE__C)
                  00007d3c    00000004     empty_min_pem4f.oem4f (.const:xdc_runtime_IGateProvider_Interface__BASE__C)
                  00007d40    00000004     empty_min_pem4f.oem4f (.const:xdc_runtime_IHeap_Interface__BASE__C)
                  00007d44    00000004     empty_min_pem4f.oem4f (.const:xdc_runtime_ILogger_Interface__BASE__C)
                  00007d48    00000004     empty_min_pem4f.oem4f (.const:xdc_runtime_IModule_Interface__BASE__C)
                  00007d4c    00000004     empty_min_pem4f.oem4f (.const:xdc_runtime_Log_L_error__C)
                  00007d50    00000004     empty_min_pem4f.oem4f (.const:xdc_runtime_Log_L_info__C)
                  00007d54    00000004     empty_min_pem4f.oem4f (.const:xdc_runtime_Main_Module__diagsEnabled__C)
                  00007d58    00000004     empty_min_pem4f.oem4f (.const:xdc_runtime_Main_Module__diagsIncluded__C)
                  00007d5c    00000004     empty_min_pem4f.oem4f (.const:xdc_runtime_Main_Module__diagsMask__C)
                  00007d60    00000004     empty_min_pem4f.oem4f (.const:xdc_runtime_Main_Module__loggerFxn4__C)
                  00007d64    00000004     empty_min_pem4f.oem4f (.const:xdc_runtime_Main_Module__loggerObj__C)
                  00007d68    00000004     empty_min_pem4f.oem4f (.const:xdc_runtime_Memory_defaultHeapInstance__C)
                  00007d6c    00000004     empty_min_pem4f.oem4f (.const:xdc_runtime_Startup_execImpl__C)
                  00007d70    00000004     empty_min_pem4f.oem4f (.const:xdc_runtime_Startup_lastFxns__A)
                  00007d74    00000004     empty_min_pem4f.oem4f (.const:xdc_runtime_Startup_maxPasses__C)
                  00007d78    00000004     empty_min_pem4f.oem4f (.const:xdc_runtime_Startup_sfxnRts__C)
                  00007d7c    00000004     empty_min_pem4f.oem4f (.const:xdc_runtime_Startup_sfxnTab__C)
                  00007d80    00000004     empty_min_pem4f.oem4f (.const:xdc_runtime_SysMin_bufSize__C)
                  00007d84    00000004     empty_min_pem4f.oem4f (.const:xdc_runtime_SysMin_outputFunc__C)
                  00007d88    00000004     empty_min_pem4f.oem4f (.const:xdc_runtime_System_Module__gateObj__C)
                  00007d8c    00000004     empty_min_pem4f.oem4f (.const:xdc_runtime_System_abortFxn__C)
                  00007d90    00000004     empty_min_pem4f.oem4f (.const:xdc_runtime_System_exitFxn__C)
                  00007d94    00000004     empty_min_pem4f.oem4f (.const:xdc_runtime_System_extendFxn__C)
                  00007d98    00000004     empty_min_pem4f.oem4f (.const:xdc_runtime_System_maxAtexitHandlers__C)
                  00007d9c    00000004     empty_min_pem4f.oem4f (.const:xdc_runtime_Text_charTab__C)
                  00007da0    00000004     empty_min_pem4f.oem4f (.const:xdc_runtime_Text_nameEmpty__C)
                  00007da4    00000004     empty_min_pem4f.oem4f (.const:xdc_runtime_Text_nameStatic__C)
                  00007da8    00000004     empty_min_pem4f.oem4f (.const:xdc_runtime_Text_nameUnknown__C)
                  00007dac    00000004     empty_min_pem4f.oem4f (.const:xdc_runtime_Text_nodeTab__C)
                  00007db0    00000004     empty_min_pem4f.oem4f (.const:xdc_runtime_Text_visitRopeFxn__C)
                  00007db4    00000002     empty_min_pem4f.oem4f (.const:ti_sysbios_family_arm_lm4_TimestampProvider_useClockTimer__C)
                  00007db6    00000002     empty_min_pem4f.oem4f (.const:ti_sysbios_family_arm_m3_Hwi_Module__id__C)
                  00007db8    00000002     empty_min_pem4f.oem4f (.const:ti_sysbios_family_arm_m3_Hwi_Module__loggerDefined__C)
                  00007dba    00000002     empty_min_pem4f.oem4f (.const:ti_sysbios_knl_Clock_Module__id__C)
                  00007dbc    00000002     empty_min_pem4f.oem4f (.const:ti_sysbios_knl_Clock_Module__loggerDefined__C)
                  00007dbe    00000002     empty_min_pem4f.oem4f (.const:ti_sysbios_knl_Semaphore_Module__id__C)
                  00007dc0    00000002     empty_min_pem4f.oem4f (.const:ti_sysbios_knl_Semaphore_Module__loggerDefined__C)
                  00007dc2    00000002     empty_min_pem4f.oem4f (.const:ti_sysbios_knl_Swi_Module__id__C)
                  00007dc4    00000002     empty_min_pem4f.oem4f (.const:ti_sysbios_knl_Swi_Module__loggerDefined__C)
                  00007dc6    00000002     empty_min_pem4f.oem4f (.const:ti_sysbios_knl_Task_Module__id__C)
                  00007dc8    00000002     empty_min_pem4f.oem4f (.const:ti_sysbios_knl_Task_Module__loggerDefined__C)
                  00007dca    00000002     empty_min_pem4f.oem4f (.const:ti_sysbios_utils_Load_Module__id__C)
                  00007dcc    00000002     empty_min_pem4f.oem4f (.const:ti_sysbios_utils_Load_Module__loggerDefined__C)
                  00007dce    00000002     empty_min_pem4f.oem4f (.const:ti_sysbios_utils_Load_updateInIdle__C)
                  00007dd0    00000002     empty_min_pem4f.oem4f (.const:ti_uia_loggers_LoggerStopMode_Module__id__C)
                  00007dd2    00000002     empty_min_pem4f.oem4f (.const:ti_uia_loggers_LoggerStopMode_isTimestampEnabled__C)
                  00007dd4    00000002     empty_min_pem4f.oem4f (.const:xdc_runtime_Core_Module__id__C)
                  00007dd6    00000002     empty_min_pem4f.oem4f (.const:xdc_runtime_Error_Module__loggerDefined__C)
                  00007dd8    00000002     empty_min_pem4f.oem4f (.const:xdc_runtime_Error_maxDepth__C)
                  00007dda    00000002     empty_min_pem4f.oem4f (.const:xdc_runtime_HeapStd_Module__id__C)
                  00007ddc    00000002     empty_min_pem4f.oem4f (.const:xdc_runtime_Main_Module__id__C)
                  00007dde    00000002     empty_min_pem4f.oem4f (.const:xdc_runtime_Main_Module__loggerDefined__C)
                  00007de0    00000002     empty_min_pem4f.oem4f (.const:xdc_runtime_Memory_Module__id__C)
                  00007de2    00000002     empty_min_pem4f.oem4f (.const:xdc_runtime_SysMin_flushAtExit__C)
                  00007de4    00000002     empty_min_pem4f.oem4f (.const:xdc_runtime_Text_charCnt__C)
                  00007de6    00000002     empty_min_pem4f.oem4f (.const:xdc_runtime_Text_isLoaded__C)
                  00007de8    00000002     empty_min_pem4f.oem4f (.const:xdc_runtime_Text_registryModsLastId__C)
                  00007dea    00000002     empty_min_pem4f.oem4f (.const:xdc_runtime_Text_unnamedModsLastId__C)

.cinit     0    00007df0    00000270     
                  00007df0    00000235     (.cinit..data.load) [load image, compression = lzss]
                  00008025    00000003     --HOLE-- [fill = 0]
                  00008028    0000000c     (__TI_handler_table)
                  00008034    00000004     --HOLE-- [fill = 0]
                  00008038    00000008     (.cinit..bss.load) [load image, compression = zero_init]
                  00008040    00000008     (.cinit..vecs.load) [load image, compression = zero_init]
                  00008048    00000018     (__TI_cinit_table)

.init_array 
*          0    00000000    00000000     UNINITIALIZED

.resetVecs 
*          0    00000000    0000003c     
                  00000000    0000003c     empty_min_pem4f.oem4f (.resetVecs)

.bss       0    20000380    000018b0     UNINITIALIZED
                  20000380    00000800     empty_min_pem4f.oem4f (.bss:taskStackSection)
                  20000b80    00000400     (.common:ti_uia_loggers_LoggerStopMode_Instance_State_1_packetArray__A)
                  20000f80    00000400     (.common:ti_uia_loggers_LoggerStopMode_Instance_State_2_packetArray__A)
                  20001380    00000360     (.common:ti_sysbios_family_arm_m3_Hwi_dispatchTable)
                  200016e0    00000008     rtsv7M4_T_le_v4SPD16_eabi.lib : trgdrv.obj (.bss:parmbuf)
                  200016e8    00000018     --HOLE--
                  20001700    00000200     (.common:ti_uia_loggers_LoggerStopMode_Instance_State_0_packetArray__A)
                  20001900    00000120                                   : trgmsg.obj (.bss:_CIOBUF_)
                  20001a20    00000080     (.common:xdc_runtime_SysMin_Module_State_0_outbuf__A)
                  20001aa0    00000060     --HOLE--
                  20001b00    00000030     (.common:ti_uia_loggers_LoggerStopMode_Instance_State_0_hdr__A)
                  20001b30    00000050     --HOLE--
                  20001b80    00000030     (.common:ti_uia_loggers_LoggerStopMode_Instance_State_1_hdr__A)
                  20001bb0    00000050     --HOLE--
                  20001c00    00000030     (.common:ti_uia_loggers_LoggerStopMode_Instance_State_2_hdr__A)

.data      0    20001c30    000005cc     UNINITIALIZED
                  20001c30    0000009c     empty_min_pem4f.oem4f (.data:ti_uia_loggers_LoggerStopMode_Object__table__V)
                  20001ccc    00000098     empty_min_pem4f.oem4f (.data:ti_sysbios_utils_Load_Module__state__V)
                  20001d64    00000080     empty_min_pem4f.oem4f (.data:ti_sysbios_family_arm_lm4_Timer_Object__table__V)
                  20001de4    00000080     empty_min_pem4f.oem4f (.data:ti_sysbios_knl_Swi_Module_State_0_readyQ__A)
                  20001e64    00000080     empty_min_pem4f.oem4f (.data:ti_sysbios_knl_Task_Module_State_0_readyQ__A)
                  20001ee4    00000060     empty_min_pem4f.oem4f (.data:ti_sysbios_knl_Swi_Object__table__V)
                  20001f44    0000004c     empty_min_pem4f.oem4f (.data:ti_sysbios_knl_Task_Object__table__V)
                  20001f90    00000048     empty_min_pem4f.oem4f (.data:ti_sysbios_family_arm_m3_Hwi_Object__table__V)
                  20001fd8    00000044     empty_min_pem4f.oem4f (.data:ti_sysbios_knl_Task_Module__state__V)
                  2000201c    00000034     empty_min_pem4f.oem4f (.data:ti_sysbios_family_arm_m3_Hwi_Module__state__V)
                  20002050    00000030     empty_min_pem4f.oem4f (.data:ti_sysbios_family_arm_lm4_Timer_Module_State_0_device__A)
                  20002080    0000002c     empty_min_pem4f.oem4f (.data:ti_sysbios_knl_Clock_Module__state__V)
                  200020ac    00000024     empty_min_pem4f.oem4f (.data:ti_sysbios_BIOS_Module__state__V)
                  200020d0    0000001c     empty_min_pem4f.oem4f (.data:ti_sysbios_gates_GateMutex_Object__table__V)
                  200020ec    0000001c     empty_min_pem4f.oem4f (.data:ti_sysbios_knl_Swi_Module__state__V)
                  20002108    00000018     empty_min_pem4f.oem4f (.data:ti_sysbios_family_arm_lm4_Timer_Module_State_0_handles__A)
                  20002120    0000000c     rtsv7M4_T_le_v4SPD16_eabi.lib : exit.obj (.data:$O1$$)
                  2000212c    0000000c     empty_min_pem4f.oem4f (.data:ti_sysbios_family_arm_lm4_Timer_Module__state__V)
                  20002138    0000000c     empty_min_pem4f.oem4f (.data:ti_sysbios_knl_Task_Module__root__V)
                  20002144    0000000c     empty_min_pem4f.oem4f (.data:ti_uia_runtime_QueueDescriptor_Module__state__V)
                  20002150    0000000c     empty_min_pem4f.oem4f (.data:xdc_runtime_HeapStd_Object__table__V)
                  2000215c    0000000c     empty_min_pem4f.oem4f (.data:xdc_runtime_SysMin_Module__state__V)
                  20002168    00000008     rtsv7M4_T_le_v4SPD16_eabi.lib : _lock.obj (.data:$O1$$)
                  20002170    00000008     ti.uia.runtime.aem4f : QueueDescriptor.oem4f (.data)
                  20002178    00000008     empty_min_pem4f.oem4f (.data:ti_sysbios_family_arm_lm4_TimestampProvider_Module__state__V)
                  20002180    00000008     empty_min_pem4f.oem4f (.data:ti_sysbios_gates_GateHwi_Module__root__V)
                  20002188    00000008     empty_min_pem4f.oem4f (.data:ti_sysbios_gates_GateMutex_Module__root__V)
                  20002190    00000008     empty_min_pem4f.oem4f (.data:ti_sysbios_knl_Queue_Module__root__V)
                  20002198    00000008     empty_min_pem4f.oem4f (.data:ti_sysbios_knl_Semaphore_Module__root__V)
                  200021a0    00000008     empty_min_pem4f.oem4f (.data:ti_uia_loggers_LoggerStopMode_Module__root__V)
                  200021a8    00000008     empty_min_pem4f.oem4f (.data:xdc_runtime_HeapStd_Module__root__V)
                  200021b0    00000008     empty_min_pem4f.oem4f (.data:xdc_runtime_Registry_Module__state__V)
                  200021b8    00000008     empty_min_pem4f.oem4f (.data:xdc_runtime_Startup_Module__state__V)
                  200021c0    00000008     empty_min_pem4f.oem4f (.data:xdc_runtime_System_Module_State_0_atexitHandlers__A)
                  200021c8    00000008     empty_min_pem4f.oem4f (.data:xdc_runtime_System_Module__state__V)
                  200021d0    00000004     rtsv7M4_T_le_v4SPD16_eabi.lib : stkdepth_vars.obj (.data)
                  200021d4    00000004     empty_min_pem4f.oem4f (.data:ti_sysbios_family_arm_m3_Hwi_Module_State_0_excContext__A)
                  200021d8    00000004     empty_min_pem4f.oem4f (.data:ti_sysbios_family_arm_m3_Hwi_Module_State_0_excStack__A)
                  200021dc    00000004     empty_min_pem4f.oem4f (.data:ti_sysbios_gates_GateHwi_Object__table__V)
                  200021e0    00000004     empty_min_pem4f.oem4f (.data:ti_sysbios_knl_Task_Module_State_0_idleTask__A)
                  200021e4    00000004     empty_min_pem4f.oem4f (.data:ti_sysbios_utils_Load_Module_State_0_runningTask__A)
                  200021e8    00000004     empty_min_pem4f.oem4f (.data:ti_sysbios_utils_Load_Module_State_0_taskStartTime__A)
                  200021ec    00000004     empty_min_pem4f.oem4f (.data:xdc_runtime_HeapStd_Module__state__V)
                  200021f0    00000004     empty_min_pem4f.oem4f (.data:xdc_runtime_Memory_Module__state__V)
                  200021f4    00000002     main.obj (.data)
                  200021f6    00000002     empty_min_pem4f.oem4f (.data:ti_sysbios_family_arm_m3_Hwi_Module_State_0_excActive__A)
                  200021f8    00000002     empty_min_pem4f.oem4f (.data:xdc_runtime_Error_Module__state__V)
                  200021fa    00000002     empty_min_pem4f.oem4f (.data:xdc_runtime_Main_Module__root__V)

.stack     0    200021fc    00000400     UNINITIALIZED
                  200021fc    00000400     --HOLE--

.bootVecs 
*          0    00000000    00000008     DSECT
                  00000000    00000008     boot.aem4f : boot.oem4f (.bootVecs)

.vecs      0    20000000    00000360     UNINITIALIZED
                  20000000    00000360     empty_min_pem4f.oem4f (.vecs)

xdc.meta   0    00000000    000000ee     COPY SECTION
                  00000000    000000ee     empty_min_pem4f.oem4f (xdc.meta)

MODULE SUMMARY

       Module                     code    ro data   rw data
       ------                     ----    -------   -------
    .\
       main.obj                   352     0         2      
    +--+--------------------------+-------+---------+---------+
       Total:                     352     0         2      
                                                           
    D:\TREC-EXO\Test-Stand-Electronics\RTOS\Blink_Swi\Debug\configPkg\package\cfg\
       empty_min_pem4f.oem4f      3096    8888      8058   
    +--+--------------------------+-------+---------+---------+
       Total:                     3096    8888      8058   
                                                           
    C:/ti/tirtos_tivac_2_16_00_08/products/TivaWare_C_Series-2.1.1.71b/driverlib/ccs/Debug/driverlib.lib
       sysctl.obj                 566     108       0      
       gpio.obj                   382     0         0      
       timer.obj                  140     0         0      
    +--+--------------------------+-------+---------+---------+
       Total:                     1088    108       0      
                                                           
    C:\ti\ccsv7\tools\compiler\ti-cgt-arm_17.3.0.STS\lib\rtsv7M4_T_le_v4SPD16_eabi.lib
       trgdrv.obj                 804     0         8      
       trgmsg.obj                 104     0         288    
       memcpy_t2.obj              156     0         0      
       memset_t2.obj              122     0         0      
       copy_decompress_lzss.obj   104     0         0      
       exit.obj                   84      0         12     
       cpy_tbl.obj                76      0         0      
       u_divt2.obj                64      0         0      
       _lock.obj                  20      0         8      
       args_main.obj              24      0         0      
       strcpy.obj                 20      0         0      
       strlen.obj                 20      0         0      
       copy_decompress_none.obj   14      0         0      
       copy_zero_init.obj         12      0         0      
       stkdepth_vars.obj          0       0         4      
       i_div0.obj                 2       0         0      
    +--+--------------------------+-------+---------+---------+
       Total:                     1626    0         320    
                                                           
    C:\ti\tirtos_tivac_2_16_00_08\products\bios_6_45_01_29\packages\ti\catalog\arm\cortexm4\tiva\ce\lib\Boot.aem4f
       Boot_sysctl.oem4f          262     0         0      
       Boot.oem4f                 152     0         0      
    +--+--------------------------+-------+---------+---------+
       Total:                     414     0         0      
                                                           
    C:\ti\tirtos_tivac_2_16_00_08\products\bios_6_45_01_29\packages\ti\targets\arm\rtsarm\lib\auto_init.aem4f
       auto_init.oem4f            160     0         0      
    +--+--------------------------+-------+---------+---------+
       Total:                     160     0         0      
                                                           
    C:\ti\tirtos_tivac_2_16_00_08\products\bios_6_45_01_29\packages\ti\targets\arm\rtsarm\lib\boot.aem4f
       boot.oem4f                 88      0         0      
    +--+--------------------------+-------+---------+---------+
       Total:                     88      0         0      
                                                           
    C:\ti\tirtos_tivac_2_16_00_08\products\bios_6_45_01_29\packages\ti\targets\arm\rtsarm\lib\ti.targets.arm.rtsarm.aem4f
       System.oem4f               1255    0         0      
       HeapStd.oem4f              714     0         0      
       Text.oem4f                 672     0         0      
       Error.oem4f                524     0         0      
       Core-mem.oem4f             358     0         0      
       Startup.oem4f              328     0         0      
       SysMin.oem4f               248     0         0      
       Core-smem.oem4f            204     0         0      
       Memory.oem4f               176     0         0      
       Assert.oem4f               84      0         0      
       Core-params.oem4f          70      0         0      
       Core-label.oem4f           52      0         0      
       Registry.oem4f             32      0         0      
       Gate.oem4f                 28      0         0      
    +--+--------------------------+-------+---------+---------+
       Total:                     4745    0         0      
                                                           
    C:\ti\tirtos_tivac_2_16_00_08\products\uia_2_00_05_50\packages\ti\uia\loggers\lib\release\ti.uia.loggers.aem4f
       LoggerStopMode.oem4f       552     0         0      
    +--+--------------------------+-------+---------+---------+
       Total:                     552     0         0      
                                                           
    C:\ti\tirtos_tivac_2_16_00_08\products\uia_2_00_05_50\packages\ti\uia\runtime\lib\release\ti.uia.runtime.aem4f
       QueueDescriptor.oem4f      116     0         8      
    +--+--------------------------+-------+---------+---------+
       Total:                     116     0         8      
                                                           
    D:\TREC-EXO\Test-Stand-Electronics\RTOS\Blink_Swi\src\sysbios\sysbios.aem4f
       BIOS.obj                   10242   0         0      
       m3_Hwi_asm.obj             314     0         0      
       m3_TaskSupport_asm.obj     180     0         0      
       m3_Hwi_asm_switch.obj      118     0         0      
    +--+--------------------------+-------+---------+---------+
       Total:                     10854   0         0      
                                                           
       Stack:                     0       0         1024   
       Linker Generated:          0       617       0      
    +--+--------------------------+-------+---------+---------+
       Grand Total:               23091   9613      9412   


LINKER GENERATED COPY TABLES

__TI_cinit_table @ 00008048 records: 3, size/record: 8, table size: 24
	.data: load addr=00007df0, load size=00000235 bytes, run addr=20001c30, run size=000005cc bytes, compression=lzss
	.bss: load addr=00008038, load size=00000008 bytes, run addr=20000380, run size=000018b0 bytes, compression=zero_init
	.vecs: load addr=00008040, load size=00000008 bytes, run addr=20000000, run size=00000360 bytes, compression=zero_init


LINKER GENERATED HANDLER TABLE

__TI_handler_table @ 00008028 records: 3, size/record: 4, table size: 12
	index: 0, handler: __TI_decompress_lzss
	index: 1, handler: __TI_decompress_none
	index: 2, handler: __TI_zero_init


GLOBAL SYMBOLS: SORTED ALPHABETICALLY BY Name 

address   name                                                              
-------   ----                                                              
000043e1  C$$EXIT                                                           
00003ecb  C$$IO$$                                                           
00005021  GPIODirModeSet                                                    
00001765  GPIOPadConfigSet                                                  
00003c83  GPIOPinRead                                                       
00005637  GPIOPinTypeGPIOOutput                                             
00004cf3  GPIOPinWrite                                                      
00000a97  HOSTclock                                                         
00000a5f  HOSTclose                                                         
00000a21  HOSTgetenv                                                        
000009c5  HOSTlseek                                                         
00000973  HOSTopen                                                          
00000927  HOSTread                                                          
000008c9  HOSTrename                                                        
0000088f  HOSTtime                                                          
00000841  HOSTtime64                                                        
00000809  HOSTunlink                                                        
000007bd  HOSTwrite                                                         
00007b54  LEDswi                                                            
UNDEFED   SHT$$INIT_ARRAY$$Base                                             
UNDEFED   SHT$$INIT_ARRAY$$Limit                                            
00001acd  SysCtlClockGet                                                    
000024cd  SysCtlClockSet                                                    
00005813  SysCtlDelay                                                       
00004bb9  SysCtlPeripheralEnable                                            
0000409d  TimerConfigure                                                    
00005961  TimerEnable                                                       
00000cdd  TimerIntClear                                                     
00005a7d  TimerIntEnable                                                    
00005801  TimerLoadSet                                                      
00007b50  Timer_HWI                                                         
00005411  Timer_ISR                                                         
00000000  __ASM__                                                           
20001900  __CIOBUF_                                                         
0000006c  __ISA__                                                           
0000007f  __PLAT__                                                          
200025fc  __STACK_END                                                       
00000400  __STACK_SIZE                                                      
000000a0  __TARG__                                                          
00008048  __TI_CINIT_Base                                                   
00008060  __TI_CINIT_Limit                                                  
00008028  __TI_Handler_Table_Base                                           
00008034  __TI_Handler_Table_Limit                                          
00003399  __TI_auto_init                                                    
20002120  __TI_cleanup_ptr                                                  
00003dcd  __TI_decompress_lzss                                              
0000596f  __TI_decompress_none                                              
20002124  __TI_dtors_ptr                                                    
20002128  __TI_enable_exit_profile_output                                   
ffffffff  __TI_pprof_out_hndl                                               
ffffffff  __TI_prof_data_size                                               
ffffffff  __TI_prof_data_start                                              
00003ecf  __TI_readmsg                                                      
[...]
00007b14  ti_sysbios_knl_Queue_Object__PARAMS__C                            
00007b2c  xdc_runtime_Startup_sfxnRts__A                                    
00007b40  xdc_runtime_Startup_firstFxns__A                                  
00007b50  Timer_HWI                                                         
00007b54  LEDswi                                                            
00007b58  ti_sysbios_family_arm_m3_Hwi_excHookFuncs__A                      
00007b60  ti_sysbios_knl_Idle_funcList__C                                   
00007b68  xdc_runtime_Startup_firstFxns__C                                  
00007b70  xdc_runtime_Startup_lastFxns__C                                   
00007b78  ti_catalog_arm_cortexm4_tiva_ce_Boot_A_mustUseEnhancedClockMode__C
00007b7c  ti_catalog_arm_cortexm4_tiva_ce_Boot_Module__diagsEnabled__C      
00007b80  ti_catalog_arm_cortexm4_tiva_ce_Boot_Module__diagsIncluded__C     
00007b84  ti_catalog_arm_cortexm4_tiva_ce_Boot_Module__diagsMask__C         
00007b88  ti_sysbios_family_arm_lm4_Timer_enableFunc__C                     
00007b8c  ti_sysbios_family_arm_lm4_Timer_numTimerDevices__C                
00007b90  ti_sysbios_family_arm_lm4_Timer_startupNeeded__C                  
00007b94  ti_sysbios_family_arm_m3_Hwi_E_NMI__C                             
00007b98  ti_sysbios_family_arm_m3_Hwi_E_busFault__C                        
00007b9c  ti_sysbios_family_arm_m3_Hwi_E_debugMon__C                        
00007ba0  ti_sysbios_family_arm_m3_Hwi_E_hardFault__C                       
00007ba4  ti_sysbios_family_arm_m3_Hwi_E_memFault__C                        
00007ba8  ti_sysbios_family_arm_m3_Hwi_E_noIsr__C                           
00007bac  ti_sysbios_family_arm_m3_Hwi_E_reserved__C                        
00007bb0  ti_sysbios_family_arm_m3_Hwi_E_svCall__C                          
00007bb4  ti_sysbios_family_arm_m3_Hwi_E_usageFault__C                      
00007bb8  ti_sysbios_family_arm_m3_Hwi_LD_end__C                            
00007bbc  ti_sysbios_family_arm_m3_Hwi_LM_begin__C                          
00007bc0  ti_sysbios_family_arm_m3_Hwi_Module__diagsEnabled__C              
00007bc4  ti_sysbios_family_arm_m3_Hwi_Module__diagsIncluded__C             
00007bc8  ti_sysbios_family_arm_m3_Hwi_Module__diagsMask__C                 
00007bcc  ti_sysbios_family_arm_m3_Hwi_Module__loggerFxn1__C                
00007bd0  ti_sysbios_family_arm_m3_Hwi_Module__loggerFxn8__C                
00007bd4  ti_sysbios_family_arm_m3_Hwi_Module__loggerObj__C                 
00007bd8  ti_sysbios_family_arm_m3_Hwi_NUM_INTERRUPTS__C                    
00007bdc  ti_sysbios_family_arm_m3_Hwi_Object__count__C                     
00007be0  ti_sysbios_family_arm_m3_Hwi_ccr__C                               
00007be4  ti_sysbios_family_arm_m3_Hwi_excHandlerFunc__C                    
00007be8  ti_sysbios_family_arm_m3_Hwi_excHookFuncs__C                      
00007bec  ti_sysbios_family_arm_m3_Hwi_nullIsrFunc__C                       
00007bf0  ti_sysbios_family_arm_m3_Hwi_priGroup__C                          
00007bf4  ti_sysbios_gates_GateMutex_Instance_State_sem__O                  
00007bf8  ti_sysbios_knl_Clock_LM_begin__C                                  
00007bfc  ti_sysbios_knl_Clock_LM_tick__C                                   
00007c00  ti_sysbios_knl_Clock_LW_delayed__C                                
00007c04  ti_sysbios_knl_Clock_Module_State_clockQ__O                       
00007c08  ti_sysbios_knl_Clock_Module__diagsEnabled__C                      
00007c0c  ti_sysbios_knl_Clock_Module__diagsIncluded__C                     
00007c10  ti_sysbios_knl_Clock_Module__diagsMask__C                         
00007c14  ti_sysbios_knl_Clock_Module__loggerFxn1__C                        
00007c18  ti_sysbios_knl_Clock_Module__loggerFxn2__C                        
00007c1c  ti_sysbios_knl_Clock_Module__loggerObj__C                         
00007c20  ti_sysbios_knl_Idle_funcList__A                                   
00007c24  ti_sysbios_knl_Semaphore_Instance_State_pendQ__O                  
00007c28  ti_sysbios_knl_Semaphore_LM_pend__C                               
00007c2c  ti_sysbios_knl_Semaphore_LM_post__C                               
00007c30  ti_sysbios_knl_Semaphore_Module__diagsEnabled__C                  
00007c34  ti_sysbios_knl_Semaphore_Module__diagsIncluded__C                 
00007c38  ti_sysbios_knl_Semaphore_Module__diagsMask__C                     
00007c3c  ti_sysbios_knl_Semaphore_Module__loggerFxn2__C                    
00007c40  ti_sysbios_knl_Semaphore_Module__loggerFxn4__C                    
00007c44  ti_sysbios_knl_Semaphore_Module__loggerObj__C                     
00007c48  ti_sysbios_knl_Swi_LD_end__C                                      
00007c4c  ti_sysbios_knl_Swi_LM_begin__C                                    
00007c50  ti_sysbios_knl_Swi_LM_post__C                                     
00007c54  ti_sysbios_knl_Swi_Module__diagsEnabled__C                        
00007c58  ti_sysbios_knl_Swi_Module__diagsIncluded__C                       
00007c5c  ti_sysbios_knl_Swi_Module__diagsMask__C                           
00007c60  ti_sysbios_knl_Swi_Module__loggerFxn1__C                          
00007c64  ti_sysbios_knl_Swi_Module__loggerFxn4__C                          
00007c68  ti_sysbios_knl_Swi_Module__loggerObj__C                           
00007c6c  ti_sysbios_knl_Swi_Object__count__C                               
00007c70  ti_sysbios_knl_Task_E_spOutOfBounds__C                            
00007c74  ti_sysbios_knl_Task_E_stackOverflow__C                            
00007c78  ti_sysbios_knl_Task_LD_block__C                                   
00007c7c  ti_sysbios_knl_Task_LD_exit__C                                    
00007c80  ti_sysbios_knl_Task_LD_ready__C                                   
00007c84  ti_sysbios_knl_Task_LM_switch__C                                  
00007c88  ti_sysbios_knl_Task_Module_State_inactiveQ__O                     
00007c8c  ti_sysbios_knl_Task_Module__diagsEnabled__C                       
00007c90  ti_sysbios_knl_Task_Module__diagsIncluded__C                      
00007c94  ti_sysbios_knl_Task_Module__diagsMask__C                          
00007c98  ti_sysbios_knl_Task_Module__loggerFxn2__C                         
00007c9c  ti_sysbios_knl_Task_Module__loggerFxn4__C                         
00007ca0  ti_sysbios_knl_Task_Module__loggerObj__C                          
00007ca4  ti_sysbios_knl_Task_Object__count__C                              
00007ca8  ti_sysbios_knl_Task_allBlockedFunc__C                             
00007cac  ti_sysbios_knl_Task_numConstructedTasks__C                        
00007cb0  ti_sysbios_utils_Load_LS_cpuLoad__C                               
00007cb4  ti_sysbios_utils_Load_Module__diagsEnabled__C                     
00007cb8  ti_sysbios_utils_Load_Module__diagsIncluded__C                    
00007cbc  ti_sysbios_utils_Load_Module__diagsMask__C                        
00007cc0  ti_sysbios_utils_Load_Module__loggerFxn1__C                       
00007cc4  ti_sysbios_utils_Load_Module__loggerObj__C                        
00007cc8  ti_sysbios_utils_Load_postUpdate__C                               
00007ccc  ti_sysbios_utils_Load_windowInMs__C                               
00007cd0  ti_uia_loggers_LoggerStopMode_Module__diagsEnabled__C             
00007cd4  ti_uia_loggers_LoggerStopMode_Module__diagsIncluded__C            
00007cd8  ti_uia_loggers_LoggerStopMode_Module__diagsMask__C                
00007cdc  ti_uia_loggers_LoggerStopMode_Object__count__C                    
00007ce0  ti_uia_runtime_ILoggerSnapshot_Interface__BASE__C                 
00007ce4  ti_uia_runtime_IUIATransfer_Interface__BASE__C                    
00007ce8  xdc_runtime_Assert_E_assertFailed__C                              
00007cec  xdc_runtime_Core_A_initializedParams__C                           
00007cf0  xdc_runtime_Core_Module__diagsEnabled__C                          
00007cf4  xdc_runtime_Core_Module__diagsIncluded__C                         
00007cf8  xdc_runtime_Core_Module__diagsMask__C                             
00007cfc  xdc_runtime_Error_E_memory__C                                     
00007d00  xdc_runtime_Error_Module__diagsEnabled__C                         
00007d04  xdc_runtime_Error_Module__diagsIncluded__C                        
00007d08  xdc_runtime_Error_Module__diagsMask__C                            
00007d0c  xdc_runtime_Error_Module__loggerFxn8__C                           
00007d10  xdc_runtime_Error_Module__loggerObj__C                            
00007d14  xdc_runtime_Error_policyFxn__C                                    
00007d18  xdc_runtime_Error_raiseHook__C                                    
00007d1c  xdc_runtime_HeapStd_A_align__C                                    
00007d20  xdc_runtime_HeapStd_A_invalidTotalFreeSize__C                     
00007d24  xdc_runtime_HeapStd_A_zeroSize__C                                 
00007d28  xdc_runtime_HeapStd_E_noRTSMemory__C                              
00007d2c  xdc_runtime_HeapStd_Module__diagsEnabled__C                       
00007d30  xdc_runtime_HeapStd_Module__diagsIncluded__C                      
00007d34  xdc_runtime_HeapStd_Module__diagsMask__C                          
00007d38  xdc_runtime_IFilterLogger_Interface__BASE__C                      
00007d3c  xdc_runtime_IGateProvider_Interface__BASE__C                      
00007d40  xdc_runtime_IHeap_Interface__BASE__C                              
00007d44  xdc_runtime_ILogger_Interface__BASE__C                            
00007d48  xdc_runtime_IModule_Interface__BASE__C                            
00007d4c  xdc_runtime_Log_L_error__C                                        
00007d50  xdc_runtime_Log_L_info__C                                         
00007d54  xdc_runtime_Main_Module__diagsEnabled__C                          
00007d58  xdc_runtime_Main_Module__diagsIncluded__C                         
00007d5c  xdc_runtime_Main_Module__diagsMask__C                             
00007d60  xdc_runtime_Main_Module__loggerFxn4__C                            
00007d64  xdc_runtime_Main_Module__loggerObj__C                             
00007d68  xdc_runtime_Memory_defaultHeapInstance__C                         
00007d6c  xdc_runtime_Startup_execImpl__C                                   
00007d70  xdc_runtime_Startup_lastFxns__A                                   
00007d74  xdc_runtime_Startup_maxPasses__C                                  
00007d78  xdc_runtime_Startup_sfxnRts__C                                    
00007d7c  xdc_runtime_Startup_sfxnTab__C                                    
00007d80  xdc_runtime_SysMin_bufSize__C                                     
00007d84  xdc_runtime_SysMin_outputFunc__C                                  
00007d88  xdc_runtime_System_Module__gateObj__C                             
00007d8c  xdc_runtime_System_abortFxn__C                                    
00007d90  xdc_runtime_System_exitFxn__C                                     
00007d94  xdc_runtime_System_extendFxn__C                                   
00007d98  xdc_runtime_System_maxAtexitHandlers__C                           
00007d9c  xdc_runtime_Text_charTab__C                                       
00007da0  xdc_runtime_Text_nameEmpty__C                                     
00007da4  xdc_runtime_Text_nameStatic__C                                    
00007da8  xdc_runtime_Text_nameUnknown__C                                   
00007dac  xdc_runtime_Text_nodeTab__C                                       
00007db0  xdc_runtime_Text_visitRopeFxn__C                                  
00007db4  ti_sysbios_family_arm_lm4_TimestampProvider_useClockTimer__C      
00007db6  ti_sysbios_family_arm_m3_Hwi_Module__id__C                        
00007db8  ti_sysbios_family_arm_m3_Hwi_Module__loggerDefined__C             
00007dba  ti_sysbios_knl_Clock_Module__id__C                                
00007dbc  ti_sysbios_knl_Clock_Module__loggerDefined__C                     
00007dbe  ti_sysbios_knl_Semaphore_Module__id__C                            
00007dc0  ti_sysbios_knl_Semaphore_Module__loggerDefined__C                 
00007dc2  ti_sysbios_knl_Swi_Module__id__C                                  
00007dc4  ti_sysbios_knl_Swi_Module__loggerDefined__C                       
00007dc6  ti_sysbios_knl_Task_Module__id__C                                 
00007dc8  ti_sysbios_knl_Task_Module__loggerDefined__C                      
00007dca  ti_sysbios_utils_Load_Module__id__C                               
00007dcc  ti_sysbios_utils_Load_Module__loggerDefined__C                    
00007dce  ti_sysbios_utils_Load_updateInIdle__C                             
00007dd0  ti_uia_loggers_LoggerStopMode_Module__id__C                       
00007dd2  ti_uia_loggers_LoggerStopMode_isTimestampEnabled__C               
00007dd4  xdc_runtime_Core_Module__id__C                                    
00007dd6  xdc_runtime_Error_Module__loggerDefined__C                        
00007dd8  xdc_runtime_Error_maxDepth__C                                     
00007dda  xdc_runtime_HeapStd_Module__id__C                                 
00007ddc  xdc_runtime_Main_Module__id__C                                    
00007dde  xdc_runtime_Main_Module__loggerDefined__C                         
00007de0  xdc_runtime_Memory_Module__id__C                                  
00007de2  xdc_runtime_SysMin_flushAtExit__C                                 
00007de4  xdc_runtime_Text_charCnt__C                                       
00007de6  xdc_runtime_Text_isLoaded__C                                      
00007de8  xdc_runtime_Text_registryModsLastId__C                            
00007dea  xdc_runtime_Text_unnamedModsLastId__C                             
00007df0  __TI_static_base__                                                
00008028  __TI_Handler_Table_Base                                           
00008034  __TI_Handler_Table_Limit                                          
00008048  __TI_CINIT_Base                                                   
00008060  __TI_CINIT_Limit                                                  
20000000  ti_sysbios_family_arm_m3_Hwi_ramVectors                           
20000380  ti_sysbios_knl_Task_Instance_State_0_stack__A                     
20000b80  ti_uia_loggers_LoggerStopMode_Instance_State_1_packetArray__A     
20000f80  ti_uia_loggers_LoggerStopMode_Instance_State_2_packetArray__A     
20001380  ti_sysbios_family_arm_m3_Hwi_dispatchTable                        
20001700  ti_uia_loggers_LoggerStopMode_Instance_State_0_packetArray__A     
20001900  __CIOBUF_                                                         
20001a20  xdc_runtime_SysMin_Module_State_0_outbuf__A                       
20001b00  ti_uia_loggers_LoggerStopMode_Instance_State_0_hdr__A             
20001b80  ti_uia_loggers_LoggerStopMode_Instance_State_1_hdr__A             
20001c00  ti_uia_loggers_LoggerStopMode_Instance_State_2_hdr__A             
20001c30  ti_uia_loggers_LoggerStopMode_Object__table__V                    
20001ccc  ti_sysbios_utils_Load_Module__state__V                            
20001d64  ti_sysbios_family_arm_lm4_Timer_Object__table__V                  
20001de4  ti_sysbios_knl_Swi_Module_State_0_readyQ__A                       
20001e64  ti_sysbios_knl_Task_Module_State_0_readyQ__A                      
20001ee4  ti_sysbios_knl_Swi_Object__table__V                               
20001f44  ti_sysbios_knl_Task_Object__table__V                              
20001f90  ti_sysbios_family_arm_m3_Hwi_Object__table__V                     
20001fd8  ti_sysbios_knl_Task_Module__state__V                              
2000201c  ti_sysbios_family_arm_m3_Hwi_Module__state__V                     
20002050  ti_sysbios_family_arm_lm4_Timer_Module_State_0_device__A          
20002080  ti_sysbios_knl_Clock_Module__state__V                             
200020ac  ti_sysbios_BIOS_Module__state__V                                  
200020d0  ti_sysbios_gates_GateMutex_Object__table__V                       
200020ec  ti_sysbios_knl_Swi_Module__state__V                               
20002108  ti_sysbios_family_arm_lm4_Timer_Module_State_0_handles__A         
20002120  __TI_cleanup_ptr                                                  
20002124  __TI_dtors_ptr                                                    
20002128  __TI_enable_exit_profile_output                                   
2000212c  ti_sysbios_family_arm_lm4_Timer_Module__state__V                  
20002138  ti_sysbios_knl_Task_Module__root__V                               
20002144  ti_uia_runtime_QueueDescriptor_Module__state__V                   
20002150  xdc_runtime_HeapStd_Object__table__V                              
2000215c  xdc_runtime_SysMin_Module__state__V                               
20002168  _lock                                                             
2000216c  _unlock                                                           
20002170  ti_uia_runtime_QueueDescriptor_gPtrToFirstDescriptor              
20002174  ti_uia_runtime_QueueDescriptor_gUpdateCount                       
20002178  ti_sysbios_family_arm_lm4_TimestampProvider_Module__state__V      
20002180  ti_sysbios_gates_GateHwi_Module__root__V                          
20002188  ti_sysbios_gates_GateMutex_Module__root__V                        
20002190  ti_sysbios_knl_Queue_Module__root__V                              
20002198  ti_sysbios_knl_Semaphore_Module__root__V                          
200021a0  ti_uia_loggers_LoggerStopMode_Module__root__V                     
200021a8  xdc_runtime_HeapStd_Module__root__V                               
200021b0  xdc_runtime_Registry_Module__state__V                             
200021b8  xdc_runtime_Startup_Module__state__V                              
200021c0  xdc_runtime_System_Module_State_0_atexitHandlers__A               
200021c8  xdc_runtime_System_Module__state__V                               
200021d0  main_func_sp                                                      
200021d4  ti_sysbios_family_arm_m3_Hwi_Module_State_0_excContext__A         
200021d8  ti_sysbios_family_arm_m3_Hwi_Module_State_0_excStack__A           
200021dc  ti_sysbios_gates_GateHwi_Object__table__V                         
200021e0  ti_sysbios_knl_Task_Module_State_0_idleTask__A                    
200021e4  ti_sysbios_utils_Load_Module_State_0_runningTask__A               
200021e8  ti_sysbios_utils_Load_Module_State_0_taskStartTime__A             
200021ec  xdc_runtime_HeapStd_Module__state__V                              
200021f0  xdc_runtime_Memory_Module__state__V                               
200021f4  i16ToggleCount                                                    
200021f6  ti_sysbios_family_arm_m3_Hwi_Module_State_0_excActive__A          
200021f8  xdc_runtime_Error_Module__state__V                                
200021fa  xdc_runtime_Main_Module__root__V                                  
200021fc  __stack                                                           
200025fc  __STACK_END                                                       
e000e000  ti_sysbios_family_arm_m3_Hwi_nvic                                 
ffffffff  __TI_pprof_out_hndl                                               
ffffffff  __TI_prof_data_size                                               
ffffffff  __TI_prof_data_start                                              
ffffffff  __binit__                                                         
ffffffff  __c_args__                                                        
ffffffff  binit                                                             
UNDEFED   SHT$$INIT_ARRAY$$Base                                             
UNDEFED   SHT$$INIT_ARRAY$$Limit                                            

[644 symbols]
